Archive member included to satisfy reference by file (symbol)

c:/program files (x86)/gnu arm embedded toolchain/10 2021.10/bin/../lib/gcc/arm-none-eabi/10.3.1/../../../../arm-none-eabi/lib/thumb/v8-m.main/nofp\libg_nano.a(lib_a-exit.o)
                              c:/program files (x86)/gnu arm embedded toolchain/10 2021.10/bin/../lib/gcc/arm-none-eabi/10.3.1/../../../../arm-none-eabi/lib/thumb/v8-m.main/nofp/crt0.o (exit)
c:/program files (x86)/gnu arm embedded toolchain/10 2021.10/bin/../lib/gcc/arm-none-eabi/10.3.1/../../../../arm-none-eabi/lib/thumb/v8-m.main/nofp\libg_nano.a(lib_a-impure.o)
                              c:/program files (x86)/gnu arm embedded toolchain/10 2021.10/bin/../lib/gcc/arm-none-eabi/10.3.1/../../../../arm-none-eabi/lib/thumb/v8-m.main/nofp\libg_nano.a(lib_a-exit.o) (_global_impure_ptr)
c:/program files (x86)/gnu arm embedded toolchain/10 2021.10/bin/../lib/gcc/arm-none-eabi/10.3.1/../../../../arm-none-eabi/lib/thumb/v8-m.main/nofp\libg_nano.a(lib_a-init.o)
                              c:/program files (x86)/gnu arm embedded toolchain/10 2021.10/bin/../lib/gcc/arm-none-eabi/10.3.1/../../../../arm-none-eabi/lib/thumb/v8-m.main/nofp/crt0.o (__libc_init_array)
c:/program files (x86)/gnu arm embedded toolchain/10 2021.10/bin/../lib/gcc/arm-none-eabi/10.3.1/../../../../arm-none-eabi/lib/thumb/v8-m.main/nofp\libg_nano.a(lib_a-memset.o)
                              c:/program files (x86)/gnu arm embedded toolchain/10 2021.10/bin/../lib/gcc/arm-none-eabi/10.3.1/../../../../arm-none-eabi/lib/thumb/v8-m.main/nofp/crt0.o (memset)
c:/program files (x86)/gnu arm embedded toolchain/10 2021.10/bin/../lib/gcc/arm-none-eabi/10.3.1/../../../../arm-none-eabi/lib/thumb/v8-m.main/nofp\libnosys.a(_exit.o)
                              c:/program files (x86)/gnu arm embedded toolchain/10 2021.10/bin/../lib/gcc/arm-none-eabi/10.3.1/../../../../arm-none-eabi/lib/thumb/v8-m.main/nofp\libg_nano.a(lib_a-exit.o) (_exit)

Discarded input sections

 .text          0x00000000        0x0 c:/program files (x86)/gnu arm embedded toolchain/10 2021.10/bin/../lib/gcc/arm-none-eabi/10.3.1/thumb/v8-m.main/nofp/crti.o
 .data          0x00000000        0x0 c:/program files (x86)/gnu arm embedded toolchain/10 2021.10/bin/../lib/gcc/arm-none-eabi/10.3.1/thumb/v8-m.main/nofp/crti.o
 .bss           0x00000000        0x0 c:/program files (x86)/gnu arm embedded toolchain/10 2021.10/bin/../lib/gcc/arm-none-eabi/10.3.1/thumb/v8-m.main/nofp/crti.o
 .text          0x00000000       0x40 c:/program files (x86)/gnu arm embedded toolchain/10 2021.10/bin/../lib/gcc/arm-none-eabi/10.3.1/thumb/v8-m.main/nofp/crtbegin.o
 .data          0x00000000        0x4 c:/program files (x86)/gnu arm embedded toolchain/10 2021.10/bin/../lib/gcc/arm-none-eabi/10.3.1/thumb/v8-m.main/nofp/crtbegin.o
 .bss           0x00000000       0x1c c:/program files (x86)/gnu arm embedded toolchain/10 2021.10/bin/../lib/gcc/arm-none-eabi/10.3.1/thumb/v8-m.main/nofp/crtbegin.o
 .rodata        0x00000000       0x24 c:/program files (x86)/gnu arm embedded toolchain/10 2021.10/bin/../lib/gcc/arm-none-eabi/10.3.1/thumb/v8-m.main/nofp/crtbegin.o
 .init_array    0x00000000        0x4 c:/program files (x86)/gnu arm embedded toolchain/10 2021.10/bin/../lib/gcc/arm-none-eabi/10.3.1/thumb/v8-m.main/nofp/crtbegin.o
 .fini_array    0x00000000        0x4 c:/program files (x86)/gnu arm embedded toolchain/10 2021.10/bin/../lib/gcc/arm-none-eabi/10.3.1/thumb/v8-m.main/nofp/crtbegin.o
 .eh_frame      0x00000000        0x0 c:/program files (x86)/gnu arm embedded toolchain/10 2021.10/bin/../lib/gcc/arm-none-eabi/10.3.1/thumb/v8-m.main/nofp/crtbegin.o
 .ARM.attributes
                0x00000000       0x32 c:/program files (x86)/gnu arm embedded toolchain/10 2021.10/bin/../lib/gcc/arm-none-eabi/10.3.1/thumb/v8-m.main/nofp/crtbegin.o
 .text          0x00000000       0x7c c:/program files (x86)/gnu arm embedded toolchain/10 2021.10/bin/../lib/gcc/arm-none-eabi/10.3.1/../../../../arm-none-eabi/lib/thumb/v8-m.main/nofp/crt0.o
 .data          0x00000000        0x0 c:/program files (x86)/gnu arm embedded toolchain/10 2021.10/bin/../lib/gcc/arm-none-eabi/10.3.1/../../../../arm-none-eabi/lib/thumb/v8-m.main/nofp/crt0.o
 .bss           0x00000000        0x0 c:/program files (x86)/gnu arm embedded toolchain/10 2021.10/bin/../lib/gcc/arm-none-eabi/10.3.1/../../../../arm-none-eabi/lib/thumb/v8-m.main/nofp/crt0.o
 .ARM.extab     0x00000000        0x0 c:/program files (x86)/gnu arm embedded toolchain/10 2021.10/bin/../lib/gcc/arm-none-eabi/10.3.1/../../../../arm-none-eabi/lib/thumb/v8-m.main/nofp/crt0.o
 .ARM.exidx     0x00000000       0x10 c:/program files (x86)/gnu arm embedded toolchain/10 2021.10/bin/../lib/gcc/arm-none-eabi/10.3.1/../../../../arm-none-eabi/lib/thumb/v8-m.main/nofp/crt0.o
 .ARM.attributes
                0x00000000       0x20 c:/program files (x86)/gnu arm embedded toolchain/10 2021.10/bin/../lib/gcc/arm-none-eabi/10.3.1/../../../../arm-none-eabi/lib/thumb/v8-m.main/nofp/crt0.o
 .group         0x00000000        0xc Drivers/AES_encryption/src/aes.o
 .group         0x00000000        0xc Drivers/AES_encryption/src/aes.o
 .group         0x00000000        0xc Drivers/AES_encryption/src/aes.o
 .group         0x00000000        0xc Drivers/AES_encryption/src/aes.o
 .group         0x00000000        0xc Drivers/AES_encryption/src/aes.o
 .group         0x00000000        0xc Drivers/AES_encryption/src/aes.o
 .group         0x00000000        0xc Drivers/AES_encryption/src/aes.o
 .group         0x00000000        0xc Drivers/AES_encryption/src/aes.o
 .group         0x00000000        0xc Drivers/AES_encryption/src/aes.o
 .group         0x00000000        0xc Drivers/AES_encryption/src/aes.o
 .group         0x00000000        0xc Drivers/AES_encryption/src/aes.o
 .group         0x00000000        0xc Drivers/AES_encryption/src/aes.o
 .group         0x00000000        0xc Drivers/AES_encryption/src/aes.o
 .group         0x00000000        0xc Drivers/AES_encryption/src/aes.o
 .group         0x00000000        0xc Drivers/AES_encryption/src/aes.o
 .group         0x00000000        0xc Drivers/AES_encryption/src/aes.o
 .group         0x00000000        0xc Drivers/AES_encryption/src/aes.o
 .group         0x00000000        0xc Drivers/AES_encryption/src/aes.o
 .group         0x00000000        0xc Drivers/AES_encryption/src/aes.o
 .group         0x00000000        0xc Drivers/AES_encryption/src/aes.o
 .group         0x00000000        0xc Drivers/AES_encryption/src/aes.o
 .group         0x00000000        0xc Drivers/AES_encryption/src/aes.o
 .group         0x00000000        0xc Drivers/AES_encryption/src/aes.o
 .text          0x00000000        0x0 Drivers/AES_encryption/src/aes.o
 .data          0x00000000        0x0 Drivers/AES_encryption/src/aes.o
 .bss           0x00000000        0x0 Drivers/AES_encryption/src/aes.o
 .group         0x00000000        0xc Drivers/AES_encryption/src/main.o
 .group         0x00000000        0xc Drivers/AES_encryption/src/main.o
 .group         0x00000000        0xc Drivers/AES_encryption/src/main.o
 .group         0x00000000        0xc Drivers/AES_encryption/src/main.o
 .group         0x00000000        0xc Drivers/AES_encryption/src/main.o
 .group         0x00000000        0xc Drivers/AES_encryption/src/main.o
 .group         0x00000000        0xc Drivers/AES_encryption/src/main.o
 .group         0x00000000        0xc Drivers/AES_encryption/src/main.o
 .group         0x00000000        0xc Drivers/AES_encryption/src/main.o
 .group         0x00000000        0xc Drivers/AES_encryption/src/main.o
 .group         0x00000000        0xc Drivers/AES_encryption/src/main.o
 .group         0x00000000        0xc Drivers/AES_encryption/src/main.o
 .group         0x00000000        0xc Drivers/AES_encryption/src/main.o
 .group         0x00000000        0xc Drivers/AES_encryption/src/main.o
 .group         0x00000000        0xc Drivers/AES_encryption/src/main.o
 .group         0x00000000        0xc Drivers/AES_encryption/src/main.o
 .group         0x00000000        0xc Drivers/AES_encryption/src/main.o
 .group         0x00000000        0xc Drivers/AES_encryption/src/main.o
 .group         0x00000000        0xc Drivers/AES_encryption/src/main.o
 .group         0x00000000        0xc Drivers/AES_encryption/src/main.o
 .group         0x00000000        0xc Drivers/AES_encryption/src/main.o
 .group         0x00000000        0xc Drivers/AES_encryption/src/main.o
 .group         0x00000000        0xc Drivers/AES_encryption/src/main.o
 .text          0x00000000        0x0 Drivers/AES_encryption/src/main.o
 .data          0x00000000        0x0 Drivers/AES_encryption/src/main.o
 .bss           0x00000000        0x0 Drivers/AES_encryption/src/main.o
 .debug_macro   0x00000000      0xa6c Drivers/AES_encryption/src/main.o
 .debug_macro   0x00000000       0x22 Drivers/AES_encryption/src/main.o
 .debug_macro   0x00000000      0x103 Drivers/AES_encryption/src/main.o
 .debug_macro   0x00000000       0x6a Drivers/AES_encryption/src/main.o
 .debug_macro   0x00000000      0x1df Drivers/AES_encryption/src/main.o
 .debug_macro   0x00000000       0x18 Drivers/AES_encryption/src/main.o
 .debug_macro   0x00000000       0x35 Drivers/AES_encryption/src/main.o
 .debug_macro   0x00000000       0x34 Drivers/AES_encryption/src/main.o
 .debug_macro   0x00000000      0x174 Drivers/AES_encryption/src/main.o
 .debug_macro   0x00000000       0x16 Drivers/AES_encryption/src/main.o
 .debug_macro   0x00000000       0x43 Drivers/AES_encryption/src/main.o
 .debug_macro   0x00000000       0x34 Drivers/AES_encryption/src/main.o
 .debug_macro   0x00000000       0x10 Drivers/AES_encryption/src/main.o
 .debug_macro   0x00000000       0x58 Drivers/AES_encryption/src/main.o
 .debug_macro   0x00000000      0x182 Drivers/AES_encryption/src/main.o
 .debug_macro   0x00000000      0x341 Drivers/AES_encryption/src/main.o
 .debug_macro   0x00000000       0x10 Drivers/AES_encryption/src/main.o
 .debug_macro   0x00000000       0x35 Drivers/AES_encryption/src/main.o
 .debug_macro   0x00000000      0x6b4 Drivers/AES_encryption/src/main.o
 .debug_macro   0x00000000       0xf4 Drivers/AES_encryption/src/main.o
 .group         0x00000000        0xc Drivers/AES_encryption/src/saes.o
 .group         0x00000000        0xc Drivers/AES_encryption/src/saes.o
 .group         0x00000000        0xc Drivers/AES_encryption/src/saes.o
 .group         0x00000000        0xc Drivers/AES_encryption/src/saes.o
 .group         0x00000000        0xc Drivers/AES_encryption/src/saes.o
 .group         0x00000000        0xc Drivers/AES_encryption/src/saes.o
 .group         0x00000000        0xc Drivers/AES_encryption/src/saes.o
 .group         0x00000000        0xc Drivers/AES_encryption/src/saes.o
 .group         0x00000000        0xc Drivers/AES_encryption/src/saes.o
 .group         0x00000000        0xc Drivers/AES_encryption/src/saes.o
 .group         0x00000000        0xc Drivers/AES_encryption/src/saes.o
 .group         0x00000000        0xc Drivers/AES_encryption/src/saes.o
 .group         0x00000000        0xc Drivers/AES_encryption/src/saes.o
 .group         0x00000000        0xc Drivers/AES_encryption/src/saes.o
 .group         0x00000000        0xc Drivers/AES_encryption/src/saes.o
 .group         0x00000000        0xc Drivers/AES_encryption/src/saes.o
 .group         0x00000000        0xc Drivers/AES_encryption/src/saes.o
 .group         0x00000000        0xc Drivers/AES_encryption/src/saes.o
 .group         0x00000000        0xc Drivers/AES_encryption/src/saes.o
 .group         0x00000000        0xc Drivers/AES_encryption/src/saes.o
 .group         0x00000000        0xc Drivers/AES_encryption/src/saes.o
 .group         0x00000000        0xc Drivers/AES_encryption/src/saes.o
 .group         0x00000000        0xc Drivers/AES_encryption/src/saes.o
 .text          0x00000000        0x0 Drivers/AES_encryption/src/saes.o
 .data          0x00000000        0x0 Drivers/AES_encryption/src/saes.o
 .bss           0x00000000        0x0 Drivers/AES_encryption/src/saes.o
 .text.saes_load_key
                0x00000000       0x3c Drivers/AES_encryption/src/saes.o
 .text.saes_load_iv
                0x00000000       0x3e Drivers/AES_encryption/src/saes.o
 .text.saes_write_block
                0x00000000       0x38 Drivers/AES_encryption/src/saes.o
 .text.saes_read_block
                0x00000000       0x3a Drivers/AES_encryption/src/saes.o
 .text.saes_wait_ccf
                0x00000000       0x20 Drivers/AES_encryption/src/saes.o
 .text.SAES_constructor
                0x00000000       0x1c Drivers/AES_encryption/src/saes.o
 .text.SAES_Encrypt_Init
                0x00000000       0x24 Drivers/AES_encryption/src/saes.o
 .text.SAES_Encrypt
                0x00000000       0x46 Drivers/AES_encryption/src/saes.o
 .text.SAES_Decrypt_Init
                0x00000000       0x24 Drivers/AES_encryption/src/saes.o
 .text.SAES_Decrypt
                0x00000000       0x46 Drivers/AES_encryption/src/saes.o
 .debug_info    0x00000000      0x89f Drivers/AES_encryption/src/saes.o
 .debug_abbrev  0x00000000      0x1d8 Drivers/AES_encryption/src/saes.o
 .debug_loc     0x00000000      0x471 Drivers/AES_encryption/src/saes.o
 .debug_aranges
                0x00000000       0x68 Drivers/AES_encryption/src/saes.o
 .debug_ranges  0x00000000       0xb8 Drivers/AES_encryption/src/saes.o
 .debug_macro   0x00000000      0x13a Drivers/AES_encryption/src/saes.o
 .debug_macro   0x00000000      0xa6c Drivers/AES_encryption/src/saes.o
 .debug_macro   0x00000000       0x22 Drivers/AES_encryption/src/saes.o
 .debug_macro   0x00000000       0x8e Drivers/AES_encryption/src/saes.o
 .debug_macro   0x00000000       0x51 Drivers/AES_encryption/src/saes.o
 .debug_macro   0x00000000      0x103 Drivers/AES_encryption/src/saes.o
 .debug_macro   0x00000000       0x6a Drivers/AES_encryption/src/saes.o
 .debug_macro   0x00000000      0x1df Drivers/AES_encryption/src/saes.o
 .debug_macro   0x00000000       0x64 Drivers/AES_encryption/src/saes.o
 .debug_macro   0x00000000       0x18 Drivers/AES_encryption/src/saes.o
 .debug_macro   0x00000000       0x35 Drivers/AES_encryption/src/saes.o
 .debug_macro   0x00000000       0x34 Drivers/AES_encryption/src/saes.o
 .debug_macro   0x00000000      0x174 Drivers/AES_encryption/src/saes.o
 .debug_macro   0x00000000       0x16 Drivers/AES_encryption/src/saes.o
 .debug_macro   0x00000000       0x43 Drivers/AES_encryption/src/saes.o
 .debug_macro   0x00000000       0x34 Drivers/AES_encryption/src/saes.o
 .debug_macro   0x00000000       0x10 Drivers/AES_encryption/src/saes.o
 .debug_macro   0x00000000       0x58 Drivers/AES_encryption/src/saes.o
 .debug_macro   0x00000000      0x182 Drivers/AES_encryption/src/saes.o
 .debug_macro   0x00000000      0x341 Drivers/AES_encryption/src/saes.o
 .debug_macro   0x00000000       0x10 Drivers/AES_encryption/src/saes.o
 .debug_macro   0x00000000       0x35 Drivers/AES_encryption/src/saes.o
 .debug_macro   0x00000000      0x6b4 Drivers/AES_encryption/src/saes.o
 .debug_macro   0x00000000       0xf4 Drivers/AES_encryption/src/saes.o
 .debug_line    0x00000000      0x763 Drivers/AES_encryption/src/saes.o
 .debug_str     0x00000000     0x921d Drivers/AES_encryption/src/saes.o
 .comment       0x00000000       0x4a Drivers/AES_encryption/src/saes.o
 .debug_frame   0x00000000      0x118 Drivers/AES_encryption/src/saes.o
 .ARM.attributes
                0x00000000       0x34 Drivers/AES_encryption/src/saes.o
 .group         0x00000000        0xc Drivers/AES_encryption/src/startup.o
 .group         0x00000000        0xc Drivers/AES_encryption/src/startup.o
 .group         0x00000000        0xc Drivers/AES_encryption/src/startup.o
 .group         0x00000000        0xc Drivers/AES_encryption/src/startup.o
 .group         0x00000000        0xc Drivers/AES_encryption/src/startup.o
 .group         0x00000000        0xc Drivers/AES_encryption/src/startup.o
 .group         0x00000000        0xc Drivers/AES_encryption/src/startup.o
 .text          0x00000000        0x0 Drivers/AES_encryption/src/startup.o
 .data          0x00000000        0x0 Drivers/AES_encryption/src/startup.o
 .bss           0x00000000        0x0 Drivers/AES_encryption/src/startup.o
 .debug_macro   0x00000000      0xa6c Drivers/AES_encryption/src/startup.o
 .debug_macro   0x00000000       0x22 Drivers/AES_encryption/src/startup.o
 .debug_macro   0x00000000       0x8e Drivers/AES_encryption/src/startup.o
 .debug_macro   0x00000000       0x51 Drivers/AES_encryption/src/startup.o
 .debug_macro   0x00000000      0x103 Drivers/AES_encryption/src/startup.o
 .debug_macro   0x00000000       0x6a Drivers/AES_encryption/src/startup.o
 .debug_macro   0x00000000      0x1df Drivers/AES_encryption/src/startup.o
 .group         0x00000000        0xc Drivers/GPIO/src/gpio.o
 .group         0x00000000        0xc Drivers/GPIO/src/gpio.o
 .group         0x00000000        0xc Drivers/GPIO/src/gpio.o
 .group         0x00000000        0xc Drivers/GPIO/src/gpio.o
 .group         0x00000000        0xc Drivers/GPIO/src/gpio.o
 .group         0x00000000        0xc Drivers/GPIO/src/gpio.o
 .group         0x00000000        0xc Drivers/GPIO/src/gpio.o
 .group         0x00000000        0xc Drivers/GPIO/src/gpio.o
 .text          0x00000000        0x0 Drivers/GPIO/src/gpio.o
 .data          0x00000000        0x0 Drivers/GPIO/src/gpio.o
 .bss           0x00000000        0x0 Drivers/GPIO/src/gpio.o
 .text.GPIO_ReadPin
                0x00000000       0x10 Drivers/GPIO/src/gpio.o
 .text.GPIO_WritePin
                0x00000000       0x10 Drivers/GPIO/src/gpio.o
 .text.GPIO_TogglePin
                0x00000000        0xa Drivers/GPIO/src/gpio.o
 .text.GPIO_SetPin
                0x00000000        0xa Drivers/GPIO/src/gpio.o
 .text.GPIO_ResetPin
                0x00000000        0xc Drivers/GPIO/src/gpio.o
 .text.GPIO_SetBit
                0x00000000        0xa Drivers/GPIO/src/gpio.o
 .text.GPIO_ResetBit
                0x00000000        0xe Drivers/GPIO/src/gpio.o
 .text.__RCC_GPIO_CLK_ENABLE
                0x00000000       0xb4 Drivers/GPIO/src/gpio.o
 .text.GPIO_Init
                0x00000000       0xcc Drivers/GPIO/src/gpio.o
 .text.GPIO_constructor
                0x00000000        0xc Drivers/GPIO/src/gpio.o
 .debug_info    0x00000000      0x6a7 Drivers/GPIO/src/gpio.o
 .debug_abbrev  0x00000000      0x194 Drivers/GPIO/src/gpio.o
 .debug_loc     0x00000000      0x2e0 Drivers/GPIO/src/gpio.o
 .debug_aranges
                0x00000000       0x68 Drivers/GPIO/src/gpio.o
 .debug_ranges  0x00000000       0x58 Drivers/GPIO/src/gpio.o
 .debug_macro   0x00000000       0x96 Drivers/GPIO/src/gpio.o
 .debug_macro   0x00000000      0xa6c Drivers/GPIO/src/gpio.o
 .debug_macro   0x00000000       0x22 Drivers/GPIO/src/gpio.o
 .debug_macro   0x00000000       0x8e Drivers/GPIO/src/gpio.o
 .debug_macro   0x00000000       0x51 Drivers/GPIO/src/gpio.o
 .debug_macro   0x00000000      0x103 Drivers/GPIO/src/gpio.o
 .debug_macro   0x00000000       0x6a Drivers/GPIO/src/gpio.o
 .debug_macro   0x00000000      0x1df Drivers/GPIO/src/gpio.o
 .debug_macro   0x00000000      0x6b4 Drivers/GPIO/src/gpio.o
 .debug_line    0x00000000      0x5ab Drivers/GPIO/src/gpio.o
 .debug_str     0x00000000     0x647d Drivers/GPIO/src/gpio.o
 .comment       0x00000000       0x4a Drivers/GPIO/src/gpio.o
 .debug_frame   0x00000000       0xd4 Drivers/GPIO/src/gpio.o
 .ARM.attributes
                0x00000000       0x34 Drivers/GPIO/src/gpio.o
 .group         0x00000000        0xc Drivers/UART/src/uart.o
 .group         0x00000000        0xc Drivers/UART/src/uart.o
 .group         0x00000000        0xc Drivers/UART/src/uart.o
 .group         0x00000000        0xc Drivers/UART/src/uart.o
 .group         0x00000000        0xc Drivers/UART/src/uart.o
 .group         0x00000000        0xc Drivers/UART/src/uart.o
 .group         0x00000000        0xc Drivers/UART/src/uart.o
 .group         0x00000000        0xc Drivers/UART/src/uart.o
 .group         0x00000000        0xc Drivers/UART/src/uart.o
 .group         0x00000000        0xc Drivers/UART/src/uart.o
 .group         0x00000000        0xc Drivers/UART/src/uart.o
 .group         0x00000000        0xc Drivers/UART/src/uart.o
 .group         0x00000000        0xc Drivers/UART/src/uart.o
 .group         0x00000000        0xc Drivers/UART/src/uart.o
 .group         0x00000000        0xc Drivers/UART/src/uart.o
 .group         0x00000000        0xc Drivers/UART/src/uart.o
 .group         0x00000000        0xc Drivers/UART/src/uart.o
 .group         0x00000000        0xc Drivers/UART/src/uart.o
 .group         0x00000000        0xc Drivers/UART/src/uart.o
 .group         0x00000000        0xc Drivers/UART/src/uart.o
 .group         0x00000000        0xc Drivers/UART/src/uart.o
 .group         0x00000000        0xc Drivers/UART/src/uart.o
 .group         0x00000000        0xc Drivers/UART/src/uart.o
 .group         0x00000000        0xc Drivers/UART/src/uart.o
 .group         0x00000000        0xc Drivers/UART/src/uart.o
 .group         0x00000000        0xc Drivers/UART/src/uart.o
 .group         0x00000000        0xc Drivers/UART/src/uart.o
 .group         0x00000000        0xc Drivers/UART/src/uart.o
 .group         0x00000000        0xc Drivers/UART/src/uart.o
 .group         0x00000000        0xc Drivers/UART/src/uart.o
 .group         0x00000000        0xc Drivers/UART/src/uart.o
 .group         0x00000000        0xc Drivers/UART/src/uart.o
 .group         0x00000000        0xc Drivers/UART/src/uart.o
 .group         0x00000000        0xc Drivers/UART/src/uart.o
 .group         0x00000000        0xc Drivers/UART/src/uart.o
 .group         0x00000000        0xc Drivers/UART/src/uart.o
 .group         0x00000000        0xc Drivers/UART/src/uart.o
 .text          0x00000000        0x0 Drivers/UART/src/uart.o
 .data          0x00000000        0x0 Drivers/UART/src/uart.o
 .bss           0x00000000        0x0 Drivers/UART/src/uart.o
 .text.NVIC_EnableIRQ
                0x00000000       0x1c Drivers/UART/src/uart.o
 .text.NVIC_SetPriority
                0x00000000       0x14 Drivers/UART/src/uart.o
 .text.BRR_Oversample_by_16
                0x00000000        0xc Drivers/UART/src/uart.o
 .text.USART_Init
                0x00000000      0x3c0 Drivers/UART/src/uart.o
 .text.USART_constructor
                0x00000000        0xe Drivers/UART/src/uart.o
 .text.USART_x_Write
                0x00000000       0x10 Drivers/UART/src/uart.o
 .text.USART_x_Read
                0x00000000       0x10 Drivers/UART/src/uart.o
 .text.USART_EnableRXInterrupt
                0x00000000        0xe Drivers/UART/src/uart.o
 .text.USART_DisableRXInterrupt
                0x00000000       0x10 Drivers/UART/src/uart.o
 .text.USART_IRQHandler
                0x00000000       0x2e Drivers/UART/src/uart.o
 .text.USART1_IRQHandler
                0x00000000       0x14 Drivers/UART/src/uart.o
 .text.USART2_IRQHandler
                0x00000000       0x14 Drivers/UART/src/uart.o
 .text.USART3_IRQHandler
                0x00000000       0x14 Drivers/UART/src/uart.o
 .text.UART4_IRQHandler
                0x00000000       0x14 Drivers/UART/src/uart.o
 .text.UART5_IRQHandler
                0x00000000       0x14 Drivers/UART/src/uart.o
 .text.writeString
                0x00000000       0x26 Drivers/UART/src/uart.o
 .text.readString
                0x00000000       0x2a Drivers/UART/src/uart.o
 .rodata.GetPortName.str1.4
                0x00000000       0x2e Drivers/UART/src/uart.o
 .text.GetPortName
                0x00000000       0x64 Drivers/UART/src/uart.o
 .text.USART_WriteChar
                0x00000000        0x8 Drivers/UART/src/uart.o
 .text.USART_ReadChar
                0x00000000        0x8 Drivers/UART/src/uart.o
 .text.USART_WriteString
                0x00000000       0x26 Drivers/UART/src/uart.o
 .text.USART_ReadString
                0x00000000       0x4c Drivers/UART/src/uart.o
 .bss.s_uart4_handle
                0x00000000        0x4 Drivers/UART/src/uart.o
 .bss.s_uart5_handle
                0x00000000        0x4 Drivers/UART/src/uart.o
 .bss.s_usart1_handle
                0x00000000        0x4 Drivers/UART/src/uart.o
 .bss.s_usart2_handle
                0x00000000        0x4 Drivers/UART/src/uart.o
 .bss.s_usart3_handle
                0x00000000        0x4 Drivers/UART/src/uart.o
 .debug_info    0x00000000      0xc85 Drivers/UART/src/uart.o
 .debug_abbrev  0x00000000      0x2e3 Drivers/UART/src/uart.o
 .debug_loc     0x00000000      0x67b Drivers/UART/src/uart.o
 .debug_aranges
                0x00000000       0xc8 Drivers/UART/src/uart.o
 .debug_ranges  0x00000000       0xd0 Drivers/UART/src/uart.o
 .debug_macro   0x00000000      0x1de Drivers/UART/src/uart.o
 .debug_macro   0x00000000      0xa6c Drivers/UART/src/uart.o
 .debug_macro   0x00000000       0x22 Drivers/UART/src/uart.o
 .debug_macro   0x00000000       0x8e Drivers/UART/src/uart.o
 .debug_macro   0x00000000       0x51 Drivers/UART/src/uart.o
 .debug_macro   0x00000000      0x103 Drivers/UART/src/uart.o
 .debug_macro   0x00000000       0x6a Drivers/UART/src/uart.o
 .debug_macro   0x00000000      0x1df Drivers/UART/src/uart.o
 .debug_macro   0x00000000       0x64 Drivers/UART/src/uart.o
 .debug_macro   0x00000000       0x18 Drivers/UART/src/uart.o
 .debug_macro   0x00000000       0x35 Drivers/UART/src/uart.o
 .debug_macro   0x00000000       0x34 Drivers/UART/src/uart.o
 .debug_macro   0x00000000       0x16 Drivers/UART/src/uart.o
 .debug_macro   0x00000000       0x97 Drivers/UART/src/uart.o
 .debug_macro   0x00000000      0x341 Drivers/UART/src/uart.o
 .debug_macro   0x00000000       0xfd Drivers/UART/src/uart.o
 .debug_macro   0x00000000       0x10 Drivers/UART/src/uart.o
 .debug_macro   0x00000000       0x16 Drivers/UART/src/uart.o
 .debug_macro   0x00000000       0x43 Drivers/UART/src/uart.o
 .debug_macro   0x00000000       0x34 Drivers/UART/src/uart.o
 .debug_macro   0x00000000       0x10 Drivers/UART/src/uart.o
 .debug_macro   0x00000000       0x58 Drivers/UART/src/uart.o
 .debug_macro   0x00000000      0x182 Drivers/UART/src/uart.o
 .debug_macro   0x00000000       0x10 Drivers/UART/src/uart.o
 .debug_macro   0x00000000       0x1c Drivers/UART/src/uart.o
 .debug_macro   0x00000000       0x52 Drivers/UART/src/uart.o
 .debug_macro   0x00000000       0x22 Drivers/UART/src/uart.o
 .debug_macro   0x00000000       0x10 Drivers/UART/src/uart.o
 .debug_macro   0x00000000       0x52 Drivers/UART/src/uart.o
 .debug_macro   0x00000000       0xd5 Drivers/UART/src/uart.o
 .debug_macro   0x00000000       0x1c Drivers/UART/src/uart.o
 .debug_macro   0x00000000       0x3d Drivers/UART/src/uart.o
 .debug_macro   0x00000000       0x16 Drivers/UART/src/uart.o
 .debug_macro   0x00000000      0x16f Drivers/UART/src/uart.o
 .debug_macro   0x00000000      0x6b4 Drivers/UART/src/uart.o
 .debug_macro   0x00000000       0x10 Drivers/UART/src/uart.o
 .debug_macro   0x00000000       0x1c Drivers/UART/src/uart.o
 .debug_macro   0x00000000       0xd7 Drivers/UART/src/uart.o
 .debug_line    0x00000000      0xc46 Drivers/UART/src/uart.o
 .debug_str     0x00000000     0xa675 Drivers/UART/src/uart.o
 .comment       0x00000000       0x4a Drivers/UART/src/uart.o
 .debug_frame   0x00000000      0x1fc Drivers/UART/src/uart.o
 .ARM.attributes
                0x00000000       0x34 Drivers/UART/src/uart.o
 .text          0x00000000        0x0 c:/program files (x86)/gnu arm embedded toolchain/10 2021.10/bin/../lib/gcc/arm-none-eabi/10.3.1/../../../../arm-none-eabi/lib/thumb/v8-m.main/nofp\libg_nano.a(lib_a-exit.o)
 .data          0x00000000        0x0 c:/program files (x86)/gnu arm embedded toolchain/10 2021.10/bin/../lib/gcc/arm-none-eabi/10.3.1/../../../../arm-none-eabi/lib/thumb/v8-m.main/nofp\libg_nano.a(lib_a-exit.o)
 .bss           0x00000000        0x0 c:/program files (x86)/gnu arm embedded toolchain/10 2021.10/bin/../lib/gcc/arm-none-eabi/10.3.1/../../../../arm-none-eabi/lib/thumb/v8-m.main/nofp\libg_nano.a(lib_a-exit.o)
 .text.exit     0x00000000       0x28 c:/program files (x86)/gnu arm embedded toolchain/10 2021.10/bin/../lib/gcc/arm-none-eabi/10.3.1/../../../../arm-none-eabi/lib/thumb/v8-m.main/nofp\libg_nano.a(lib_a-exit.o)
 .debug_frame   0x00000000       0x28 c:/program files (x86)/gnu arm embedded toolchain/10 2021.10/bin/../lib/gcc/arm-none-eabi/10.3.1/../../../../arm-none-eabi/lib/thumb/v8-m.main/nofp\libg_nano.a(lib_a-exit.o)
 .ARM.attributes
                0x00000000       0x32 c:/program files (x86)/gnu arm embedded toolchain/10 2021.10/bin/../lib/gcc/arm-none-eabi/10.3.1/../../../../arm-none-eabi/lib/thumb/v8-m.main/nofp\libg_nano.a(lib_a-exit.o)
 .text          0x00000000        0x0 c:/program files (x86)/gnu arm embedded toolchain/10 2021.10/bin/../lib/gcc/arm-none-eabi/10.3.1/../../../../arm-none-eabi/lib/thumb/v8-m.main/nofp\libg_nano.a(lib_a-impure.o)
 .data          0x00000000        0x0 c:/program files (x86)/gnu arm embedded toolchain/10 2021.10/bin/../lib/gcc/arm-none-eabi/10.3.1/../../../../arm-none-eabi/lib/thumb/v8-m.main/nofp\libg_nano.a(lib_a-impure.o)
 .bss           0x00000000        0x0 c:/program files (x86)/gnu arm embedded toolchain/10 2021.10/bin/../lib/gcc/arm-none-eabi/10.3.1/../../../../arm-none-eabi/lib/thumb/v8-m.main/nofp\libg_nano.a(lib_a-impure.o)
 .data._impure_ptr
                0x00000000        0x4 c:/program files (x86)/gnu arm embedded toolchain/10 2021.10/bin/../lib/gcc/arm-none-eabi/10.3.1/../../../../arm-none-eabi/lib/thumb/v8-m.main/nofp\libg_nano.a(lib_a-impure.o)
 .data.impure_data
                0x00000000       0x60 c:/program files (x86)/gnu arm embedded toolchain/10 2021.10/bin/../lib/gcc/arm-none-eabi/10.3.1/../../../../arm-none-eabi/lib/thumb/v8-m.main/nofp\libg_nano.a(lib_a-impure.o)
 .rodata._global_impure_ptr
                0x00000000        0x4 c:/program files (x86)/gnu arm embedded toolchain/10 2021.10/bin/../lib/gcc/arm-none-eabi/10.3.1/../../../../arm-none-eabi/lib/thumb/v8-m.main/nofp\libg_nano.a(lib_a-impure.o)
 .ARM.attributes
                0x00000000       0x32 c:/program files (x86)/gnu arm embedded toolchain/10 2021.10/bin/../lib/gcc/arm-none-eabi/10.3.1/../../../../arm-none-eabi/lib/thumb/v8-m.main/nofp\libg_nano.a(lib_a-impure.o)
 .text          0x00000000        0x0 c:/program files (x86)/gnu arm embedded toolchain/10 2021.10/bin/../lib/gcc/arm-none-eabi/10.3.1/../../../../arm-none-eabi/lib/thumb/v8-m.main/nofp\libg_nano.a(lib_a-init.o)
 .data          0x00000000        0x0 c:/program files (x86)/gnu arm embedded toolchain/10 2021.10/bin/../lib/gcc/arm-none-eabi/10.3.1/../../../../arm-none-eabi/lib/thumb/v8-m.main/nofp\libg_nano.a(lib_a-init.o)
 .bss           0x00000000        0x0 c:/program files (x86)/gnu arm embedded toolchain/10 2021.10/bin/../lib/gcc/arm-none-eabi/10.3.1/../../../../arm-none-eabi/lib/thumb/v8-m.main/nofp\libg_nano.a(lib_a-init.o)
 .text.__libc_init_array
                0x00000000       0x48 c:/program files (x86)/gnu arm embedded toolchain/10 2021.10/bin/../lib/gcc/arm-none-eabi/10.3.1/../../../../arm-none-eabi/lib/thumb/v8-m.main/nofp\libg_nano.a(lib_a-init.o)
 .debug_frame   0x00000000       0x2c c:/program files (x86)/gnu arm embedded toolchain/10 2021.10/bin/../lib/gcc/arm-none-eabi/10.3.1/../../../../arm-none-eabi/lib/thumb/v8-m.main/nofp\libg_nano.a(lib_a-init.o)
 .ARM.attributes
                0x00000000       0x32 c:/program files (x86)/gnu arm embedded toolchain/10 2021.10/bin/../lib/gcc/arm-none-eabi/10.3.1/../../../../arm-none-eabi/lib/thumb/v8-m.main/nofp\libg_nano.a(lib_a-init.o)
 .text          0x00000000        0x0 c:/program files (x86)/gnu arm embedded toolchain/10 2021.10/bin/../lib/gcc/arm-none-eabi/10.3.1/../../../../arm-none-eabi/lib/thumb/v8-m.main/nofp\libg_nano.a(lib_a-memset.o)
 .data          0x00000000        0x0 c:/program files (x86)/gnu arm embedded toolchain/10 2021.10/bin/../lib/gcc/arm-none-eabi/10.3.1/../../../../arm-none-eabi/lib/thumb/v8-m.main/nofp\libg_nano.a(lib_a-memset.o)
 .bss           0x00000000        0x0 c:/program files (x86)/gnu arm embedded toolchain/10 2021.10/bin/../lib/gcc/arm-none-eabi/10.3.1/../../../../arm-none-eabi/lib/thumb/v8-m.main/nofp\libg_nano.a(lib_a-memset.o)
 .text.memset   0x00000000       0x10 c:/program files (x86)/gnu arm embedded toolchain/10 2021.10/bin/../lib/gcc/arm-none-eabi/10.3.1/../../../../arm-none-eabi/lib/thumb/v8-m.main/nofp\libg_nano.a(lib_a-memset.o)
 .debug_frame   0x00000000       0x20 c:/program files (x86)/gnu arm embedded toolchain/10 2021.10/bin/../lib/gcc/arm-none-eabi/10.3.1/../../../../arm-none-eabi/lib/thumb/v8-m.main/nofp\libg_nano.a(lib_a-memset.o)
 .ARM.attributes
                0x00000000       0x32 c:/program files (x86)/gnu arm embedded toolchain/10 2021.10/bin/../lib/gcc/arm-none-eabi/10.3.1/../../../../arm-none-eabi/lib/thumb/v8-m.main/nofp\libg_nano.a(lib_a-memset.o)
 .text          0x00000000        0x0 c:/program files (x86)/gnu arm embedded toolchain/10 2021.10/bin/../lib/gcc/arm-none-eabi/10.3.1/../../../../arm-none-eabi/lib/thumb/v8-m.main/nofp\libnosys.a(_exit.o)
 .data          0x00000000        0x0 c:/program files (x86)/gnu arm embedded toolchain/10 2021.10/bin/../lib/gcc/arm-none-eabi/10.3.1/../../../../arm-none-eabi/lib/thumb/v8-m.main/nofp\libnosys.a(_exit.o)
 .bss           0x00000000        0x0 c:/program files (x86)/gnu arm embedded toolchain/10 2021.10/bin/../lib/gcc/arm-none-eabi/10.3.1/../../../../arm-none-eabi/lib/thumb/v8-m.main/nofp\libnosys.a(_exit.o)
 .text._exit    0x00000000        0x4 c:/program files (x86)/gnu arm embedded toolchain/10 2021.10/bin/../lib/gcc/arm-none-eabi/10.3.1/../../../../arm-none-eabi/lib/thumb/v8-m.main/nofp\libnosys.a(_exit.o)
 .debug_frame   0x00000000       0x20 c:/program files (x86)/gnu arm embedded toolchain/10 2021.10/bin/../lib/gcc/arm-none-eabi/10.3.1/../../../../arm-none-eabi/lib/thumb/v8-m.main/nofp\libnosys.a(_exit.o)
 .ARM.attributes
                0x00000000       0x32 c:/program files (x86)/gnu arm embedded toolchain/10 2021.10/bin/../lib/gcc/arm-none-eabi/10.3.1/../../../../arm-none-eabi/lib/thumb/v8-m.main/nofp\libnosys.a(_exit.o)
 .text          0x00000000        0x0 c:/program files (x86)/gnu arm embedded toolchain/10 2021.10/bin/../lib/gcc/arm-none-eabi/10.3.1/thumb/v8-m.main/nofp/crtend.o
 .data          0x00000000        0x0 c:/program files (x86)/gnu arm embedded toolchain/10 2021.10/bin/../lib/gcc/arm-none-eabi/10.3.1/thumb/v8-m.main/nofp/crtend.o
 .bss           0x00000000        0x0 c:/program files (x86)/gnu arm embedded toolchain/10 2021.10/bin/../lib/gcc/arm-none-eabi/10.3.1/thumb/v8-m.main/nofp/crtend.o
 .rodata        0x00000000       0x24 c:/program files (x86)/gnu arm embedded toolchain/10 2021.10/bin/../lib/gcc/arm-none-eabi/10.3.1/thumb/v8-m.main/nofp/crtend.o
 .eh_frame      0x00000000        0x4 c:/program files (x86)/gnu arm embedded toolchain/10 2021.10/bin/../lib/gcc/arm-none-eabi/10.3.1/thumb/v8-m.main/nofp/crtend.o
 .ARM.attributes
                0x00000000       0x32 c:/program files (x86)/gnu arm embedded toolchain/10 2021.10/bin/../lib/gcc/arm-none-eabi/10.3.1/thumb/v8-m.main/nofp/crtend.o
 .text          0x00000000        0x0 c:/program files (x86)/gnu arm embedded toolchain/10 2021.10/bin/../lib/gcc/arm-none-eabi/10.3.1/thumb/v8-m.main/nofp/crtn.o
 .data          0x00000000        0x0 c:/program files (x86)/gnu arm embedded toolchain/10 2021.10/bin/../lib/gcc/arm-none-eabi/10.3.1/thumb/v8-m.main/nofp/crtn.o
 .bss           0x00000000        0x0 c:/program files (x86)/gnu arm embedded toolchain/10 2021.10/bin/../lib/gcc/arm-none-eabi/10.3.1/thumb/v8-m.main/nofp/crtn.o
 .init          0x00000000        0x8 c:/program files (x86)/gnu arm embedded toolchain/10 2021.10/bin/../lib/gcc/arm-none-eabi/10.3.1/thumb/v8-m.main/nofp/crtn.o
 .fini          0x00000000        0x8 c:/program files (x86)/gnu arm embedded toolchain/10 2021.10/bin/../lib/gcc/arm-none-eabi/10.3.1/thumb/v8-m.main/nofp/crtn.o
 .ARM.attributes
                0x00000000       0x22 c:/program files (x86)/gnu arm embedded toolchain/10 2021.10/bin/../lib/gcc/arm-none-eabi/10.3.1/thumb/v8-m.main/nofp/crtn.o

Memory Configuration

Name             Origin             Length             Attributes
FLASH            0x08000000         0x00100000         xr
RAM              0x20000000         0x00020000         xrw
*default*        0x00000000         0xffffffff

Linker script and memory map

LOAD c:/program files (x86)/gnu arm embedded toolchain/10 2021.10/bin/../lib/gcc/arm-none-eabi/10.3.1/thumb/v8-m.main/nofp/crti.o
LOAD c:/program files (x86)/gnu arm embedded toolchain/10 2021.10/bin/../lib/gcc/arm-none-eabi/10.3.1/thumb/v8-m.main/nofp/crtbegin.o
LOAD c:/program files (x86)/gnu arm embedded toolchain/10 2021.10/bin/../lib/gcc/arm-none-eabi/10.3.1/../../../../arm-none-eabi/lib/thumb/v8-m.main/nofp/crt0.o
LOAD Drivers/AES_encryption/src/aes.o
LOAD Drivers/AES_encryption/src/main.o
LOAD Drivers/AES_encryption/src/saes.o
LOAD Drivers/AES_encryption/src/startup.o
LOAD Drivers/GPIO/src/gpio.o
LOAD Drivers/UART/src/uart.o
START GROUP
LOAD c:/program files (x86)/gnu arm embedded toolchain/10 2021.10/bin/../lib/gcc/arm-none-eabi/10.3.1/thumb/v8-m.main/nofp\libgcc.a
LOAD c:/program files (x86)/gnu arm embedded toolchain/10 2021.10/bin/../lib/gcc/arm-none-eabi/10.3.1/../../../../arm-none-eabi/lib/thumb/v8-m.main/nofp\libg_nano.a
LOAD c:/program files (x86)/gnu arm embedded toolchain/10 2021.10/bin/../lib/gcc/arm-none-eabi/10.3.1/../../../../arm-none-eabi/lib/thumb/v8-m.main/nofp\libc_nano.a
END GROUP
START GROUP
LOAD c:/program files (x86)/gnu arm embedded toolchain/10 2021.10/bin/../lib/gcc/arm-none-eabi/10.3.1/thumb/v8-m.main/nofp\libgcc.a
LOAD c:/program files (x86)/gnu arm embedded toolchain/10 2021.10/bin/../lib/gcc/arm-none-eabi/10.3.1/../../../../arm-none-eabi/lib/thumb/v8-m.main/nofp\libc_nano.a
LOAD c:/program files (x86)/gnu arm embedded toolchain/10 2021.10/bin/../lib/gcc/arm-none-eabi/10.3.1/../../../../arm-none-eabi/lib/thumb/v8-m.main/nofp\libnosys.a
END GROUP
START GROUP
LOAD c:/program files (x86)/gnu arm embedded toolchain/10 2021.10/bin/../lib/gcc/arm-none-eabi/10.3.1/thumb/v8-m.main/nofp\libgcc.a
LOAD c:/program files (x86)/gnu arm embedded toolchain/10 2021.10/bin/../lib/gcc/arm-none-eabi/10.3.1/../../../../arm-none-eabi/lib/thumb/v8-m.main/nofp\libc_nano.a
LOAD c:/program files (x86)/gnu arm embedded toolchain/10 2021.10/bin/../lib/gcc/arm-none-eabi/10.3.1/../../../../arm-none-eabi/lib/thumb/v8-m.main/nofp\libnosys.a
END GROUP
LOAD c:/program files (x86)/gnu arm embedded toolchain/10 2021.10/bin/../lib/gcc/arm-none-eabi/10.3.1/thumb/v8-m.main/nofp/crtend.o
LOAD c:/program files (x86)/gnu arm embedded toolchain/10 2021.10/bin/../lib/gcc/arm-none-eabi/10.3.1/thumb/v8-m.main/nofp/crtn.o
                0x20020000                _estack = (ORIGIN (RAM) + LENGTH (RAM))

.isr_vector     0x08000000      0x140
 *(.isr_vector)
 .isr_vector    0x08000000      0x140 Drivers/AES_encryption/src/startup.o
                0x08000000                vector_table

.text           0x08000140      0x340
 *(.text*)
 .text.load_key_words
                0x08000140       0x3c Drivers/AES_encryption/src/aes.o
 .text.load_iv_words
                0x0800017c       0x3e Drivers/AES_encryption/src/aes.o
 .text.write_block
                0x080001ba       0x38 Drivers/AES_encryption/src/aes.o
 .text.read_block
                0x080001f2       0x3a Drivers/AES_encryption/src/aes.o
 .text.wait_ccf
                0x0800022c       0x20 Drivers/AES_encryption/src/aes.o
 .text.AES_constructor
                0x0800024c       0x1c Drivers/AES_encryption/src/aes.o
                0x0800024c                AES_constructor
 .text.AES_Encrypt_Init
                0x08000268       0x24 Drivers/AES_encryption/src/aes.o
                0x08000268                AES_Encrypt_Init
 .text.AES_Encrypt
                0x0800028c       0x46 Drivers/AES_encryption/src/aes.o
                0x0800028c                AES_Encrypt
 .text.AES_Decrypt_Init
                0x080002d2       0x24 Drivers/AES_encryption/src/aes.o
                0x080002d2                AES_Decrypt_Init
 .text.AES_Decrypt
                0x080002f6       0x46 Drivers/AES_encryption/src/aes.o
                0x080002f6                AES_Decrypt
 .text.Init_Sample_Test_Vector
                0x0800033c       0x44 Drivers/AES_encryption/src/aes.o
                0x0800033c                Init_Sample_Test_Vector
 .text.delay_fn
                0x08000380       0x1c Drivers/AES_encryption/src/main.o
                0x08000380                delay_fn
 .text.main     0x0800039c       0x4c Drivers/AES_encryption/src/main.o
                0x0800039c                main
 .text.Default_Handler
                0x080003e8        0x2 Drivers/AES_encryption/src/startup.o
                0x080003e8                Default_Handler
 *fill*         0x080003ea        0x2 
 .text.SystemInit
                0x080003ec       0x10 Drivers/AES_encryption/src/startup.o
                0x080003ec                SystemInit
 .text.Reset_Handler
                0x080003fc       0x44 Drivers/AES_encryption/src/startup.o
                0x080003fc                Reset_Handler
 *(.rodata*)
 .rodata.Init_Sample_Test_Vector.str1.4
                0x08000440       0x25 Drivers/AES_encryption/src/aes.o
 *fill*         0x08000465        0x3 
 .rodata        0x08000468       0x10 Drivers/AES_encryption/src/aes.o
 *(.glue_7)
 .glue_7        0x08000478        0x0 linker stubs
 *(.glue_7t)
 .glue_7t       0x08000478        0x0 linker stubs
 *(.init)
 .init          0x08000478        0x4 c:/program files (x86)/gnu arm embedded toolchain/10 2021.10/bin/../lib/gcc/arm-none-eabi/10.3.1/thumb/v8-m.main/nofp/crti.o
                0x08000478                _init
 *(.fini)
 .fini          0x0800047c        0x4 c:/program files (x86)/gnu arm embedded toolchain/10 2021.10/bin/../lib/gcc/arm-none-eabi/10.3.1/thumb/v8-m.main/nofp/crti.o
                0x0800047c                _fini

.vfp11_veneer   0x08000480        0x0
 .vfp11_veneer  0x08000480        0x0 linker stubs

.v4_bx          0x08000480        0x0
 .v4_bx         0x08000480        0x0 linker stubs

.iplt           0x08000480        0x0
 .iplt          0x08000480        0x0 Drivers/AES_encryption/src/aes.o

.rel.dyn        0x08000480        0x0
 .rel.iplt      0x08000480        0x0 Drivers/AES_encryption/src/aes.o

.ARM.extab
 *(.ARM.extab* .gnu.linkonce.armextab.*)

.ARM.exidx      0x08000480        0x0
                0x08000480                __exidx_start = .
 *(.ARM.exidx*)
                0x08000480                __exidx_end = .
                0x08000480                __etext = .

.data           0x20000000        0x4 load address 0x08000480
                0x20000000                __data_start__ = .
 *(.data*)
 .data.SystemCoreClock
                0x20000000        0x4 Drivers/AES_encryption/src/startup.o
                0x20000000                SystemCoreClock
                0x20000004                __data_end__ = .

.igot.plt       0x20000004        0x0 load address 0x08000484
 .igot.plt      0x20000004        0x0 Drivers/AES_encryption/src/aes.o

.bss            0x20000004        0x0
                0x20000004                __bss_start__ = .
 *(.bss*)
 *(COMMON)
                0x20000004                __bss_end__ = .
                0x20000004                _end = .
                0x20000004                end = .
                0x20000004                __end__ = .

.stack          0x20000004      0x404 load address 0x08000484
                0x20000008                . = ALIGN (0x8)
 *fill*         0x20000004        0x4 
                0x20000008                _stack = .
                0x20000408                . = (. + 0x400)
 *fill*         0x20000008      0x400 
OUTPUT(Drivers/AES_encryption/main.elf elf32-littlearm)
LOAD linker stubs

.ARM.attributes
                0x00000000       0x30
 .ARM.attributes
                0x00000000       0x22 c:/program files (x86)/gnu arm embedded toolchain/10 2021.10/bin/../lib/gcc/arm-none-eabi/10.3.1/thumb/v8-m.main/nofp/crti.o
 .ARM.attributes
                0x00000022       0x34 Drivers/AES_encryption/src/aes.o
 .ARM.attributes
                0x00000056       0x34 Drivers/AES_encryption/src/main.o
 .ARM.attributes
                0x0000008a       0x34 Drivers/AES_encryption/src/startup.o

.comment        0x00000000       0x49
 .comment       0x00000000       0x49 Drivers/AES_encryption/src/aes.o
                                 0x4a (size before relaxing)
 .comment       0x00000049       0x4a Drivers/AES_encryption/src/main.o
 .comment       0x00000049       0x4a Drivers/AES_encryption/src/startup.o

.debug_info     0x00000000      0xe53
 .debug_info    0x00000000      0x95d Drivers/AES_encryption/src/aes.o
 .debug_info    0x0000095d      0x358 Drivers/AES_encryption/src/main.o
 .debug_info    0x00000cb5      0x19e Drivers/AES_encryption/src/startup.o

.debug_abbrev   0x00000000      0x411
 .debug_abbrev  0x00000000      0x1e9 Drivers/AES_encryption/src/aes.o
 .debug_abbrev  0x000001e9      0x13c Drivers/AES_encryption/src/main.o
 .debug_abbrev  0x00000325       0xec Drivers/AES_encryption/src/startup.o

.debug_loc      0x00000000      0x582
 .debug_loc     0x00000000      0x4f7 Drivers/AES_encryption/src/aes.o
 .debug_loc     0x000004f7       0x8b Drivers/AES_encryption/src/startup.o

.debug_aranges  0x00000000       0xc8
 .debug_aranges
                0x00000000       0x70 Drivers/AES_encryption/src/aes.o
 .debug_aranges
                0x00000070       0x28 Drivers/AES_encryption/src/main.o
 .debug_aranges
                0x00000098       0x30 Drivers/AES_encryption/src/startup.o

.debug_ranges   0x00000000       0xf8
 .debug_ranges  0x00000000       0xc0 Drivers/AES_encryption/src/aes.o
 .debug_ranges  0x000000c0       0x18 Drivers/AES_encryption/src/main.o
 .debug_ranges  0x000000d8       0x20 Drivers/AES_encryption/src/startup.o

.debug_macro    0x00000000     0x22d7
 .debug_macro   0x00000000      0x13a Drivers/AES_encryption/src/aes.o
 .debug_macro   0x0000013a      0xa6c Drivers/AES_encryption/src/aes.o
 .debug_macro   0x00000ba6       0x22 Drivers/AES_encryption/src/aes.o
 .debug_macro   0x00000bc8       0x5e Drivers/AES_encryption/src/aes.o
 .debug_macro   0x00000c26       0x18 Drivers/AES_encryption/src/aes.o
 .debug_macro   0x00000c3e       0x94 Drivers/AES_encryption/src/aes.o
 .debug_macro   0x00000cd2       0x35 Drivers/AES_encryption/src/aes.o
 .debug_macro   0x00000d07       0x34 Drivers/AES_encryption/src/aes.o
 .debug_macro   0x00000d3b      0x174 Drivers/AES_encryption/src/aes.o
 .debug_macro   0x00000eaf       0x16 Drivers/AES_encryption/src/aes.o
 .debug_macro   0x00000ec5       0x43 Drivers/AES_encryption/src/aes.o
 .debug_macro   0x00000f08       0x57 Drivers/AES_encryption/src/aes.o
 .debug_macro   0x00000f5f       0x34 Drivers/AES_encryption/src/aes.o
 .debug_macro   0x00000f93       0x10 Drivers/AES_encryption/src/aes.o
 .debug_macro   0x00000fa3       0x58 Drivers/AES_encryption/src/aes.o
 .debug_macro   0x00000ffb      0x182 Drivers/AES_encryption/src/aes.o
 .debug_macro   0x0000117d      0x341 Drivers/AES_encryption/src/aes.o
 .debug_macro   0x000014be       0x10 Drivers/AES_encryption/src/aes.o
 .debug_macro   0x000014ce       0x35 Drivers/AES_encryption/src/aes.o
 .debug_macro   0x00001503      0x103 Drivers/AES_encryption/src/aes.o
 .debug_macro   0x00001606       0x6a Drivers/AES_encryption/src/aes.o
 .debug_macro   0x00001670      0x1df Drivers/AES_encryption/src/aes.o
 .debug_macro   0x0000184f      0x6b4 Drivers/AES_encryption/src/aes.o
 .debug_macro   0x00001f03       0xf4 Drivers/AES_encryption/src/aes.o
 .debug_macro   0x00001ff7      0x134 Drivers/AES_encryption/src/main.o
 .debug_macro   0x0000212b       0x8e Drivers/AES_encryption/src/main.o
 .debug_macro   0x000021b9       0x51 Drivers/AES_encryption/src/main.o
 .debug_macro   0x0000220a       0x64 Drivers/AES_encryption/src/main.o
 .debug_macro   0x0000226e       0x69 Drivers/AES_encryption/src/startup.o

.debug_line     0x00000000      0xdeb
 .debug_line    0x00000000      0x789 Drivers/AES_encryption/src/aes.o
 .debug_line    0x00000789      0x3b7 Drivers/AES_encryption/src/main.o
 .debug_line    0x00000b40      0x2ab Drivers/AES_encryption/src/startup.o

.debug_str      0x00000000     0x91ba
 .debug_str     0x00000000     0x9083 Drivers/AES_encryption/src/aes.o
                               0x9279 (size before relaxing)
 .debug_str     0x00009083       0x5f Drivers/AES_encryption/src/main.o
                               0x9105 (size before relaxing)
 .debug_str     0x000090e2       0xd8 Drivers/AES_encryption/src/startup.o
                               0x3c9c (size before relaxing)

.debug_frame    0x00000000      0x1c0
 .debug_frame   0x00000000      0x138 Drivers/AES_encryption/src/aes.o
 .debug_frame   0x00000138       0x40 Drivers/AES_encryption/src/main.o
 .debug_frame   0x00000178       0x48 Drivers/AES_encryption/src/startup.o
