Archive member included to satisfy reference by file (symbol)

c:/program files (x86)/gnu arm embedded toolchain/10 2021.10/bin/../lib/gcc/arm-none-eabi/10.3.1/../../../../arm-none-eabi/lib/thumb/v8-m.main/nofp\libg_nano.a(lib_a-exit.o)
                              c:/program files (x86)/gnu arm embedded toolchain/10 2021.10/bin/../lib/gcc/arm-none-eabi/10.3.1/../../../../arm-none-eabi/lib/thumb/v8-m.main/nofp/crt0.o (exit)
c:/program files (x86)/gnu arm embedded toolchain/10 2021.10/bin/../lib/gcc/arm-none-eabi/10.3.1/../../../../arm-none-eabi/lib/thumb/v8-m.main/nofp\libg_nano.a(lib_a-impure.o)
                              c:/program files (x86)/gnu arm embedded toolchain/10 2021.10/bin/../lib/gcc/arm-none-eabi/10.3.1/../../../../arm-none-eabi/lib/thumb/v8-m.main/nofp\libg_nano.a(lib_a-exit.o) (_global_impure_ptr)
c:/program files (x86)/gnu arm embedded toolchain/10 2021.10/bin/../lib/gcc/arm-none-eabi/10.3.1/../../../../arm-none-eabi/lib/thumb/v8-m.main/nofp\libg_nano.a(lib_a-init.o)
                              c:/program files (x86)/gnu arm embedded toolchain/10 2021.10/bin/../lib/gcc/arm-none-eabi/10.3.1/../../../../arm-none-eabi/lib/thumb/v8-m.main/nofp/crt0.o (__libc_init_array)
c:/program files (x86)/gnu arm embedded toolchain/10 2021.10/bin/../lib/gcc/arm-none-eabi/10.3.1/../../../../arm-none-eabi/lib/thumb/v8-m.main/nofp\libg_nano.a(lib_a-memcmp.o)
                              Drivers/AES_encryption/src/main.o (memcmp)
c:/program files (x86)/gnu arm embedded toolchain/10 2021.10/bin/../lib/gcc/arm-none-eabi/10.3.1/../../../../arm-none-eabi/lib/thumb/v8-m.main/nofp\libg_nano.a(lib_a-memset.o)
                              c:/program files (x86)/gnu arm embedded toolchain/10 2021.10/bin/../lib/gcc/arm-none-eabi/10.3.1/../../../../arm-none-eabi/lib/thumb/v8-m.main/nofp/crt0.o (memset)
c:/program files (x86)/gnu arm embedded toolchain/10 2021.10/bin/../lib/gcc/arm-none-eabi/10.3.1/../../../../arm-none-eabi/lib/thumb/v8-m.main/nofp\libnosys.a(_exit.o)
                              c:/program files (x86)/gnu arm embedded toolchain/10 2021.10/bin/../lib/gcc/arm-none-eabi/10.3.1/../../../../arm-none-eabi/lib/thumb/v8-m.main/nofp\libg_nano.a(lib_a-exit.o) (_exit)

Discarded input sections

 .text          0x00000000        0x0 c:/program files (x86)/gnu arm embedded toolchain/10 2021.10/bin/../lib/gcc/arm-none-eabi/10.3.1/thumb/v8-m.main/nofp/crti.o
 .data          0x00000000        0x0 c:/program files (x86)/gnu arm embedded toolchain/10 2021.10/bin/../lib/gcc/arm-none-eabi/10.3.1/thumb/v8-m.main/nofp/crti.o
 .bss           0x00000000        0x0 c:/program files (x86)/gnu arm embedded toolchain/10 2021.10/bin/../lib/gcc/arm-none-eabi/10.3.1/thumb/v8-m.main/nofp/crti.o
 .text          0x00000000       0x40 c:/program files (x86)/gnu arm embedded toolchain/10 2021.10/bin/../lib/gcc/arm-none-eabi/10.3.1/thumb/v8-m.main/nofp/crtbegin.o
 .data          0x00000000        0x4 c:/program files (x86)/gnu arm embedded toolchain/10 2021.10/bin/../lib/gcc/arm-none-eabi/10.3.1/thumb/v8-m.main/nofp/crtbegin.o
 .bss           0x00000000       0x1c c:/program files (x86)/gnu arm embedded toolchain/10 2021.10/bin/../lib/gcc/arm-none-eabi/10.3.1/thumb/v8-m.main/nofp/crtbegin.o
 .rodata        0x00000000       0x24 c:/program files (x86)/gnu arm embedded toolchain/10 2021.10/bin/../lib/gcc/arm-none-eabi/10.3.1/thumb/v8-m.main/nofp/crtbegin.o
 .init_array    0x00000000        0x4 c:/program files (x86)/gnu arm embedded toolchain/10 2021.10/bin/../lib/gcc/arm-none-eabi/10.3.1/thumb/v8-m.main/nofp/crtbegin.o
 .fini_array    0x00000000        0x4 c:/program files (x86)/gnu arm embedded toolchain/10 2021.10/bin/../lib/gcc/arm-none-eabi/10.3.1/thumb/v8-m.main/nofp/crtbegin.o
 .eh_frame      0x00000000        0x0 c:/program files (x86)/gnu arm embedded toolchain/10 2021.10/bin/../lib/gcc/arm-none-eabi/10.3.1/thumb/v8-m.main/nofp/crtbegin.o
 .ARM.attributes
                0x00000000       0x32 c:/program files (x86)/gnu arm embedded toolchain/10 2021.10/bin/../lib/gcc/arm-none-eabi/10.3.1/thumb/v8-m.main/nofp/crtbegin.o
 .text          0x00000000       0x7c c:/program files (x86)/gnu arm embedded toolchain/10 2021.10/bin/../lib/gcc/arm-none-eabi/10.3.1/../../../../arm-none-eabi/lib/thumb/v8-m.main/nofp/crt0.o
 .data          0x00000000        0x0 c:/program files (x86)/gnu arm embedded toolchain/10 2021.10/bin/../lib/gcc/arm-none-eabi/10.3.1/../../../../arm-none-eabi/lib/thumb/v8-m.main/nofp/crt0.o
 .bss           0x00000000        0x0 c:/program files (x86)/gnu arm embedded toolchain/10 2021.10/bin/../lib/gcc/arm-none-eabi/10.3.1/../../../../arm-none-eabi/lib/thumb/v8-m.main/nofp/crt0.o
 .ARM.extab     0x00000000        0x0 c:/program files (x86)/gnu arm embedded toolchain/10 2021.10/bin/../lib/gcc/arm-none-eabi/10.3.1/../../../../arm-none-eabi/lib/thumb/v8-m.main/nofp/crt0.o
 .ARM.exidx     0x00000000       0x10 c:/program files (x86)/gnu arm embedded toolchain/10 2021.10/bin/../lib/gcc/arm-none-eabi/10.3.1/../../../../arm-none-eabi/lib/thumb/v8-m.main/nofp/crt0.o
 .ARM.attributes
                0x00000000       0x20 c:/program files (x86)/gnu arm embedded toolchain/10 2021.10/bin/../lib/gcc/arm-none-eabi/10.3.1/../../../../arm-none-eabi/lib/thumb/v8-m.main/nofp/crt0.o
 .group         0x00000000        0xc Drivers/AES_encryption/src/aes.o
 .group         0x00000000        0xc Drivers/AES_encryption/src/aes.o
 .group         0x00000000        0xc Drivers/AES_encryption/src/aes.o
 .group         0x00000000        0xc Drivers/AES_encryption/src/aes.o
 .group         0x00000000        0xc Drivers/AES_encryption/src/aes.o
 .group         0x00000000        0xc Drivers/AES_encryption/src/aes.o
 .group         0x00000000        0xc Drivers/AES_encryption/src/aes.o
 .group         0x00000000        0xc Drivers/AES_encryption/src/aes.o
 .group         0x00000000        0xc Drivers/AES_encryption/src/aes.o
 .text          0x00000000        0x0 Drivers/AES_encryption/src/aes.o
 .data          0x00000000        0x0 Drivers/AES_encryption/src/aes.o
 .bss           0x00000000        0x0 Drivers/AES_encryption/src/aes.o
 .group         0x00000000        0xc Drivers/AES_encryption/src/main.o
 .group         0x00000000        0xc Drivers/AES_encryption/src/main.o
 .group         0x00000000        0xc Drivers/AES_encryption/src/main.o
 .group         0x00000000        0xc Drivers/AES_encryption/src/main.o
 .group         0x00000000        0xc Drivers/AES_encryption/src/main.o
 .group         0x00000000        0xc Drivers/AES_encryption/src/main.o
 .group         0x00000000        0xc Drivers/AES_encryption/src/main.o
 .group         0x00000000        0xc Drivers/AES_encryption/src/main.o
 .group         0x00000000        0xc Drivers/AES_encryption/src/main.o
 .group         0x00000000        0xc Drivers/AES_encryption/src/main.o
 .group         0x00000000        0xc Drivers/AES_encryption/src/main.o
 .group         0x00000000        0xc Drivers/AES_encryption/src/main.o
 .group         0x00000000        0xc Drivers/AES_encryption/src/main.o
 .group         0x00000000        0xc Drivers/AES_encryption/src/main.o
 .group         0x00000000        0xc Drivers/AES_encryption/src/main.o
 .group         0x00000000        0xc Drivers/AES_encryption/src/main.o
 .group         0x00000000        0xc Drivers/AES_encryption/src/main.o
 .group         0x00000000        0xc Drivers/AES_encryption/src/main.o
 .group         0x00000000        0xc Drivers/AES_encryption/src/main.o
 .group         0x00000000        0xc Drivers/AES_encryption/src/main.o
 .group         0x00000000        0xc Drivers/AES_encryption/src/main.o
 .group         0x00000000        0xc Drivers/AES_encryption/src/main.o
 .group         0x00000000        0xc Drivers/AES_encryption/src/main.o
 .group         0x00000000        0xc Drivers/AES_encryption/src/main.o
 .group         0x00000000        0xc Drivers/AES_encryption/src/main.o
 .group         0x00000000        0xc Drivers/AES_encryption/src/main.o
 .group         0x00000000        0xc Drivers/AES_encryption/src/main.o
 .group         0x00000000        0xc Drivers/AES_encryption/src/main.o
 .group         0x00000000        0xc Drivers/AES_encryption/src/main.o
 .group         0x00000000        0xc Drivers/AES_encryption/src/main.o
 .group         0x00000000        0xc Drivers/AES_encryption/src/main.o
 .group         0x00000000        0xc Drivers/AES_encryption/src/main.o
 .group         0x00000000        0xc Drivers/AES_encryption/src/main.o
 .group         0x00000000        0xc Drivers/AES_encryption/src/main.o
 .group         0x00000000        0xc Drivers/AES_encryption/src/main.o
 .group         0x00000000        0xc Drivers/AES_encryption/src/main.o
 .group         0x00000000        0xc Drivers/AES_encryption/src/main.o
 .group         0x00000000        0xc Drivers/AES_encryption/src/main.o
 .group         0x00000000        0xc Drivers/AES_encryption/src/main.o
 .text          0x00000000        0x0 Drivers/AES_encryption/src/main.o
 .data          0x00000000        0x0 Drivers/AES_encryption/src/main.o
 .bss           0x00000000        0x0 Drivers/AES_encryption/src/main.o
 .debug_macro   0x00000000      0xa6c Drivers/AES_encryption/src/main.o
 .debug_macro   0x00000000       0x22 Drivers/AES_encryption/src/main.o
 .debug_macro   0x00000000      0x103 Drivers/AES_encryption/src/main.o
 .debug_macro   0x00000000       0x6a Drivers/AES_encryption/src/main.o
 .debug_macro   0x00000000      0x1df Drivers/AES_encryption/src/main.o
 .debug_macro   0x00000000      0x6b4 Drivers/AES_encryption/src/main.o
 .debug_macro   0x00000000       0xa0 Drivers/AES_encryption/src/main.o
 .group         0x00000000        0xc Drivers/AES_encryption/src/saes.o
 .group         0x00000000        0xc Drivers/AES_encryption/src/saes.o
 .group         0x00000000        0xc Drivers/AES_encryption/src/saes.o
 .group         0x00000000        0xc Drivers/AES_encryption/src/saes.o
 .group         0x00000000        0xc Drivers/AES_encryption/src/saes.o
 .group         0x00000000        0xc Drivers/AES_encryption/src/saes.o
 .group         0x00000000        0xc Drivers/AES_encryption/src/saes.o
 .group         0x00000000        0xc Drivers/AES_encryption/src/saes.o
 .group         0x00000000        0xc Drivers/AES_encryption/src/saes.o
 .text          0x00000000        0x0 Drivers/AES_encryption/src/saes.o
 .data          0x00000000        0x0 Drivers/AES_encryption/src/saes.o
 .bss           0x00000000        0x0 Drivers/AES_encryption/src/saes.o
 .debug_macro   0x00000000      0xa6c Drivers/AES_encryption/src/saes.o
 .debug_macro   0x00000000       0x22 Drivers/AES_encryption/src/saes.o
 .debug_macro   0x00000000       0x8e Drivers/AES_encryption/src/saes.o
 .debug_macro   0x00000000       0x51 Drivers/AES_encryption/src/saes.o
 .debug_macro   0x00000000      0x103 Drivers/AES_encryption/src/saes.o
 .debug_macro   0x00000000       0x6a Drivers/AES_encryption/src/saes.o
 .debug_macro   0x00000000      0x1df Drivers/AES_encryption/src/saes.o
 .debug_macro   0x00000000      0x6b4 Drivers/AES_encryption/src/saes.o
 .debug_macro   0x00000000       0xa0 Drivers/AES_encryption/src/saes.o
 .group         0x00000000        0xc Drivers/AES_encryption/src/startup.o
 .group         0x00000000        0xc Drivers/AES_encryption/src/startup.o
 .group         0x00000000        0xc Drivers/AES_encryption/src/startup.o
 .group         0x00000000        0xc Drivers/AES_encryption/src/startup.o
 .group         0x00000000        0xc Drivers/AES_encryption/src/startup.o
 .group         0x00000000        0xc Drivers/AES_encryption/src/startup.o
 .group         0x00000000        0xc Drivers/AES_encryption/src/startup.o
 .text          0x00000000        0x0 Drivers/AES_encryption/src/startup.o
 .data          0x00000000        0x0 Drivers/AES_encryption/src/startup.o
 .bss           0x00000000        0x0 Drivers/AES_encryption/src/startup.o
 .debug_macro   0x00000000      0xa6c Drivers/AES_encryption/src/startup.o
 .debug_macro   0x00000000       0x22 Drivers/AES_encryption/src/startup.o
 .debug_macro   0x00000000       0x8e Drivers/AES_encryption/src/startup.o
 .debug_macro   0x00000000       0x51 Drivers/AES_encryption/src/startup.o
 .debug_macro   0x00000000      0x103 Drivers/AES_encryption/src/startup.o
 .debug_macro   0x00000000       0x6a Drivers/AES_encryption/src/startup.o
 .debug_macro   0x00000000      0x1df Drivers/AES_encryption/src/startup.o
 .group         0x00000000        0xc Drivers/GPIO/src/gpio.o
 .group         0x00000000        0xc Drivers/GPIO/src/gpio.o
 .group         0x00000000        0xc Drivers/GPIO/src/gpio.o
 .group         0x00000000        0xc Drivers/GPIO/src/gpio.o
 .group         0x00000000        0xc Drivers/GPIO/src/gpio.o
 .group         0x00000000        0xc Drivers/GPIO/src/gpio.o
 .group         0x00000000        0xc Drivers/GPIO/src/gpio.o
 .group         0x00000000        0xc Drivers/GPIO/src/gpio.o
 .text          0x00000000        0x0 Drivers/GPIO/src/gpio.o
 .data          0x00000000        0x0 Drivers/GPIO/src/gpio.o
 .bss           0x00000000        0x0 Drivers/GPIO/src/gpio.o
 .text.GPIO_ReadPin
                0x00000000       0x10 Drivers/GPIO/src/gpio.o
 .text.GPIO_WritePin
                0x00000000       0x10 Drivers/GPIO/src/gpio.o
 .text.GPIO_TogglePin
                0x00000000        0xa Drivers/GPIO/src/gpio.o
 .text.GPIO_SetPin
                0x00000000        0xa Drivers/GPIO/src/gpio.o
 .text.GPIO_ResetPin
                0x00000000        0xc Drivers/GPIO/src/gpio.o
 .text.GPIO_SetBit
                0x00000000        0xa Drivers/GPIO/src/gpio.o
 .text.GPIO_ResetBit
                0x00000000        0xe Drivers/GPIO/src/gpio.o
 .text.__RCC_GPIO_CLK_ENABLE
                0x00000000       0xb4 Drivers/GPIO/src/gpio.o
 .text.GPIO_Init
                0x00000000       0xcc Drivers/GPIO/src/gpio.o
 .text.GPIO_constructor
                0x00000000        0xc Drivers/GPIO/src/gpio.o
 .debug_info    0x00000000      0x6a7 Drivers/GPIO/src/gpio.o
 .debug_abbrev  0x00000000      0x194 Drivers/GPIO/src/gpio.o
 .debug_loc     0x00000000      0x2e0 Drivers/GPIO/src/gpio.o
 .debug_aranges
                0x00000000       0x68 Drivers/GPIO/src/gpio.o
 .debug_ranges  0x00000000       0x58 Drivers/GPIO/src/gpio.o
 .debug_macro   0x00000000       0x96 Drivers/GPIO/src/gpio.o
 .debug_macro   0x00000000      0xa6c Drivers/GPIO/src/gpio.o
 .debug_macro   0x00000000       0x22 Drivers/GPIO/src/gpio.o
 .debug_macro   0x00000000       0x8e Drivers/GPIO/src/gpio.o
 .debug_macro   0x00000000       0x51 Drivers/GPIO/src/gpio.o
 .debug_macro   0x00000000      0x103 Drivers/GPIO/src/gpio.o
 .debug_macro   0x00000000       0x6a Drivers/GPIO/src/gpio.o
 .debug_macro   0x00000000      0x1df Drivers/GPIO/src/gpio.o
 .debug_macro   0x00000000      0x6b4 Drivers/GPIO/src/gpio.o
 .debug_line    0x00000000      0x5ab Drivers/GPIO/src/gpio.o
 .debug_str     0x00000000     0x647d Drivers/GPIO/src/gpio.o
 .comment       0x00000000       0x4a Drivers/GPIO/src/gpio.o
 .debug_frame   0x00000000       0xd4 Drivers/GPIO/src/gpio.o
 .ARM.attributes
                0x00000000       0x34 Drivers/GPIO/src/gpio.o
 .group         0x00000000        0xc Drivers/UART/src/uart.o
 .group         0x00000000        0xc Drivers/UART/src/uart.o
 .group         0x00000000        0xc Drivers/UART/src/uart.o
 .group         0x00000000        0xc Drivers/UART/src/uart.o
 .group         0x00000000        0xc Drivers/UART/src/uart.o
 .group         0x00000000        0xc Drivers/UART/src/uart.o
 .group         0x00000000        0xc Drivers/UART/src/uart.o
 .group         0x00000000        0xc Drivers/UART/src/uart.o
 .group         0x00000000        0xc Drivers/UART/src/uart.o
 .group         0x00000000        0xc Drivers/UART/src/uart.o
 .group         0x00000000        0xc Drivers/UART/src/uart.o
 .group         0x00000000        0xc Drivers/UART/src/uart.o
 .group         0x00000000        0xc Drivers/UART/src/uart.o
 .group         0x00000000        0xc Drivers/UART/src/uart.o
 .group         0x00000000        0xc Drivers/UART/src/uart.o
 .group         0x00000000        0xc Drivers/UART/src/uart.o
 .group         0x00000000        0xc Drivers/UART/src/uart.o
 .group         0x00000000        0xc Drivers/UART/src/uart.o
 .group         0x00000000        0xc Drivers/UART/src/uart.o
 .group         0x00000000        0xc Drivers/UART/src/uart.o
 .group         0x00000000        0xc Drivers/UART/src/uart.o
 .group         0x00000000        0xc Drivers/UART/src/uart.o
 .group         0x00000000        0xc Drivers/UART/src/uart.o
 .group         0x00000000        0xc Drivers/UART/src/uart.o
 .group         0x00000000        0xc Drivers/UART/src/uart.o
 .group         0x00000000        0xc Drivers/UART/src/uart.o
 .group         0x00000000        0xc Drivers/UART/src/uart.o
 .group         0x00000000        0xc Drivers/UART/src/uart.o
 .group         0x00000000        0xc Drivers/UART/src/uart.o
 .group         0x00000000        0xc Drivers/UART/src/uart.o
 .group         0x00000000        0xc Drivers/UART/src/uart.o
 .group         0x00000000        0xc Drivers/UART/src/uart.o
 .group         0x00000000        0xc Drivers/UART/src/uart.o
 .group         0x00000000        0xc Drivers/UART/src/uart.o
 .group         0x00000000        0xc Drivers/UART/src/uart.o
 .group         0x00000000        0xc Drivers/UART/src/uart.o
 .group         0x00000000        0xc Drivers/UART/src/uart.o
 .text          0x00000000        0x0 Drivers/UART/src/uart.o
 .data          0x00000000        0x0 Drivers/UART/src/uart.o
 .bss           0x00000000        0x0 Drivers/UART/src/uart.o
 .text.USART_x_Read
                0x00000000       0x10 Drivers/UART/src/uart.o
 .text.USART_EnableRXInterrupt
                0x00000000        0xe Drivers/UART/src/uart.o
 .text.USART_DisableRXInterrupt
                0x00000000       0x10 Drivers/UART/src/uart.o
 .text.USART_IRQHandler
                0x00000000       0x2e Drivers/UART/src/uart.o
 .text.USART1_IRQHandler
                0x00000000       0x14 Drivers/UART/src/uart.o
 .text.USART2_IRQHandler
                0x00000000       0x14 Drivers/UART/src/uart.o
 .text.USART3_IRQHandler
                0x00000000       0x14 Drivers/UART/src/uart.o
 .text.UART4_IRQHandler
                0x00000000       0x14 Drivers/UART/src/uart.o
 .text.UART5_IRQHandler
                0x00000000       0x14 Drivers/UART/src/uart.o
 .text.writeString
                0x00000000       0x26 Drivers/UART/src/uart.o
 .text.readString
                0x00000000       0x2a Drivers/UART/src/uart.o
 .rodata.GetPortName.str1.4
                0x00000000       0x2e Drivers/UART/src/uart.o
 .text.GetPortName
                0x00000000       0x64 Drivers/UART/src/uart.o
 .text.USART_WriteChar
                0x00000000        0x8 Drivers/UART/src/uart.o
 .text.USART_ReadChar
                0x00000000        0x8 Drivers/UART/src/uart.o
 .text.USART_ReadString
                0x00000000       0x4c Drivers/UART/src/uart.o
 .debug_macro   0x00000000      0xa6c Drivers/UART/src/uart.o
 .debug_macro   0x00000000       0x22 Drivers/UART/src/uart.o
 .debug_macro   0x00000000       0x8e Drivers/UART/src/uart.o
 .debug_macro   0x00000000       0x51 Drivers/UART/src/uart.o
 .debug_macro   0x00000000      0x103 Drivers/UART/src/uart.o
 .debug_macro   0x00000000       0x6a Drivers/UART/src/uart.o
 .debug_macro   0x00000000      0x1df Drivers/UART/src/uart.o
 .debug_macro   0x00000000       0x18 Drivers/UART/src/uart.o
 .debug_macro   0x00000000       0x35 Drivers/UART/src/uart.o
 .debug_macro   0x00000000       0x34 Drivers/UART/src/uart.o
 .debug_macro   0x00000000      0x341 Drivers/UART/src/uart.o
 .debug_macro   0x00000000       0x10 Drivers/UART/src/uart.o
 .debug_macro   0x00000000       0x16 Drivers/UART/src/uart.o
 .debug_macro   0x00000000       0x43 Drivers/UART/src/uart.o
 .debug_macro   0x00000000       0x34 Drivers/UART/src/uart.o
 .debug_macro   0x00000000       0x10 Drivers/UART/src/uart.o
 .debug_macro   0x00000000       0x58 Drivers/UART/src/uart.o
 .debug_macro   0x00000000      0x182 Drivers/UART/src/uart.o
 .debug_macro   0x00000000       0x10 Drivers/UART/src/uart.o
 .debug_macro   0x00000000       0x1c Drivers/UART/src/uart.o
 .debug_macro   0x00000000       0x52 Drivers/UART/src/uart.o
 .debug_macro   0x00000000       0x22 Drivers/UART/src/uart.o
 .debug_macro   0x00000000       0x10 Drivers/UART/src/uart.o
 .debug_macro   0x00000000       0x52 Drivers/UART/src/uart.o
 .debug_macro   0x00000000       0xd5 Drivers/UART/src/uart.o
 .debug_macro   0x00000000       0x1c Drivers/UART/src/uart.o
 .debug_macro   0x00000000       0x3d Drivers/UART/src/uart.o
 .debug_macro   0x00000000       0x16 Drivers/UART/src/uart.o
 .debug_macro   0x00000000      0x16f Drivers/UART/src/uart.o
 .debug_macro   0x00000000      0x6b4 Drivers/UART/src/uart.o
 .debug_macro   0x00000000       0x10 Drivers/UART/src/uart.o
 .debug_macro   0x00000000       0x1c Drivers/UART/src/uart.o
 .debug_macro   0x00000000       0xd7 Drivers/UART/src/uart.o
 .text          0x00000000        0x0 c:/program files (x86)/gnu arm embedded toolchain/10 2021.10/bin/../lib/gcc/arm-none-eabi/10.3.1/../../../../arm-none-eabi/lib/thumb/v8-m.main/nofp\libg_nano.a(lib_a-exit.o)
 .data          0x00000000        0x0 c:/program files (x86)/gnu arm embedded toolchain/10 2021.10/bin/../lib/gcc/arm-none-eabi/10.3.1/../../../../arm-none-eabi/lib/thumb/v8-m.main/nofp\libg_nano.a(lib_a-exit.o)
 .bss           0x00000000        0x0 c:/program files (x86)/gnu arm embedded toolchain/10 2021.10/bin/../lib/gcc/arm-none-eabi/10.3.1/../../../../arm-none-eabi/lib/thumb/v8-m.main/nofp\libg_nano.a(lib_a-exit.o)
 .text.exit     0x00000000       0x28 c:/program files (x86)/gnu arm embedded toolchain/10 2021.10/bin/../lib/gcc/arm-none-eabi/10.3.1/../../../../arm-none-eabi/lib/thumb/v8-m.main/nofp\libg_nano.a(lib_a-exit.o)
 .debug_frame   0x00000000       0x28 c:/program files (x86)/gnu arm embedded toolchain/10 2021.10/bin/../lib/gcc/arm-none-eabi/10.3.1/../../../../arm-none-eabi/lib/thumb/v8-m.main/nofp\libg_nano.a(lib_a-exit.o)
 .ARM.attributes
                0x00000000       0x32 c:/program files (x86)/gnu arm embedded toolchain/10 2021.10/bin/../lib/gcc/arm-none-eabi/10.3.1/../../../../arm-none-eabi/lib/thumb/v8-m.main/nofp\libg_nano.a(lib_a-exit.o)
 .text          0x00000000        0x0 c:/program files (x86)/gnu arm embedded toolchain/10 2021.10/bin/../lib/gcc/arm-none-eabi/10.3.1/../../../../arm-none-eabi/lib/thumb/v8-m.main/nofp\libg_nano.a(lib_a-impure.o)
 .data          0x00000000        0x0 c:/program files (x86)/gnu arm embedded toolchain/10 2021.10/bin/../lib/gcc/arm-none-eabi/10.3.1/../../../../arm-none-eabi/lib/thumb/v8-m.main/nofp\libg_nano.a(lib_a-impure.o)
 .bss           0x00000000        0x0 c:/program files (x86)/gnu arm embedded toolchain/10 2021.10/bin/../lib/gcc/arm-none-eabi/10.3.1/../../../../arm-none-eabi/lib/thumb/v8-m.main/nofp\libg_nano.a(lib_a-impure.o)
 .data._impure_ptr
                0x00000000        0x4 c:/program files (x86)/gnu arm embedded toolchain/10 2021.10/bin/../lib/gcc/arm-none-eabi/10.3.1/../../../../arm-none-eabi/lib/thumb/v8-m.main/nofp\libg_nano.a(lib_a-impure.o)
 .data.impure_data
                0x00000000       0x60 c:/program files (x86)/gnu arm embedded toolchain/10 2021.10/bin/../lib/gcc/arm-none-eabi/10.3.1/../../../../arm-none-eabi/lib/thumb/v8-m.main/nofp\libg_nano.a(lib_a-impure.o)
 .rodata._global_impure_ptr
                0x00000000        0x4 c:/program files (x86)/gnu arm embedded toolchain/10 2021.10/bin/../lib/gcc/arm-none-eabi/10.3.1/../../../../arm-none-eabi/lib/thumb/v8-m.main/nofp\libg_nano.a(lib_a-impure.o)
 .ARM.attributes
                0x00000000       0x32 c:/program files (x86)/gnu arm embedded toolchain/10 2021.10/bin/../lib/gcc/arm-none-eabi/10.3.1/../../../../arm-none-eabi/lib/thumb/v8-m.main/nofp\libg_nano.a(lib_a-impure.o)
 .text          0x00000000        0x0 c:/program files (x86)/gnu arm embedded toolchain/10 2021.10/bin/../lib/gcc/arm-none-eabi/10.3.1/../../../../arm-none-eabi/lib/thumb/v8-m.main/nofp\libg_nano.a(lib_a-init.o)
 .data          0x00000000        0x0 c:/program files (x86)/gnu arm embedded toolchain/10 2021.10/bin/../lib/gcc/arm-none-eabi/10.3.1/../../../../arm-none-eabi/lib/thumb/v8-m.main/nofp\libg_nano.a(lib_a-init.o)
 .bss           0x00000000        0x0 c:/program files (x86)/gnu arm embedded toolchain/10 2021.10/bin/../lib/gcc/arm-none-eabi/10.3.1/../../../../arm-none-eabi/lib/thumb/v8-m.main/nofp\libg_nano.a(lib_a-init.o)
 .text.__libc_init_array
                0x00000000       0x48 c:/program files (x86)/gnu arm embedded toolchain/10 2021.10/bin/../lib/gcc/arm-none-eabi/10.3.1/../../../../arm-none-eabi/lib/thumb/v8-m.main/nofp\libg_nano.a(lib_a-init.o)
 .debug_frame   0x00000000       0x2c c:/program files (x86)/gnu arm embedded toolchain/10 2021.10/bin/../lib/gcc/arm-none-eabi/10.3.1/../../../../arm-none-eabi/lib/thumb/v8-m.main/nofp\libg_nano.a(lib_a-init.o)
 .ARM.attributes
                0x00000000       0x32 c:/program files (x86)/gnu arm embedded toolchain/10 2021.10/bin/../lib/gcc/arm-none-eabi/10.3.1/../../../../arm-none-eabi/lib/thumb/v8-m.main/nofp\libg_nano.a(lib_a-init.o)
 .text          0x00000000        0x0 c:/program files (x86)/gnu arm embedded toolchain/10 2021.10/bin/../lib/gcc/arm-none-eabi/10.3.1/../../../../arm-none-eabi/lib/thumb/v8-m.main/nofp\libg_nano.a(lib_a-memcmp.o)
 .data          0x00000000        0x0 c:/program files (x86)/gnu arm embedded toolchain/10 2021.10/bin/../lib/gcc/arm-none-eabi/10.3.1/../../../../arm-none-eabi/lib/thumb/v8-m.main/nofp\libg_nano.a(lib_a-memcmp.o)
 .bss           0x00000000        0x0 c:/program files (x86)/gnu arm embedded toolchain/10 2021.10/bin/../lib/gcc/arm-none-eabi/10.3.1/../../../../arm-none-eabi/lib/thumb/v8-m.main/nofp\libg_nano.a(lib_a-memcmp.o)
 .text          0x00000000        0x0 c:/program files (x86)/gnu arm embedded toolchain/10 2021.10/bin/../lib/gcc/arm-none-eabi/10.3.1/../../../../arm-none-eabi/lib/thumb/v8-m.main/nofp\libg_nano.a(lib_a-memset.o)
 .data          0x00000000        0x0 c:/program files (x86)/gnu arm embedded toolchain/10 2021.10/bin/../lib/gcc/arm-none-eabi/10.3.1/../../../../arm-none-eabi/lib/thumb/v8-m.main/nofp\libg_nano.a(lib_a-memset.o)
 .bss           0x00000000        0x0 c:/program files (x86)/gnu arm embedded toolchain/10 2021.10/bin/../lib/gcc/arm-none-eabi/10.3.1/../../../../arm-none-eabi/lib/thumb/v8-m.main/nofp\libg_nano.a(lib_a-memset.o)
 .text.memset   0x00000000       0x10 c:/program files (x86)/gnu arm embedded toolchain/10 2021.10/bin/../lib/gcc/arm-none-eabi/10.3.1/../../../../arm-none-eabi/lib/thumb/v8-m.main/nofp\libg_nano.a(lib_a-memset.o)
 .debug_frame   0x00000000       0x20 c:/program files (x86)/gnu arm embedded toolchain/10 2021.10/bin/../lib/gcc/arm-none-eabi/10.3.1/../../../../arm-none-eabi/lib/thumb/v8-m.main/nofp\libg_nano.a(lib_a-memset.o)
 .ARM.attributes
                0x00000000       0x32 c:/program files (x86)/gnu arm embedded toolchain/10 2021.10/bin/../lib/gcc/arm-none-eabi/10.3.1/../../../../arm-none-eabi/lib/thumb/v8-m.main/nofp\libg_nano.a(lib_a-memset.o)
 .text          0x00000000        0x0 c:/program files (x86)/gnu arm embedded toolchain/10 2021.10/bin/../lib/gcc/arm-none-eabi/10.3.1/../../../../arm-none-eabi/lib/thumb/v8-m.main/nofp\libnosys.a(_exit.o)
 .data          0x00000000        0x0 c:/program files (x86)/gnu arm embedded toolchain/10 2021.10/bin/../lib/gcc/arm-none-eabi/10.3.1/../../../../arm-none-eabi/lib/thumb/v8-m.main/nofp\libnosys.a(_exit.o)
 .bss           0x00000000        0x0 c:/program files (x86)/gnu arm embedded toolchain/10 2021.10/bin/../lib/gcc/arm-none-eabi/10.3.1/../../../../arm-none-eabi/lib/thumb/v8-m.main/nofp\libnosys.a(_exit.o)
 .text._exit    0x00000000        0x4 c:/program files (x86)/gnu arm embedded toolchain/10 2021.10/bin/../lib/gcc/arm-none-eabi/10.3.1/../../../../arm-none-eabi/lib/thumb/v8-m.main/nofp\libnosys.a(_exit.o)
 .debug_frame   0x00000000       0x20 c:/program files (x86)/gnu arm embedded toolchain/10 2021.10/bin/../lib/gcc/arm-none-eabi/10.3.1/../../../../arm-none-eabi/lib/thumb/v8-m.main/nofp\libnosys.a(_exit.o)
 .ARM.attributes
                0x00000000       0x32 c:/program files (x86)/gnu arm embedded toolchain/10 2021.10/bin/../lib/gcc/arm-none-eabi/10.3.1/../../../../arm-none-eabi/lib/thumb/v8-m.main/nofp\libnosys.a(_exit.o)
 .text          0x00000000        0x0 c:/program files (x86)/gnu arm embedded toolchain/10 2021.10/bin/../lib/gcc/arm-none-eabi/10.3.1/thumb/v8-m.main/nofp/crtend.o
 .data          0x00000000        0x0 c:/program files (x86)/gnu arm embedded toolchain/10 2021.10/bin/../lib/gcc/arm-none-eabi/10.3.1/thumb/v8-m.main/nofp/crtend.o
 .bss           0x00000000        0x0 c:/program files (x86)/gnu arm embedded toolchain/10 2021.10/bin/../lib/gcc/arm-none-eabi/10.3.1/thumb/v8-m.main/nofp/crtend.o
 .rodata        0x00000000       0x24 c:/program files (x86)/gnu arm embedded toolchain/10 2021.10/bin/../lib/gcc/arm-none-eabi/10.3.1/thumb/v8-m.main/nofp/crtend.o
 .eh_frame      0x00000000        0x4 c:/program files (x86)/gnu arm embedded toolchain/10 2021.10/bin/../lib/gcc/arm-none-eabi/10.3.1/thumb/v8-m.main/nofp/crtend.o
 .ARM.attributes
                0x00000000       0x32 c:/program files (x86)/gnu arm embedded toolchain/10 2021.10/bin/../lib/gcc/arm-none-eabi/10.3.1/thumb/v8-m.main/nofp/crtend.o
 .text          0x00000000        0x0 c:/program files (x86)/gnu arm embedded toolchain/10 2021.10/bin/../lib/gcc/arm-none-eabi/10.3.1/thumb/v8-m.main/nofp/crtn.o
 .data          0x00000000        0x0 c:/program files (x86)/gnu arm embedded toolchain/10 2021.10/bin/../lib/gcc/arm-none-eabi/10.3.1/thumb/v8-m.main/nofp/crtn.o
 .bss           0x00000000        0x0 c:/program files (x86)/gnu arm embedded toolchain/10 2021.10/bin/../lib/gcc/arm-none-eabi/10.3.1/thumb/v8-m.main/nofp/crtn.o
 .init          0x00000000        0x8 c:/program files (x86)/gnu arm embedded toolchain/10 2021.10/bin/../lib/gcc/arm-none-eabi/10.3.1/thumb/v8-m.main/nofp/crtn.o
 .fini          0x00000000        0x8 c:/program files (x86)/gnu arm embedded toolchain/10 2021.10/bin/../lib/gcc/arm-none-eabi/10.3.1/thumb/v8-m.main/nofp/crtn.o
 .ARM.attributes
                0x00000000       0x22 c:/program files (x86)/gnu arm embedded toolchain/10 2021.10/bin/../lib/gcc/arm-none-eabi/10.3.1/thumb/v8-m.main/nofp/crtn.o

Memory Configuration

Name             Origin             Length             Attributes
FLASH            0x08000000         0x00100000         xr
RAM              0x20000000         0x00020000         xrw
*default*        0x00000000         0xffffffff

Linker script and memory map

LOAD c:/program files (x86)/gnu arm embedded toolchain/10 2021.10/bin/../lib/gcc/arm-none-eabi/10.3.1/thumb/v8-m.main/nofp/crti.o
LOAD c:/program files (x86)/gnu arm embedded toolchain/10 2021.10/bin/../lib/gcc/arm-none-eabi/10.3.1/thumb/v8-m.main/nofp/crtbegin.o
LOAD c:/program files (x86)/gnu arm embedded toolchain/10 2021.10/bin/../lib/gcc/arm-none-eabi/10.3.1/../../../../arm-none-eabi/lib/thumb/v8-m.main/nofp/crt0.o
LOAD Drivers/AES_encryption/src/aes.o
LOAD Drivers/AES_encryption/src/main.o
LOAD Drivers/AES_encryption/src/saes.o
LOAD Drivers/AES_encryption/src/startup.o
LOAD Drivers/GPIO/src/gpio.o
LOAD Drivers/UART/src/uart.o
START GROUP
LOAD c:/program files (x86)/gnu arm embedded toolchain/10 2021.10/bin/../lib/gcc/arm-none-eabi/10.3.1/thumb/v8-m.main/nofp\libgcc.a
LOAD c:/program files (x86)/gnu arm embedded toolchain/10 2021.10/bin/../lib/gcc/arm-none-eabi/10.3.1/../../../../arm-none-eabi/lib/thumb/v8-m.main/nofp\libg_nano.a
LOAD c:/program files (x86)/gnu arm embedded toolchain/10 2021.10/bin/../lib/gcc/arm-none-eabi/10.3.1/../../../../arm-none-eabi/lib/thumb/v8-m.main/nofp\libc_nano.a
END GROUP
START GROUP
LOAD c:/program files (x86)/gnu arm embedded toolchain/10 2021.10/bin/../lib/gcc/arm-none-eabi/10.3.1/thumb/v8-m.main/nofp\libgcc.a
LOAD c:/program files (x86)/gnu arm embedded toolchain/10 2021.10/bin/../lib/gcc/arm-none-eabi/10.3.1/../../../../arm-none-eabi/lib/thumb/v8-m.main/nofp\libc_nano.a
LOAD c:/program files (x86)/gnu arm embedded toolchain/10 2021.10/bin/../lib/gcc/arm-none-eabi/10.3.1/../../../../arm-none-eabi/lib/thumb/v8-m.main/nofp\libnosys.a
END GROUP
START GROUP
LOAD c:/program files (x86)/gnu arm embedded toolchain/10 2021.10/bin/../lib/gcc/arm-none-eabi/10.3.1/thumb/v8-m.main/nofp\libgcc.a
LOAD c:/program files (x86)/gnu arm embedded toolchain/10 2021.10/bin/../lib/gcc/arm-none-eabi/10.3.1/../../../../arm-none-eabi/lib/thumb/v8-m.main/nofp\libc_nano.a
LOAD c:/program files (x86)/gnu arm embedded toolchain/10 2021.10/bin/../lib/gcc/arm-none-eabi/10.3.1/../../../../arm-none-eabi/lib/thumb/v8-m.main/nofp\libnosys.a
END GROUP
LOAD c:/program files (x86)/gnu arm embedded toolchain/10 2021.10/bin/../lib/gcc/arm-none-eabi/10.3.1/thumb/v8-m.main/nofp/crtend.o
LOAD c:/program files (x86)/gnu arm embedded toolchain/10 2021.10/bin/../lib/gcc/arm-none-eabi/10.3.1/thumb/v8-m.main/nofp/crtn.o
                0x20020000                _estack = (ORIGIN (RAM) + LENGTH (RAM))

.isr_vector     0x08000000      0x180
 *(.isr_vector)
 .isr_vector    0x08000000      0x180 Drivers/AES_encryption/src/startup.o
                0x08000000                vector_table

.text           0x08000180     0x106c
 *(.text*)
 .text.aes_pack_be
                0x08000180       0x16 Drivers/AES_encryption/src/aes.o
 .text.aes_load_key
                0x08000196       0x34 Drivers/AES_encryption/src/aes.o
 .text.aes_load_iv
                0x080001ca       0x26 Drivers/AES_encryption/src/aes.o
 .text.aes_write_block
                0x080001f0       0x1c Drivers/AES_encryption/src/aes.o
 .text.aes_read_block
                0x0800020c       0x3a Drivers/AES_encryption/src/aes.o
 .text.aes_wait_ccf
                0x08000246       0x26 Drivers/AES_encryption/src/aes.o
 .text.AES_constructor
                0x0800026c       0x1c Drivers/AES_encryption/src/aes.o
                0x0800026c                AES_constructor
 .text.AES_Encrypt_Init
                0x08000288       0x4e Drivers/AES_encryption/src/aes.o
                0x08000288                AES_Encrypt_Init
 *fill*         0x080002d6        0x2 
 .text.AES_Decrypt_Init
                0x080002d8       0xb0 Drivers/AES_encryption/src/aes.o
                0x080002d8                AES_Decrypt_Init
 .text.AES_Process
                0x08000388       0x46 Drivers/AES_encryption/src/aes.o
                0x08000388                AES_Process
 *fill*         0x080003ce        0x2 
 .text.print_hex
                0x080003d0       0x74 Drivers/AES_encryption/src/main.o
 .text.pass_fail
                0x08000444       0x28 Drivers/AES_encryption/src/main.o
 .text.test_aes_cbc
                0x0800046c       0xd4 Drivers/AES_encryption/src/main.o
 .text.test_saes_ecb
                0x08000540       0xe4 Drivers/AES_encryption/src/main.o
 .text.test_saes_ctr
                0x08000624       0xe0 Drivers/AES_encryption/src/main.o
 .text.test_saes_dhuk
                0x08000704       0xc8 Drivers/AES_encryption/src/main.o
 .text.main     0x080007cc       0x5c Drivers/AES_encryption/src/main.o
                0x080007cc                main
 .text.aes_pack_be
                0x08000828       0x16 Drivers/AES_encryption/src/saes.o
 .text.aes_load_iv
                0x0800083e       0x26 Drivers/AES_encryption/src/saes.o
 .text.aes_write_block
                0x08000864       0x1c Drivers/AES_encryption/src/saes.o
 .text.aes_wait_ccf
                0x08000880       0x26 Drivers/AES_encryption/src/saes.o
 *fill*         0x080008a6        0x2 
 .text.SAES_constructor
                0x080008a8       0x20 Drivers/AES_encryption/src/saes.o
                0x080008a8                SAES_constructor
 .text.SAES_DHUK_Encrypt_Init
                0x080008c8       0x58 Drivers/AES_encryption/src/saes.o
                0x080008c8                SAES_DHUK_Encrypt_Init
 .text.SAES_DHUK_Decrypt_Init
                0x08000920       0x9c Drivers/AES_encryption/src/saes.o
                0x08000920                SAES_DHUK_Decrypt_Init
 .text.Default_Handler
                0x080009bc        0x2 Drivers/AES_encryption/src/startup.o
                0x080009bc                Default_Handler
 .text.HardFault_Handler
                0x080009be        0x2 Drivers/AES_encryption/src/startup.o
                0x080009be                HardFault_Handler
 .text.SecureFault_Handler
                0x080009c0        0x2 Drivers/AES_encryption/src/startup.o
                0x080009c0                SecureFault_Handler
 *fill*         0x080009c2        0x2 
 .text.SystemInit
                0x080009c4       0x10 Drivers/AES_encryption/src/startup.o
                0x080009c4                SystemInit
 .text.Reset_Handler
                0x080009d4       0x44 Drivers/AES_encryption/src/startup.o
                0x080009d4                Reset_Handler
 .text.NVIC_EnableIRQ
                0x08000a18       0x1c Drivers/UART/src/uart.o
 .text.NVIC_SetPriority
                0x08000a34       0x14 Drivers/UART/src/uart.o
 .text.BRR_Oversample_by_16
                0x08000a48        0xc Drivers/UART/src/uart.o
                0x08000a48                BRR_Oversample_by_16
 .text.USART_Init
                0x08000a54      0x3c0 Drivers/UART/src/uart.o
                0x08000a54                USART_Init
 .text.USART_constructor
                0x08000e14        0xe Drivers/UART/src/uart.o
                0x08000e14                USART_constructor
 .text.USART_x_Write
                0x08000e22       0x10 Drivers/UART/src/uart.o
                0x08000e22                USART_x_Write
 .text.USART_WriteString
                0x08000e32       0x26 Drivers/UART/src/uart.o
                0x08000e32                USART_WriteString
 .text.memcmp   0x08000e58       0x20 c:/program files (x86)/gnu arm embedded toolchain/10 2021.10/bin/../lib/gcc/arm-none-eabi/10.3.1/../../../../arm-none-eabi/lib/thumb/v8-m.main/nofp\libg_nano.a(lib_a-memcmp.o)
                0x08000e58                memcmp
 *(.rodata*)
 .rodata.z.0    0x08000e78       0x10 Drivers/AES_encryption/src/aes.o
 .rodata.print_hex.str1.4
                0x08000e88        0x3 Drivers/AES_encryption/src/main.o
                                  0x7 (size before relaxing)
 *fill*         0x08000e8b        0x1 
 .rodata.pass_fail.str1.4
                0x08000e8c       0x15 Drivers/AES_encryption/src/main.o
 *fill*         0x08000ea1        0x3 
 .rodata.test_aes_cbc.str1.4
                0x08000ea4       0x70 Drivers/AES_encryption/src/main.o
 .rodata.test_saes_ecb.str1.4
                0x08000f14       0x56 Drivers/AES_encryption/src/main.o
 *fill*         0x08000f6a        0x2 
 .rodata.test_saes_ctr.str1.4
                0x08000f6c       0x3e Drivers/AES_encryption/src/main.o
 *fill*         0x08000faa        0x2 
 .rodata.test_saes_dhuk.str1.4
                0x08000fac       0x85 Drivers/AES_encryption/src/main.o
 *fill*         0x08001031        0x3 
 .rodata.main.str1.4
                0x08001034       0x97 Drivers/AES_encryption/src/main.o
 *fill*         0x080010cb        0x1 
 .rodata        0x080010cc        0x3 Drivers/AES_encryption/src/main.o
 *fill*         0x080010cf        0x1 
 .rodata.exp.10
                0x080010d0       0x10 Drivers/AES_encryption/src/main.o
 .rodata.exp.2  0x080010e0       0x10 Drivers/AES_encryption/src/main.o
 .rodata.exp.6  0x080010f0       0x10 Drivers/AES_encryption/src/main.o
 .rodata.h.9    0x08001100       0x11 Drivers/AES_encryption/src/main.o
 *fill*         0x08001111        0x3 
 .rodata.iv.1   0x08001114       0x10 Drivers/AES_encryption/src/main.o
 .rodata.iv.12  0x08001124       0x10 Drivers/AES_encryption/src/main.o
 .rodata.key.13
                0x08001134       0x10 Drivers/AES_encryption/src/main.o
 .rodata.key.5  0x08001144       0x20 Drivers/AES_encryption/src/main.o
 .rodata.key.8  0x08001164       0x20 Drivers/AES_encryption/src/main.o
 .rodata.nonce.4
                0x08001184       0x10 Drivers/AES_encryption/src/main.o
 .rodata.pt.0   0x08001194       0x10 Drivers/AES_encryption/src/main.o
 .rodata.pt.11  0x080011a4       0x10 Drivers/AES_encryption/src/main.o
 .rodata.pt.3   0x080011b4       0x10 Drivers/AES_encryption/src/main.o
 .rodata.pt.7   0x080011c4       0x10 Drivers/AES_encryption/src/main.o
 .rodata.z.0    0x080011d4       0x10 Drivers/AES_encryption/src/saes.o
 *(.glue_7)
 .glue_7        0x080011e4        0x0 linker stubs
 *(.glue_7t)
 .glue_7t       0x080011e4        0x0 linker stubs
 *(.init)
 .init          0x080011e4        0x4 c:/program files (x86)/gnu arm embedded toolchain/10 2021.10/bin/../lib/gcc/arm-none-eabi/10.3.1/thumb/v8-m.main/nofp/crti.o
                0x080011e4                _init
 *(.fini)
 .fini          0x080011e8        0x4 c:/program files (x86)/gnu arm embedded toolchain/10 2021.10/bin/../lib/gcc/arm-none-eabi/10.3.1/thumb/v8-m.main/nofp/crti.o
                0x080011e8                _fini

.vfp11_veneer   0x080011ec        0x0
 .vfp11_veneer  0x080011ec        0x0 linker stubs

.v4_bx          0x080011ec        0x0
 .v4_bx         0x080011ec        0x0 linker stubs

.iplt           0x080011ec        0x0
 .iplt          0x080011ec        0x0 Drivers/AES_encryption/src/aes.o

.rel.dyn        0x080011ec        0x0
 .rel.iplt      0x080011ec        0x0 Drivers/AES_encryption/src/aes.o

.ARM.extab
 *(.ARM.extab* .gnu.linkonce.armextab.*)

.ARM.exidx      0x080011ec        0x0
                0x080011ec                __exidx_start = .
 *(.ARM.exidx*)
                0x080011ec                __exidx_end = .
                0x080011ec                __etext = .

.data           0x20000000        0x4 load address 0x080011ec
                0x20000000                __data_start__ = .
 *(.data*)
 .data.SystemCoreClock
                0x20000000        0x4 Drivers/AES_encryption/src/startup.o
                0x20000000                SystemCoreClock
                0x20000004                __data_end__ = .

.igot.plt       0x20000004        0x0 load address 0x080011f0
 .igot.plt      0x20000004        0x0 Drivers/AES_encryption/src/aes.o

.bss            0x20000004       0x20 load address 0x080011f0
                0x20000004                __bss_start__ = .
 *(.bss*)
 .bss.g_uart    0x20000004        0xc Drivers/AES_encryption/src/main.o
 .bss.s_uart4_handle
                0x20000010        0x4 Drivers/UART/src/uart.o
 .bss.s_uart5_handle
                0x20000014        0x4 Drivers/UART/src/uart.o
 .bss.s_usart1_handle
                0x20000018        0x4 Drivers/UART/src/uart.o
 .bss.s_usart2_handle
                0x2000001c        0x4 Drivers/UART/src/uart.o
 .bss.s_usart3_handle
                0x20000020        0x4 Drivers/UART/src/uart.o
 *(COMMON)
                0x20000024                __bss_end__ = .
                0x20000024                _end = .
                0x20000024                end = .
                0x20000024                __end__ = .

.stack          0x20000024      0x404 load address 0x08001210
                0x20000028                . = ALIGN (0x8)
 *fill*         0x20000024        0x4 
                0x20000028                _stack = .
                0x20000428                . = (. + 0x400)
 *fill*         0x20000028      0x400 
OUTPUT(Drivers/AES_encryption/main.elf elf32-littlearm)
LOAD linker stubs

.ARM.attributes
                0x00000000       0x30
 .ARM.attributes
                0x00000000       0x22 c:/program files (x86)/gnu arm embedded toolchain/10 2021.10/bin/../lib/gcc/arm-none-eabi/10.3.1/thumb/v8-m.main/nofp/crti.o
 .ARM.attributes
                0x00000022       0x34 Drivers/AES_encryption/src/aes.o
 .ARM.attributes
                0x00000056       0x34 Drivers/AES_encryption/src/main.o
 .ARM.attributes
                0x0000008a       0x34 Drivers/AES_encryption/src/saes.o
 .ARM.attributes
                0x000000be       0x34 Drivers/AES_encryption/src/startup.o
 .ARM.attributes
                0x000000f2       0x34 Drivers/UART/src/uart.o
 .ARM.attributes
                0x00000126       0x32 c:/program files (x86)/gnu arm embedded toolchain/10 2021.10/bin/../lib/gcc/arm-none-eabi/10.3.1/../../../../arm-none-eabi/lib/thumb/v8-m.main/nofp\libg_nano.a(lib_a-memcmp.o)

.comment        0x00000000       0x49
 .comment       0x00000000       0x49 Drivers/AES_encryption/src/aes.o
                                 0x4a (size before relaxing)
 .comment       0x00000049       0x4a Drivers/AES_encryption/src/main.o
 .comment       0x00000049       0x4a Drivers/AES_encryption/src/saes.o
 .comment       0x00000049       0x4a Drivers/AES_encryption/src/startup.o
 .comment       0x00000049       0x4a Drivers/UART/src/uart.o

.debug_info     0x00000000     0x2d58
 .debug_info    0x00000000      0x8dd Drivers/AES_encryption/src/aes.o
 .debug_info    0x000008dd      0xf89 Drivers/AES_encryption/src/main.o
 .debug_info    0x00001866      0x6ab Drivers/AES_encryption/src/saes.o
 .debug_info    0x00001f11      0x1c2 Drivers/AES_encryption/src/startup.o
 .debug_info    0x000020d3      0xc85 Drivers/UART/src/uart.o

.debug_abbrev   0x00000000      0xa10
 .debug_abbrev  0x00000000      0x24a Drivers/AES_encryption/src/aes.o
 .debug_abbrev  0x0000024a      0x1c5 Drivers/AES_encryption/src/main.o
 .debug_abbrev  0x0000040f      0x232 Drivers/AES_encryption/src/saes.o
 .debug_abbrev  0x00000641       0xec Drivers/AES_encryption/src/startup.o
 .debug_abbrev  0x0000072d      0x2e3 Drivers/UART/src/uart.o

.debug_loc      0x00000000     0x102c
 .debug_loc     0x00000000      0x4ed Drivers/AES_encryption/src/aes.o
 .debug_loc     0x000004ed      0x10d Drivers/AES_encryption/src/main.o
 .debug_loc     0x000005fa      0x32c Drivers/AES_encryption/src/saes.o
 .debug_loc     0x00000926       0x8b Drivers/AES_encryption/src/startup.o
 .debug_loc     0x000009b1      0x67b Drivers/UART/src/uart.o

.debug_aranges  0x00000000      0x210
 .debug_aranges
                0x00000000       0x68 Drivers/AES_encryption/src/aes.o
 .debug_aranges
                0x00000068       0x50 Drivers/AES_encryption/src/main.o
 .debug_aranges
                0x000000b8       0x50 Drivers/AES_encryption/src/saes.o
 .debug_aranges
                0x00000108       0x40 Drivers/AES_encryption/src/startup.o
 .debug_aranges
                0x00000148       0xc8 Drivers/UART/src/uart.o

.debug_ranges   0x00000000      0x208
 .debug_ranges  0x00000000       0x88 Drivers/AES_encryption/src/aes.o
 .debug_ranges  0x00000088       0x40 Drivers/AES_encryption/src/main.o
 .debug_ranges  0x000000c8       0x40 Drivers/AES_encryption/src/saes.o
 .debug_ranges  0x00000108       0x30 Drivers/AES_encryption/src/startup.o
 .debug_ranges  0x00000138       0xd0 Drivers/UART/src/uart.o

.debug_macro    0x00000000     0x2b8d
 .debug_macro   0x00000000       0x7b Drivers/AES_encryption/src/aes.o
 .debug_macro   0x0000007b      0xa6c Drivers/AES_encryption/src/aes.o
 .debug_macro   0x00000ae7       0x22 Drivers/AES_encryption/src/aes.o
 .debug_macro   0x00000b09       0x8e Drivers/AES_encryption/src/aes.o
 .debug_macro   0x00000b97       0x51 Drivers/AES_encryption/src/aes.o
 .debug_macro   0x00000be8      0x103 Drivers/AES_encryption/src/aes.o
 .debug_macro   0x00000ceb       0x6a Drivers/AES_encryption/src/aes.o
 .debug_macro   0x00000d55      0x1df Drivers/AES_encryption/src/aes.o
 .debug_macro   0x00000f34      0x6b4 Drivers/AES_encryption/src/aes.o
 .debug_macro   0x000015e8       0xa0 Drivers/AES_encryption/src/aes.o
 .debug_macro   0x00001688      0x216 Drivers/AES_encryption/src/main.o
 .debug_macro   0x0000189e       0x5e Drivers/AES_encryption/src/main.o
 .debug_macro   0x000018fc       0x18 Drivers/AES_encryption/src/main.o
 .debug_macro   0x00001914       0x94 Drivers/AES_encryption/src/main.o
 .debug_macro   0x000019a8       0x35 Drivers/AES_encryption/src/main.o
 .debug_macro   0x000019dd       0x34 Drivers/AES_encryption/src/main.o
 .debug_macro   0x00001a11      0x174 Drivers/AES_encryption/src/main.o
 .debug_macro   0x00001b85       0x16 Drivers/AES_encryption/src/main.o
 .debug_macro   0x00001b9b       0x43 Drivers/AES_encryption/src/main.o
 .debug_macro   0x00001bde       0x57 Drivers/AES_encryption/src/main.o
 .debug_macro   0x00001c35       0x34 Drivers/AES_encryption/src/main.o
 .debug_macro   0x00001c69       0x10 Drivers/AES_encryption/src/main.o
 .debug_macro   0x00001c79       0x58 Drivers/AES_encryption/src/main.o
 .debug_macro   0x00001cd1      0x182 Drivers/AES_encryption/src/main.o
 .debug_macro   0x00001e53      0x341 Drivers/AES_encryption/src/main.o
 .debug_macro   0x00002194       0x10 Drivers/AES_encryption/src/main.o
 .debug_macro   0x000021a4       0x35 Drivers/AES_encryption/src/main.o
 .debug_macro   0x000021d9       0x1c Drivers/AES_encryption/src/main.o
 .debug_macro   0x000021f5       0x10 Drivers/AES_encryption/src/main.o
 .debug_macro   0x00002205       0x10 Drivers/AES_encryption/src/main.o
 .debug_macro   0x00002215       0x1c Drivers/AES_encryption/src/main.o
 .debug_macro   0x00002231       0x52 Drivers/AES_encryption/src/main.o
 .debug_macro   0x00002283       0x22 Drivers/AES_encryption/src/main.o
 .debug_macro   0x000022a5       0x10 Drivers/AES_encryption/src/main.o
 .debug_macro   0x000022b5       0x52 Drivers/AES_encryption/src/main.o
 .debug_macro   0x00002307       0xd5 Drivers/AES_encryption/src/main.o
 .debug_macro   0x000023dc       0x1c Drivers/AES_encryption/src/main.o
 .debug_macro   0x000023f8       0x3d Drivers/AES_encryption/src/main.o
 .debug_macro   0x00002435       0x16 Drivers/AES_encryption/src/main.o
 .debug_macro   0x0000244b      0x16f Drivers/AES_encryption/src/main.o
 .debug_macro   0x000025ba       0x10 Drivers/AES_encryption/src/main.o
 .debug_macro   0x000025ca       0x1c Drivers/AES_encryption/src/main.o
 .debug_macro   0x000025e6       0xd7 Drivers/AES_encryption/src/main.o
 .debug_macro   0x000026bd       0x7b Drivers/AES_encryption/src/saes.o
 .debug_macro   0x00002738       0x69 Drivers/AES_encryption/src/startup.o
 .debug_macro   0x000027a1      0x1de Drivers/UART/src/uart.o
 .debug_macro   0x0000297f       0x64 Drivers/UART/src/uart.o
 .debug_macro   0x000029e3       0x16 Drivers/UART/src/uart.o
 .debug_macro   0x000029f9       0x97 Drivers/UART/src/uart.o
 .debug_macro   0x00002a90       0xfd Drivers/UART/src/uart.o

.debug_line     0x00000000     0x2315
 .debug_line    0x00000000      0x760 Drivers/AES_encryption/src/aes.o
 .debug_line    0x00000760      0x6ab Drivers/AES_encryption/src/main.o
 .debug_line    0x00000e0b      0x5cb Drivers/AES_encryption/src/saes.o
 .debug_line    0x000013d6      0x2f9 Drivers/AES_encryption/src/startup.o
 .debug_line    0x000016cf      0xc46 Drivers/UART/src/uart.o

.debug_str      0x00000000     0xaa58
 .debug_str     0x00000000     0x64ae Drivers/AES_encryption/src/aes.o
                               0x6636 (size before relaxing)
 .debug_str     0x000064ae     0x4184 Drivers/AES_encryption/src/main.o
                               0xa6e3 (size before relaxing)
 .debug_str     0x0000a632       0x22 Drivers/AES_encryption/src/saes.o
                               0x661c (size before relaxing)
 .debug_str     0x0000a654       0xfe Drivers/AES_encryption/src/startup.o
                               0x3cc2 (size before relaxing)
 .debug_str     0x0000a752      0x306 Drivers/UART/src/uart.o
                               0xa675 (size before relaxing)

.debug_frame    0x00000000      0x548
 .debug_frame   0x00000000      0x114 Drivers/AES_encryption/src/aes.o
 .debug_frame   0x00000114       0xf4 Drivers/AES_encryption/src/main.o
 .debug_frame   0x00000208       0xb4 Drivers/AES_encryption/src/saes.o
 .debug_frame   0x000002bc       0x68 Drivers/AES_encryption/src/startup.o
 .debug_frame   0x00000324      0x1fc Drivers/UART/src/uart.o
 .debug_frame   0x00000520       0x28 c:/program files (x86)/gnu arm embedded toolchain/10 2021.10/bin/../lib/gcc/arm-none-eabi/10.3.1/../../../../arm-none-eabi/lib/thumb/v8-m.main/nofp\libg_nano.a(lib_a-memcmp.o)
