Archive member included to satisfy reference by file (symbol)

c:/program files (x86)/gnu arm embedded toolchain/10 2021.10/bin/../lib/gcc/arm-none-eabi/10.3.1/../../../../arm-none-eabi/lib/thumb/v8-m.main/nofp\libg_nano.a(lib_a-exit.o)
                              c:/program files (x86)/gnu arm embedded toolchain/10 2021.10/bin/../lib/gcc/arm-none-eabi/10.3.1/../../../../arm-none-eabi/lib/thumb/v8-m.main/nofp/crt0.o (exit)
c:/program files (x86)/gnu arm embedded toolchain/10 2021.10/bin/../lib/gcc/arm-none-eabi/10.3.1/../../../../arm-none-eabi/lib/thumb/v8-m.main/nofp\libg_nano.a(lib_a-impure.o)
                              c:/program files (x86)/gnu arm embedded toolchain/10 2021.10/bin/../lib/gcc/arm-none-eabi/10.3.1/../../../../arm-none-eabi/lib/thumb/v8-m.main/nofp\libg_nano.a(lib_a-exit.o) (_global_impure_ptr)
c:/program files (x86)/gnu arm embedded toolchain/10 2021.10/bin/../lib/gcc/arm-none-eabi/10.3.1/../../../../arm-none-eabi/lib/thumb/v8-m.main/nofp\libg_nano.a(lib_a-init.o)
                              c:/program files (x86)/gnu arm embedded toolchain/10 2021.10/bin/../lib/gcc/arm-none-eabi/10.3.1/../../../../arm-none-eabi/lib/thumb/v8-m.main/nofp/crt0.o (__libc_init_array)
c:/program files (x86)/gnu arm embedded toolchain/10 2021.10/bin/../lib/gcc/arm-none-eabi/10.3.1/../../../../arm-none-eabi/lib/thumb/v8-m.main/nofp\libg_nano.a(lib_a-memset.o)
                              c:/program files (x86)/gnu arm embedded toolchain/10 2021.10/bin/../lib/gcc/arm-none-eabi/10.3.1/../../../../arm-none-eabi/lib/thumb/v8-m.main/nofp/crt0.o (memset)
c:/program files (x86)/gnu arm embedded toolchain/10 2021.10/bin/../lib/gcc/arm-none-eabi/10.3.1/../../../../arm-none-eabi/lib/thumb/v8-m.main/nofp\libnosys.a(_exit.o)
                              c:/program files (x86)/gnu arm embedded toolchain/10 2021.10/bin/../lib/gcc/arm-none-eabi/10.3.1/../../../../arm-none-eabi/lib/thumb/v8-m.main/nofp\libg_nano.a(lib_a-exit.o) (_exit)

Discarded input sections

 .text          0x00000000        0x0 c:/program files (x86)/gnu arm embedded toolchain/10 2021.10/bin/../lib/gcc/arm-none-eabi/10.3.1/thumb/v8-m.main/nofp/crti.o
 .data          0x00000000        0x0 c:/program files (x86)/gnu arm embedded toolchain/10 2021.10/bin/../lib/gcc/arm-none-eabi/10.3.1/thumb/v8-m.main/nofp/crti.o
 .bss           0x00000000        0x0 c:/program files (x86)/gnu arm embedded toolchain/10 2021.10/bin/../lib/gcc/arm-none-eabi/10.3.1/thumb/v8-m.main/nofp/crti.o
 .text          0x00000000       0x40 c:/program files (x86)/gnu arm embedded toolchain/10 2021.10/bin/../lib/gcc/arm-none-eabi/10.3.1/thumb/v8-m.main/nofp/crtbegin.o
 .data          0x00000000        0x4 c:/program files (x86)/gnu arm embedded toolchain/10 2021.10/bin/../lib/gcc/arm-none-eabi/10.3.1/thumb/v8-m.main/nofp/crtbegin.o
 .bss           0x00000000       0x1c c:/program files (x86)/gnu arm embedded toolchain/10 2021.10/bin/../lib/gcc/arm-none-eabi/10.3.1/thumb/v8-m.main/nofp/crtbegin.o
 .rodata        0x00000000       0x24 c:/program files (x86)/gnu arm embedded toolchain/10 2021.10/bin/../lib/gcc/arm-none-eabi/10.3.1/thumb/v8-m.main/nofp/crtbegin.o
 .init_array    0x00000000        0x4 c:/program files (x86)/gnu arm embedded toolchain/10 2021.10/bin/../lib/gcc/arm-none-eabi/10.3.1/thumb/v8-m.main/nofp/crtbegin.o
 .fini_array    0x00000000        0x4 c:/program files (x86)/gnu arm embedded toolchain/10 2021.10/bin/../lib/gcc/arm-none-eabi/10.3.1/thumb/v8-m.main/nofp/crtbegin.o
 .eh_frame      0x00000000        0x0 c:/program files (x86)/gnu arm embedded toolchain/10 2021.10/bin/../lib/gcc/arm-none-eabi/10.3.1/thumb/v8-m.main/nofp/crtbegin.o
 .ARM.attributes
                0x00000000       0x32 c:/program files (x86)/gnu arm embedded toolchain/10 2021.10/bin/../lib/gcc/arm-none-eabi/10.3.1/thumb/v8-m.main/nofp/crtbegin.o
 .text          0x00000000       0x7c c:/program files (x86)/gnu arm embedded toolchain/10 2021.10/bin/../lib/gcc/arm-none-eabi/10.3.1/../../../../arm-none-eabi/lib/thumb/v8-m.main/nofp/crt0.o
 .data          0x00000000        0x0 c:/program files (x86)/gnu arm embedded toolchain/10 2021.10/bin/../lib/gcc/arm-none-eabi/10.3.1/../../../../arm-none-eabi/lib/thumb/v8-m.main/nofp/crt0.o
 .bss           0x00000000        0x0 c:/program files (x86)/gnu arm embedded toolchain/10 2021.10/bin/../lib/gcc/arm-none-eabi/10.3.1/../../../../arm-none-eabi/lib/thumb/v8-m.main/nofp/crt0.o
 .ARM.extab     0x00000000        0x0 c:/program files (x86)/gnu arm embedded toolchain/10 2021.10/bin/../lib/gcc/arm-none-eabi/10.3.1/../../../../arm-none-eabi/lib/thumb/v8-m.main/nofp/crt0.o
 .ARM.exidx     0x00000000       0x10 c:/program files (x86)/gnu arm embedded toolchain/10 2021.10/bin/../lib/gcc/arm-none-eabi/10.3.1/../../../../arm-none-eabi/lib/thumb/v8-m.main/nofp/crt0.o
 .ARM.attributes
                0x00000000       0x20 c:/program files (x86)/gnu arm embedded toolchain/10 2021.10/bin/../lib/gcc/arm-none-eabi/10.3.1/../../../../arm-none-eabi/lib/thumb/v8-m.main/nofp/crt0.o
 .text          0x00000000        0x0 Drivers/GPIO/src/gpio.o
 .data          0x00000000        0x0 Drivers/GPIO/src/gpio.o
 .bss           0x00000000        0x0 Drivers/GPIO/src/gpio.o
 .text.GPIO_ReadPin
                0x00000000       0x10 Drivers/GPIO/src/gpio.o
 .text.GPIO_WritePin
                0x00000000        0xc Drivers/GPIO/src/gpio.o
 .text.GPIO_SetPin
                0x00000000        0xc Drivers/GPIO/src/gpio.o
 .text.GPIO_ResetPin
                0x00000000        0xc Drivers/GPIO/src/gpio.o
 .text.GPIO_SetBit
                0x00000000        0xc Drivers/GPIO/src/gpio.o
 .text.GPIO_ResetBit
                0x00000000        0xc Drivers/GPIO/src/gpio.o
 .text          0x00000000        0x0 Drivers/GPIO/src/main.o
 .data          0x00000000        0x0 Drivers/GPIO/src/main.o
 .bss           0x00000000        0x0 Drivers/GPIO/src/main.o
 .text.delay_fn
                0x00000000       0x1c Drivers/GPIO/src/main.o
 .text          0x00000000        0x0 Drivers/GPIO/src/startup.o
 .data          0x00000000        0x0 Drivers/GPIO/src/startup.o
 .bss           0x00000000        0x0 Drivers/GPIO/src/startup.o
 .text.SystemInit
                0x00000000       0x10 Drivers/GPIO/src/startup.o
 .text          0x00000000        0x0 c:/program files (x86)/gnu arm embedded toolchain/10 2021.10/bin/../lib/gcc/arm-none-eabi/10.3.1/../../../../arm-none-eabi/lib/thumb/v8-m.main/nofp\libg_nano.a(lib_a-exit.o)
 .data          0x00000000        0x0 c:/program files (x86)/gnu arm embedded toolchain/10 2021.10/bin/../lib/gcc/arm-none-eabi/10.3.1/../../../../arm-none-eabi/lib/thumb/v8-m.main/nofp\libg_nano.a(lib_a-exit.o)
 .bss           0x00000000        0x0 c:/program files (x86)/gnu arm embedded toolchain/10 2021.10/bin/../lib/gcc/arm-none-eabi/10.3.1/../../../../arm-none-eabi/lib/thumb/v8-m.main/nofp\libg_nano.a(lib_a-exit.o)
 .text.exit     0x00000000       0x28 c:/program files (x86)/gnu arm embedded toolchain/10 2021.10/bin/../lib/gcc/arm-none-eabi/10.3.1/../../../../arm-none-eabi/lib/thumb/v8-m.main/nofp\libg_nano.a(lib_a-exit.o)
 .debug_frame   0x00000000       0x28 c:/program files (x86)/gnu arm embedded toolchain/10 2021.10/bin/../lib/gcc/arm-none-eabi/10.3.1/../../../../arm-none-eabi/lib/thumb/v8-m.main/nofp\libg_nano.a(lib_a-exit.o)
 .ARM.attributes
                0x00000000       0x32 c:/program files (x86)/gnu arm embedded toolchain/10 2021.10/bin/../lib/gcc/arm-none-eabi/10.3.1/../../../../arm-none-eabi/lib/thumb/v8-m.main/nofp\libg_nano.a(lib_a-exit.o)
 .text          0x00000000        0x0 c:/program files (x86)/gnu arm embedded toolchain/10 2021.10/bin/../lib/gcc/arm-none-eabi/10.3.1/../../../../arm-none-eabi/lib/thumb/v8-m.main/nofp\libg_nano.a(lib_a-impure.o)
 .data          0x00000000        0x0 c:/program files (x86)/gnu arm embedded toolchain/10 2021.10/bin/../lib/gcc/arm-none-eabi/10.3.1/../../../../arm-none-eabi/lib/thumb/v8-m.main/nofp\libg_nano.a(lib_a-impure.o)
 .bss           0x00000000        0x0 c:/program files (x86)/gnu arm embedded toolchain/10 2021.10/bin/../lib/gcc/arm-none-eabi/10.3.1/../../../../arm-none-eabi/lib/thumb/v8-m.main/nofp\libg_nano.a(lib_a-impure.o)
 .data._impure_ptr
                0x00000000        0x4 c:/program files (x86)/gnu arm embedded toolchain/10 2021.10/bin/../lib/gcc/arm-none-eabi/10.3.1/../../../../arm-none-eabi/lib/thumb/v8-m.main/nofp\libg_nano.a(lib_a-impure.o)
 .data.impure_data
                0x00000000       0x60 c:/program files (x86)/gnu arm embedded toolchain/10 2021.10/bin/../lib/gcc/arm-none-eabi/10.3.1/../../../../arm-none-eabi/lib/thumb/v8-m.main/nofp\libg_nano.a(lib_a-impure.o)
 .rodata._global_impure_ptr
                0x00000000        0x4 c:/program files (x86)/gnu arm embedded toolchain/10 2021.10/bin/../lib/gcc/arm-none-eabi/10.3.1/../../../../arm-none-eabi/lib/thumb/v8-m.main/nofp\libg_nano.a(lib_a-impure.o)
 .ARM.attributes
                0x00000000       0x32 c:/program files (x86)/gnu arm embedded toolchain/10 2021.10/bin/../lib/gcc/arm-none-eabi/10.3.1/../../../../arm-none-eabi/lib/thumb/v8-m.main/nofp\libg_nano.a(lib_a-impure.o)
 .text          0x00000000        0x0 c:/program files (x86)/gnu arm embedded toolchain/10 2021.10/bin/../lib/gcc/arm-none-eabi/10.3.1/../../../../arm-none-eabi/lib/thumb/v8-m.main/nofp\libg_nano.a(lib_a-init.o)
 .data          0x00000000        0x0 c:/program files (x86)/gnu arm embedded toolchain/10 2021.10/bin/../lib/gcc/arm-none-eabi/10.3.1/../../../../arm-none-eabi/lib/thumb/v8-m.main/nofp\libg_nano.a(lib_a-init.o)
 .bss           0x00000000        0x0 c:/program files (x86)/gnu arm embedded toolchain/10 2021.10/bin/../lib/gcc/arm-none-eabi/10.3.1/../../../../arm-none-eabi/lib/thumb/v8-m.main/nofp\libg_nano.a(lib_a-init.o)
 .text.__libc_init_array
                0x00000000       0x48 c:/program files (x86)/gnu arm embedded toolchain/10 2021.10/bin/../lib/gcc/arm-none-eabi/10.3.1/../../../../arm-none-eabi/lib/thumb/v8-m.main/nofp\libg_nano.a(lib_a-init.o)
 .debug_frame   0x00000000       0x2c c:/program files (x86)/gnu arm embedded toolchain/10 2021.10/bin/../lib/gcc/arm-none-eabi/10.3.1/../../../../arm-none-eabi/lib/thumb/v8-m.main/nofp\libg_nano.a(lib_a-init.o)
 .ARM.attributes
                0x00000000       0x32 c:/program files (x86)/gnu arm embedded toolchain/10 2021.10/bin/../lib/gcc/arm-none-eabi/10.3.1/../../../../arm-none-eabi/lib/thumb/v8-m.main/nofp\libg_nano.a(lib_a-init.o)
 .text          0x00000000        0x0 c:/program files (x86)/gnu arm embedded toolchain/10 2021.10/bin/../lib/gcc/arm-none-eabi/10.3.1/../../../../arm-none-eabi/lib/thumb/v8-m.main/nofp\libg_nano.a(lib_a-memset.o)
 .data          0x00000000        0x0 c:/program files (x86)/gnu arm embedded toolchain/10 2021.10/bin/../lib/gcc/arm-none-eabi/10.3.1/../../../../arm-none-eabi/lib/thumb/v8-m.main/nofp\libg_nano.a(lib_a-memset.o)
 .bss           0x00000000        0x0 c:/program files (x86)/gnu arm embedded toolchain/10 2021.10/bin/../lib/gcc/arm-none-eabi/10.3.1/../../../../arm-none-eabi/lib/thumb/v8-m.main/nofp\libg_nano.a(lib_a-memset.o)
 .text.memset   0x00000000       0x10 c:/program files (x86)/gnu arm embedded toolchain/10 2021.10/bin/../lib/gcc/arm-none-eabi/10.3.1/../../../../arm-none-eabi/lib/thumb/v8-m.main/nofp\libg_nano.a(lib_a-memset.o)
 .debug_frame   0x00000000       0x20 c:/program files (x86)/gnu arm embedded toolchain/10 2021.10/bin/../lib/gcc/arm-none-eabi/10.3.1/../../../../arm-none-eabi/lib/thumb/v8-m.main/nofp\libg_nano.a(lib_a-memset.o)
 .ARM.attributes
                0x00000000       0x32 c:/program files (x86)/gnu arm embedded toolchain/10 2021.10/bin/../lib/gcc/arm-none-eabi/10.3.1/../../../../arm-none-eabi/lib/thumb/v8-m.main/nofp\libg_nano.a(lib_a-memset.o)
 .text          0x00000000        0x0 c:/program files (x86)/gnu arm embedded toolchain/10 2021.10/bin/../lib/gcc/arm-none-eabi/10.3.1/../../../../arm-none-eabi/lib/thumb/v8-m.main/nofp\libnosys.a(_exit.o)
 .data          0x00000000        0x0 c:/program files (x86)/gnu arm embedded toolchain/10 2021.10/bin/../lib/gcc/arm-none-eabi/10.3.1/../../../../arm-none-eabi/lib/thumb/v8-m.main/nofp\libnosys.a(_exit.o)
 .bss           0x00000000        0x0 c:/program files (x86)/gnu arm embedded toolchain/10 2021.10/bin/../lib/gcc/arm-none-eabi/10.3.1/../../../../arm-none-eabi/lib/thumb/v8-m.main/nofp\libnosys.a(_exit.o)
 .text._exit    0x00000000        0x4 c:/program files (x86)/gnu arm embedded toolchain/10 2021.10/bin/../lib/gcc/arm-none-eabi/10.3.1/../../../../arm-none-eabi/lib/thumb/v8-m.main/nofp\libnosys.a(_exit.o)
 .debug_frame   0x00000000       0x20 c:/program files (x86)/gnu arm embedded toolchain/10 2021.10/bin/../lib/gcc/arm-none-eabi/10.3.1/../../../../arm-none-eabi/lib/thumb/v8-m.main/nofp\libnosys.a(_exit.o)
 .ARM.attributes
                0x00000000       0x32 c:/program files (x86)/gnu arm embedded toolchain/10 2021.10/bin/../lib/gcc/arm-none-eabi/10.3.1/../../../../arm-none-eabi/lib/thumb/v8-m.main/nofp\libnosys.a(_exit.o)
 .text          0x00000000        0x0 c:/program files (x86)/gnu arm embedded toolchain/10 2021.10/bin/../lib/gcc/arm-none-eabi/10.3.1/thumb/v8-m.main/nofp/crtend.o
 .data          0x00000000        0x0 c:/program files (x86)/gnu arm embedded toolchain/10 2021.10/bin/../lib/gcc/arm-none-eabi/10.3.1/thumb/v8-m.main/nofp/crtend.o
 .bss           0x00000000        0x0 c:/program files (x86)/gnu arm embedded toolchain/10 2021.10/bin/../lib/gcc/arm-none-eabi/10.3.1/thumb/v8-m.main/nofp/crtend.o
 .rodata        0x00000000       0x24 c:/program files (x86)/gnu arm embedded toolchain/10 2021.10/bin/../lib/gcc/arm-none-eabi/10.3.1/thumb/v8-m.main/nofp/crtend.o
 .eh_frame      0x00000000        0x4 c:/program files (x86)/gnu arm embedded toolchain/10 2021.10/bin/../lib/gcc/arm-none-eabi/10.3.1/thumb/v8-m.main/nofp/crtend.o
 .ARM.attributes
                0x00000000       0x32 c:/program files (x86)/gnu arm embedded toolchain/10 2021.10/bin/../lib/gcc/arm-none-eabi/10.3.1/thumb/v8-m.main/nofp/crtend.o
 .text          0x00000000        0x0 c:/program files (x86)/gnu arm embedded toolchain/10 2021.10/bin/../lib/gcc/arm-none-eabi/10.3.1/thumb/v8-m.main/nofp/crtn.o
 .data          0x00000000        0x0 c:/program files (x86)/gnu arm embedded toolchain/10 2021.10/bin/../lib/gcc/arm-none-eabi/10.3.1/thumb/v8-m.main/nofp/crtn.o
 .bss           0x00000000        0x0 c:/program files (x86)/gnu arm embedded toolchain/10 2021.10/bin/../lib/gcc/arm-none-eabi/10.3.1/thumb/v8-m.main/nofp/crtn.o
 .init          0x00000000        0x8 c:/program files (x86)/gnu arm embedded toolchain/10 2021.10/bin/../lib/gcc/arm-none-eabi/10.3.1/thumb/v8-m.main/nofp/crtn.o
 .fini          0x00000000        0x8 c:/program files (x86)/gnu arm embedded toolchain/10 2021.10/bin/../lib/gcc/arm-none-eabi/10.3.1/thumb/v8-m.main/nofp/crtn.o
 .ARM.attributes
                0x00000000       0x22 c:/program files (x86)/gnu arm embedded toolchain/10 2021.10/bin/../lib/gcc/arm-none-eabi/10.3.1/thumb/v8-m.main/nofp/crtn.o

Memory Configuration

Name             Origin             Length             Attributes
FLASH            0x08000000         0x00100000         xr
RAM              0x20000000         0x00020000         xrw
*default*        0x00000000         0xffffffff

Linker script and memory map

LOAD c:/program files (x86)/gnu arm embedded toolchain/10 2021.10/bin/../lib/gcc/arm-none-eabi/10.3.1/thumb/v8-m.main/nofp/crti.o
LOAD c:/program files (x86)/gnu arm embedded toolchain/10 2021.10/bin/../lib/gcc/arm-none-eabi/10.3.1/thumb/v8-m.main/nofp/crtbegin.o
LOAD c:/program files (x86)/gnu arm embedded toolchain/10 2021.10/bin/../lib/gcc/arm-none-eabi/10.3.1/../../../../arm-none-eabi/lib/thumb/v8-m.main/nofp/crt0.o
LOAD Drivers/GPIO/src/gpio.o
LOAD Drivers/GPIO/src/main.o
LOAD Drivers/GPIO/src/startup.o
START GROUP
LOAD c:/program files (x86)/gnu arm embedded toolchain/10 2021.10/bin/../lib/gcc/arm-none-eabi/10.3.1/thumb/v8-m.main/nofp\libgcc.a
LOAD c:/program files (x86)/gnu arm embedded toolchain/10 2021.10/bin/../lib/gcc/arm-none-eabi/10.3.1/../../../../arm-none-eabi/lib/thumb/v8-m.main/nofp\libg_nano.a
LOAD c:/program files (x86)/gnu arm embedded toolchain/10 2021.10/bin/../lib/gcc/arm-none-eabi/10.3.1/../../../../arm-none-eabi/lib/thumb/v8-m.main/nofp\libc_nano.a
END GROUP
START GROUP
LOAD c:/program files (x86)/gnu arm embedded toolchain/10 2021.10/bin/../lib/gcc/arm-none-eabi/10.3.1/thumb/v8-m.main/nofp\libgcc.a
LOAD c:/program files (x86)/gnu arm embedded toolchain/10 2021.10/bin/../lib/gcc/arm-none-eabi/10.3.1/../../../../arm-none-eabi/lib/thumb/v8-m.main/nofp\libc_nano.a
LOAD c:/program files (x86)/gnu arm embedded toolchain/10 2021.10/bin/../lib/gcc/arm-none-eabi/10.3.1/../../../../arm-none-eabi/lib/thumb/v8-m.main/nofp\libnosys.a
END GROUP
START GROUP
LOAD c:/program files (x86)/gnu arm embedded toolchain/10 2021.10/bin/../lib/gcc/arm-none-eabi/10.3.1/thumb/v8-m.main/nofp\libgcc.a
LOAD c:/program files (x86)/gnu arm embedded toolchain/10 2021.10/bin/../lib/gcc/arm-none-eabi/10.3.1/../../../../arm-none-eabi/lib/thumb/v8-m.main/nofp\libc_nano.a
LOAD c:/program files (x86)/gnu arm embedded toolchain/10 2021.10/bin/../lib/gcc/arm-none-eabi/10.3.1/../../../../arm-none-eabi/lib/thumb/v8-m.main/nofp\libnosys.a
END GROUP
LOAD c:/program files (x86)/gnu arm embedded toolchain/10 2021.10/bin/../lib/gcc/arm-none-eabi/10.3.1/thumb/v8-m.main/nofp/crtend.o
LOAD c:/program files (x86)/gnu arm embedded toolchain/10 2021.10/bin/../lib/gcc/arm-none-eabi/10.3.1/thumb/v8-m.main/nofp/crtn.o
                0x20020000                _estack = (ORIGIN (RAM) + LENGTH (RAM))

.isr_vector     0x08000000      0x140
 *(.isr_vector)
 .isr_vector    0x08000000      0x140 Drivers/GPIO/src/startup.o
                0x08000000                vector_table

.text           0x08000140      0x2bc
 *(.text*)
 .text.GPIO_TogglePin
                0x08000140        0xc Drivers/GPIO/src/gpio.o
                0x08000140                GPIO_TogglePin
 .text.__RCC_GPIO_CLK_ENABLE
                0x0800014c       0xd4 Drivers/GPIO/src/gpio.o
                0x0800014c                __RCC_GPIO_CLK_ENABLE
 .text.GPIO_Init
                0x08000220      0x114 Drivers/GPIO/src/gpio.o
                0x08000220                GPIO_Init
 .text.GPIO_constructor
                0x08000334        0x8 Drivers/GPIO/src/gpio.o
                0x08000334                GPIO_constructor
 .text.startup.main
                0x0800033c       0x9c Drivers/GPIO/src/main.o
                0x0800033c                main
 .text.Default_Handler
                0x080003d8        0x4 Drivers/GPIO/src/startup.o
                0x080003d8                Default_Handler
 .text.Reset_Handler
                0x080003dc       0x18 Drivers/GPIO/src/startup.o
                0x080003dc                Reset_Handler
 *(.rodata*)
 *(.glue_7)
 .glue_7        0x080003f4        0x0 linker stubs
 *(.glue_7t)
 .glue_7t       0x080003f4        0x0 linker stubs
 *(.init)
 .init          0x080003f4        0x4 c:/program files (x86)/gnu arm embedded toolchain/10 2021.10/bin/../lib/gcc/arm-none-eabi/10.3.1/thumb/v8-m.main/nofp/crti.o
                0x080003f4                _init
 *(.fini)
 .fini          0x080003f8        0x4 c:/program files (x86)/gnu arm embedded toolchain/10 2021.10/bin/../lib/gcc/arm-none-eabi/10.3.1/thumb/v8-m.main/nofp/crti.o
                0x080003f8                _fini

.vfp11_veneer   0x080003fc        0x0
 .vfp11_veneer  0x080003fc        0x0 linker stubs

.v4_bx          0x080003fc        0x0
 .v4_bx         0x080003fc        0x0 linker stubs

.iplt           0x080003fc        0x0
 .iplt          0x080003fc        0x0 Drivers/GPIO/src/gpio.o

.rel.dyn        0x080003fc        0x0
 .rel.iplt      0x080003fc        0x0 Drivers/GPIO/src/gpio.o

.ARM.extab
 *(.ARM.extab* .gnu.linkonce.armextab.*)

.ARM.exidx      0x080003fc        0x0
                0x080003fc                __exidx_start = .
 *(.ARM.exidx*)
                0x080003fc                __exidx_end = .
                0x080003fc                __etext = .

.data           0x20000000        0x4 load address 0x080003fc
                0x20000000                __data_start__ = .
 *(.data*)
 .data.SystemCoreClock
                0x20000000        0x4 Drivers/GPIO/src/startup.o
                0x20000000                SystemCoreClock
                0x20000004                __data_end__ = .

.igot.plt       0x20000004        0x0 load address 0x08000400
 .igot.plt      0x20000004        0x0 Drivers/GPIO/src/gpio.o

.bss            0x20000004        0x0
                0x20000004                __bss_start__ = .
 *(.bss*)
 *(COMMON)
                0x20000004                __bss_end__ = .
                0x20000004                _end = .
                0x20000004                end = .
                0x20000004                __end__ = .

.stack          0x20000004      0x404 load address 0x08000400
                0x20000008                . = ALIGN (0x8)
 *fill*         0x20000004        0x4 
                0x20000008                _stack = .
                0x20000408                . = (. + 0x400)
 *fill*         0x20000008      0x400 
OUTPUT(Drivers/GPIO/main.elf elf32-littlearm)
LOAD linker stubs

.ARM.attributes
                0x00000000       0x30
 .ARM.attributes
                0x00000000       0x22 c:/program files (x86)/gnu arm embedded toolchain/10 2021.10/bin/../lib/gcc/arm-none-eabi/10.3.1/thumb/v8-m.main/nofp/crti.o
 .ARM.attributes
                0x00000022       0x34 Drivers/GPIO/src/gpio.o
 .ARM.attributes
                0x00000056       0x34 Drivers/GPIO/src/main.o
 .ARM.attributes
                0x0000008a       0x34 Drivers/GPIO/src/startup.o

.comment        0x00000000       0x49
 .comment       0x00000000       0x49 Drivers/GPIO/src/gpio.o
                                 0x4a (size before relaxing)
 .comment       0x00000049       0x4a Drivers/GPIO/src/main.o
 .comment       0x00000049       0x4a Drivers/GPIO/src/startup.o

.debug_info     0x00000000      0xb8a
 .debug_info    0x00000000      0x657 Drivers/GPIO/src/gpio.o
 .debug_info    0x00000657      0x3f5 Drivers/GPIO/src/main.o
 .debug_info    0x00000a4c      0x13e Drivers/GPIO/src/startup.o

.debug_abbrev   0x00000000      0x436
 .debug_abbrev  0x00000000      0x18e Drivers/GPIO/src/gpio.o
 .debug_abbrev  0x0000018e      0x19c Drivers/GPIO/src/main.o
 .debug_abbrev  0x0000032a      0x10c Drivers/GPIO/src/startup.o

.debug_loc      0x00000000      0x3a5
 .debug_loc     0x00000000      0x371 Drivers/GPIO/src/gpio.o
 .debug_loc     0x00000371       0x34 Drivers/GPIO/src/main.o

.debug_aranges  0x00000000       0xc0
 .debug_aranges
                0x00000000       0x68 Drivers/GPIO/src/gpio.o
 .debug_aranges
                0x00000068       0x28 Drivers/GPIO/src/main.o
 .debug_aranges
                0x00000090       0x30 Drivers/GPIO/src/startup.o

.debug_ranges   0x00000000      0x110
 .debug_ranges  0x00000000       0x58 Drivers/GPIO/src/gpio.o
 .debug_ranges  0x00000058       0x80 Drivers/GPIO/src/main.o
 .debug_ranges  0x000000d8       0x38 Drivers/GPIO/src/startup.o

.debug_line     0x00000000      0x932
 .debug_line    0x00000000      0x4f7 Drivers/GPIO/src/gpio.o
 .debug_line    0x000004f7      0x29b Drivers/GPIO/src/main.o
 .debug_line    0x00000792      0x1a0 Drivers/GPIO/src/startup.o

.debug_str      0x00000000      0x441
 .debug_str     0x00000000      0x37a Drivers/GPIO/src/gpio.o
                                0x3d7 (size before relaxing)
 .debug_str     0x0000037a       0x50 Drivers/GPIO/src/main.o
                                0x23c (size before relaxing)
 .debug_str     0x000003ca       0x77 Drivers/GPIO/src/startup.o
                                0x1c8 (size before relaxing)

.debug_frame    0x00000000      0x158
 .debug_frame   0x00000000       0xd0 Drivers/GPIO/src/gpio.o
 .debug_frame   0x000000d0       0x40 Drivers/GPIO/src/main.o
 .debug_frame   0x00000110       0x48 Drivers/GPIO/src/startup.o
