Archive member included to satisfy reference by file (symbol)

c:/program files (x86)/gnu arm embedded toolchain/10 2021.10/bin/../lib/gcc/arm-none-eabi/10.3.1/../../../../arm-none-eabi/lib/thumb/v8-m.main/nofp\libg_nano.a(lib_a-exit.o)
                              c:/program files (x86)/gnu arm embedded toolchain/10 2021.10/bin/../lib/gcc/arm-none-eabi/10.3.1/../../../../arm-none-eabi/lib/thumb/v8-m.main/nofp/crt0.o (exit)
c:/program files (x86)/gnu arm embedded toolchain/10 2021.10/bin/../lib/gcc/arm-none-eabi/10.3.1/../../../../arm-none-eabi/lib/thumb/v8-m.main/nofp\libg_nano.a(lib_a-impure.o)
                              c:/program files (x86)/gnu arm embedded toolchain/10 2021.10/bin/../lib/gcc/arm-none-eabi/10.3.1/../../../../arm-none-eabi/lib/thumb/v8-m.main/nofp\libg_nano.a(lib_a-exit.o) (_global_impure_ptr)
c:/program files (x86)/gnu arm embedded toolchain/10 2021.10/bin/../lib/gcc/arm-none-eabi/10.3.1/../../../../arm-none-eabi/lib/thumb/v8-m.main/nofp\libg_nano.a(lib_a-init.o)
                              c:/program files (x86)/gnu arm embedded toolchain/10 2021.10/bin/../lib/gcc/arm-none-eabi/10.3.1/../../../../arm-none-eabi/lib/thumb/v8-m.main/nofp/crt0.o (__libc_init_array)
c:/program files (x86)/gnu arm embedded toolchain/10 2021.10/bin/../lib/gcc/arm-none-eabi/10.3.1/../../../../arm-none-eabi/lib/thumb/v8-m.main/nofp\libg_nano.a(lib_a-memcpy-stub.o)
                              Drivers/AES/src/startup.o (memcpy)
c:/program files (x86)/gnu arm embedded toolchain/10 2021.10/bin/../lib/gcc/arm-none-eabi/10.3.1/../../../../arm-none-eabi/lib/thumb/v8-m.main/nofp\libg_nano.a(lib_a-memset.o)
                              c:/program files (x86)/gnu arm embedded toolchain/10 2021.10/bin/../lib/gcc/arm-none-eabi/10.3.1/../../../../arm-none-eabi/lib/thumb/v8-m.main/nofp/crt0.o (memset)
c:/program files (x86)/gnu arm embedded toolchain/10 2021.10/bin/../lib/gcc/arm-none-eabi/10.3.1/../../../../arm-none-eabi/lib/thumb/v8-m.main/nofp\libnosys.a(_exit.o)
                              c:/program files (x86)/gnu arm embedded toolchain/10 2021.10/bin/../lib/gcc/arm-none-eabi/10.3.1/../../../../arm-none-eabi/lib/thumb/v8-m.main/nofp\libg_nano.a(lib_a-exit.o) (_exit)

Discarded input sections

 .text          0x00000000        0x0 c:/program files (x86)/gnu arm embedded toolchain/10 2021.10/bin/../lib/gcc/arm-none-eabi/10.3.1/thumb/v8-m.main/nofp/crti.o
 .data          0x00000000        0x0 c:/program files (x86)/gnu arm embedded toolchain/10 2021.10/bin/../lib/gcc/arm-none-eabi/10.3.1/thumb/v8-m.main/nofp/crti.o
 .bss           0x00000000        0x0 c:/program files (x86)/gnu arm embedded toolchain/10 2021.10/bin/../lib/gcc/arm-none-eabi/10.3.1/thumb/v8-m.main/nofp/crti.o
 .text          0x00000000       0x40 c:/program files (x86)/gnu arm embedded toolchain/10 2021.10/bin/../lib/gcc/arm-none-eabi/10.3.1/thumb/v8-m.main/nofp/crtbegin.o
 .data          0x00000000        0x4 c:/program files (x86)/gnu arm embedded toolchain/10 2021.10/bin/../lib/gcc/arm-none-eabi/10.3.1/thumb/v8-m.main/nofp/crtbegin.o
 .bss           0x00000000       0x1c c:/program files (x86)/gnu arm embedded toolchain/10 2021.10/bin/../lib/gcc/arm-none-eabi/10.3.1/thumb/v8-m.main/nofp/crtbegin.o
 .rodata        0x00000000       0x24 c:/program files (x86)/gnu arm embedded toolchain/10 2021.10/bin/../lib/gcc/arm-none-eabi/10.3.1/thumb/v8-m.main/nofp/crtbegin.o
 .init_array    0x00000000        0x4 c:/program files (x86)/gnu arm embedded toolchain/10 2021.10/bin/../lib/gcc/arm-none-eabi/10.3.1/thumb/v8-m.main/nofp/crtbegin.o
 .fini_array    0x00000000        0x4 c:/program files (x86)/gnu arm embedded toolchain/10 2021.10/bin/../lib/gcc/arm-none-eabi/10.3.1/thumb/v8-m.main/nofp/crtbegin.o
 .eh_frame      0x00000000        0x0 c:/program files (x86)/gnu arm embedded toolchain/10 2021.10/bin/../lib/gcc/arm-none-eabi/10.3.1/thumb/v8-m.main/nofp/crtbegin.o
 .ARM.attributes
                0x00000000       0x32 c:/program files (x86)/gnu arm embedded toolchain/10 2021.10/bin/../lib/gcc/arm-none-eabi/10.3.1/thumb/v8-m.main/nofp/crtbegin.o
 .text          0x00000000       0x7c c:/program files (x86)/gnu arm embedded toolchain/10 2021.10/bin/../lib/gcc/arm-none-eabi/10.3.1/../../../../arm-none-eabi/lib/thumb/v8-m.main/nofp/crt0.o
 .data          0x00000000        0x0 c:/program files (x86)/gnu arm embedded toolchain/10 2021.10/bin/../lib/gcc/arm-none-eabi/10.3.1/../../../../arm-none-eabi/lib/thumb/v8-m.main/nofp/crt0.o
 .bss           0x00000000        0x0 c:/program files (x86)/gnu arm embedded toolchain/10 2021.10/bin/../lib/gcc/arm-none-eabi/10.3.1/../../../../arm-none-eabi/lib/thumb/v8-m.main/nofp/crt0.o
 .ARM.extab     0x00000000        0x0 c:/program files (x86)/gnu arm embedded toolchain/10 2021.10/bin/../lib/gcc/arm-none-eabi/10.3.1/../../../../arm-none-eabi/lib/thumb/v8-m.main/nofp/crt0.o
 .ARM.exidx     0x00000000       0x10 c:/program files (x86)/gnu arm embedded toolchain/10 2021.10/bin/../lib/gcc/arm-none-eabi/10.3.1/../../../../arm-none-eabi/lib/thumb/v8-m.main/nofp/crt0.o
 .ARM.attributes
                0x00000000       0x20 c:/program files (x86)/gnu arm embedded toolchain/10 2021.10/bin/../lib/gcc/arm-none-eabi/10.3.1/../../../../arm-none-eabi/lib/thumb/v8-m.main/nofp/crt0.o
 .text          0x00000000        0x0 Drivers/AES/src/aes.o
 .data          0x00000000        0x0 Drivers/AES/src/aes.o
 .bss           0x00000000        0x0 Drivers/AES/src/aes.o
 .text          0x00000000        0x0 Drivers/AES/src/main.o
 .data          0x00000000        0x0 Drivers/AES/src/main.o
 .bss           0x00000000        0x0 Drivers/AES/src/main.o
 .rodata.exp128.1
                0x00000000       0x10 Drivers/AES/src/main.o
 .rodata.exp128.3
                0x00000000       0x10 Drivers/AES/src/main.o
 .rodata.exp128.5
                0x00000000       0x10 Drivers/AES/src/main.o
 .rodata.exp256.0
                0x00000000       0x10 Drivers/AES/src/main.o
 .rodata.exp256.2
                0x00000000       0x10 Drivers/AES/src/main.o
 .rodata.exp256.4
                0x00000000       0x10 Drivers/AES/src/main.o
 .text          0x00000000        0x0 Drivers/AES/src/startup.o
 .data          0x00000000        0x0 Drivers/AES/src/startup.o
 .bss           0x00000000        0x0 Drivers/AES/src/startup.o
 .text.SystemInit
                0x00000000       0x10 Drivers/AES/src/startup.o
 .text          0x00000000        0x0 Drivers/GPIO/src/gpio.o
 .data          0x00000000        0x0 Drivers/GPIO/src/gpio.o
 .bss           0x00000000        0x0 Drivers/GPIO/src/gpio.o
 .text.GPIO_ReadPin
                0x00000000       0x10 Drivers/GPIO/src/gpio.o
 .text.GPIO_WritePin
                0x00000000        0xc Drivers/GPIO/src/gpio.o
 .text.GPIO_TogglePin
                0x00000000        0xc Drivers/GPIO/src/gpio.o
 .text.GPIO_SetPin
                0x00000000        0xc Drivers/GPIO/src/gpio.o
 .text.GPIO_ResetPin
                0x00000000        0xc Drivers/GPIO/src/gpio.o
 .text.GPIO_SetBit
                0x00000000        0xc Drivers/GPIO/src/gpio.o
 .text.GPIO_ResetBit
                0x00000000        0xc Drivers/GPIO/src/gpio.o
 .text.__RCC_GPIO_CLK_ENABLE
                0x00000000       0xb4 Drivers/GPIO/src/gpio.o
 .text.GPIO_Init
                0x00000000      0x114 Drivers/GPIO/src/gpio.o
 .text.GPIO_constructor
                0x00000000        0x8 Drivers/GPIO/src/gpio.o
 .debug_info    0x00000000      0x6a3 Drivers/GPIO/src/gpio.o
 .debug_abbrev  0x00000000      0x19f Drivers/GPIO/src/gpio.o
 .debug_loc     0x00000000      0x371 Drivers/GPIO/src/gpio.o
 .debug_aranges
                0x00000000       0x68 Drivers/GPIO/src/gpio.o
 .debug_ranges  0x00000000       0x58 Drivers/GPIO/src/gpio.o
 .debug_line    0x00000000      0x4bf Drivers/GPIO/src/gpio.o
 .debug_str     0x00000000      0x402 Drivers/GPIO/src/gpio.o
 .comment       0x00000000       0x4a Drivers/GPIO/src/gpio.o
 .debug_frame   0x00000000       0xdc Drivers/GPIO/src/gpio.o
 .ARM.attributes
                0x00000000       0x34 Drivers/GPIO/src/gpio.o
 .text          0x00000000        0x0 Drivers/UART/src/uart.o
 .data          0x00000000        0x0 Drivers/UART/src/uart.o
 .bss           0x00000000        0x0 Drivers/UART/src/uart.o
 .text.BRR_Oversample_by_16
                0x00000000        0xc Drivers/UART/src/uart.o
 .text.USART_x_Write
                0x00000000       0x10 Drivers/UART/src/uart.o
 .text.USART_x_Read
                0x00000000       0x10 Drivers/UART/src/uart.o
 .text.USART_EnableRXInterrupt
                0x00000000       0x10 Drivers/UART/src/uart.o
 .text.USART_DisableRXInterrupt
                0x00000000       0x10 Drivers/UART/src/uart.o
 .text.USART_IRQHandler
                0x00000000       0x24 Drivers/UART/src/uart.o
 .text.USART1_IRQHandler
                0x00000000       0x30 Drivers/UART/src/uart.o
 .text.USART2_IRQHandler
                0x00000000       0x30 Drivers/UART/src/uart.o
 .text.USART3_IRQHandler
                0x00000000       0x30 Drivers/UART/src/uart.o
 .text.UART4_IRQHandler
                0x00000000       0x30 Drivers/UART/src/uart.o
 .text.UART5_IRQHandler
                0x00000000       0x30 Drivers/UART/src/uart.o
 .text.writeString
                0x00000000       0x2c Drivers/UART/src/uart.o
 .text.readString
                0x00000000       0x38 Drivers/UART/src/uart.o
 .rodata.GetPortName.str1.4
                0x00000000       0x2e Drivers/UART/src/uart.o
 .text.GetPortName
                0x00000000       0x64 Drivers/UART/src/uart.o
 .text.USART_WriteChar
                0x00000000       0x10 Drivers/UART/src/uart.o
 .text.USART_ReadChar
                0x00000000       0x10 Drivers/UART/src/uart.o
 .text.USART_ReadString
                0x00000000       0x60 Drivers/UART/src/uart.o
 .text          0x00000000        0x0 c:/program files (x86)/gnu arm embedded toolchain/10 2021.10/bin/../lib/gcc/arm-none-eabi/10.3.1/../../../../arm-none-eabi/lib/thumb/v8-m.main/nofp\libg_nano.a(lib_a-exit.o)
 .data          0x00000000        0x0 c:/program files (x86)/gnu arm embedded toolchain/10 2021.10/bin/../lib/gcc/arm-none-eabi/10.3.1/../../../../arm-none-eabi/lib/thumb/v8-m.main/nofp\libg_nano.a(lib_a-exit.o)
 .bss           0x00000000        0x0 c:/program files (x86)/gnu arm embedded toolchain/10 2021.10/bin/../lib/gcc/arm-none-eabi/10.3.1/../../../../arm-none-eabi/lib/thumb/v8-m.main/nofp\libg_nano.a(lib_a-exit.o)
 .text.exit     0x00000000       0x28 c:/program files (x86)/gnu arm embedded toolchain/10 2021.10/bin/../lib/gcc/arm-none-eabi/10.3.1/../../../../arm-none-eabi/lib/thumb/v8-m.main/nofp\libg_nano.a(lib_a-exit.o)
 .debug_frame   0x00000000       0x28 c:/program files (x86)/gnu arm embedded toolchain/10 2021.10/bin/../lib/gcc/arm-none-eabi/10.3.1/../../../../arm-none-eabi/lib/thumb/v8-m.main/nofp\libg_nano.a(lib_a-exit.o)
 .ARM.attributes
                0x00000000       0x32 c:/program files (x86)/gnu arm embedded toolchain/10 2021.10/bin/../lib/gcc/arm-none-eabi/10.3.1/../../../../arm-none-eabi/lib/thumb/v8-m.main/nofp\libg_nano.a(lib_a-exit.o)
 .text          0x00000000        0x0 c:/program files (x86)/gnu arm embedded toolchain/10 2021.10/bin/../lib/gcc/arm-none-eabi/10.3.1/../../../../arm-none-eabi/lib/thumb/v8-m.main/nofp\libg_nano.a(lib_a-impure.o)
 .data          0x00000000        0x0 c:/program files (x86)/gnu arm embedded toolchain/10 2021.10/bin/../lib/gcc/arm-none-eabi/10.3.1/../../../../arm-none-eabi/lib/thumb/v8-m.main/nofp\libg_nano.a(lib_a-impure.o)
 .bss           0x00000000        0x0 c:/program files (x86)/gnu arm embedded toolchain/10 2021.10/bin/../lib/gcc/arm-none-eabi/10.3.1/../../../../arm-none-eabi/lib/thumb/v8-m.main/nofp\libg_nano.a(lib_a-impure.o)
 .data._impure_ptr
                0x00000000        0x4 c:/program files (x86)/gnu arm embedded toolchain/10 2021.10/bin/../lib/gcc/arm-none-eabi/10.3.1/../../../../arm-none-eabi/lib/thumb/v8-m.main/nofp\libg_nano.a(lib_a-impure.o)
 .data.impure_data
                0x00000000       0x60 c:/program files (x86)/gnu arm embedded toolchain/10 2021.10/bin/../lib/gcc/arm-none-eabi/10.3.1/../../../../arm-none-eabi/lib/thumb/v8-m.main/nofp\libg_nano.a(lib_a-impure.o)
 .rodata._global_impure_ptr
                0x00000000        0x4 c:/program files (x86)/gnu arm embedded toolchain/10 2021.10/bin/../lib/gcc/arm-none-eabi/10.3.1/../../../../arm-none-eabi/lib/thumb/v8-m.main/nofp\libg_nano.a(lib_a-impure.o)
 .ARM.attributes
                0x00000000       0x32 c:/program files (x86)/gnu arm embedded toolchain/10 2021.10/bin/../lib/gcc/arm-none-eabi/10.3.1/../../../../arm-none-eabi/lib/thumb/v8-m.main/nofp\libg_nano.a(lib_a-impure.o)
 .text          0x00000000        0x0 c:/program files (x86)/gnu arm embedded toolchain/10 2021.10/bin/../lib/gcc/arm-none-eabi/10.3.1/../../../../arm-none-eabi/lib/thumb/v8-m.main/nofp\libg_nano.a(lib_a-init.o)
 .data          0x00000000        0x0 c:/program files (x86)/gnu arm embedded toolchain/10 2021.10/bin/../lib/gcc/arm-none-eabi/10.3.1/../../../../arm-none-eabi/lib/thumb/v8-m.main/nofp\libg_nano.a(lib_a-init.o)
 .bss           0x00000000        0x0 c:/program files (x86)/gnu arm embedded toolchain/10 2021.10/bin/../lib/gcc/arm-none-eabi/10.3.1/../../../../arm-none-eabi/lib/thumb/v8-m.main/nofp\libg_nano.a(lib_a-init.o)
 .text.__libc_init_array
                0x00000000       0x48 c:/program files (x86)/gnu arm embedded toolchain/10 2021.10/bin/../lib/gcc/arm-none-eabi/10.3.1/../../../../arm-none-eabi/lib/thumb/v8-m.main/nofp\libg_nano.a(lib_a-init.o)
 .debug_frame   0x00000000       0x2c c:/program files (x86)/gnu arm embedded toolchain/10 2021.10/bin/../lib/gcc/arm-none-eabi/10.3.1/../../../../arm-none-eabi/lib/thumb/v8-m.main/nofp\libg_nano.a(lib_a-init.o)
 .ARM.attributes
                0x00000000       0x32 c:/program files (x86)/gnu arm embedded toolchain/10 2021.10/bin/../lib/gcc/arm-none-eabi/10.3.1/../../../../arm-none-eabi/lib/thumb/v8-m.main/nofp\libg_nano.a(lib_a-init.o)
 .text          0x00000000        0x0 c:/program files (x86)/gnu arm embedded toolchain/10 2021.10/bin/../lib/gcc/arm-none-eabi/10.3.1/../../../../arm-none-eabi/lib/thumb/v8-m.main/nofp\libg_nano.a(lib_a-memcpy-stub.o)
 .data          0x00000000        0x0 c:/program files (x86)/gnu arm embedded toolchain/10 2021.10/bin/../lib/gcc/arm-none-eabi/10.3.1/../../../../arm-none-eabi/lib/thumb/v8-m.main/nofp\libg_nano.a(lib_a-memcpy-stub.o)
 .bss           0x00000000        0x0 c:/program files (x86)/gnu arm embedded toolchain/10 2021.10/bin/../lib/gcc/arm-none-eabi/10.3.1/../../../../arm-none-eabi/lib/thumb/v8-m.main/nofp\libg_nano.a(lib_a-memcpy-stub.o)
 .text          0x00000000        0x0 c:/program files (x86)/gnu arm embedded toolchain/10 2021.10/bin/../lib/gcc/arm-none-eabi/10.3.1/../../../../arm-none-eabi/lib/thumb/v8-m.main/nofp\libg_nano.a(lib_a-memset.o)
 .data          0x00000000        0x0 c:/program files (x86)/gnu arm embedded toolchain/10 2021.10/bin/../lib/gcc/arm-none-eabi/10.3.1/../../../../arm-none-eabi/lib/thumb/v8-m.main/nofp\libg_nano.a(lib_a-memset.o)
 .bss           0x00000000        0x0 c:/program files (x86)/gnu arm embedded toolchain/10 2021.10/bin/../lib/gcc/arm-none-eabi/10.3.1/../../../../arm-none-eabi/lib/thumb/v8-m.main/nofp\libg_nano.a(lib_a-memset.o)
 .text          0x00000000        0x0 c:/program files (x86)/gnu arm embedded toolchain/10 2021.10/bin/../lib/gcc/arm-none-eabi/10.3.1/../../../../arm-none-eabi/lib/thumb/v8-m.main/nofp\libnosys.a(_exit.o)
 .data          0x00000000        0x0 c:/program files (x86)/gnu arm embedded toolchain/10 2021.10/bin/../lib/gcc/arm-none-eabi/10.3.1/../../../../arm-none-eabi/lib/thumb/v8-m.main/nofp\libnosys.a(_exit.o)
 .bss           0x00000000        0x0 c:/program files (x86)/gnu arm embedded toolchain/10 2021.10/bin/../lib/gcc/arm-none-eabi/10.3.1/../../../../arm-none-eabi/lib/thumb/v8-m.main/nofp\libnosys.a(_exit.o)
 .text._exit    0x00000000        0x4 c:/program files (x86)/gnu arm embedded toolchain/10 2021.10/bin/../lib/gcc/arm-none-eabi/10.3.1/../../../../arm-none-eabi/lib/thumb/v8-m.main/nofp\libnosys.a(_exit.o)
 .debug_frame   0x00000000       0x20 c:/program files (x86)/gnu arm embedded toolchain/10 2021.10/bin/../lib/gcc/arm-none-eabi/10.3.1/../../../../arm-none-eabi/lib/thumb/v8-m.main/nofp\libnosys.a(_exit.o)
 .ARM.attributes
                0x00000000       0x32 c:/program files (x86)/gnu arm embedded toolchain/10 2021.10/bin/../lib/gcc/arm-none-eabi/10.3.1/../../../../arm-none-eabi/lib/thumb/v8-m.main/nofp\libnosys.a(_exit.o)
 .text          0x00000000        0x0 c:/program files (x86)/gnu arm embedded toolchain/10 2021.10/bin/../lib/gcc/arm-none-eabi/10.3.1/thumb/v8-m.main/nofp/crtend.o
 .data          0x00000000        0x0 c:/program files (x86)/gnu arm embedded toolchain/10 2021.10/bin/../lib/gcc/arm-none-eabi/10.3.1/thumb/v8-m.main/nofp/crtend.o
 .bss           0x00000000        0x0 c:/program files (x86)/gnu arm embedded toolchain/10 2021.10/bin/../lib/gcc/arm-none-eabi/10.3.1/thumb/v8-m.main/nofp/crtend.o
 .rodata        0x00000000       0x24 c:/program files (x86)/gnu arm embedded toolchain/10 2021.10/bin/../lib/gcc/arm-none-eabi/10.3.1/thumb/v8-m.main/nofp/crtend.o
 .eh_frame      0x00000000        0x4 c:/program files (x86)/gnu arm embedded toolchain/10 2021.10/bin/../lib/gcc/arm-none-eabi/10.3.1/thumb/v8-m.main/nofp/crtend.o
 .ARM.attributes
                0x00000000       0x32 c:/program files (x86)/gnu arm embedded toolchain/10 2021.10/bin/../lib/gcc/arm-none-eabi/10.3.1/thumb/v8-m.main/nofp/crtend.o
 .text          0x00000000        0x0 c:/program files (x86)/gnu arm embedded toolchain/10 2021.10/bin/../lib/gcc/arm-none-eabi/10.3.1/thumb/v8-m.main/nofp/crtn.o
 .data          0x00000000        0x0 c:/program files (x86)/gnu arm embedded toolchain/10 2021.10/bin/../lib/gcc/arm-none-eabi/10.3.1/thumb/v8-m.main/nofp/crtn.o
 .bss           0x00000000        0x0 c:/program files (x86)/gnu arm embedded toolchain/10 2021.10/bin/../lib/gcc/arm-none-eabi/10.3.1/thumb/v8-m.main/nofp/crtn.o
 .init          0x00000000        0x8 c:/program files (x86)/gnu arm embedded toolchain/10 2021.10/bin/../lib/gcc/arm-none-eabi/10.3.1/thumb/v8-m.main/nofp/crtn.o
 .fini          0x00000000        0x8 c:/program files (x86)/gnu arm embedded toolchain/10 2021.10/bin/../lib/gcc/arm-none-eabi/10.3.1/thumb/v8-m.main/nofp/crtn.o
 .ARM.attributes
                0x00000000       0x22 c:/program files (x86)/gnu arm embedded toolchain/10 2021.10/bin/../lib/gcc/arm-none-eabi/10.3.1/thumb/v8-m.main/nofp/crtn.o

Memory Configuration

Name             Origin             Length             Attributes
FLASH            0x08000000         0x00100000         xr
RAM              0x20000000         0x00020000         xrw
*default*        0x00000000         0xffffffff

Linker script and memory map

LOAD c:/program files (x86)/gnu arm embedded toolchain/10 2021.10/bin/../lib/gcc/arm-none-eabi/10.3.1/thumb/v8-m.main/nofp/crti.o
LOAD c:/program files (x86)/gnu arm embedded toolchain/10 2021.10/bin/../lib/gcc/arm-none-eabi/10.3.1/thumb/v8-m.main/nofp/crtbegin.o
LOAD c:/program files (x86)/gnu arm embedded toolchain/10 2021.10/bin/../lib/gcc/arm-none-eabi/10.3.1/../../../../arm-none-eabi/lib/thumb/v8-m.main/nofp/crt0.o
LOAD Drivers/AES/src/aes.o
LOAD Drivers/AES/src/main.o
LOAD Drivers/AES/src/startup.o
LOAD Drivers/GPIO/src/gpio.o
LOAD Drivers/UART/src/uart.o
START GROUP
LOAD c:/program files (x86)/gnu arm embedded toolchain/10 2021.10/bin/../lib/gcc/arm-none-eabi/10.3.1/thumb/v8-m.main/nofp\libgcc.a
LOAD c:/program files (x86)/gnu arm embedded toolchain/10 2021.10/bin/../lib/gcc/arm-none-eabi/10.3.1/../../../../arm-none-eabi/lib/thumb/v8-m.main/nofp\libg_nano.a
LOAD c:/program files (x86)/gnu arm embedded toolchain/10 2021.10/bin/../lib/gcc/arm-none-eabi/10.3.1/../../../../arm-none-eabi/lib/thumb/v8-m.main/nofp\libc_nano.a
END GROUP
START GROUP
LOAD c:/program files (x86)/gnu arm embedded toolchain/10 2021.10/bin/../lib/gcc/arm-none-eabi/10.3.1/thumb/v8-m.main/nofp\libgcc.a
LOAD c:/program files (x86)/gnu arm embedded toolchain/10 2021.10/bin/../lib/gcc/arm-none-eabi/10.3.1/../../../../arm-none-eabi/lib/thumb/v8-m.main/nofp\libc_nano.a
LOAD c:/program files (x86)/gnu arm embedded toolchain/10 2021.10/bin/../lib/gcc/arm-none-eabi/10.3.1/../../../../arm-none-eabi/lib/thumb/v8-m.main/nofp\libnosys.a
END GROUP
START GROUP
LOAD c:/program files (x86)/gnu arm embedded toolchain/10 2021.10/bin/../lib/gcc/arm-none-eabi/10.3.1/thumb/v8-m.main/nofp\libgcc.a
LOAD c:/program files (x86)/gnu arm embedded toolchain/10 2021.10/bin/../lib/gcc/arm-none-eabi/10.3.1/../../../../arm-none-eabi/lib/thumb/v8-m.main/nofp\libc_nano.a
LOAD c:/program files (x86)/gnu arm embedded toolchain/10 2021.10/bin/../lib/gcc/arm-none-eabi/10.3.1/../../../../arm-none-eabi/lib/thumb/v8-m.main/nofp\libnosys.a
END GROUP
LOAD c:/program files (x86)/gnu arm embedded toolchain/10 2021.10/bin/../lib/gcc/arm-none-eabi/10.3.1/thumb/v8-m.main/nofp/crtend.o
LOAD c:/program files (x86)/gnu arm embedded toolchain/10 2021.10/bin/../lib/gcc/arm-none-eabi/10.3.1/thumb/v8-m.main/nofp/crtn.o
                0x20020000                _estack = (ORIGIN (RAM) + LENGTH (RAM))

.isr_vector     0x08000000      0x180
 *(.isr_vector)
 .isr_vector    0x08000000      0x180 Drivers/AES/src/startup.o
                0x08000000                vector_table

.text           0x08000180      0xee4
 *(.text*)
 .text.AES_constructor
                0x08000180       0x1c Drivers/AES/src/aes.o
                0x08000180                AES_constructor
 .text.AES_Encrypt_Init
                0x0800019c       0x84 Drivers/AES/src/aes.o
                0x0800019c                AES_Encrypt_Init
 .text.AES_Decrypt_Init
                0x08000220      0x108 Drivers/AES/src/aes.o
                0x08000220                AES_Decrypt_Init
 .text.AES_Process
                0x08000328       0x98 Drivers/AES/src/aes.o
                0x08000328                AES_Process
 .text.pass_fail
                0x080003c0       0x2c Drivers/AES/src/main.o
 .text.startup.main
                0x080003ec      0x5a4 Drivers/AES/src/main.o
                0x080003ec                main
 .text.Default_Handler
                0x08000990        0x4 Drivers/AES/src/startup.o
                0x08000990                Default_Handler
 .text.HardFault_Handler
                0x08000994        0x4 Drivers/AES/src/startup.o
                0x08000994                HardFault_Handler
 .text.SecureFault_Handler
                0x08000998        0x4 Drivers/AES/src/startup.o
                0x08000998                SecureFault_Handler
 .text.Reset_Handler
                0x0800099c       0x5c Drivers/AES/src/startup.o
                0x0800099c                Reset_Handler
 .text.USART_Init
                0x080009f8      0x458 Drivers/UART/src/uart.o
                0x080009f8                USART_Init
 .text.USART_constructor
                0x08000e50        0xc Drivers/UART/src/uart.o
                0x08000e50                USART_constructor
 .text.USART_WriteString
                0x08000e5c       0x30 Drivers/UART/src/uart.o
                0x08000e5c                USART_WriteString
 .text.memcpy   0x08000e8c       0x1a c:/program files (x86)/gnu arm embedded toolchain/10 2021.10/bin/../lib/gcc/arm-none-eabi/10.3.1/../../../../arm-none-eabi/lib/thumb/v8-m.main/nofp\libg_nano.a(lib_a-memcpy-stub.o)
                0x08000e8c                memcpy
 .text.memset   0x08000ea6       0x10 c:/program files (x86)/gnu arm embedded toolchain/10 2021.10/bin/../lib/gcc/arm-none-eabi/10.3.1/../../../../arm-none-eabi/lib/thumb/v8-m.main/nofp\libg_nano.a(lib_a-memset.o)
                0x08000ea6                memset
 *(.rodata*)
 *fill*         0x08000eb6        0x2 
 .rodata.pass_fail.str1.4
                0x08000eb8       0x15 Drivers/AES/src/main.o
 *fill*         0x08000ecd        0x3 
 .rodata.main.str1.4
                0x08000ed0      0x129 Drivers/AES/src/main.o
 *fill*         0x08000ff9        0x3 
 .rodata.IV     0x08000ffc       0x10 Drivers/AES/src/main.o
 .rodata.KEY128
                0x0800100c       0x10 Drivers/AES/src/main.o
 .rodata.KEY256
                0x0800101c       0x20 Drivers/AES/src/main.o
 .rodata.NONCE  0x0800103c       0x10 Drivers/AES/src/main.o
 .rodata.plaintext
                0x0800104c       0x10 Drivers/AES/src/main.o
 *(.glue_7)
 .glue_7        0x0800105c        0x0 linker stubs
 *(.glue_7t)
 .glue_7t       0x0800105c        0x0 linker stubs
 *(.init)
 .init          0x0800105c        0x4 c:/program files (x86)/gnu arm embedded toolchain/10 2021.10/bin/../lib/gcc/arm-none-eabi/10.3.1/thumb/v8-m.main/nofp/crti.o
                0x0800105c                _init
 *(.fini)
 .fini          0x08001060        0x4 c:/program files (x86)/gnu arm embedded toolchain/10 2021.10/bin/../lib/gcc/arm-none-eabi/10.3.1/thumb/v8-m.main/nofp/crti.o
                0x08001060                _fini

.vfp11_veneer   0x08001064        0x0
 .vfp11_veneer  0x08001064        0x0 linker stubs

.v4_bx          0x08001064        0x0
 .v4_bx         0x08001064        0x0 linker stubs

.iplt           0x08001064        0x0
 .iplt          0x08001064        0x0 Drivers/AES/src/main.o

.rel.dyn        0x08001064        0x0
 .rel.iplt      0x08001064        0x0 Drivers/AES/src/main.o

.ARM.extab
 *(.ARM.extab* .gnu.linkonce.armextab.*)

.ARM.exidx      0x08001064        0x0
                0x08001064                __exidx_start = .
 *(.ARM.exidx*)
                0x08001064                __exidx_end = .
                0x08001064                __etext = .

.data           0x20000000        0x4 load address 0x08001064
                0x20000000                __data_start__ = .
 *(.data*)
 .data.SystemCoreClock
                0x20000000        0x4 Drivers/AES/src/startup.o
                0x20000000                SystemCoreClock
                0x20000004                __data_end__ = .

.igot.plt       0x20000004        0x0 load address 0x08001068
 .igot.plt      0x20000004        0x0 Drivers/AES/src/main.o

.bss            0x20000004       0x20 load address 0x08001068
                0x20000004                __bss_start__ = .
 *(.bss*)
 .bss.g_uart    0x20000004        0xc Drivers/AES/src/main.o
 .bss.s_uart4_handle
                0x20000010        0x4 Drivers/UART/src/uart.o
 .bss.s_uart5_handle
                0x20000014        0x4 Drivers/UART/src/uart.o
 .bss.s_usart1_handle
                0x20000018        0x4 Drivers/UART/src/uart.o
 .bss.s_usart2_handle
                0x2000001c        0x4 Drivers/UART/src/uart.o
 .bss.s_usart3_handle
                0x20000020        0x4 Drivers/UART/src/uart.o
 *(COMMON)
                0x20000024                __bss_end__ = .
                0x20000024                _end = .
                0x20000024                end = .
                0x20000024                __end__ = .

.stack          0x20000024      0x404 load address 0x08001088
                0x20000028                . = ALIGN (0x8)
 *fill*         0x20000024        0x4 
                0x20000028                _stack = .
                0x20000428                . = (. + 0x400)
 *fill*         0x20000028      0x400 
OUTPUT(Drivers/AES/main.elf elf32-littlearm)
LOAD linker stubs

.ARM.attributes
                0x00000000       0x30
 .ARM.attributes
                0x00000000       0x22 c:/program files (x86)/gnu arm embedded toolchain/10 2021.10/bin/../lib/gcc/arm-none-eabi/10.3.1/thumb/v8-m.main/nofp/crti.o
 .ARM.attributes
                0x00000022       0x34 Drivers/AES/src/aes.o
 .ARM.attributes
                0x00000056       0x34 Drivers/AES/src/main.o
 .ARM.attributes
                0x0000008a       0x34 Drivers/AES/src/startup.o
 .ARM.attributes
                0x000000be       0x34 Drivers/UART/src/uart.o
 .ARM.attributes
                0x000000f2       0x32 c:/program files (x86)/gnu arm embedded toolchain/10 2021.10/bin/../lib/gcc/arm-none-eabi/10.3.1/../../../../arm-none-eabi/lib/thumb/v8-m.main/nofp\libg_nano.a(lib_a-memcpy-stub.o)
 .ARM.attributes
                0x00000124       0x32 c:/program files (x86)/gnu arm embedded toolchain/10 2021.10/bin/../lib/gcc/arm-none-eabi/10.3.1/../../../../arm-none-eabi/lib/thumb/v8-m.main/nofp\libg_nano.a(lib_a-memset.o)

.comment        0x00000000       0x49
 .comment       0x00000000       0x49 Drivers/AES/src/aes.o
                                 0x4a (size before relaxing)
 .comment       0x00000049       0x4a Drivers/AES/src/main.o
 .comment       0x00000049       0x4a Drivers/AES/src/startup.o
 .comment       0x00000049       0x4a Drivers/UART/src/uart.o

.debug_info     0x00000000     0x26e4
 .debug_info    0x00000000      0x9ec Drivers/AES/src/aes.o
 .debug_info    0x000009ec      0xcaf Drivers/AES/src/main.o
 .debug_info    0x0000169b      0x1f2 Drivers/AES/src/startup.o
 .debug_info    0x0000188d      0xe57 Drivers/UART/src/uart.o

.debug_abbrev   0x00000000      0x9d7
 .debug_abbrev  0x00000000      0x285 Drivers/AES/src/aes.o
 .debug_abbrev  0x00000285      0x1e9 Drivers/AES/src/main.o
 .debug_abbrev  0x0000046e      0x147 Drivers/AES/src/startup.o
 .debug_abbrev  0x000005b5      0x422 Drivers/UART/src/uart.o

.debug_loc      0x00000000      0xf9f
 .debug_loc     0x00000000      0x697 Drivers/AES/src/aes.o
 .debug_loc     0x00000697       0x64 Drivers/AES/src/main.o
 .debug_loc     0x000006fb      0x8a4 Drivers/UART/src/uart.o

.debug_aranges  0x00000000      0x148
 .debug_aranges
                0x00000000       0x38 Drivers/AES/src/aes.o
 .debug_aranges
                0x00000038       0x28 Drivers/AES/src/main.o
 .debug_aranges
                0x00000060       0x40 Drivers/AES/src/startup.o
 .debug_aranges
                0x000000a0       0xa8 Drivers/UART/src/uart.o

.debug_ranges   0x00000000      0x510
 .debug_ranges  0x00000000      0x290 Drivers/AES/src/aes.o
 .debug_ranges  0x00000290       0x70 Drivers/AES/src/main.o
 .debug_ranges  0x00000300       0x30 Drivers/AES/src/startup.o
 .debug_ranges  0x00000330      0x1e0 Drivers/UART/src/uart.o

.debug_line     0x00000000     0x1a25
 .debug_line    0x00000000      0x682 Drivers/AES/src/aes.o
 .debug_line    0x00000682      0x34b Drivers/AES/src/main.o
 .debug_line    0x000009cd      0x217 Drivers/AES/src/startup.o
 .debug_line    0x00000be4      0xe41 Drivers/UART/src/uart.o

.debug_str      0x00000000      0x8c2
 .debug_str     0x00000000      0x363 Drivers/AES/src/aes.o
                                0x3af (size before relaxing)
 .debug_str     0x00000363      0x156 Drivers/AES/src/main.o
                                0x3ce (size before relaxing)
 .debug_str     0x000004b9       0xfc Drivers/AES/src/startup.o
                                0x272 (size before relaxing)
 .debug_str     0x000005b5      0x30d Drivers/UART/src/uart.o
                                0x65d (size before relaxing)

.debug_frame    0x00000000      0x310
 .debug_frame   0x00000000       0x7c Drivers/AES/src/aes.o
 .debug_frame   0x0000007c       0x44 Drivers/AES/src/main.o
 .debug_frame   0x000000c0       0x68 Drivers/AES/src/startup.o
 .debug_frame   0x00000128      0x1a0 Drivers/UART/src/uart.o
 .debug_frame   0x000002c8       0x28 c:/program files (x86)/gnu arm embedded toolchain/10 2021.10/bin/../lib/gcc/arm-none-eabi/10.3.1/../../../../arm-none-eabi/lib/thumb/v8-m.main/nofp\libg_nano.a(lib_a-memcpy-stub.o)
 .debug_frame   0x000002f0       0x20 c:/program files (x86)/gnu arm embedded toolchain/10 2021.10/bin/../lib/gcc/arm-none-eabi/10.3.1/../../../../arm-none-eabi/lib/thumb/v8-m.main/nofp\libg_nano.a(lib_a-memset.o)
