Archive member included to satisfy reference by file (symbol)

c:/program files (x86)/gnu arm embedded toolchain/10 2021.10/bin/../lib/gcc/arm-none-eabi/10.3.1/../../../../arm-none-eabi/lib/thumb/v8-m.main/nofp\libg_nano.a(lib_a-exit.o)
                              c:/program files (x86)/gnu arm embedded toolchain/10 2021.10/bin/../lib/gcc/arm-none-eabi/10.3.1/../../../../arm-none-eabi/lib/thumb/v8-m.main/nofp/crt0.o (exit)
c:/program files (x86)/gnu arm embedded toolchain/10 2021.10/bin/../lib/gcc/arm-none-eabi/10.3.1/../../../../arm-none-eabi/lib/thumb/v8-m.main/nofp\libg_nano.a(lib_a-impure.o)
                              c:/program files (x86)/gnu arm embedded toolchain/10 2021.10/bin/../lib/gcc/arm-none-eabi/10.3.1/../../../../arm-none-eabi/lib/thumb/v8-m.main/nofp\libg_nano.a(lib_a-exit.o) (_global_impure_ptr)
c:/program files (x86)/gnu arm embedded toolchain/10 2021.10/bin/../lib/gcc/arm-none-eabi/10.3.1/../../../../arm-none-eabi/lib/thumb/v8-m.main/nofp\libg_nano.a(lib_a-init.o)
                              c:/program files (x86)/gnu arm embedded toolchain/10 2021.10/bin/../lib/gcc/arm-none-eabi/10.3.1/../../../../arm-none-eabi/lib/thumb/v8-m.main/nofp/crt0.o (__libc_init_array)
c:/program files (x86)/gnu arm embedded toolchain/10 2021.10/bin/../lib/gcc/arm-none-eabi/10.3.1/../../../../arm-none-eabi/lib/thumb/v8-m.main/nofp\libg_nano.a(lib_a-memcpy-stub.o)
                              Drivers/UART/src/startup.o (memcpy)
c:/program files (x86)/gnu arm embedded toolchain/10 2021.10/bin/../lib/gcc/arm-none-eabi/10.3.1/../../../../arm-none-eabi/lib/thumb/v8-m.main/nofp\libg_nano.a(lib_a-memset.o)
                              c:/program files (x86)/gnu arm embedded toolchain/10 2021.10/bin/../lib/gcc/arm-none-eabi/10.3.1/../../../../arm-none-eabi/lib/thumb/v8-m.main/nofp/crt0.o (memset)
c:/program files (x86)/gnu arm embedded toolchain/10 2021.10/bin/../lib/gcc/arm-none-eabi/10.3.1/../../../../arm-none-eabi/lib/thumb/v8-m.main/nofp\libnosys.a(_exit.o)
                              c:/program files (x86)/gnu arm embedded toolchain/10 2021.10/bin/../lib/gcc/arm-none-eabi/10.3.1/../../../../arm-none-eabi/lib/thumb/v8-m.main/nofp\libg_nano.a(lib_a-exit.o) (_exit)

Discarded input sections

 .text          0x00000000        0x0 c:/program files (x86)/gnu arm embedded toolchain/10 2021.10/bin/../lib/gcc/arm-none-eabi/10.3.1/thumb/v8-m.main/nofp/crti.o
 .data          0x00000000        0x0 c:/program files (x86)/gnu arm embedded toolchain/10 2021.10/bin/../lib/gcc/arm-none-eabi/10.3.1/thumb/v8-m.main/nofp/crti.o
 .bss           0x00000000        0x0 c:/program files (x86)/gnu arm embedded toolchain/10 2021.10/bin/../lib/gcc/arm-none-eabi/10.3.1/thumb/v8-m.main/nofp/crti.o
 .text          0x00000000       0x40 c:/program files (x86)/gnu arm embedded toolchain/10 2021.10/bin/../lib/gcc/arm-none-eabi/10.3.1/thumb/v8-m.main/nofp/crtbegin.o
 .data          0x00000000        0x4 c:/program files (x86)/gnu arm embedded toolchain/10 2021.10/bin/../lib/gcc/arm-none-eabi/10.3.1/thumb/v8-m.main/nofp/crtbegin.o
 .bss           0x00000000       0x1c c:/program files (x86)/gnu arm embedded toolchain/10 2021.10/bin/../lib/gcc/arm-none-eabi/10.3.1/thumb/v8-m.main/nofp/crtbegin.o
 .rodata        0x00000000       0x24 c:/program files (x86)/gnu arm embedded toolchain/10 2021.10/bin/../lib/gcc/arm-none-eabi/10.3.1/thumb/v8-m.main/nofp/crtbegin.o
 .init_array    0x00000000        0x4 c:/program files (x86)/gnu arm embedded toolchain/10 2021.10/bin/../lib/gcc/arm-none-eabi/10.3.1/thumb/v8-m.main/nofp/crtbegin.o
 .fini_array    0x00000000        0x4 c:/program files (x86)/gnu arm embedded toolchain/10 2021.10/bin/../lib/gcc/arm-none-eabi/10.3.1/thumb/v8-m.main/nofp/crtbegin.o
 .eh_frame      0x00000000        0x0 c:/program files (x86)/gnu arm embedded toolchain/10 2021.10/bin/../lib/gcc/arm-none-eabi/10.3.1/thumb/v8-m.main/nofp/crtbegin.o
 .ARM.attributes
                0x00000000       0x32 c:/program files (x86)/gnu arm embedded toolchain/10 2021.10/bin/../lib/gcc/arm-none-eabi/10.3.1/thumb/v8-m.main/nofp/crtbegin.o
 .text          0x00000000       0x7c c:/program files (x86)/gnu arm embedded toolchain/10 2021.10/bin/../lib/gcc/arm-none-eabi/10.3.1/../../../../arm-none-eabi/lib/thumb/v8-m.main/nofp/crt0.o
 .data          0x00000000        0x0 c:/program files (x86)/gnu arm embedded toolchain/10 2021.10/bin/../lib/gcc/arm-none-eabi/10.3.1/../../../../arm-none-eabi/lib/thumb/v8-m.main/nofp/crt0.o
 .bss           0x00000000        0x0 c:/program files (x86)/gnu arm embedded toolchain/10 2021.10/bin/../lib/gcc/arm-none-eabi/10.3.1/../../../../arm-none-eabi/lib/thumb/v8-m.main/nofp/crt0.o
 .ARM.extab     0x00000000        0x0 c:/program files (x86)/gnu arm embedded toolchain/10 2021.10/bin/../lib/gcc/arm-none-eabi/10.3.1/../../../../arm-none-eabi/lib/thumb/v8-m.main/nofp/crt0.o
 .ARM.exidx     0x00000000       0x10 c:/program files (x86)/gnu arm embedded toolchain/10 2021.10/bin/../lib/gcc/arm-none-eabi/10.3.1/../../../../arm-none-eabi/lib/thumb/v8-m.main/nofp/crt0.o
 .ARM.attributes
                0x00000000       0x20 c:/program files (x86)/gnu arm embedded toolchain/10 2021.10/bin/../lib/gcc/arm-none-eabi/10.3.1/../../../../arm-none-eabi/lib/thumb/v8-m.main/nofp/crt0.o
 .text          0x00000000        0x0 Drivers/DMA/src/dma.o
 .data          0x00000000        0x0 Drivers/DMA/src/dma.o
 .bss           0x00000000        0x0 Drivers/DMA/src/dma.o
 .text.dma_tc_irq_callback
                0x00000000       0x10 Drivers/DMA/src/dma.o
 .text.DMA_EnableTCInterrupt
                0x00000000       0x20 Drivers/DMA/src/dma.o
 .text.DMA_DisableTCInterrupt
                0x00000000       0x10 Drivers/DMA/src/dma.o
 .text          0x00000000        0x0 Drivers/GPIO/src/gpio.o
 .data          0x00000000        0x0 Drivers/GPIO/src/gpio.o
 .bss           0x00000000        0x0 Drivers/GPIO/src/gpio.o
 .text.GPIO_ReadPin
                0x00000000       0x10 Drivers/GPIO/src/gpio.o
 .text.GPIO_WritePin
                0x00000000        0xc Drivers/GPIO/src/gpio.o
 .text.GPIO_TogglePin
                0x00000000        0xc Drivers/GPIO/src/gpio.o
 .text.GPIO_SetPin
                0x00000000        0xc Drivers/GPIO/src/gpio.o
 .text.GPIO_ResetPin
                0x00000000        0xc Drivers/GPIO/src/gpio.o
 .text.GPIO_SetBit
                0x00000000        0xc Drivers/GPIO/src/gpio.o
 .text.GPIO_ResetBit
                0x00000000        0xc Drivers/GPIO/src/gpio.o
 .text.__RCC_GPIO_CLK_ENABLE
                0x00000000       0xb4 Drivers/GPIO/src/gpio.o
 .text.GPIO_Init
                0x00000000      0x114 Drivers/GPIO/src/gpio.o
 .text.GPIO_constructor
                0x00000000        0x8 Drivers/GPIO/src/gpio.o
 .text          0x00000000        0x0 Drivers/NVIC/src/nvic.o
 .data          0x00000000        0x0 Drivers/NVIC/src/nvic.o
 .bss           0x00000000        0x0 Drivers/NVIC/src/nvic.o
 .text.NVIC_UnregisterHandler
                0x00000000       0x3c Drivers/NVIC/src/nvic.o
 .text.NVIC_EXTI_Enable
                0x00000000       0xa4 Drivers/NVIC/src/nvic.o
 .text.NVIC_EXTI_Disable
                0x00000000       0x44 Drivers/NVIC/src/nvic.o
 .text.NVIC_EXTI_ClearPending
                0x00000000       0x14 Drivers/NVIC/src/nvic.o
 .text.IWDG1_IRQHandler
                0x00000000       0x14 Drivers/NVIC/src/nvic.o
 .text.ADC1_IRQHandler
                0x00000000       0x14 Drivers/NVIC/src/nvic.o
 .text.ADC2_IRQHandler
                0x00000000       0x14 Drivers/NVIC/src/nvic.o
 .text.ADC3_IRQHandler
                0x00000000       0x14 Drivers/NVIC/src/nvic.o
 .text.FDCAN1_IT0_IRQHandler
                0x00000000       0x14 Drivers/NVIC/src/nvic.o
 .text.FDCAN1_IT1_IRQHandler
                0x00000000       0x14 Drivers/NVIC/src/nvic.o
 .text.SPI1_IRQHandler
                0x00000000       0x14 Drivers/NVIC/src/nvic.o
 .text.SPI2_IRQHandler
                0x00000000       0x14 Drivers/NVIC/src/nvic.o
 .text.SPI3_IRQHandler
                0x00000000       0x14 Drivers/NVIC/src/nvic.o
 .text.USART6_IRQHandler
                0x00000000       0x14 Drivers/NVIC/src/nvic.o
 .text.UART7_IRQHandler
                0x00000000       0x14 Drivers/NVIC/src/nvic.o
 .text.RNG_IRQHandler
                0x00000000       0x14 Drivers/NVIC/src/nvic.o
 .text.HASH_IRQHandler
                0x00000000       0x14 Drivers/NVIC/src/nvic.o
 .text          0x00000000        0x0 Drivers/UART/src/main.o
 .data          0x00000000        0x0 Drivers/UART/src/main.o
 .bss           0x00000000        0x0 Drivers/UART/src/main.o
 .text          0x00000000        0x0 Drivers/UART/src/startup.o
 .data          0x00000000        0x0 Drivers/UART/src/startup.o
 .bss           0x00000000        0x0 Drivers/UART/src/startup.o
 .text.SystemInit
                0x00000000       0x10 Drivers/UART/src/startup.o
 .text          0x00000000        0x0 Drivers/UART/src/uart.o
 .data          0x00000000        0x0 Drivers/UART/src/uart.o
 .bss           0x00000000        0x0 Drivers/UART/src/uart.o
 .text.BRR_Oversample_by_16
                0x00000000        0xc Drivers/UART/src/uart.o
 .text.USART_x_Write
                0x00000000       0x10 Drivers/UART/src/uart.o
 .text.USART_x_Read
                0x00000000       0x10 Drivers/UART/src/uart.o
 .text.USART_DisableRXInterrupt
                0x00000000       0x10 Drivers/UART/src/uart.o
 .text.USART_IRQHandler
                0x00000000       0x24 Drivers/UART/src/uart.o
 .text.USART_EnableTXDMA
                0x00000000        0xc Drivers/UART/src/uart.o
 .text.USART_EnableRXDMA
                0x00000000        0xc Drivers/UART/src/uart.o
 .text.writeString
                0x00000000       0x2c Drivers/UART/src/uart.o
 .text.readString
                0x00000000       0x38 Drivers/UART/src/uart.o
 .rodata.GetPortName.str1.4
                0x00000000       0x2e Drivers/UART/src/uart.o
 .text.GetPortName
                0x00000000       0x64 Drivers/UART/src/uart.o
 .text.USART_ReadChar
                0x00000000       0x10 Drivers/UART/src/uart.o
 .rodata.uart_write_hex8.str1.4
                0x00000000       0x11 Drivers/UART/src/uart.o
 .text.uart_write_hex8
                0x00000000       0x4c Drivers/UART/src/uart.o
 .text.uart_write_hex32
                0x00000000       0x2c Drivers/UART/src/uart.o
 .text.print_hex
                0x00000000       0x40 Drivers/UART/src/uart.o
 .text.print_dec
                0x00000000       0x74 Drivers/UART/src/uart.o
 .rodata.hex.0  0x00000000       0x11 Drivers/UART/src/uart.o
 .text          0x00000000        0x0 c:/program files (x86)/gnu arm embedded toolchain/10 2021.10/bin/../lib/gcc/arm-none-eabi/10.3.1/../../../../arm-none-eabi/lib/thumb/v8-m.main/nofp\libg_nano.a(lib_a-exit.o)
 .data          0x00000000        0x0 c:/program files (x86)/gnu arm embedded toolchain/10 2021.10/bin/../lib/gcc/arm-none-eabi/10.3.1/../../../../arm-none-eabi/lib/thumb/v8-m.main/nofp\libg_nano.a(lib_a-exit.o)
 .bss           0x00000000        0x0 c:/program files (x86)/gnu arm embedded toolchain/10 2021.10/bin/../lib/gcc/arm-none-eabi/10.3.1/../../../../arm-none-eabi/lib/thumb/v8-m.main/nofp\libg_nano.a(lib_a-exit.o)
 .text.exit     0x00000000       0x28 c:/program files (x86)/gnu arm embedded toolchain/10 2021.10/bin/../lib/gcc/arm-none-eabi/10.3.1/../../../../arm-none-eabi/lib/thumb/v8-m.main/nofp\libg_nano.a(lib_a-exit.o)
 .debug_frame   0x00000000       0x28 c:/program files (x86)/gnu arm embedded toolchain/10 2021.10/bin/../lib/gcc/arm-none-eabi/10.3.1/../../../../arm-none-eabi/lib/thumb/v8-m.main/nofp\libg_nano.a(lib_a-exit.o)
 .ARM.attributes
                0x00000000       0x32 c:/program files (x86)/gnu arm embedded toolchain/10 2021.10/bin/../lib/gcc/arm-none-eabi/10.3.1/../../../../arm-none-eabi/lib/thumb/v8-m.main/nofp\libg_nano.a(lib_a-exit.o)
 .text          0x00000000        0x0 c:/program files (x86)/gnu arm embedded toolchain/10 2021.10/bin/../lib/gcc/arm-none-eabi/10.3.1/../../../../arm-none-eabi/lib/thumb/v8-m.main/nofp\libg_nano.a(lib_a-impure.o)
 .data          0x00000000        0x0 c:/program files (x86)/gnu arm embedded toolchain/10 2021.10/bin/../lib/gcc/arm-none-eabi/10.3.1/../../../../arm-none-eabi/lib/thumb/v8-m.main/nofp\libg_nano.a(lib_a-impure.o)
 .bss           0x00000000        0x0 c:/program files (x86)/gnu arm embedded toolchain/10 2021.10/bin/../lib/gcc/arm-none-eabi/10.3.1/../../../../arm-none-eabi/lib/thumb/v8-m.main/nofp\libg_nano.a(lib_a-impure.o)
 .data._impure_ptr
                0x00000000        0x4 c:/program files (x86)/gnu arm embedded toolchain/10 2021.10/bin/../lib/gcc/arm-none-eabi/10.3.1/../../../../arm-none-eabi/lib/thumb/v8-m.main/nofp\libg_nano.a(lib_a-impure.o)
 .data.impure_data
                0x00000000       0x60 c:/program files (x86)/gnu arm embedded toolchain/10 2021.10/bin/../lib/gcc/arm-none-eabi/10.3.1/../../../../arm-none-eabi/lib/thumb/v8-m.main/nofp\libg_nano.a(lib_a-impure.o)
 .rodata._global_impure_ptr
                0x00000000        0x4 c:/program files (x86)/gnu arm embedded toolchain/10 2021.10/bin/../lib/gcc/arm-none-eabi/10.3.1/../../../../arm-none-eabi/lib/thumb/v8-m.main/nofp\libg_nano.a(lib_a-impure.o)
 .ARM.attributes
                0x00000000       0x32 c:/program files (x86)/gnu arm embedded toolchain/10 2021.10/bin/../lib/gcc/arm-none-eabi/10.3.1/../../../../arm-none-eabi/lib/thumb/v8-m.main/nofp\libg_nano.a(lib_a-impure.o)
 .text          0x00000000        0x0 c:/program files (x86)/gnu arm embedded toolchain/10 2021.10/bin/../lib/gcc/arm-none-eabi/10.3.1/../../../../arm-none-eabi/lib/thumb/v8-m.main/nofp\libg_nano.a(lib_a-init.o)
 .data          0x00000000        0x0 c:/program files (x86)/gnu arm embedded toolchain/10 2021.10/bin/../lib/gcc/arm-none-eabi/10.3.1/../../../../arm-none-eabi/lib/thumb/v8-m.main/nofp\libg_nano.a(lib_a-init.o)
 .bss           0x00000000        0x0 c:/program files (x86)/gnu arm embedded toolchain/10 2021.10/bin/../lib/gcc/arm-none-eabi/10.3.1/../../../../arm-none-eabi/lib/thumb/v8-m.main/nofp\libg_nano.a(lib_a-init.o)
 .text.__libc_init_array
                0x00000000       0x48 c:/program files (x86)/gnu arm embedded toolchain/10 2021.10/bin/../lib/gcc/arm-none-eabi/10.3.1/../../../../arm-none-eabi/lib/thumb/v8-m.main/nofp\libg_nano.a(lib_a-init.o)
 .debug_frame   0x00000000       0x2c c:/program files (x86)/gnu arm embedded toolchain/10 2021.10/bin/../lib/gcc/arm-none-eabi/10.3.1/../../../../arm-none-eabi/lib/thumb/v8-m.main/nofp\libg_nano.a(lib_a-init.o)
 .ARM.attributes
                0x00000000       0x32 c:/program files (x86)/gnu arm embedded toolchain/10 2021.10/bin/../lib/gcc/arm-none-eabi/10.3.1/../../../../arm-none-eabi/lib/thumb/v8-m.main/nofp\libg_nano.a(lib_a-init.o)
 .text          0x00000000        0x0 c:/program files (x86)/gnu arm embedded toolchain/10 2021.10/bin/../lib/gcc/arm-none-eabi/10.3.1/../../../../arm-none-eabi/lib/thumb/v8-m.main/nofp\libg_nano.a(lib_a-memcpy-stub.o)
 .data          0x00000000        0x0 c:/program files (x86)/gnu arm embedded toolchain/10 2021.10/bin/../lib/gcc/arm-none-eabi/10.3.1/../../../../arm-none-eabi/lib/thumb/v8-m.main/nofp\libg_nano.a(lib_a-memcpy-stub.o)
 .bss           0x00000000        0x0 c:/program files (x86)/gnu arm embedded toolchain/10 2021.10/bin/../lib/gcc/arm-none-eabi/10.3.1/../../../../arm-none-eabi/lib/thumb/v8-m.main/nofp\libg_nano.a(lib_a-memcpy-stub.o)
 .text          0x00000000        0x0 c:/program files (x86)/gnu arm embedded toolchain/10 2021.10/bin/../lib/gcc/arm-none-eabi/10.3.1/../../../../arm-none-eabi/lib/thumb/v8-m.main/nofp\libg_nano.a(lib_a-memset.o)
 .data          0x00000000        0x0 c:/program files (x86)/gnu arm embedded toolchain/10 2021.10/bin/../lib/gcc/arm-none-eabi/10.3.1/../../../../arm-none-eabi/lib/thumb/v8-m.main/nofp\libg_nano.a(lib_a-memset.o)
 .bss           0x00000000        0x0 c:/program files (x86)/gnu arm embedded toolchain/10 2021.10/bin/../lib/gcc/arm-none-eabi/10.3.1/../../../../arm-none-eabi/lib/thumb/v8-m.main/nofp\libg_nano.a(lib_a-memset.o)
 .text          0x00000000        0x0 c:/program files (x86)/gnu arm embedded toolchain/10 2021.10/bin/../lib/gcc/arm-none-eabi/10.3.1/../../../../arm-none-eabi/lib/thumb/v8-m.main/nofp\libnosys.a(_exit.o)
 .data          0x00000000        0x0 c:/program files (x86)/gnu arm embedded toolchain/10 2021.10/bin/../lib/gcc/arm-none-eabi/10.3.1/../../../../arm-none-eabi/lib/thumb/v8-m.main/nofp\libnosys.a(_exit.o)
 .bss           0x00000000        0x0 c:/program files (x86)/gnu arm embedded toolchain/10 2021.10/bin/../lib/gcc/arm-none-eabi/10.3.1/../../../../arm-none-eabi/lib/thumb/v8-m.main/nofp\libnosys.a(_exit.o)
 .text._exit    0x00000000        0x4 c:/program files (x86)/gnu arm embedded toolchain/10 2021.10/bin/../lib/gcc/arm-none-eabi/10.3.1/../../../../arm-none-eabi/lib/thumb/v8-m.main/nofp\libnosys.a(_exit.o)
 .debug_frame   0x00000000       0x20 c:/program files (x86)/gnu arm embedded toolchain/10 2021.10/bin/../lib/gcc/arm-none-eabi/10.3.1/../../../../arm-none-eabi/lib/thumb/v8-m.main/nofp\libnosys.a(_exit.o)
 .ARM.attributes
                0x00000000       0x32 c:/program files (x86)/gnu arm embedded toolchain/10 2021.10/bin/../lib/gcc/arm-none-eabi/10.3.1/../../../../arm-none-eabi/lib/thumb/v8-m.main/nofp\libnosys.a(_exit.o)
 .text          0x00000000        0x0 c:/program files (x86)/gnu arm embedded toolchain/10 2021.10/bin/../lib/gcc/arm-none-eabi/10.3.1/thumb/v8-m.main/nofp/crtend.o
 .data          0x00000000        0x0 c:/program files (x86)/gnu arm embedded toolchain/10 2021.10/bin/../lib/gcc/arm-none-eabi/10.3.1/thumb/v8-m.main/nofp/crtend.o
 .bss           0x00000000        0x0 c:/program files (x86)/gnu arm embedded toolchain/10 2021.10/bin/../lib/gcc/arm-none-eabi/10.3.1/thumb/v8-m.main/nofp/crtend.o
 .rodata        0x00000000       0x24 c:/program files (x86)/gnu arm embedded toolchain/10 2021.10/bin/../lib/gcc/arm-none-eabi/10.3.1/thumb/v8-m.main/nofp/crtend.o
 .eh_frame      0x00000000        0x4 c:/program files (x86)/gnu arm embedded toolchain/10 2021.10/bin/../lib/gcc/arm-none-eabi/10.3.1/thumb/v8-m.main/nofp/crtend.o
 .ARM.attributes
                0x00000000       0x32 c:/program files (x86)/gnu arm embedded toolchain/10 2021.10/bin/../lib/gcc/arm-none-eabi/10.3.1/thumb/v8-m.main/nofp/crtend.o
 .text          0x00000000        0x0 c:/program files (x86)/gnu arm embedded toolchain/10 2021.10/bin/../lib/gcc/arm-none-eabi/10.3.1/thumb/v8-m.main/nofp/crtn.o
 .data          0x00000000        0x0 c:/program files (x86)/gnu arm embedded toolchain/10 2021.10/bin/../lib/gcc/arm-none-eabi/10.3.1/thumb/v8-m.main/nofp/crtn.o
 .bss           0x00000000        0x0 c:/program files (x86)/gnu arm embedded toolchain/10 2021.10/bin/../lib/gcc/arm-none-eabi/10.3.1/thumb/v8-m.main/nofp/crtn.o
 .init          0x00000000        0x8 c:/program files (x86)/gnu arm embedded toolchain/10 2021.10/bin/../lib/gcc/arm-none-eabi/10.3.1/thumb/v8-m.main/nofp/crtn.o
 .fini          0x00000000        0x8 c:/program files (x86)/gnu arm embedded toolchain/10 2021.10/bin/../lib/gcc/arm-none-eabi/10.3.1/thumb/v8-m.main/nofp/crtn.o
 .ARM.attributes
                0x00000000       0x22 c:/program files (x86)/gnu arm embedded toolchain/10 2021.10/bin/../lib/gcc/arm-none-eabi/10.3.1/thumb/v8-m.main/nofp/crtn.o

Memory Configuration

Name             Origin             Length             Attributes
FLASH            0x08000000         0x00100000         xr
RAM              0x20000000         0x00020000         xrw
*default*        0x00000000         0xffffffff

Linker script and memory map

LOAD c:/program files (x86)/gnu arm embedded toolchain/10 2021.10/bin/../lib/gcc/arm-none-eabi/10.3.1/thumb/v8-m.main/nofp/crti.o
LOAD c:/program files (x86)/gnu arm embedded toolchain/10 2021.10/bin/../lib/gcc/arm-none-eabi/10.3.1/thumb/v8-m.main/nofp/crtbegin.o
LOAD c:/program files (x86)/gnu arm embedded toolchain/10 2021.10/bin/../lib/gcc/arm-none-eabi/10.3.1/../../../../arm-none-eabi/lib/thumb/v8-m.main/nofp/crt0.o
LOAD Drivers/DMA/src/dma.o
LOAD Drivers/GPIO/src/gpio.o
LOAD Drivers/NVIC/src/nvic.o
LOAD Drivers/UART/src/main.o
LOAD Drivers/UART/src/startup.o
LOAD Drivers/UART/src/uart.o
START GROUP
LOAD c:/program files (x86)/gnu arm embedded toolchain/10 2021.10/bin/../lib/gcc/arm-none-eabi/10.3.1/thumb/v8-m.main/nofp\libgcc.a
LOAD c:/program files (x86)/gnu arm embedded toolchain/10 2021.10/bin/../lib/gcc/arm-none-eabi/10.3.1/../../../../arm-none-eabi/lib/thumb/v8-m.main/nofp\libg_nano.a
LOAD c:/program files (x86)/gnu arm embedded toolchain/10 2021.10/bin/../lib/gcc/arm-none-eabi/10.3.1/../../../../arm-none-eabi/lib/thumb/v8-m.main/nofp\libc_nano.a
END GROUP
START GROUP
LOAD c:/program files (x86)/gnu arm embedded toolchain/10 2021.10/bin/../lib/gcc/arm-none-eabi/10.3.1/thumb/v8-m.main/nofp\libgcc.a
LOAD c:/program files (x86)/gnu arm embedded toolchain/10 2021.10/bin/../lib/gcc/arm-none-eabi/10.3.1/../../../../arm-none-eabi/lib/thumb/v8-m.main/nofp\libc_nano.a
LOAD c:/program files (x86)/gnu arm embedded toolchain/10 2021.10/bin/../lib/gcc/arm-none-eabi/10.3.1/../../../../arm-none-eabi/lib/thumb/v8-m.main/nofp\libnosys.a
END GROUP
START GROUP
LOAD c:/program files (x86)/gnu arm embedded toolchain/10 2021.10/bin/../lib/gcc/arm-none-eabi/10.3.1/thumb/v8-m.main/nofp\libgcc.a
LOAD c:/program files (x86)/gnu arm embedded toolchain/10 2021.10/bin/../lib/gcc/arm-none-eabi/10.3.1/../../../../arm-none-eabi/lib/thumb/v8-m.main/nofp\libc_nano.a
LOAD c:/program files (x86)/gnu arm embedded toolchain/10 2021.10/bin/../lib/gcc/arm-none-eabi/10.3.1/../../../../arm-none-eabi/lib/thumb/v8-m.main/nofp\libnosys.a
END GROUP
LOAD c:/program files (x86)/gnu arm embedded toolchain/10 2021.10/bin/../lib/gcc/arm-none-eabi/10.3.1/thumb/v8-m.main/nofp/crtend.o
LOAD c:/program files (x86)/gnu arm embedded toolchain/10 2021.10/bin/../lib/gcc/arm-none-eabi/10.3.1/thumb/v8-m.main/nofp/crtn.o
                0x20020000                _estack = (ORIGIN (RAM) + LENGTH (RAM))

.isr_vector     0x08000000      0x240
 *(.isr_vector)
 .isr_vector    0x08000000      0x240 Drivers/UART/src/startup.o
                0x08000000                vector_table

.text           0x08000240      0xd74
 *(.text*)
 .text.DMA_Constructor
                0x08000240       0x10 Drivers/DMA/src/dma.o
                0x08000240                DMA_Constructor
 .text.DMA_Init
                0x08000250       0xc0 Drivers/DMA/src/dma.o
                0x08000250                DMA_Init
 .text.DMA_ConfigTransfer
                0x08000310       0x44 Drivers/DMA/src/dma.o
                0x08000310                DMA_ConfigTransfer
 .text.DMA_Start
                0x08000354       0x28 Drivers/DMA/src/dma.o
                0x08000354                DMA_Start
 .text.DMA_Stop
                0x0800037c       0x20 Drivers/DMA/src/dma.o
                0x0800037c                DMA_Stop
 .text.DMA_IsTransferComplete
                0x0800039c       0x20 Drivers/DMA/src/dma.o
                0x0800039c                DMA_IsTransferComplete
 .text.delay    0x080003bc       0x1c Drivers/GPIO/src/gpio.o
                0x080003bc                delay
 .text.NVIC_RegisterHandler
                0x080003d8       0x54 Drivers/NVIC/src/nvic.o
                0x080003d8                NVIC_RegisterHandler
 .text.EXTI0_IRQHandler
                0x0800042c       0x10 Drivers/NVIC/src/nvic.o
                0x0800042c                EXTI0_IRQHandler
 .text.EXTI1_IRQHandler
                0x0800043c       0x10 Drivers/NVIC/src/nvic.o
                0x0800043c                EXTI1_IRQHandler
 .text.EXTI2_IRQHandler
                0x0800044c       0x10 Drivers/NVIC/src/nvic.o
                0x0800044c                EXTI2_IRQHandler
 .text.EXTI3_IRQHandler
                0x0800045c       0x10 Drivers/NVIC/src/nvic.o
                0x0800045c                EXTI3_IRQHandler
 .text.EXTI4_IRQHandler
                0x0800046c       0x10 Drivers/NVIC/src/nvic.o
                0x0800046c                EXTI4_IRQHandler
 .text.EXTI5_IRQHandler
                0x0800047c       0x10 Drivers/NVIC/src/nvic.o
                0x0800047c                EXTI5_IRQHandler
 .text.EXTI6_IRQHandler
                0x0800048c       0x10 Drivers/NVIC/src/nvic.o
                0x0800048c                EXTI6_IRQHandler
 .text.EXTI7_IRQHandler
                0x0800049c       0x10 Drivers/NVIC/src/nvic.o
                0x0800049c                EXTI7_IRQHandler
 .text.EXTI8_IRQHandler
                0x080004ac       0x10 Drivers/NVIC/src/nvic.o
                0x080004ac                EXTI8_IRQHandler
 .text.EXTI9_IRQHandler
                0x080004bc       0x14 Drivers/NVIC/src/nvic.o
                0x080004bc                EXTI9_IRQHandler
 .text.EXTI10_IRQHandler
                0x080004d0       0x14 Drivers/NVIC/src/nvic.o
                0x080004d0                EXTI10_IRQHandler
 .text.EXTI11_IRQHandler
                0x080004e4       0x14 Drivers/NVIC/src/nvic.o
                0x080004e4                EXTI11_IRQHandler
 .text.EXTI12_IRQHandler
                0x080004f8       0x14 Drivers/NVIC/src/nvic.o
                0x080004f8                EXTI12_IRQHandler
 .text.EXTI13_IRQHandler
                0x0800050c       0x14 Drivers/NVIC/src/nvic.o
                0x0800050c                EXTI13_IRQHandler
 .text.EXTI14_IRQHandler
                0x08000520       0x14 Drivers/NVIC/src/nvic.o
                0x08000520                EXTI14_IRQHandler
 .text.EXTI15_IRQHandler
                0x08000534       0x14 Drivers/NVIC/src/nvic.o
                0x08000534                EXTI15_IRQHandler
 .text.LPDMA1_Channel0_IRQHandler
                0x08000548       0x14 Drivers/NVIC/src/nvic.o
                0x08000548                LPDMA1_Channel0_IRQHandler
 .text.LPDMA1_Channel1_IRQHandler
                0x0800055c       0x14 Drivers/NVIC/src/nvic.o
                0x0800055c                LPDMA1_Channel1_IRQHandler
 .text.LPDMA1_Channel2_IRQHandler
                0x08000570       0x14 Drivers/NVIC/src/nvic.o
                0x08000570                LPDMA1_Channel2_IRQHandler
 .text.LPDMA1_Channel3_IRQHandler
                0x08000584       0x14 Drivers/NVIC/src/nvic.o
                0x08000584                LPDMA1_Channel3_IRQHandler
 .text.LPDMA1_Channel4_IRQHandler
                0x08000598       0x14 Drivers/NVIC/src/nvic.o
                0x08000598                LPDMA1_Channel4_IRQHandler
 .text.LPDMA1_Channel5_IRQHandler
                0x080005ac       0x14 Drivers/NVIC/src/nvic.o
                0x080005ac                LPDMA1_Channel5_IRQHandler
 .text.LPDMA1_Channel6_IRQHandler
                0x080005c0       0x14 Drivers/NVIC/src/nvic.o
                0x080005c0                LPDMA1_Channel6_IRQHandler
 .text.LPDMA1_Channel7_IRQHandler
                0x080005d4       0x14 Drivers/NVIC/src/nvic.o
                0x080005d4                LPDMA1_Channel7_IRQHandler
 .text.USART1_IRQHandler
                0x080005e8       0x14 Drivers/NVIC/src/nvic.o
                0x080005e8                USART1_IRQHandler
 .text.USART2_IRQHandler
                0x080005fc       0x14 Drivers/NVIC/src/nvic.o
                0x080005fc                USART2_IRQHandler
 .text.USART3_IRQHandler
                0x08000610       0x14 Drivers/NVIC/src/nvic.o
                0x08000610                USART3_IRQHandler
 .text.UART4_IRQHandler
                0x08000624       0x14 Drivers/NVIC/src/nvic.o
                0x08000624                UART4_IRQHandler
 .text.UART5_IRQHandler
                0x08000638       0x14 Drivers/NVIC/src/nvic.o
                0x08000638                UART5_IRQHandler
 .text.uart_rx_cb
                0x0800064c       0x2c Drivers/UART/src/main.o
 .text.startup.main
                0x08000678      0x17c Drivers/UART/src/main.o
                0x08000678                main
 .text.Default_Handler
                0x080007f4        0x4 Drivers/UART/src/startup.o
                0x080007f4                Default_Handler
 .text.Reset_Handler
                0x080007f8       0x5c Drivers/UART/src/startup.o
                0x080007f8                Reset_Handler
 .text.uart_irq_dispatch
                0x08000854       0x24 Drivers/UART/src/uart.o
 .text.USART_Init
                0x08000878      0x3ec Drivers/UART/src/uart.o
                0x08000878                USART_Init
 .text.USART_constructor
                0x08000c64        0xc Drivers/UART/src/uart.o
                0x08000c64                USART_constructor
 .text.USART_EnableRXInterrupt
                0x08000c70       0x10 Drivers/UART/src/uart.o
                0x08000c70                USART_EnableRXInterrupt
 .text.USART_DisableTXDMA
                0x08000c80        0xc Drivers/UART/src/uart.o
                0x08000c80                USART_DisableTXDMA
 .text.USART_DisableRXDMA
                0x08000c8c        0xc Drivers/UART/src/uart.o
                0x08000c8c                USART_DisableRXDMA
 .text.USART_WriteDMA
                0x08000c98       0x5c Drivers/UART/src/uart.o
                0x08000c98                USART_WriteDMA
 .text.USART_ReadDMA
                0x08000cf4       0x54 Drivers/UART/src/uart.o
                0x08000cf4                USART_ReadDMA
 .text.USART_WriteChar
                0x08000d48       0x10 Drivers/UART/src/uart.o
                0x08000d48                USART_WriteChar
 .text.USART_WriteString
                0x08000d58       0x30 Drivers/UART/src/uart.o
                0x08000d58                USART_WriteString
 .text.USART_ReadString
                0x08000d88       0x60 Drivers/UART/src/uart.o
                0x08000d88                USART_ReadString
 .text.memcpy   0x08000de8       0x1a c:/program files (x86)/gnu arm embedded toolchain/10 2021.10/bin/../lib/gcc/arm-none-eabi/10.3.1/../../../../arm-none-eabi/lib/thumb/v8-m.main/nofp\libg_nano.a(lib_a-memcpy-stub.o)
                0x08000de8                memcpy
 .text.memset   0x08000e02       0x10 c:/program files (x86)/gnu arm embedded toolchain/10 2021.10/bin/../lib/gcc/arm-none-eabi/10.3.1/../../../../arm-none-eabi/lib/thumb/v8-m.main/nofp\libg_nano.a(lib_a-memset.o)
                0x08000e02                memset
 *(.rodata*)
 *fill*         0x08000e12        0x2 
 .rodata.main.str1.4
                0x08000e14      0x181 Drivers/UART/src/main.o
                                0x185 (size before relaxing)
 *fill*         0x08000f95        0x3 
 .rodata.dma_tx_buf
                0x08000f98       0x14 Drivers/UART/src/main.o
 *(.glue_7)
 .glue_7        0x08000fac        0x0 linker stubs
 *(.glue_7t)
 .glue_7t       0x08000fac        0x0 linker stubs
 *(.init)
 .init          0x08000fac        0x4 c:/program files (x86)/gnu arm embedded toolchain/10 2021.10/bin/../lib/gcc/arm-none-eabi/10.3.1/thumb/v8-m.main/nofp/crti.o
                0x08000fac                _init
 *(.fini)
 .fini          0x08000fb0        0x4 c:/program files (x86)/gnu arm embedded toolchain/10 2021.10/bin/../lib/gcc/arm-none-eabi/10.3.1/thumb/v8-m.main/nofp/crti.o
                0x08000fb0                _fini

.vfp11_veneer   0x08000fb4        0x0
 .vfp11_veneer  0x08000fb4        0x0 linker stubs

.v4_bx          0x08000fb4        0x0
 .v4_bx         0x08000fb4        0x0 linker stubs

.iplt           0x08000fb4        0x0
 .iplt          0x08000fb4        0x0 Drivers/NVIC/src/nvic.o

.rel.dyn        0x08000fb4        0x0
 .rel.iplt      0x08000fb4        0x0 Drivers/NVIC/src/nvic.o

.ARM.extab
 *(.ARM.extab* .gnu.linkonce.armextab.*)

.ARM.exidx      0x08000fb4        0x0
                0x08000fb4                __exidx_start = .
 *(.ARM.exidx*)
                0x08000fb4                __exidx_end = .
                0x08000fb4                __etext = .

.data           0x20000000        0x4 load address 0x08000fb4
                0x20000000                __data_start__ = .
 *(.data*)
 .data.SystemCoreClock
                0x20000000        0x4 Drivers/UART/src/startup.o
                0x20000000                SystemCoreClock
                0x20000004                __data_end__ = .

.igot.plt       0x20000004        0x0 load address 0x08000fb8
 .igot.plt      0x20000004        0x0 Drivers/NVIC/src/nvic.o

.bss            0x20000004      0x46c load address 0x08000fb8
                0x20000004                __bss_start__ = .
 *(.bss*)
 .bss.s_table   0x20000004      0x400 Drivers/NVIC/src/nvic.o
 .bss.buffer    0x20000404       0x40 Drivers/UART/src/main.o
 .bss.dmaRx     0x20000444        0xc Drivers/UART/src/main.o
 .bss.dmaTx     0x20000450        0xc Drivers/UART/src/main.o
 .bss.dma_rx_buf
                0x2000045c        0x8 Drivers/UART/src/main.o
 .bss.usart     0x20000464        0xc Drivers/UART/src/main.o
 *(COMMON)
                0x20000470                __bss_end__ = .
                0x20000470                _end = .
                0x20000470                end = .
                0x20000470                __end__ = .

.stack          0x20000470      0x400 load address 0x08001424
                0x20000470                . = ALIGN (0x8)
                0x20000470                _stack = .
                0x20000870                . = (. + 0x400)
 *fill*         0x20000470      0x400 
OUTPUT(Drivers/UART/main.elf elf32-littlearm)
LOAD linker stubs

.ARM.attributes
                0x00000000       0x30
 .ARM.attributes
                0x00000000       0x22 c:/program files (x86)/gnu arm embedded toolchain/10 2021.10/bin/../lib/gcc/arm-none-eabi/10.3.1/thumb/v8-m.main/nofp/crti.o
 .ARM.attributes
                0x00000022       0x34 Drivers/DMA/src/dma.o
 .ARM.attributes
                0x00000056       0x34 Drivers/GPIO/src/gpio.o
 .ARM.attributes
                0x0000008a       0x34 Drivers/NVIC/src/nvic.o
 .ARM.attributes
                0x000000be       0x34 Drivers/UART/src/main.o
 .ARM.attributes
                0x000000f2       0x34 Drivers/UART/src/startup.o
 .ARM.attributes
                0x00000126       0x34 Drivers/UART/src/uart.o
 .ARM.attributes
                0x0000015a       0x32 c:/program files (x86)/gnu arm embedded toolchain/10 2021.10/bin/../lib/gcc/arm-none-eabi/10.3.1/../../../../arm-none-eabi/lib/thumb/v8-m.main/nofp\libg_nano.a(lib_a-memcpy-stub.o)
 .ARM.attributes
                0x0000018c       0x32 c:/program files (x86)/gnu arm embedded toolchain/10 2021.10/bin/../lib/gcc/arm-none-eabi/10.3.1/../../../../arm-none-eabi/lib/thumb/v8-m.main/nofp\libg_nano.a(lib_a-memset.o)

.comment        0x00000000       0x49
 .comment       0x00000000       0x49 Drivers/DMA/src/dma.o
                                 0x4a (size before relaxing)
 .comment       0x00000049       0x4a Drivers/GPIO/src/gpio.o
 .comment       0x00000049       0x4a Drivers/NVIC/src/nvic.o
 .comment       0x00000049       0x4a Drivers/UART/src/main.o
 .comment       0x00000049       0x4a Drivers/UART/src/startup.o
 .comment       0x00000049       0x4a Drivers/UART/src/uart.o

.debug_info     0x00000000     0x4055
 .debug_info    0x00000000      0x8bd Drivers/DMA/src/dma.o
 .debug_info    0x000008bd      0x6c6 Drivers/GPIO/src/gpio.o
 .debug_info    0x00000f83      0xf94 Drivers/NVIC/src/nvic.o
 .debug_info    0x00001f17      0x9d6 Drivers/UART/src/main.o
 .debug_info    0x000028ed      0x1ce Drivers/UART/src/startup.o
 .debug_info    0x00002abb     0x159a Drivers/UART/src/uart.o

.debug_abbrev   0x00000000      0xe0c
 .debug_abbrev  0x00000000      0x261 Drivers/DMA/src/dma.o
 .debug_abbrev  0x00000261      0x19f Drivers/GPIO/src/gpio.o
 .debug_abbrev  0x00000400      0x291 Drivers/NVIC/src/nvic.o
 .debug_abbrev  0x00000691      0x1a8 Drivers/UART/src/main.o
 .debug_abbrev  0x00000839      0x147 Drivers/UART/src/startup.o
 .debug_abbrev  0x00000980      0x48c Drivers/UART/src/uart.o

.debug_loc      0x00000000     0x1c42
 .debug_loc     0x00000000      0x382 Drivers/DMA/src/dma.o
 .debug_loc     0x00000382      0x371 Drivers/GPIO/src/gpio.o
 .debug_loc     0x000006f3      0x57b Drivers/NVIC/src/nvic.o
 .debug_loc     0x00000c6e       0x97 Drivers/UART/src/main.o
 .debug_loc     0x00000d05      0xf3d Drivers/UART/src/uart.o

.debug_aranges  0x00000000      0x390
 .debug_aranges
                0x00000000       0x60 Drivers/DMA/src/dma.o
 .debug_aranges
                0x00000060       0x70 Drivers/GPIO/src/gpio.o
 .debug_aranges
                0x000000d0      0x190 Drivers/NVIC/src/nvic.o
 .debug_aranges
                0x00000260       0x28 Drivers/UART/src/main.o
 .debug_aranges
                0x00000288       0x30 Drivers/UART/src/startup.o
 .debug_aranges
                0x000002b8       0xd8 Drivers/UART/src/uart.o

.debug_ranges   0x00000000      0x600
 .debug_ranges  0x00000000       0x78 Drivers/DMA/src/dma.o
 .debug_ranges  0x00000078       0x60 Drivers/GPIO/src/gpio.o
 .debug_ranges  0x000000d8      0x228 Drivers/NVIC/src/nvic.o
 .debug_ranges  0x00000300       0x38 Drivers/UART/src/main.o
 .debug_ranges  0x00000338       0x20 Drivers/UART/src/startup.o
 .debug_ranges  0x00000358      0x2a8 Drivers/UART/src/uart.o

.debug_line     0x00000000     0x2a3d
 .debug_line    0x00000000      0x54a Drivers/DMA/src/dma.o
 .debug_line    0x0000054a      0x503 Drivers/GPIO/src/gpio.o
 .debug_line    0x00000a4d      0xbef Drivers/NVIC/src/nvic.o
 .debug_line    0x0000163c      0x219 Drivers/UART/src/main.o
 .debug_line    0x00001855      0x1c6 Drivers/UART/src/startup.o
 .debug_line    0x00001a1b     0x1022 Drivers/UART/src/uart.o

.debug_str      0x00000000     0x10dc
 .debug_str     0x00000000      0x6f4 Drivers/DMA/src/dma.o
                                0x760 (size before relaxing)
 .debug_str     0x000006f4      0x1a1 Drivers/GPIO/src/gpio.o
                                0x417 (size before relaxing)
 .debug_str     0x00000895      0x469 Drivers/NVIC/src/nvic.o
                                0x8f6 (size before relaxing)
 .debug_str     0x00000cfe      0x194 Drivers/UART/src/main.o
                                0x494 (size before relaxing)
 .debug_str     0x00000e92       0xd7 Drivers/UART/src/startup.o
                                0x25c (size before relaxing)
 .debug_str     0x00000f69      0x173 Drivers/UART/src/uart.o
                                0x991 (size before relaxing)

.debug_frame    0x00000000      0x85c
 .debug_frame   0x00000000       0xd4 Drivers/DMA/src/dma.o
 .debug_frame   0x000000d4       0xf4 Drivers/GPIO/src/gpio.o
 .debug_frame   0x000001c8      0x33c Drivers/NVIC/src/nvic.o
 .debug_frame   0x00000504       0x48 Drivers/UART/src/main.o
 .debug_frame   0x0000054c       0x48 Drivers/UART/src/startup.o
 .debug_frame   0x00000594      0x280 Drivers/UART/src/uart.o
 .debug_frame   0x00000814       0x28 c:/program files (x86)/gnu arm embedded toolchain/10 2021.10/bin/../lib/gcc/arm-none-eabi/10.3.1/../../../../arm-none-eabi/lib/thumb/v8-m.main/nofp\libg_nano.a(lib_a-memcpy-stub.o)
 .debug_frame   0x0000083c       0x20 c:/program files (x86)/gnu arm embedded toolchain/10 2021.10/bin/../lib/gcc/arm-none-eabi/10.3.1/../../../../arm-none-eabi/lib/thumb/v8-m.main/nofp\libg_nano.a(lib_a-memset.o)
