Archive member included to satisfy reference by file (symbol)

c:/program files (x86)/gnu arm embedded toolchain/10 2021.10/bin/../lib/gcc/arm-none-eabi/10.3.1/../../../../arm-none-eabi/lib/thumb/v8-m.main/nofp\libg_nano.a(lib_a-exit.o)
                              c:/program files (x86)/gnu arm embedded toolchain/10 2021.10/bin/../lib/gcc/arm-none-eabi/10.3.1/../../../../arm-none-eabi/lib/thumb/v8-m.main/nofp/crt0.o (exit)
c:/program files (x86)/gnu arm embedded toolchain/10 2021.10/bin/../lib/gcc/arm-none-eabi/10.3.1/../../../../arm-none-eabi/lib/thumb/v8-m.main/nofp\libg_nano.a(lib_a-impure.o)
                              c:/program files (x86)/gnu arm embedded toolchain/10 2021.10/bin/../lib/gcc/arm-none-eabi/10.3.1/../../../../arm-none-eabi/lib/thumb/v8-m.main/nofp\libg_nano.a(lib_a-exit.o) (_global_impure_ptr)
c:/program files (x86)/gnu arm embedded toolchain/10 2021.10/bin/../lib/gcc/arm-none-eabi/10.3.1/../../../../arm-none-eabi/lib/thumb/v8-m.main/nofp\libg_nano.a(lib_a-init.o)
                              c:/program files (x86)/gnu arm embedded toolchain/10 2021.10/bin/../lib/gcc/arm-none-eabi/10.3.1/../../../../arm-none-eabi/lib/thumb/v8-m.main/nofp/crt0.o (__libc_init_array)
c:/program files (x86)/gnu arm embedded toolchain/10 2021.10/bin/../lib/gcc/arm-none-eabi/10.3.1/../../../../arm-none-eabi/lib/thumb/v8-m.main/nofp\libg_nano.a(lib_a-memcpy-stub.o)
                              Drivers/DMA/src/startup.o (memcpy)
c:/program files (x86)/gnu arm embedded toolchain/10 2021.10/bin/../lib/gcc/arm-none-eabi/10.3.1/../../../../arm-none-eabi/lib/thumb/v8-m.main/nofp\libg_nano.a(lib_a-memset.o)
                              c:/program files (x86)/gnu arm embedded toolchain/10 2021.10/bin/../lib/gcc/arm-none-eabi/10.3.1/../../../../arm-none-eabi/lib/thumb/v8-m.main/nofp/crt0.o (memset)
c:/program files (x86)/gnu arm embedded toolchain/10 2021.10/bin/../lib/gcc/arm-none-eabi/10.3.1/../../../../arm-none-eabi/lib/thumb/v8-m.main/nofp\libnosys.a(_exit.o)
                              c:/program files (x86)/gnu arm embedded toolchain/10 2021.10/bin/../lib/gcc/arm-none-eabi/10.3.1/../../../../arm-none-eabi/lib/thumb/v8-m.main/nofp\libg_nano.a(lib_a-exit.o) (_exit)

Discarded input sections

 .text          0x00000000        0x0 c:/program files (x86)/gnu arm embedded toolchain/10 2021.10/bin/../lib/gcc/arm-none-eabi/10.3.1/thumb/v8-m.main/nofp/crti.o
 .data          0x00000000        0x0 c:/program files (x86)/gnu arm embedded toolchain/10 2021.10/bin/../lib/gcc/arm-none-eabi/10.3.1/thumb/v8-m.main/nofp/crti.o
 .bss           0x00000000        0x0 c:/program files (x86)/gnu arm embedded toolchain/10 2021.10/bin/../lib/gcc/arm-none-eabi/10.3.1/thumb/v8-m.main/nofp/crti.o
 .text          0x00000000       0x40 c:/program files (x86)/gnu arm embedded toolchain/10 2021.10/bin/../lib/gcc/arm-none-eabi/10.3.1/thumb/v8-m.main/nofp/crtbegin.o
 .data          0x00000000        0x4 c:/program files (x86)/gnu arm embedded toolchain/10 2021.10/bin/../lib/gcc/arm-none-eabi/10.3.1/thumb/v8-m.main/nofp/crtbegin.o
 .bss           0x00000000       0x1c c:/program files (x86)/gnu arm embedded toolchain/10 2021.10/bin/../lib/gcc/arm-none-eabi/10.3.1/thumb/v8-m.main/nofp/crtbegin.o
 .rodata        0x00000000       0x24 c:/program files (x86)/gnu arm embedded toolchain/10 2021.10/bin/../lib/gcc/arm-none-eabi/10.3.1/thumb/v8-m.main/nofp/crtbegin.o
 .init_array    0x00000000        0x4 c:/program files (x86)/gnu arm embedded toolchain/10 2021.10/bin/../lib/gcc/arm-none-eabi/10.3.1/thumb/v8-m.main/nofp/crtbegin.o
 .fini_array    0x00000000        0x4 c:/program files (x86)/gnu arm embedded toolchain/10 2021.10/bin/../lib/gcc/arm-none-eabi/10.3.1/thumb/v8-m.main/nofp/crtbegin.o
 .eh_frame      0x00000000        0x0 c:/program files (x86)/gnu arm embedded toolchain/10 2021.10/bin/../lib/gcc/arm-none-eabi/10.3.1/thumb/v8-m.main/nofp/crtbegin.o
 .ARM.attributes
                0x00000000       0x32 c:/program files (x86)/gnu arm embedded toolchain/10 2021.10/bin/../lib/gcc/arm-none-eabi/10.3.1/thumb/v8-m.main/nofp/crtbegin.o
 .text          0x00000000       0x7c c:/program files (x86)/gnu arm embedded toolchain/10 2021.10/bin/../lib/gcc/arm-none-eabi/10.3.1/../../../../arm-none-eabi/lib/thumb/v8-m.main/nofp/crt0.o
 .data          0x00000000        0x0 c:/program files (x86)/gnu arm embedded toolchain/10 2021.10/bin/../lib/gcc/arm-none-eabi/10.3.1/../../../../arm-none-eabi/lib/thumb/v8-m.main/nofp/crt0.o
 .bss           0x00000000        0x0 c:/program files (x86)/gnu arm embedded toolchain/10 2021.10/bin/../lib/gcc/arm-none-eabi/10.3.1/../../../../arm-none-eabi/lib/thumb/v8-m.main/nofp/crt0.o
 .ARM.extab     0x00000000        0x0 c:/program files (x86)/gnu arm embedded toolchain/10 2021.10/bin/../lib/gcc/arm-none-eabi/10.3.1/../../../../arm-none-eabi/lib/thumb/v8-m.main/nofp/crt0.o
 .ARM.exidx     0x00000000       0x10 c:/program files (x86)/gnu arm embedded toolchain/10 2021.10/bin/../lib/gcc/arm-none-eabi/10.3.1/../../../../arm-none-eabi/lib/thumb/v8-m.main/nofp/crt0.o
 .ARM.attributes
                0x00000000       0x20 c:/program files (x86)/gnu arm embedded toolchain/10 2021.10/bin/../lib/gcc/arm-none-eabi/10.3.1/../../../../arm-none-eabi/lib/thumb/v8-m.main/nofp/crt0.o
 .text          0x00000000        0x0 Drivers/DMA/src/dma.o
 .data          0x00000000        0x0 Drivers/DMA/src/dma.o
 .bss           0x00000000        0x0 Drivers/DMA/src/dma.o
 .text.DMA_GetRegisterAddress
                0x00000000        0xc Drivers/DMA/src/dma.o
 .text          0x00000000        0x0 Drivers/DMA/src/main.o
 .data          0x00000000        0x0 Drivers/DMA/src/main.o
 .bss           0x00000000        0x0 Drivers/DMA/src/main.o
 .text          0x00000000        0x0 Drivers/DMA/src/startup.o
 .data          0x00000000        0x0 Drivers/DMA/src/startup.o
 .bss           0x00000000        0x0 Drivers/DMA/src/startup.o
 .text.SystemInit
                0x00000000       0x10 Drivers/DMA/src/startup.o
 .text          0x00000000        0x0 Drivers/GPIO/src/gpio.o
 .data          0x00000000        0x0 Drivers/GPIO/src/gpio.o
 .bss           0x00000000        0x0 Drivers/GPIO/src/gpio.o
 .text.GPIO_ReadPin
                0x00000000       0x10 Drivers/GPIO/src/gpio.o
 .text.GPIO_SetPin
                0x00000000        0xc Drivers/GPIO/src/gpio.o
 .text.GPIO_ResetPin
                0x00000000        0xc Drivers/GPIO/src/gpio.o
 .text.GPIO_SetBit
                0x00000000        0xc Drivers/GPIO/src/gpio.o
 .text.GPIO_ResetBit
                0x00000000        0xc Drivers/GPIO/src/gpio.o
 .text          0x00000000        0x0 Drivers/UART/src/uart.o
 .data          0x00000000        0x0 Drivers/UART/src/uart.o
 .bss           0x00000000        0x0 Drivers/UART/src/uart.o
 .text.BRR_Oversample_by_16
                0x00000000        0xc Drivers/UART/src/uart.o
 .text.USART_x_Write
                0x00000000       0x10 Drivers/UART/src/uart.o
 .text.USART_x_Read
                0x00000000       0x10 Drivers/UART/src/uart.o
 .text.USART_EnableRXInterrupt
                0x00000000       0x10 Drivers/UART/src/uart.o
 .text.USART_DisableRXInterrupt
                0x00000000       0x10 Drivers/UART/src/uart.o
 .text.USART_IRQHandler
                0x00000000       0x24 Drivers/UART/src/uart.o
 .text.USART_EnableTXDMA
                0x00000000        0xc Drivers/UART/src/uart.o
 .text.USART_DisableTXDMA
                0x00000000        0xc Drivers/UART/src/uart.o
 .text.USART_EnableRXDMA
                0x00000000        0xc Drivers/UART/src/uart.o
 .text.USART_DisableRXDMA
                0x00000000        0xc Drivers/UART/src/uart.o
 .text.USART_HandleTXDMA
                0x00000000        0x4 Drivers/UART/src/uart.o
 .text.USART_HandleRXDMA
                0x00000000        0x4 Drivers/UART/src/uart.o
 .text.writeString
                0x00000000       0x2c Drivers/UART/src/uart.o
 .text.readString
                0x00000000       0x38 Drivers/UART/src/uart.o
 .rodata.GetPortName.str1.4
                0x00000000       0x2e Drivers/UART/src/uart.o
 .text.GetPortName
                0x00000000       0x64 Drivers/UART/src/uart.o
 .text.USART_WriteChar
                0x00000000       0x10 Drivers/UART/src/uart.o
 .text.USART_ReadChar
                0x00000000       0x10 Drivers/UART/src/uart.o
 .text.USART_ReadString
                0x00000000       0x60 Drivers/UART/src/uart.o
 .text          0x00000000        0x0 c:/program files (x86)/gnu arm embedded toolchain/10 2021.10/bin/../lib/gcc/arm-none-eabi/10.3.1/../../../../arm-none-eabi/lib/thumb/v8-m.main/nofp\libg_nano.a(lib_a-exit.o)
 .data          0x00000000        0x0 c:/program files (x86)/gnu arm embedded toolchain/10 2021.10/bin/../lib/gcc/arm-none-eabi/10.3.1/../../../../arm-none-eabi/lib/thumb/v8-m.main/nofp\libg_nano.a(lib_a-exit.o)
 .bss           0x00000000        0x0 c:/program files (x86)/gnu arm embedded toolchain/10 2021.10/bin/../lib/gcc/arm-none-eabi/10.3.1/../../../../arm-none-eabi/lib/thumb/v8-m.main/nofp\libg_nano.a(lib_a-exit.o)
 .text.exit     0x00000000       0x28 c:/program files (x86)/gnu arm embedded toolchain/10 2021.10/bin/../lib/gcc/arm-none-eabi/10.3.1/../../../../arm-none-eabi/lib/thumb/v8-m.main/nofp\libg_nano.a(lib_a-exit.o)
 .debug_frame   0x00000000       0x28 c:/program files (x86)/gnu arm embedded toolchain/10 2021.10/bin/../lib/gcc/arm-none-eabi/10.3.1/../../../../arm-none-eabi/lib/thumb/v8-m.main/nofp\libg_nano.a(lib_a-exit.o)
 .ARM.attributes
                0x00000000       0x32 c:/program files (x86)/gnu arm embedded toolchain/10 2021.10/bin/../lib/gcc/arm-none-eabi/10.3.1/../../../../arm-none-eabi/lib/thumb/v8-m.main/nofp\libg_nano.a(lib_a-exit.o)
 .text          0x00000000        0x0 c:/program files (x86)/gnu arm embedded toolchain/10 2021.10/bin/../lib/gcc/arm-none-eabi/10.3.1/../../../../arm-none-eabi/lib/thumb/v8-m.main/nofp\libg_nano.a(lib_a-impure.o)
 .data          0x00000000        0x0 c:/program files (x86)/gnu arm embedded toolchain/10 2021.10/bin/../lib/gcc/arm-none-eabi/10.3.1/../../../../arm-none-eabi/lib/thumb/v8-m.main/nofp\libg_nano.a(lib_a-impure.o)
 .bss           0x00000000        0x0 c:/program files (x86)/gnu arm embedded toolchain/10 2021.10/bin/../lib/gcc/arm-none-eabi/10.3.1/../../../../arm-none-eabi/lib/thumb/v8-m.main/nofp\libg_nano.a(lib_a-impure.o)
 .data._impure_ptr
                0x00000000        0x4 c:/program files (x86)/gnu arm embedded toolchain/10 2021.10/bin/../lib/gcc/arm-none-eabi/10.3.1/../../../../arm-none-eabi/lib/thumb/v8-m.main/nofp\libg_nano.a(lib_a-impure.o)
 .data.impure_data
                0x00000000       0x60 c:/program files (x86)/gnu arm embedded toolchain/10 2021.10/bin/../lib/gcc/arm-none-eabi/10.3.1/../../../../arm-none-eabi/lib/thumb/v8-m.main/nofp\libg_nano.a(lib_a-impure.o)
 .rodata._global_impure_ptr
                0x00000000        0x4 c:/program files (x86)/gnu arm embedded toolchain/10 2021.10/bin/../lib/gcc/arm-none-eabi/10.3.1/../../../../arm-none-eabi/lib/thumb/v8-m.main/nofp\libg_nano.a(lib_a-impure.o)
 .ARM.attributes
                0x00000000       0x32 c:/program files (x86)/gnu arm embedded toolchain/10 2021.10/bin/../lib/gcc/arm-none-eabi/10.3.1/../../../../arm-none-eabi/lib/thumb/v8-m.main/nofp\libg_nano.a(lib_a-impure.o)
 .text          0x00000000        0x0 c:/program files (x86)/gnu arm embedded toolchain/10 2021.10/bin/../lib/gcc/arm-none-eabi/10.3.1/../../../../arm-none-eabi/lib/thumb/v8-m.main/nofp\libg_nano.a(lib_a-init.o)
 .data          0x00000000        0x0 c:/program files (x86)/gnu arm embedded toolchain/10 2021.10/bin/../lib/gcc/arm-none-eabi/10.3.1/../../../../arm-none-eabi/lib/thumb/v8-m.main/nofp\libg_nano.a(lib_a-init.o)
 .bss           0x00000000        0x0 c:/program files (x86)/gnu arm embedded toolchain/10 2021.10/bin/../lib/gcc/arm-none-eabi/10.3.1/../../../../arm-none-eabi/lib/thumb/v8-m.main/nofp\libg_nano.a(lib_a-init.o)
 .text.__libc_init_array
                0x00000000       0x48 c:/program files (x86)/gnu arm embedded toolchain/10 2021.10/bin/../lib/gcc/arm-none-eabi/10.3.1/../../../../arm-none-eabi/lib/thumb/v8-m.main/nofp\libg_nano.a(lib_a-init.o)
 .debug_frame   0x00000000       0x2c c:/program files (x86)/gnu arm embedded toolchain/10 2021.10/bin/../lib/gcc/arm-none-eabi/10.3.1/../../../../arm-none-eabi/lib/thumb/v8-m.main/nofp\libg_nano.a(lib_a-init.o)
 .ARM.attributes
                0x00000000       0x32 c:/program files (x86)/gnu arm embedded toolchain/10 2021.10/bin/../lib/gcc/arm-none-eabi/10.3.1/../../../../arm-none-eabi/lib/thumb/v8-m.main/nofp\libg_nano.a(lib_a-init.o)
 .text          0x00000000        0x0 c:/program files (x86)/gnu arm embedded toolchain/10 2021.10/bin/../lib/gcc/arm-none-eabi/10.3.1/../../../../arm-none-eabi/lib/thumb/v8-m.main/nofp\libg_nano.a(lib_a-memcpy-stub.o)
 .data          0x00000000        0x0 c:/program files (x86)/gnu arm embedded toolchain/10 2021.10/bin/../lib/gcc/arm-none-eabi/10.3.1/../../../../arm-none-eabi/lib/thumb/v8-m.main/nofp\libg_nano.a(lib_a-memcpy-stub.o)
 .bss           0x00000000        0x0 c:/program files (x86)/gnu arm embedded toolchain/10 2021.10/bin/../lib/gcc/arm-none-eabi/10.3.1/../../../../arm-none-eabi/lib/thumb/v8-m.main/nofp\libg_nano.a(lib_a-memcpy-stub.o)
 .text          0x00000000        0x0 c:/program files (x86)/gnu arm embedded toolchain/10 2021.10/bin/../lib/gcc/arm-none-eabi/10.3.1/../../../../arm-none-eabi/lib/thumb/v8-m.main/nofp\libg_nano.a(lib_a-memset.o)
 .data          0x00000000        0x0 c:/program files (x86)/gnu arm embedded toolchain/10 2021.10/bin/../lib/gcc/arm-none-eabi/10.3.1/../../../../arm-none-eabi/lib/thumb/v8-m.main/nofp\libg_nano.a(lib_a-memset.o)
 .bss           0x00000000        0x0 c:/program files (x86)/gnu arm embedded toolchain/10 2021.10/bin/../lib/gcc/arm-none-eabi/10.3.1/../../../../arm-none-eabi/lib/thumb/v8-m.main/nofp\libg_nano.a(lib_a-memset.o)
 .text          0x00000000        0x0 c:/program files (x86)/gnu arm embedded toolchain/10 2021.10/bin/../lib/gcc/arm-none-eabi/10.3.1/../../../../arm-none-eabi/lib/thumb/v8-m.main/nofp\libnosys.a(_exit.o)
 .data          0x00000000        0x0 c:/program files (x86)/gnu arm embedded toolchain/10 2021.10/bin/../lib/gcc/arm-none-eabi/10.3.1/../../../../arm-none-eabi/lib/thumb/v8-m.main/nofp\libnosys.a(_exit.o)
 .bss           0x00000000        0x0 c:/program files (x86)/gnu arm embedded toolchain/10 2021.10/bin/../lib/gcc/arm-none-eabi/10.3.1/../../../../arm-none-eabi/lib/thumb/v8-m.main/nofp\libnosys.a(_exit.o)
 .text._exit    0x00000000        0x4 c:/program files (x86)/gnu arm embedded toolchain/10 2021.10/bin/../lib/gcc/arm-none-eabi/10.3.1/../../../../arm-none-eabi/lib/thumb/v8-m.main/nofp\libnosys.a(_exit.o)
 .debug_frame   0x00000000       0x20 c:/program files (x86)/gnu arm embedded toolchain/10 2021.10/bin/../lib/gcc/arm-none-eabi/10.3.1/../../../../arm-none-eabi/lib/thumb/v8-m.main/nofp\libnosys.a(_exit.o)
 .ARM.attributes
                0x00000000       0x32 c:/program files (x86)/gnu arm embedded toolchain/10 2021.10/bin/../lib/gcc/arm-none-eabi/10.3.1/../../../../arm-none-eabi/lib/thumb/v8-m.main/nofp\libnosys.a(_exit.o)
 .text          0x00000000        0x0 c:/program files (x86)/gnu arm embedded toolchain/10 2021.10/bin/../lib/gcc/arm-none-eabi/10.3.1/thumb/v8-m.main/nofp/crtend.o
 .data          0x00000000        0x0 c:/program files (x86)/gnu arm embedded toolchain/10 2021.10/bin/../lib/gcc/arm-none-eabi/10.3.1/thumb/v8-m.main/nofp/crtend.o
 .bss           0x00000000        0x0 c:/program files (x86)/gnu arm embedded toolchain/10 2021.10/bin/../lib/gcc/arm-none-eabi/10.3.1/thumb/v8-m.main/nofp/crtend.o
 .rodata        0x00000000       0x24 c:/program files (x86)/gnu arm embedded toolchain/10 2021.10/bin/../lib/gcc/arm-none-eabi/10.3.1/thumb/v8-m.main/nofp/crtend.o
 .eh_frame      0x00000000        0x4 c:/program files (x86)/gnu arm embedded toolchain/10 2021.10/bin/../lib/gcc/arm-none-eabi/10.3.1/thumb/v8-m.main/nofp/crtend.o
 .ARM.attributes
                0x00000000       0x32 c:/program files (x86)/gnu arm embedded toolchain/10 2021.10/bin/../lib/gcc/arm-none-eabi/10.3.1/thumb/v8-m.main/nofp/crtend.o
 .text          0x00000000        0x0 c:/program files (x86)/gnu arm embedded toolchain/10 2021.10/bin/../lib/gcc/arm-none-eabi/10.3.1/thumb/v8-m.main/nofp/crtn.o
 .data          0x00000000        0x0 c:/program files (x86)/gnu arm embedded toolchain/10 2021.10/bin/../lib/gcc/arm-none-eabi/10.3.1/thumb/v8-m.main/nofp/crtn.o
 .bss           0x00000000        0x0 c:/program files (x86)/gnu arm embedded toolchain/10 2021.10/bin/../lib/gcc/arm-none-eabi/10.3.1/thumb/v8-m.main/nofp/crtn.o
 .init          0x00000000        0x8 c:/program files (x86)/gnu arm embedded toolchain/10 2021.10/bin/../lib/gcc/arm-none-eabi/10.3.1/thumb/v8-m.main/nofp/crtn.o
 .fini          0x00000000        0x8 c:/program files (x86)/gnu arm embedded toolchain/10 2021.10/bin/../lib/gcc/arm-none-eabi/10.3.1/thumb/v8-m.main/nofp/crtn.o
 .ARM.attributes
                0x00000000       0x22 c:/program files (x86)/gnu arm embedded toolchain/10 2021.10/bin/../lib/gcc/arm-none-eabi/10.3.1/thumb/v8-m.main/nofp/crtn.o

Memory Configuration

Name             Origin             Length             Attributes
FLASH            0x08000000         0x00100000         xr
RAM              0x20000000         0x00020000         xrw
*default*        0x00000000         0xffffffff

Linker script and memory map

LOAD c:/program files (x86)/gnu arm embedded toolchain/10 2021.10/bin/../lib/gcc/arm-none-eabi/10.3.1/thumb/v8-m.main/nofp/crti.o
LOAD c:/program files (x86)/gnu arm embedded toolchain/10 2021.10/bin/../lib/gcc/arm-none-eabi/10.3.1/thumb/v8-m.main/nofp/crtbegin.o
LOAD c:/program files (x86)/gnu arm embedded toolchain/10 2021.10/bin/../lib/gcc/arm-none-eabi/10.3.1/../../../../arm-none-eabi/lib/thumb/v8-m.main/nofp/crt0.o
LOAD Drivers/DMA/src/dma.o
LOAD Drivers/DMA/src/main.o
LOAD Drivers/DMA/src/startup.o
LOAD Drivers/GPIO/src/gpio.o
LOAD Drivers/UART/src/uart.o
START GROUP
LOAD c:/program files (x86)/gnu arm embedded toolchain/10 2021.10/bin/../lib/gcc/arm-none-eabi/10.3.1/thumb/v8-m.main/nofp\libgcc.a
LOAD c:/program files (x86)/gnu arm embedded toolchain/10 2021.10/bin/../lib/gcc/arm-none-eabi/10.3.1/../../../../arm-none-eabi/lib/thumb/v8-m.main/nofp\libg_nano.a
LOAD c:/program files (x86)/gnu arm embedded toolchain/10 2021.10/bin/../lib/gcc/arm-none-eabi/10.3.1/../../../../arm-none-eabi/lib/thumb/v8-m.main/nofp\libc_nano.a
END GROUP
START GROUP
LOAD c:/program files (x86)/gnu arm embedded toolchain/10 2021.10/bin/../lib/gcc/arm-none-eabi/10.3.1/thumb/v8-m.main/nofp\libgcc.a
LOAD c:/program files (x86)/gnu arm embedded toolchain/10 2021.10/bin/../lib/gcc/arm-none-eabi/10.3.1/../../../../arm-none-eabi/lib/thumb/v8-m.main/nofp\libc_nano.a
LOAD c:/program files (x86)/gnu arm embedded toolchain/10 2021.10/bin/../lib/gcc/arm-none-eabi/10.3.1/../../../../arm-none-eabi/lib/thumb/v8-m.main/nofp\libnosys.a
END GROUP
START GROUP
LOAD c:/program files (x86)/gnu arm embedded toolchain/10 2021.10/bin/../lib/gcc/arm-none-eabi/10.3.1/thumb/v8-m.main/nofp\libgcc.a
LOAD c:/program files (x86)/gnu arm embedded toolchain/10 2021.10/bin/../lib/gcc/arm-none-eabi/10.3.1/../../../../arm-none-eabi/lib/thumb/v8-m.main/nofp\libc_nano.a
LOAD c:/program files (x86)/gnu arm embedded toolchain/10 2021.10/bin/../lib/gcc/arm-none-eabi/10.3.1/../../../../arm-none-eabi/lib/thumb/v8-m.main/nofp\libnosys.a
END GROUP
LOAD c:/program files (x86)/gnu arm embedded toolchain/10 2021.10/bin/../lib/gcc/arm-none-eabi/10.3.1/thumb/v8-m.main/nofp/crtend.o
LOAD c:/program files (x86)/gnu arm embedded toolchain/10 2021.10/bin/../lib/gcc/arm-none-eabi/10.3.1/thumb/v8-m.main/nofp/crtn.o
                0x20020000                _estack = (ORIGIN (RAM) + LENGTH (RAM))

.isr_vector     0x08000000      0x140
 *(.isr_vector)
 .isr_vector    0x08000000      0x140 Drivers/DMA/src/startup.o
                0x08000000                vector_table

.text           0x08000140      0xd38
 *(.text*)
 .text.DMA_Constructor
                0x08000140       0x28 Drivers/DMA/src/dma.o
                0x08000140                DMA_Constructor
 .text.DMA_Init
                0x08000168       0xd4 Drivers/DMA/src/dma.o
                0x08000168                DMA_Init
 .text.DMA_ConfigTransfer
                0x0800023c       0x50 Drivers/DMA/src/dma.o
                0x0800023c                DMA_ConfigTransfer
 .text.DMA_Start
                0x0800028c       0x3c Drivers/DMA/src/dma.o
                0x0800028c                DMA_Start
 .text.DMA_Stop
                0x080002c8       0x38 Drivers/DMA/src/dma.o
                0x080002c8                DMA_Stop
 .text.DMA_IsTransferComplete
                0x08000300       0x38 Drivers/DMA/src/dma.o
                0x08000300                DMA_IsTransferComplete
 .text.startup.main
                0x08000338      0x250 Drivers/DMA/src/main.o
                0x08000338                main
 .text.Default_Handler
                0x08000588        0x4 Drivers/DMA/src/startup.o
                0x08000588                Default_Handler
 .text.Reset_Handler
                0x0800058c       0x5c Drivers/DMA/src/startup.o
                0x0800058c                Reset_Handler
 .text.GPIO_WritePin
                0x080005e8        0xc Drivers/GPIO/src/gpio.o
                0x080005e8                GPIO_WritePin
 .text.GPIO_TogglePin
                0x080005f4        0xc Drivers/GPIO/src/gpio.o
                0x080005f4                GPIO_TogglePin
 .text.__RCC_GPIO_CLK_ENABLE
                0x08000600       0xb4 Drivers/GPIO/src/gpio.o
                0x08000600                __RCC_GPIO_CLK_ENABLE
 .text.GPIO_Init
                0x080006b4      0x114 Drivers/GPIO/src/gpio.o
                0x080006b4                GPIO_Init
 .text.GPIO_constructor
                0x080007c8        0x8 Drivers/GPIO/src/gpio.o
                0x080007c8                GPIO_constructor
 .text.USART_Init
                0x080007d0      0x458 Drivers/UART/src/uart.o
                0x080007d0                USART_Init
 .text.USART_constructor
                0x08000c28        0xc Drivers/UART/src/uart.o
                0x08000c28                USART_constructor
 .text.USART1_IRQHandler
                0x08000c34       0x30 Drivers/UART/src/uart.o
                0x08000c34                USART1_IRQHandler
 .text.USART2_IRQHandler
                0x08000c64       0x30 Drivers/UART/src/uart.o
                0x08000c64                USART2_IRQHandler
 .text.USART3_IRQHandler
                0x08000c94       0x30 Drivers/UART/src/uart.o
                0x08000c94                USART3_IRQHandler
 .text.UART4_IRQHandler
                0x08000cc4       0x30 Drivers/UART/src/uart.o
                0x08000cc4                UART4_IRQHandler
 .text.UART5_IRQHandler
                0x08000cf4       0x30 Drivers/UART/src/uart.o
                0x08000cf4                UART5_IRQHandler
 .text.USART_WriteString
                0x08000d24       0x30 Drivers/UART/src/uart.o
                0x08000d24                USART_WriteString
 .text.uart_write_hex8
                0x08000d54       0x4c Drivers/UART/src/uart.o
                0x08000d54                uart_write_hex8
 .text.uart_write_hex32
                0x08000da0       0x2c Drivers/UART/src/uart.o
                0x08000da0                uart_write_hex32
 .text.memcpy   0x08000dcc       0x1a c:/program files (x86)/gnu arm embedded toolchain/10 2021.10/bin/../lib/gcc/arm-none-eabi/10.3.1/../../../../arm-none-eabi/lib/thumb/v8-m.main/nofp\libg_nano.a(lib_a-memcpy-stub.o)
                0x08000dcc                memcpy
 .text.memset   0x08000de6       0x10 c:/program files (x86)/gnu arm embedded toolchain/10 2021.10/bin/../lib/gcc/arm-none-eabi/10.3.1/../../../../arm-none-eabi/lib/thumb/v8-m.main/nofp\libg_nano.a(lib_a-memset.o)
                0x08000de6                memset
 *(.rodata*)
 *fill*         0x08000df6        0x2 
 .rodata.main.str1.4
                0x08000df8       0x62 Drivers/DMA/src/main.o
                                 0x66 (size before relaxing)
 *fill*         0x08000e5a        0x2 
 .rodata.uart_write_hex8.str1.4
                0x08000e5c       0x11 Drivers/UART/src/uart.o
 *(.glue_7)
 .glue_7        0x08000e6d        0x0 linker stubs
 *(.glue_7t)
 .glue_7t       0x08000e6d        0x0 linker stubs
 *(.init)
 *fill*         0x08000e6d        0x3 
 .init          0x08000e70        0x4 c:/program files (x86)/gnu arm embedded toolchain/10 2021.10/bin/../lib/gcc/arm-none-eabi/10.3.1/thumb/v8-m.main/nofp/crti.o
                0x08000e70                _init
 *(.fini)
 .fini          0x08000e74        0x4 c:/program files (x86)/gnu arm embedded toolchain/10 2021.10/bin/../lib/gcc/arm-none-eabi/10.3.1/thumb/v8-m.main/nofp/crti.o
                0x08000e74                _fini

.vfp11_veneer   0x08000e78        0x0
 .vfp11_veneer  0x08000e78        0x0 linker stubs

.v4_bx          0x08000e78        0x0
 .v4_bx         0x08000e78        0x0 linker stubs

.iplt           0x08000e78        0x0
 .iplt          0x08000e78        0x0 Drivers/DMA/src/dma.o

.rel.dyn        0x08000e78        0x0
 .rel.iplt      0x08000e78        0x0 Drivers/DMA/src/dma.o

.ARM.extab
 *(.ARM.extab* .gnu.linkonce.armextab.*)

.ARM.exidx      0x08000e78        0x0
                0x08000e78                __exidx_start = .
 *(.ARM.exidx*)
                0x08000e78                __exidx_end = .
                0x08000e78                __etext = .

.data           0x20000000        0xc load address 0x08000e78
                0x20000000                __data_start__ = .
 *(.data*)
 .data.srcBuffer
                0x20000000        0x8 Drivers/DMA/src/main.o
 .data.SystemCoreClock
                0x20000008        0x4 Drivers/DMA/src/startup.o
                0x20000008                SystemCoreClock
                0x2000000c                __data_end__ = .

.igot.plt       0x2000000c        0x0 load address 0x08000e84
 .igot.plt      0x2000000c        0x0 Drivers/DMA/src/dma.o

.bss            0x2000000c       0x20 load address 0x08000e84
                0x2000000c                __bss_start__ = .
 *(.bss*)
 .bss.g_dma_debug_point
                0x2000000c        0x4 Drivers/DMA/src/dma.o
                0x2000000c                g_dma_debug_point
 .bss.dstBuffer
                0x20000010        0x8 Drivers/DMA/src/main.o
 .bss.s_uart4_handle
                0x20000018        0x4 Drivers/UART/src/uart.o
 .bss.s_uart5_handle
                0x2000001c        0x4 Drivers/UART/src/uart.o
 .bss.s_usart1_handle
                0x20000020        0x4 Drivers/UART/src/uart.o
 .bss.s_usart2_handle
                0x20000024        0x4 Drivers/UART/src/uart.o
 .bss.s_usart3_handle
                0x20000028        0x4 Drivers/UART/src/uart.o
 *(COMMON)
                0x2000002c                __bss_end__ = .
                0x2000002c                _end = .
                0x2000002c                end = .
                0x2000002c                __end__ = .

.stack          0x2000002c      0x404 load address 0x08000ea4
                0x20000030                . = ALIGN (0x8)
 *fill*         0x2000002c        0x4 
                0x20000030                _stack = .
                0x20000430                . = (. + 0x400)
 *fill*         0x20000030      0x400 
OUTPUT(Drivers/DMA/main.elf elf32-littlearm)
LOAD linker stubs

.ARM.attributes
                0x00000000       0x30
 .ARM.attributes
                0x00000000       0x22 c:/program files (x86)/gnu arm embedded toolchain/10 2021.10/bin/../lib/gcc/arm-none-eabi/10.3.1/thumb/v8-m.main/nofp/crti.o
 .ARM.attributes
                0x00000022       0x34 Drivers/DMA/src/dma.o
 .ARM.attributes
                0x00000056       0x34 Drivers/DMA/src/main.o
 .ARM.attributes
                0x0000008a       0x34 Drivers/DMA/src/startup.o
 .ARM.attributes
                0x000000be       0x34 Drivers/GPIO/src/gpio.o
 .ARM.attributes
                0x000000f2       0x34 Drivers/UART/src/uart.o
 .ARM.attributes
                0x00000126       0x32 c:/program files (x86)/gnu arm embedded toolchain/10 2021.10/bin/../lib/gcc/arm-none-eabi/10.3.1/../../../../arm-none-eabi/lib/thumb/v8-m.main/nofp\libg_nano.a(lib_a-memcpy-stub.o)
 .ARM.attributes
                0x00000158       0x32 c:/program files (x86)/gnu arm embedded toolchain/10 2021.10/bin/../lib/gcc/arm-none-eabi/10.3.1/../../../../arm-none-eabi/lib/thumb/v8-m.main/nofp\libg_nano.a(lib_a-memset.o)

.comment        0x00000000       0x49
 .comment       0x00000000       0x49 Drivers/DMA/src/dma.o
                                 0x4a (size before relaxing)
 .comment       0x00000049       0x4a Drivers/DMA/src/main.o
 .comment       0x00000049       0x4a Drivers/DMA/src/startup.o
 .comment       0x00000049       0x4a Drivers/GPIO/src/gpio.o
 .comment       0x00000049       0x4a Drivers/UART/src/uart.o

.debug_info     0x00000000     0x2c85
 .debug_info    0x00000000      0x6b0 Drivers/DMA/src/dma.o
 .debug_info    0x000006b0      0xc19 Drivers/DMA/src/main.o
 .debug_info    0x000012c9      0x1ce Drivers/DMA/src/startup.o
 .debug_info    0x00001497      0x6a3 Drivers/GPIO/src/gpio.o
 .debug_info    0x00001b3a     0x114b Drivers/UART/src/uart.o

.debug_abbrev   0x00000000      0xbd7
 .debug_abbrev  0x00000000      0x201 Drivers/DMA/src/dma.o
 .debug_abbrev  0x00000201      0x25d Drivers/DMA/src/main.o
 .debug_abbrev  0x0000045e      0x147 Drivers/DMA/src/startup.o
 .debug_abbrev  0x000005a5      0x19f Drivers/GPIO/src/gpio.o
 .debug_abbrev  0x00000744      0x493 Drivers/UART/src/uart.o

.debug_loc      0x00000000     0x157b
 .debug_loc     0x00000000      0x39c Drivers/DMA/src/dma.o
 .debug_loc     0x0000039c      0x454 Drivers/DMA/src/main.o
 .debug_loc     0x000007f0      0x371 Drivers/GPIO/src/gpio.o
 .debug_loc     0x00000b61      0xa1a Drivers/UART/src/uart.o

.debug_aranges  0x00000000      0x1e8
 .debug_aranges
                0x00000000       0x50 Drivers/DMA/src/dma.o
 .debug_aranges
                0x00000050       0x20 Drivers/DMA/src/main.o
 .debug_aranges
                0x00000070       0x30 Drivers/DMA/src/startup.o
 .debug_aranges
                0x000000a0       0x68 Drivers/GPIO/src/gpio.o
 .debug_aranges
                0x00000108       0xe0 Drivers/UART/src/uart.o

.debug_ranges   0x00000000      0x360
 .debug_ranges  0x00000000       0x60 Drivers/DMA/src/dma.o
 .debug_ranges  0x00000060       0x28 Drivers/DMA/src/main.o
 .debug_ranges  0x00000088       0x20 Drivers/DMA/src/startup.o
 .debug_ranges  0x000000a8       0x58 Drivers/GPIO/src/gpio.o
 .debug_ranges  0x00000100      0x260 Drivers/UART/src/uart.o

.debug_line     0x00000000     0x1f78
 .debug_line    0x00000000      0x597 Drivers/DMA/src/dma.o
 .debug_line    0x00000597      0x3b9 Drivers/DMA/src/main.o
 .debug_line    0x00000950      0x1c9 Drivers/DMA/src/startup.o
 .debug_line    0x00000b19      0x4bf Drivers/GPIO/src/gpio.o
 .debug_line    0x00000fd8      0xfa0 Drivers/UART/src/uart.o

.debug_str      0x00000000      0xb27
 .debug_str     0x00000000      0x3f3 Drivers/DMA/src/dma.o
                                0x45e (size before relaxing)
 .debug_str     0x000003f3      0x247 Drivers/DMA/src/main.o
                                0x55f (size before relaxing)
 .debug_str     0x0000063a       0xd6 Drivers/DMA/src/startup.o
                                0x25b (size before relaxing)
 .debug_str     0x00000710       0xd1 Drivers/GPIO/src/gpio.o
                                0x411 (size before relaxing)
 .debug_str     0x000007e1      0x346 Drivers/UART/src/uart.o
                                0x738 (size before relaxing)

.debug_frame    0x00000000      0x4d8
 .debug_frame   0x00000000       0xec Drivers/DMA/src/dma.o
 .debug_frame   0x000000ec       0x38 Drivers/DMA/src/main.o
 .debug_frame   0x00000124       0x48 Drivers/DMA/src/startup.o
 .debug_frame   0x0000016c       0xdc Drivers/GPIO/src/gpio.o
 .debug_frame   0x00000248      0x248 Drivers/UART/src/uart.o
 .debug_frame   0x00000490       0x28 c:/program files (x86)/gnu arm embedded toolchain/10 2021.10/bin/../lib/gcc/arm-none-eabi/10.3.1/../../../../arm-none-eabi/lib/thumb/v8-m.main/nofp\libg_nano.a(lib_a-memcpy-stub.o)
 .debug_frame   0x000004b8       0x20 c:/program files (x86)/gnu arm embedded toolchain/10 2021.10/bin/../lib/gcc/arm-none-eabi/10.3.1/../../../../arm-none-eabi/lib/thumb/v8-m.main/nofp\libg_nano.a(lib_a-memset.o)
