###############################################################################
#
# IAR ELF Linker V9.70.4.588/W64 for ARM                  03/Apr/2026  00:33:36
# Copyright 2007-2026 IAR Systems AB.
#
#    Output file  =  Drivers/UART/main_iar.out
#    Map file     =  Drivers/UART/main_iar.map
#    Command line =
#        --config stm32c562re.icf --entry Reset_Handler --map
#        Drivers/UART/main_iar.map -o Drivers/UART/main_iar.out
#        Drivers/UART/iar_obj/main.o Drivers/UART/iar_obj/startup.o
#        Drivers/UART/iar_obj/uart.o
#
###############################################################################

*******************************************************************************
*** RUNTIME MODEL ATTRIBUTES
***

CppFlavor       = *
__CPP_Runtime   = 1
__SystemLibrary = DLib
__dlib_version  = 6


*******************************************************************************
*** HEAP SELECTION
***

The basic heap was selected because --advanced_heap
was not specified and the application did not appear to
be primarily optimized for speed.


*******************************************************************************
*** PLACEMENT SUMMARY
***

"P1":  place in [from 0x800'0000 to 0x80f'ffff] {  ro };
define block CSTACK with size = 1K, alignment = 8 { };
define block HEAP with size = 512, alignment = 8 { };
"P2":  place in [from 0x2000'0000 to 0x2001'ffff] {
           rw,  block CSTACK,  block HEAP };
initialize by copy {  rw };

No sections matched the following patterns:

  ro section .intvec  in "A0"


  Section            Kind         Address  Alignment   Size  Object
  -------            ----         -------  ---------   ----  ------
"P1":                                                 0x7f0
  .text              ro code   0x800'0000          4  0x522  uart.o [1]
  .text              ro code   0x800'0522          2   0x2a  copy_init3.o [3]
  .text              ro code   0x800'054c          4   0xfc  main.o [1]
  .rodata            const     0x800'0648          4   0x3c  main.o [1]
  .text              ro code   0x800'0684          2   0x38  zero_init3.o [3]
  .text              ro code   0x800'06bc          4   0x28  data_init.o [3]
  .rodata            const     0x800'06e4          4   0x24  main.o [1]
  .rodata            const     0x800'0708          4   0x24  main.o [1]
  .rodata            const     0x800'072c          4   0x24  main.o [1]
  .iar.init_table    const     0x800'0750          4   0x24  - Linker created -
  .text              ro code   0x800'0774          4   0x20  startup.o [1]
  .rodata            const     0x800'0794          4   0x1c  main.o [1]
  .rodata            const     0x800'07b0          4   0x1c  main.o [1]
  .rodata            const     0x800'07cc          4   0x14  main.o [1]
  .rodata            const     0x800'07e0          4    0xc  main.o [1]
  Initializer bytes  const     0x800'07ec          4    0x4  <for P2-1>
  .rodata            const     0x800'07f0               0x0  zero_init3.o [3]
  .rodata            const     0x800'07f0               0x0  copy_init3.o [3]
                             - 0x800'07f0             0x7f0

"P2", part 1 of 2:                                      0x4
  P2-1                        0x2000'0000          4    0x4  <Init block>
    .data            inited   0x2000'0000          4    0x4  startup.o [1]
                            - 0x2000'0004               0x4

"P2", part 2 of 2:                                     0x60
  .bss               zero     0x2000'0004          4   0x40  main.o [1]
  .bss               zero     0x2000'0044          4    0xc  main.o [1]
  .bss               zero     0x2000'0050          4    0x4  uart.o [1]
  .bss               zero     0x2000'0054          4    0x4  uart.o [1]
  .bss               zero     0x2000'0058          4    0x4  uart.o [1]
  .bss               zero     0x2000'005c          4    0x4  uart.o [1]
  .bss               zero     0x2000'0060          4    0x4  uart.o [1]
                            - 0x2000'0064              0x60

Unused ranges:

         From           To      Size
         ----           --      ----
   0x800'07f0   0x80f'ffff  0xf'f810
  0x2000'0064  0x2001'ffff  0x1'ff9c


*******************************************************************************
*** INIT TABLE
***

          Address      Size
          -------      ----
Zero (__iar_zero_init3)
    1 destination range, total size 0x60:
          0x2000'0004  0x60

Copy (__iar_copy_init3)
    1 source range, total size 0x4:
           0x800'07ec   0x4
    1 destination range, total size 0x4:
          0x2000'0000   0x4



*******************************************************************************
*** MODULE SUMMARY
***

    Module          ro code  ro data  rw data
    ------          -------  -------  -------
command line/config:
    -----------------------------------------
    Total:

F:\dev\STM32\STM32C5-NUCLEO-Projects\Drivers\UART\iar_obj: [1]
    main.o              252      256       76
    startup.o            32        4        4
    uart.o            1'314                20
    -----------------------------------------
    Total:            1'598      260      100

dl7M_tln.a: [2]
    -----------------------------------------
    Total:

rt7M_tl.a: [3]
    copy_init3.o         42
    data_init.o          40
    zero_init3.o         56
    -----------------------------------------
    Total:              138

    Linker created                36
---------------------------------------------
    Grand Total:      1'736      296      100


*******************************************************************************
*** ENTRY LIST
***

Entry                       Address   Size  Type      Object
-----                       -------   ----  ----      ------
.iar.init_table$$Base    0x800'0750          --   Gb  - Linker created -
.iar.init_table$$Limit   0x800'0774          --   Gb  - Linker created -
BRR_Oversample_by_16     0x800'0027    0xc  Code  Gb  uart.o [1]
NVIC_EnableIRQ           0x800'0001   0x18  Code  Lc  uart.o [1]
NVIC_SetPriority         0x800'0019    0xe  Code  Lc  uart.o [1]
Region$$Table$$Base      0x800'0750          --   Gb  - Linker created -
Region$$Table$$Limit     0x800'0774          --   Gb  - Linker created -
Reset_Handler            0x800'0785   0x10  Code  Gb  startup.o [1]
SystemCoreClock         0x2000'0000    0x4  Data  Gb  startup.o [1]
SystemInit               0x800'0775    0x8  Code  Gb  startup.o [1]
USART_EnableRXInterrupt
                         0x800'0417   0x10  Code  Gb  uart.o [1]
USART_Init               0x800'0041  0x3b4  Code  Gb  uart.o [1]
USART_ReadChar           0x800'0499    0x8  Code  Gb  uart.o [1]
USART_ReadString         0x800'04cf   0x54  Code  Gb  uart.o [1]
USART_WriteChar          0x800'0491    0x8  Code  Gb  uart.o [1]
USART_WriteString        0x800'04a1   0x2e  Code  Gb  uart.o [1]
USART_constructor        0x800'0033    0xe  Code  Gb  uart.o [1]
USART_x_Read             0x800'0407   0x10  Code  Gb  uart.o [1]
USART_x_Write            0x800'03f5   0x12  Code  Gb  uart.o [1]
__iar_copy_init3         0x800'0523   0x2a  Code  Gb  copy_init3.o [3]
__iar_data_init3         0x800'06bd   0x28  Code  Gb  data_init.o [3]
__iar_zero_init3         0x800'0685   0x38  Code  Gb  zero_init3.o [3]
buffer                  0x2000'0004   0x40  Data  Lc  main.o [1]
delay                    0x800'0635   0x14  Code  Gb  main.o [1]
main                     0x800'057f   0x7c  Code  Gb  main.o [1]
s_uart4_handle          0x2000'005c    0x4  Data  Lc  uart.o [1]
s_uart5_handle          0x2000'0060    0x4  Data  Lc  uart.o [1]
s_usart1_handle         0x2000'0050    0x4  Data  Lc  uart.o [1]
s_usart2_handle         0x2000'0054    0x4  Data  Lc  uart.o [1]
s_usart3_handle         0x2000'0058    0x4  Data  Lc  uart.o [1]
uart_rx_cb               0x800'054d   0x32  Code  Lc  main.o [1]
usart                   0x2000'0044    0xc  Data  Lc  main.o [1]


[1] = F:\dev\STM32\STM32C5-NUCLEO-Projects\Drivers\UART\iar_obj
[2] = dl7M_tln.a
[3] = rt7M_tl.a

  1'736 bytes of readonly  code memory
    296 bytes of readonly  data memory
    100 bytes of readwrite data memory

Errors: none
Warnings: none
