Archive member included to satisfy reference by file (symbol)

c:/program files (x86)/gnu arm embedded toolchain/10 2021.10/bin/../lib/gcc/arm-none-eabi/10.3.1/../../../../arm-none-eabi/lib/thumb/v8-m.main/nofp\libg_nano.a(lib_a-exit.o)
                              c:/program files (x86)/gnu arm embedded toolchain/10 2021.10/bin/../lib/gcc/arm-none-eabi/10.3.1/../../../../arm-none-eabi/lib/thumb/v8-m.main/nofp/crt0.o (exit)
c:/program files (x86)/gnu arm embedded toolchain/10 2021.10/bin/../lib/gcc/arm-none-eabi/10.3.1/../../../../arm-none-eabi/lib/thumb/v8-m.main/nofp\libg_nano.a(lib_a-impure.o)
                              c:/program files (x86)/gnu arm embedded toolchain/10 2021.10/bin/../lib/gcc/arm-none-eabi/10.3.1/../../../../arm-none-eabi/lib/thumb/v8-m.main/nofp\libg_nano.a(lib_a-exit.o) (_global_impure_ptr)
c:/program files (x86)/gnu arm embedded toolchain/10 2021.10/bin/../lib/gcc/arm-none-eabi/10.3.1/../../../../arm-none-eabi/lib/thumb/v8-m.main/nofp\libg_nano.a(lib_a-init.o)
                              c:/program files (x86)/gnu arm embedded toolchain/10 2021.10/bin/../lib/gcc/arm-none-eabi/10.3.1/../../../../arm-none-eabi/lib/thumb/v8-m.main/nofp/crt0.o (__libc_init_array)
c:/program files (x86)/gnu arm embedded toolchain/10 2021.10/bin/../lib/gcc/arm-none-eabi/10.3.1/../../../../arm-none-eabi/lib/thumb/v8-m.main/nofp\libg_nano.a(lib_a-memcpy-stub.o)
                              Drivers/SysTick/src/startup.o (memcpy)
c:/program files (x86)/gnu arm embedded toolchain/10 2021.10/bin/../lib/gcc/arm-none-eabi/10.3.1/../../../../arm-none-eabi/lib/thumb/v8-m.main/nofp\libg_nano.a(lib_a-memset.o)
                              c:/program files (x86)/gnu arm embedded toolchain/10 2021.10/bin/../lib/gcc/arm-none-eabi/10.3.1/../../../../arm-none-eabi/lib/thumb/v8-m.main/nofp/crt0.o (memset)
c:/program files (x86)/gnu arm embedded toolchain/10 2021.10/bin/../lib/gcc/arm-none-eabi/10.3.1/../../../../arm-none-eabi/lib/thumb/v8-m.main/nofp\libnosys.a(_exit.o)
                              c:/program files (x86)/gnu arm embedded toolchain/10 2021.10/bin/../lib/gcc/arm-none-eabi/10.3.1/../../../../arm-none-eabi/lib/thumb/v8-m.main/nofp\libg_nano.a(lib_a-exit.o) (_exit)

Discarded input sections

 .text          0x00000000        0x0 c:/program files (x86)/gnu arm embedded toolchain/10 2021.10/bin/../lib/gcc/arm-none-eabi/10.3.1/thumb/v8-m.main/nofp/crti.o
 .data          0x00000000        0x0 c:/program files (x86)/gnu arm embedded toolchain/10 2021.10/bin/../lib/gcc/arm-none-eabi/10.3.1/thumb/v8-m.main/nofp/crti.o
 .bss           0x00000000        0x0 c:/program files (x86)/gnu arm embedded toolchain/10 2021.10/bin/../lib/gcc/arm-none-eabi/10.3.1/thumb/v8-m.main/nofp/crti.o
 .text          0x00000000       0x40 c:/program files (x86)/gnu arm embedded toolchain/10 2021.10/bin/../lib/gcc/arm-none-eabi/10.3.1/thumb/v8-m.main/nofp/crtbegin.o
 .data          0x00000000        0x4 c:/program files (x86)/gnu arm embedded toolchain/10 2021.10/bin/../lib/gcc/arm-none-eabi/10.3.1/thumb/v8-m.main/nofp/crtbegin.o
 .bss           0x00000000       0x1c c:/program files (x86)/gnu arm embedded toolchain/10 2021.10/bin/../lib/gcc/arm-none-eabi/10.3.1/thumb/v8-m.main/nofp/crtbegin.o
 .rodata        0x00000000       0x24 c:/program files (x86)/gnu arm embedded toolchain/10 2021.10/bin/../lib/gcc/arm-none-eabi/10.3.1/thumb/v8-m.main/nofp/crtbegin.o
 .init_array    0x00000000        0x4 c:/program files (x86)/gnu arm embedded toolchain/10 2021.10/bin/../lib/gcc/arm-none-eabi/10.3.1/thumb/v8-m.main/nofp/crtbegin.o
 .fini_array    0x00000000        0x4 c:/program files (x86)/gnu arm embedded toolchain/10 2021.10/bin/../lib/gcc/arm-none-eabi/10.3.1/thumb/v8-m.main/nofp/crtbegin.o
 .eh_frame      0x00000000        0x0 c:/program files (x86)/gnu arm embedded toolchain/10 2021.10/bin/../lib/gcc/arm-none-eabi/10.3.1/thumb/v8-m.main/nofp/crtbegin.o
 .ARM.attributes
                0x00000000       0x32 c:/program files (x86)/gnu arm embedded toolchain/10 2021.10/bin/../lib/gcc/arm-none-eabi/10.3.1/thumb/v8-m.main/nofp/crtbegin.o
 .text          0x00000000       0x7c c:/program files (x86)/gnu arm embedded toolchain/10 2021.10/bin/../lib/gcc/arm-none-eabi/10.3.1/../../../../arm-none-eabi/lib/thumb/v8-m.main/nofp/crt0.o
 .data          0x00000000        0x0 c:/program files (x86)/gnu arm embedded toolchain/10 2021.10/bin/../lib/gcc/arm-none-eabi/10.3.1/../../../../arm-none-eabi/lib/thumb/v8-m.main/nofp/crt0.o
 .bss           0x00000000        0x0 c:/program files (x86)/gnu arm embedded toolchain/10 2021.10/bin/../lib/gcc/arm-none-eabi/10.3.1/../../../../arm-none-eabi/lib/thumb/v8-m.main/nofp/crt0.o
 .ARM.extab     0x00000000        0x0 c:/program files (x86)/gnu arm embedded toolchain/10 2021.10/bin/../lib/gcc/arm-none-eabi/10.3.1/../../../../arm-none-eabi/lib/thumb/v8-m.main/nofp/crt0.o
 .ARM.exidx     0x00000000       0x10 c:/program files (x86)/gnu arm embedded toolchain/10 2021.10/bin/../lib/gcc/arm-none-eabi/10.3.1/../../../../arm-none-eabi/lib/thumb/v8-m.main/nofp/crt0.o
 .ARM.attributes
                0x00000000       0x20 c:/program files (x86)/gnu arm embedded toolchain/10 2021.10/bin/../lib/gcc/arm-none-eabi/10.3.1/../../../../arm-none-eabi/lib/thumb/v8-m.main/nofp/crt0.o
 .text          0x00000000        0x0 Drivers/GPIO/src/gpio.o
 .data          0x00000000        0x0 Drivers/GPIO/src/gpio.o
 .bss           0x00000000        0x0 Drivers/GPIO/src/gpio.o
 .text.GPIO_ReadPin
                0x00000000       0x10 Drivers/GPIO/src/gpio.o
 .text.GPIO_WritePin
                0x00000000        0xc Drivers/GPIO/src/gpio.o
 .text.GPIO_SetPin
                0x00000000        0xc Drivers/GPIO/src/gpio.o
 .text.GPIO_ResetPin
                0x00000000        0xc Drivers/GPIO/src/gpio.o
 .text.GPIO_SetBit
                0x00000000        0xc Drivers/GPIO/src/gpio.o
 .text.GPIO_ResetBit
                0x00000000        0xc Drivers/GPIO/src/gpio.o
 .text.delay    0x00000000       0x1c Drivers/GPIO/src/gpio.o
 .text          0x00000000        0x0 Drivers/NVIC/src/nvic.o
 .data          0x00000000        0x0 Drivers/NVIC/src/nvic.o
 .bss           0x00000000        0x0 Drivers/NVIC/src/nvic.o
 .text.NVIC_RegisterHandler
                0x00000000       0x54 Drivers/NVIC/src/nvic.o
 .text.NVIC_UnregisterHandler
                0x00000000       0x3c Drivers/NVIC/src/nvic.o
 .text.NVIC_EXTI_Enable
                0x00000000       0xa4 Drivers/NVIC/src/nvic.o
 .text.NVIC_EXTI_Disable
                0x00000000       0x44 Drivers/NVIC/src/nvic.o
 .text.NVIC_EXTI_ClearPending
                0x00000000       0x14 Drivers/NVIC/src/nvic.o
 .text.LPDMA1_Channel0_IRQHandler
                0x00000000       0x14 Drivers/NVIC/src/nvic.o
 .text.LPDMA1_Channel1_IRQHandler
                0x00000000       0x14 Drivers/NVIC/src/nvic.o
 .text.LPDMA1_Channel2_IRQHandler
                0x00000000       0x14 Drivers/NVIC/src/nvic.o
 .text.LPDMA1_Channel3_IRQHandler
                0x00000000       0x14 Drivers/NVIC/src/nvic.o
 .text.LPDMA1_Channel4_IRQHandler
                0x00000000       0x14 Drivers/NVIC/src/nvic.o
 .text.LPDMA1_Channel5_IRQHandler
                0x00000000       0x14 Drivers/NVIC/src/nvic.o
 .text.LPDMA1_Channel6_IRQHandler
                0x00000000       0x14 Drivers/NVIC/src/nvic.o
 .text.LPDMA1_Channel7_IRQHandler
                0x00000000       0x14 Drivers/NVIC/src/nvic.o
 .text.IWDG1_IRQHandler
                0x00000000       0x14 Drivers/NVIC/src/nvic.o
 .text.ADC1_IRQHandler
                0x00000000       0x14 Drivers/NVIC/src/nvic.o
 .text.ADC2_IRQHandler
                0x00000000       0x14 Drivers/NVIC/src/nvic.o
 .text.ADC3_IRQHandler
                0x00000000       0x14 Drivers/NVIC/src/nvic.o
 .text.FDCAN1_IT0_IRQHandler
                0x00000000       0x14 Drivers/NVIC/src/nvic.o
 .text.FDCAN1_IT1_IRQHandler
                0x00000000       0x14 Drivers/NVIC/src/nvic.o
 .text.SPI1_IRQHandler
                0x00000000       0x14 Drivers/NVIC/src/nvic.o
 .text.SPI2_IRQHandler
                0x00000000       0x14 Drivers/NVIC/src/nvic.o
 .text.SPI3_IRQHandler
                0x00000000       0x14 Drivers/NVIC/src/nvic.o
 .text.USART1_IRQHandler
                0x00000000       0x14 Drivers/NVIC/src/nvic.o
 .text.USART2_IRQHandler
                0x00000000       0x14 Drivers/NVIC/src/nvic.o
 .text.USART3_IRQHandler
                0x00000000       0x14 Drivers/NVIC/src/nvic.o
 .text.UART4_IRQHandler
                0x00000000       0x14 Drivers/NVIC/src/nvic.o
 .text.UART5_IRQHandler
                0x00000000       0x14 Drivers/NVIC/src/nvic.o
 .text.USART6_IRQHandler
                0x00000000       0x14 Drivers/NVIC/src/nvic.o
 .text.UART7_IRQHandler
                0x00000000       0x14 Drivers/NVIC/src/nvic.o
 .text.RNG_IRQHandler
                0x00000000       0x14 Drivers/NVIC/src/nvic.o
 .text.HASH_IRQHandler
                0x00000000       0x14 Drivers/NVIC/src/nvic.o
 .text          0x00000000        0x0 Drivers/SysTick/src/main.o
 .data          0x00000000        0x0 Drivers/SysTick/src/main.o
 .bss           0x00000000        0x0 Drivers/SysTick/src/main.o
 .text          0x00000000        0x0 Drivers/SysTick/src/startup.o
 .data          0x00000000        0x0 Drivers/SysTick/src/startup.o
 .bss           0x00000000        0x0 Drivers/SysTick/src/startup.o
 .text.SystemInit
                0x00000000       0x10 Drivers/SysTick/src/startup.o
 .text          0x00000000        0x0 Drivers/SysTick/src/systick.o
 .data          0x00000000        0x0 Drivers/SysTick/src/systick.o
 .bss           0x00000000        0x0 Drivers/SysTick/src/systick.o
 .text.SysTick_delay_ms
                0x00000000       0x40 Drivers/SysTick/src/systick.o
 .text          0x00000000        0x0 Drivers/UART/src/uart.o
 .data          0x00000000        0x0 Drivers/UART/src/uart.o
 .bss           0x00000000        0x0 Drivers/UART/src/uart.o
 .text.uart_irq_dispatch
                0x00000000       0x24 Drivers/UART/src/uart.o
 .text.BRR_Oversample_by_16
                0x00000000        0xc Drivers/UART/src/uart.o
 .text.USART_Init
                0x00000000      0x3ec Drivers/UART/src/uart.o
 .text.USART_constructor
                0x00000000        0xc Drivers/UART/src/uart.o
 .text.USART_x_Write
                0x00000000       0x10 Drivers/UART/src/uart.o
 .text.USART_x_Read
                0x00000000       0x10 Drivers/UART/src/uart.o
 .text.USART_EnableRXInterrupt
                0x00000000       0x10 Drivers/UART/src/uart.o
 .text.USART_DisableRXInterrupt
                0x00000000       0x10 Drivers/UART/src/uart.o
 .text.USART_IRQHandler
                0x00000000       0x24 Drivers/UART/src/uart.o
 .text.USART_EnableTXDMA
                0x00000000        0xc Drivers/UART/src/uart.o
 .text.USART_DisableTXDMA
                0x00000000        0xc Drivers/UART/src/uart.o
 .text.USART_EnableRXDMA
                0x00000000        0xc Drivers/UART/src/uart.o
 .text.USART_DisableRXDMA
                0x00000000        0xc Drivers/UART/src/uart.o
 .text.USART_WriteDMA
                0x00000000       0x5c Drivers/UART/src/uart.o
 .text.USART_ReadDMA
                0x00000000       0x54 Drivers/UART/src/uart.o
 .text.writeString
                0x00000000       0x2c Drivers/UART/src/uart.o
 .text.readString
                0x00000000       0x38 Drivers/UART/src/uart.o
 .rodata.GetPortName.str1.4
                0x00000000       0x2e Drivers/UART/src/uart.o
 .text.GetPortName
                0x00000000       0x64 Drivers/UART/src/uart.o
 .text.USART_WriteChar
                0x00000000       0x10 Drivers/UART/src/uart.o
 .text.USART_ReadChar
                0x00000000       0x10 Drivers/UART/src/uart.o
 .text.USART_WriteString
                0x00000000       0x30 Drivers/UART/src/uart.o
 .text.USART_ReadString
                0x00000000       0x60 Drivers/UART/src/uart.o
 .rodata.uart_write_hex8.str1.4
                0x00000000       0x11 Drivers/UART/src/uart.o
 .text.uart_write_hex8
                0x00000000       0x4c Drivers/UART/src/uart.o
 .text.uart_write_hex32
                0x00000000       0x2c Drivers/UART/src/uart.o
 .text.print_hex
                0x00000000       0x40 Drivers/UART/src/uart.o
 .text.print_dec
                0x00000000       0x74 Drivers/UART/src/uart.o
 .rodata.hex.0  0x00000000       0x11 Drivers/UART/src/uart.o
 .debug_info    0x00000000     0x15a8 Drivers/UART/src/uart.o
 .debug_abbrev  0x00000000      0x48c Drivers/UART/src/uart.o
 .debug_loc     0x00000000      0xf3d Drivers/UART/src/uart.o
 .debug_aranges
                0x00000000       0xd8 Drivers/UART/src/uart.o
 .debug_ranges  0x00000000      0x2a8 Drivers/UART/src/uart.o
 .debug_line    0x00000000     0x1022 Drivers/UART/src/uart.o
 .debug_str     0x00000000      0x998 Drivers/UART/src/uart.o
 .comment       0x00000000       0x4a Drivers/UART/src/uart.o
 .debug_frame   0x00000000      0x280 Drivers/UART/src/uart.o
 .ARM.attributes
                0x00000000       0x34 Drivers/UART/src/uart.o
 .text          0x00000000        0x0 c:/program files (x86)/gnu arm embedded toolchain/10 2021.10/bin/../lib/gcc/arm-none-eabi/10.3.1/../../../../arm-none-eabi/lib/thumb/v8-m.main/nofp\libg_nano.a(lib_a-exit.o)
 .data          0x00000000        0x0 c:/program files (x86)/gnu arm embedded toolchain/10 2021.10/bin/../lib/gcc/arm-none-eabi/10.3.1/../../../../arm-none-eabi/lib/thumb/v8-m.main/nofp\libg_nano.a(lib_a-exit.o)
 .bss           0x00000000        0x0 c:/program files (x86)/gnu arm embedded toolchain/10 2021.10/bin/../lib/gcc/arm-none-eabi/10.3.1/../../../../arm-none-eabi/lib/thumb/v8-m.main/nofp\libg_nano.a(lib_a-exit.o)
 .text.exit     0x00000000       0x28 c:/program files (x86)/gnu arm embedded toolchain/10 2021.10/bin/../lib/gcc/arm-none-eabi/10.3.1/../../../../arm-none-eabi/lib/thumb/v8-m.main/nofp\libg_nano.a(lib_a-exit.o)
 .debug_frame   0x00000000       0x28 c:/program files (x86)/gnu arm embedded toolchain/10 2021.10/bin/../lib/gcc/arm-none-eabi/10.3.1/../../../../arm-none-eabi/lib/thumb/v8-m.main/nofp\libg_nano.a(lib_a-exit.o)
 .ARM.attributes
                0x00000000       0x32 c:/program files (x86)/gnu arm embedded toolchain/10 2021.10/bin/../lib/gcc/arm-none-eabi/10.3.1/../../../../arm-none-eabi/lib/thumb/v8-m.main/nofp\libg_nano.a(lib_a-exit.o)
 .text          0x00000000        0x0 c:/program files (x86)/gnu arm embedded toolchain/10 2021.10/bin/../lib/gcc/arm-none-eabi/10.3.1/../../../../arm-none-eabi/lib/thumb/v8-m.main/nofp\libg_nano.a(lib_a-impure.o)
 .data          0x00000000        0x0 c:/program files (x86)/gnu arm embedded toolchain/10 2021.10/bin/../lib/gcc/arm-none-eabi/10.3.1/../../../../arm-none-eabi/lib/thumb/v8-m.main/nofp\libg_nano.a(lib_a-impure.o)
 .bss           0x00000000        0x0 c:/program files (x86)/gnu arm embedded toolchain/10 2021.10/bin/../lib/gcc/arm-none-eabi/10.3.1/../../../../arm-none-eabi/lib/thumb/v8-m.main/nofp\libg_nano.a(lib_a-impure.o)
 .data._impure_ptr
                0x00000000        0x4 c:/program files (x86)/gnu arm embedded toolchain/10 2021.10/bin/../lib/gcc/arm-none-eabi/10.3.1/../../../../arm-none-eabi/lib/thumb/v8-m.main/nofp\libg_nano.a(lib_a-impure.o)
 .data.impure_data
                0x00000000       0x60 c:/program files (x86)/gnu arm embedded toolchain/10 2021.10/bin/../lib/gcc/arm-none-eabi/10.3.1/../../../../arm-none-eabi/lib/thumb/v8-m.main/nofp\libg_nano.a(lib_a-impure.o)
 .rodata._global_impure_ptr
                0x00000000        0x4 c:/program files (x86)/gnu arm embedded toolchain/10 2021.10/bin/../lib/gcc/arm-none-eabi/10.3.1/../../../../arm-none-eabi/lib/thumb/v8-m.main/nofp\libg_nano.a(lib_a-impure.o)
 .ARM.attributes
                0x00000000       0x32 c:/program files (x86)/gnu arm embedded toolchain/10 2021.10/bin/../lib/gcc/arm-none-eabi/10.3.1/../../../../arm-none-eabi/lib/thumb/v8-m.main/nofp\libg_nano.a(lib_a-impure.o)
 .text          0x00000000        0x0 c:/program files (x86)/gnu arm embedded toolchain/10 2021.10/bin/../lib/gcc/arm-none-eabi/10.3.1/../../../../arm-none-eabi/lib/thumb/v8-m.main/nofp\libg_nano.a(lib_a-init.o)
 .data          0x00000000        0x0 c:/program files (x86)/gnu arm embedded toolchain/10 2021.10/bin/../lib/gcc/arm-none-eabi/10.3.1/../../../../arm-none-eabi/lib/thumb/v8-m.main/nofp\libg_nano.a(lib_a-init.o)
 .bss           0x00000000        0x0 c:/program files (x86)/gnu arm embedded toolchain/10 2021.10/bin/../lib/gcc/arm-none-eabi/10.3.1/../../../../arm-none-eabi/lib/thumb/v8-m.main/nofp\libg_nano.a(lib_a-init.o)
 .text.__libc_init_array
                0x00000000       0x48 c:/program files (x86)/gnu arm embedded toolchain/10 2021.10/bin/../lib/gcc/arm-none-eabi/10.3.1/../../../../arm-none-eabi/lib/thumb/v8-m.main/nofp\libg_nano.a(lib_a-init.o)
 .debug_frame   0x00000000       0x2c c:/program files (x86)/gnu arm embedded toolchain/10 2021.10/bin/../lib/gcc/arm-none-eabi/10.3.1/../../../../arm-none-eabi/lib/thumb/v8-m.main/nofp\libg_nano.a(lib_a-init.o)
 .ARM.attributes
                0x00000000       0x32 c:/program files (x86)/gnu arm embedded toolchain/10 2021.10/bin/../lib/gcc/arm-none-eabi/10.3.1/../../../../arm-none-eabi/lib/thumb/v8-m.main/nofp\libg_nano.a(lib_a-init.o)
 .text          0x00000000        0x0 c:/program files (x86)/gnu arm embedded toolchain/10 2021.10/bin/../lib/gcc/arm-none-eabi/10.3.1/../../../../arm-none-eabi/lib/thumb/v8-m.main/nofp\libg_nano.a(lib_a-memcpy-stub.o)
 .data          0x00000000        0x0 c:/program files (x86)/gnu arm embedded toolchain/10 2021.10/bin/../lib/gcc/arm-none-eabi/10.3.1/../../../../arm-none-eabi/lib/thumb/v8-m.main/nofp\libg_nano.a(lib_a-memcpy-stub.o)
 .bss           0x00000000        0x0 c:/program files (x86)/gnu arm embedded toolchain/10 2021.10/bin/../lib/gcc/arm-none-eabi/10.3.1/../../../../arm-none-eabi/lib/thumb/v8-m.main/nofp\libg_nano.a(lib_a-memcpy-stub.o)
 .text          0x00000000        0x0 c:/program files (x86)/gnu arm embedded toolchain/10 2021.10/bin/../lib/gcc/arm-none-eabi/10.3.1/../../../../arm-none-eabi/lib/thumb/v8-m.main/nofp\libg_nano.a(lib_a-memset.o)
 .data          0x00000000        0x0 c:/program files (x86)/gnu arm embedded toolchain/10 2021.10/bin/../lib/gcc/arm-none-eabi/10.3.1/../../../../arm-none-eabi/lib/thumb/v8-m.main/nofp\libg_nano.a(lib_a-memset.o)
 .bss           0x00000000        0x0 c:/program files (x86)/gnu arm embedded toolchain/10 2021.10/bin/../lib/gcc/arm-none-eabi/10.3.1/../../../../arm-none-eabi/lib/thumb/v8-m.main/nofp\libg_nano.a(lib_a-memset.o)
 .text          0x00000000        0x0 c:/program files (x86)/gnu arm embedded toolchain/10 2021.10/bin/../lib/gcc/arm-none-eabi/10.3.1/../../../../arm-none-eabi/lib/thumb/v8-m.main/nofp\libnosys.a(_exit.o)
 .data          0x00000000        0x0 c:/program files (x86)/gnu arm embedded toolchain/10 2021.10/bin/../lib/gcc/arm-none-eabi/10.3.1/../../../../arm-none-eabi/lib/thumb/v8-m.main/nofp\libnosys.a(_exit.o)
 .bss           0x00000000        0x0 c:/program files (x86)/gnu arm embedded toolchain/10 2021.10/bin/../lib/gcc/arm-none-eabi/10.3.1/../../../../arm-none-eabi/lib/thumb/v8-m.main/nofp\libnosys.a(_exit.o)
 .text._exit    0x00000000        0x4 c:/program files (x86)/gnu arm embedded toolchain/10 2021.10/bin/../lib/gcc/arm-none-eabi/10.3.1/../../../../arm-none-eabi/lib/thumb/v8-m.main/nofp\libnosys.a(_exit.o)
 .debug_frame   0x00000000       0x20 c:/program files (x86)/gnu arm embedded toolchain/10 2021.10/bin/../lib/gcc/arm-none-eabi/10.3.1/../../../../arm-none-eabi/lib/thumb/v8-m.main/nofp\libnosys.a(_exit.o)
 .ARM.attributes
                0x00000000       0x32 c:/program files (x86)/gnu arm embedded toolchain/10 2021.10/bin/../lib/gcc/arm-none-eabi/10.3.1/../../../../arm-none-eabi/lib/thumb/v8-m.main/nofp\libnosys.a(_exit.o)
 .text          0x00000000        0x0 c:/program files (x86)/gnu arm embedded toolchain/10 2021.10/bin/../lib/gcc/arm-none-eabi/10.3.1/thumb/v8-m.main/nofp/crtend.o
 .data          0x00000000        0x0 c:/program files (x86)/gnu arm embedded toolchain/10 2021.10/bin/../lib/gcc/arm-none-eabi/10.3.1/thumb/v8-m.main/nofp/crtend.o
 .bss           0x00000000        0x0 c:/program files (x86)/gnu arm embedded toolchain/10 2021.10/bin/../lib/gcc/arm-none-eabi/10.3.1/thumb/v8-m.main/nofp/crtend.o
 .rodata        0x00000000       0x24 c:/program files (x86)/gnu arm embedded toolchain/10 2021.10/bin/../lib/gcc/arm-none-eabi/10.3.1/thumb/v8-m.main/nofp/crtend.o
 .eh_frame      0x00000000        0x4 c:/program files (x86)/gnu arm embedded toolchain/10 2021.10/bin/../lib/gcc/arm-none-eabi/10.3.1/thumb/v8-m.main/nofp/crtend.o
 .ARM.attributes
                0x00000000       0x32 c:/program files (x86)/gnu arm embedded toolchain/10 2021.10/bin/../lib/gcc/arm-none-eabi/10.3.1/thumb/v8-m.main/nofp/crtend.o
 .text          0x00000000        0x0 c:/program files (x86)/gnu arm embedded toolchain/10 2021.10/bin/../lib/gcc/arm-none-eabi/10.3.1/thumb/v8-m.main/nofp/crtn.o
 .data          0x00000000        0x0 c:/program files (x86)/gnu arm embedded toolchain/10 2021.10/bin/../lib/gcc/arm-none-eabi/10.3.1/thumb/v8-m.main/nofp/crtn.o
 .bss           0x00000000        0x0 c:/program files (x86)/gnu arm embedded toolchain/10 2021.10/bin/../lib/gcc/arm-none-eabi/10.3.1/thumb/v8-m.main/nofp/crtn.o
 .init          0x00000000        0x8 c:/program files (x86)/gnu arm embedded toolchain/10 2021.10/bin/../lib/gcc/arm-none-eabi/10.3.1/thumb/v8-m.main/nofp/crtn.o
 .fini          0x00000000        0x8 c:/program files (x86)/gnu arm embedded toolchain/10 2021.10/bin/../lib/gcc/arm-none-eabi/10.3.1/thumb/v8-m.main/nofp/crtn.o
 .ARM.attributes
                0x00000000       0x22 c:/program files (x86)/gnu arm embedded toolchain/10 2021.10/bin/../lib/gcc/arm-none-eabi/10.3.1/thumb/v8-m.main/nofp/crtn.o

Memory Configuration

Name             Origin             Length             Attributes
FLASH            0x08000000         0x00100000         xr
RAM              0x20000000         0x00020000         xrw
*default*        0x00000000         0xffffffff

Linker script and memory map

LOAD c:/program files (x86)/gnu arm embedded toolchain/10 2021.10/bin/../lib/gcc/arm-none-eabi/10.3.1/thumb/v8-m.main/nofp/crti.o
LOAD c:/program files (x86)/gnu arm embedded toolchain/10 2021.10/bin/../lib/gcc/arm-none-eabi/10.3.1/thumb/v8-m.main/nofp/crtbegin.o
LOAD c:/program files (x86)/gnu arm embedded toolchain/10 2021.10/bin/../lib/gcc/arm-none-eabi/10.3.1/../../../../arm-none-eabi/lib/thumb/v8-m.main/nofp/crt0.o
LOAD Drivers/GPIO/src/gpio.o
LOAD Drivers/NVIC/src/nvic.o
LOAD Drivers/SysTick/src/main.o
LOAD Drivers/SysTick/src/startup.o
LOAD Drivers/SysTick/src/systick.o
LOAD Drivers/UART/src/uart.o
START GROUP
LOAD c:/program files (x86)/gnu arm embedded toolchain/10 2021.10/bin/../lib/gcc/arm-none-eabi/10.3.1/thumb/v8-m.main/nofp\libgcc.a
LOAD c:/program files (x86)/gnu arm embedded toolchain/10 2021.10/bin/../lib/gcc/arm-none-eabi/10.3.1/../../../../arm-none-eabi/lib/thumb/v8-m.main/nofp\libg_nano.a
LOAD c:/program files (x86)/gnu arm embedded toolchain/10 2021.10/bin/../lib/gcc/arm-none-eabi/10.3.1/../../../../arm-none-eabi/lib/thumb/v8-m.main/nofp\libc_nano.a
END GROUP
START GROUP
LOAD c:/program files (x86)/gnu arm embedded toolchain/10 2021.10/bin/../lib/gcc/arm-none-eabi/10.3.1/thumb/v8-m.main/nofp\libgcc.a
LOAD c:/program files (x86)/gnu arm embedded toolchain/10 2021.10/bin/../lib/gcc/arm-none-eabi/10.3.1/../../../../arm-none-eabi/lib/thumb/v8-m.main/nofp\libc_nano.a
LOAD c:/program files (x86)/gnu arm embedded toolchain/10 2021.10/bin/../lib/gcc/arm-none-eabi/10.3.1/../../../../arm-none-eabi/lib/thumb/v8-m.main/nofp\libnosys.a
END GROUP
START GROUP
LOAD c:/program files (x86)/gnu arm embedded toolchain/10 2021.10/bin/../lib/gcc/arm-none-eabi/10.3.1/thumb/v8-m.main/nofp\libgcc.a
LOAD c:/program files (x86)/gnu arm embedded toolchain/10 2021.10/bin/../lib/gcc/arm-none-eabi/10.3.1/../../../../arm-none-eabi/lib/thumb/v8-m.main/nofp\libc_nano.a
LOAD c:/program files (x86)/gnu arm embedded toolchain/10 2021.10/bin/../lib/gcc/arm-none-eabi/10.3.1/../../../../arm-none-eabi/lib/thumb/v8-m.main/nofp\libnosys.a
END GROUP
LOAD c:/program files (x86)/gnu arm embedded toolchain/10 2021.10/bin/../lib/gcc/arm-none-eabi/10.3.1/thumb/v8-m.main/nofp/crtend.o
LOAD c:/program files (x86)/gnu arm embedded toolchain/10 2021.10/bin/../lib/gcc/arm-none-eabi/10.3.1/thumb/v8-m.main/nofp/crtn.o
                0x20020000                _estack = (ORIGIN (RAM) + LENGTH (RAM))

.isr_vector     0x08000000      0x240
 *(.isr_vector)
 .isr_vector    0x08000000      0x240 Drivers/SysTick/src/startup.o
                0x08000000                vector_table

.text           0x08000240      0x47c
 *(.text*)
 .text.GPIO_TogglePin
                0x08000240        0xc Drivers/GPIO/src/gpio.o
                0x08000240                GPIO_TogglePin
 .text.__RCC_GPIO_CLK_ENABLE
                0x0800024c       0xb4 Drivers/GPIO/src/gpio.o
                0x0800024c                __RCC_GPIO_CLK_ENABLE
 .text.GPIO_Init
                0x08000300      0x114 Drivers/GPIO/src/gpio.o
                0x08000300                GPIO_Init
 .text.GPIO_constructor
                0x08000414        0x8 Drivers/GPIO/src/gpio.o
                0x08000414                GPIO_constructor
 .text.EXTI0_IRQHandler
                0x0800041c       0x10 Drivers/NVIC/src/nvic.o
                0x0800041c                EXTI0_IRQHandler
 .text.EXTI1_IRQHandler
                0x0800042c       0x10 Drivers/NVIC/src/nvic.o
                0x0800042c                EXTI1_IRQHandler
 .text.EXTI2_IRQHandler
                0x0800043c       0x10 Drivers/NVIC/src/nvic.o
                0x0800043c                EXTI2_IRQHandler
 .text.EXTI3_IRQHandler
                0x0800044c       0x10 Drivers/NVIC/src/nvic.o
                0x0800044c                EXTI3_IRQHandler
 .text.EXTI4_IRQHandler
                0x0800045c       0x10 Drivers/NVIC/src/nvic.o
                0x0800045c                EXTI4_IRQHandler
 .text.EXTI5_IRQHandler
                0x0800046c       0x10 Drivers/NVIC/src/nvic.o
                0x0800046c                EXTI5_IRQHandler
 .text.EXTI6_IRQHandler
                0x0800047c       0x10 Drivers/NVIC/src/nvic.o
                0x0800047c                EXTI6_IRQHandler
 .text.EXTI7_IRQHandler
                0x0800048c       0x10 Drivers/NVIC/src/nvic.o
                0x0800048c                EXTI7_IRQHandler
 .text.EXTI8_IRQHandler
                0x0800049c       0x10 Drivers/NVIC/src/nvic.o
                0x0800049c                EXTI8_IRQHandler
 .text.EXTI9_IRQHandler
                0x080004ac       0x14 Drivers/NVIC/src/nvic.o
                0x080004ac                EXTI9_IRQHandler
 .text.EXTI10_IRQHandler
                0x080004c0       0x14 Drivers/NVIC/src/nvic.o
                0x080004c0                EXTI10_IRQHandler
 .text.EXTI11_IRQHandler
                0x080004d4       0x14 Drivers/NVIC/src/nvic.o
                0x080004d4                EXTI11_IRQHandler
 .text.EXTI12_IRQHandler
                0x080004e8       0x14 Drivers/NVIC/src/nvic.o
                0x080004e8                EXTI12_IRQHandler
 .text.EXTI13_IRQHandler
                0x080004fc       0x14 Drivers/NVIC/src/nvic.o
                0x080004fc                EXTI13_IRQHandler
 .text.EXTI14_IRQHandler
                0x08000510       0x14 Drivers/NVIC/src/nvic.o
                0x08000510                EXTI14_IRQHandler
 .text.EXTI15_IRQHandler
                0x08000524       0x14 Drivers/NVIC/src/nvic.o
                0x08000524                EXTI15_IRQHandler
 .text.startup.main
                0x08000538       0x54 Drivers/SysTick/src/main.o
                0x08000538                main
 .text.Default_Handler
                0x0800058c        0x4 Drivers/SysTick/src/startup.o
                0x0800058c                Default_Handler
 .text.Reset_Handler
                0x08000590       0x5c Drivers/SysTick/src/startup.o
                0x08000590                Reset_Handler
 .text.SysTick_Handler
                0x080005ec       0x14 Drivers/SysTick/src/systick.o
                0x080005ec                SysTick_Handler
 .text.SysTick_constructor
                0x08000600       0x10 Drivers/SysTick/src/systick.o
                0x08000600                SysTick_constructor
 .text.SysTick_delay
                0x08000610       0x3c Drivers/SysTick/src/systick.o
                0x08000610                SysTick_delay
 .text.SysTick_delay_ms_irq
                0x0800064c       0x3c Drivers/SysTick/src/systick.o
                0x0800064c                SysTick_delay_ms_irq
 .text.memcpy   0x08000688       0x1a c:/program files (x86)/gnu arm embedded toolchain/10 2021.10/bin/../lib/gcc/arm-none-eabi/10.3.1/../../../../arm-none-eabi/lib/thumb/v8-m.main/nofp\libg_nano.a(lib_a-memcpy-stub.o)
                0x08000688                memcpy
 .text.memset   0x080006a2       0x10 c:/program files (x86)/gnu arm embedded toolchain/10 2021.10/bin/../lib/gcc/arm-none-eabi/10.3.1/../../../../arm-none-eabi/lib/thumb/v8-m.main/nofp\libg_nano.a(lib_a-memset.o)
                0x080006a2                memset
 *(.rodata*)
 *(.glue_7)
 .glue_7        0x080006b2        0x0 linker stubs
 *(.glue_7t)
 .glue_7t       0x080006b2        0x0 linker stubs
 *(.init)
 *fill*         0x080006b2        0x2 
 .init          0x080006b4        0x4 c:/program files (x86)/gnu arm embedded toolchain/10 2021.10/bin/../lib/gcc/arm-none-eabi/10.3.1/thumb/v8-m.main/nofp/crti.o
                0x080006b4                _init
 *(.fini)
 .fini          0x080006b8        0x4 c:/program files (x86)/gnu arm embedded toolchain/10 2021.10/bin/../lib/gcc/arm-none-eabi/10.3.1/thumb/v8-m.main/nofp/crti.o
                0x080006b8                _fini

.vfp11_veneer   0x080006bc        0x0
 .vfp11_veneer  0x080006bc        0x0 linker stubs

.v4_bx          0x080006bc        0x0
 .v4_bx         0x080006bc        0x0 linker stubs

.iplt           0x080006bc        0x0
 .iplt          0x080006bc        0x0 Drivers/GPIO/src/gpio.o

.rel.dyn        0x080006bc        0x0
 .rel.iplt      0x080006bc        0x0 Drivers/GPIO/src/gpio.o

.ARM.extab
 *(.ARM.extab* .gnu.linkonce.armextab.*)

.ARM.exidx      0x080006bc        0x0
                0x080006bc                __exidx_start = .
 *(.ARM.exidx*)
                0x080006bc                __exidx_end = .
                0x080006bc                __etext = .

.data           0x20000000        0x4 load address 0x080006bc
                0x20000000                __data_start__ = .
 *(.data*)
 .data.SystemCoreClock
                0x20000000        0x4 Drivers/SysTick/src/startup.o
                0x20000000                SystemCoreClock
                0x20000004                __data_end__ = .

.igot.plt       0x20000004        0x0 load address 0x080006c0
 .igot.plt      0x20000004        0x0 Drivers/GPIO/src/gpio.o

.bss            0x20000004      0x420 load address 0x080006c0
                0x20000004                __bss_start__ = .
 *(.bss*)
 .bss.s_table   0x20000004      0x400 Drivers/NVIC/src/nvic.o
 .bss.GPIO_InitStruct
                0x20000404       0x14 Drivers/SysTick/src/main.o
                0x20000404                GPIO_InitStruct
 .bss.LED_Handle
                0x20000418        0x8 Drivers/SysTick/src/main.o
                0x20000418                LED_Handle
 .bss.s_tick_ms
                0x20000420        0x4 Drivers/SysTick/src/systick.o
 *(COMMON)
                0x20000424                __bss_end__ = .
                0x20000424                _end = .
                0x20000424                end = .
                0x20000424                __end__ = .

.stack          0x20000424      0x404 load address 0x08000ae0
                0x20000428                . = ALIGN (0x8)
 *fill*         0x20000424        0x4 
                0x20000428                _stack = .
                0x20000828                . = (. + 0x400)
 *fill*         0x20000428      0x400 
OUTPUT(Drivers/SysTick/main.elf elf32-littlearm)
LOAD linker stubs

.ARM.attributes
                0x00000000       0x30
 .ARM.attributes
                0x00000000       0x22 c:/program files (x86)/gnu arm embedded toolchain/10 2021.10/bin/../lib/gcc/arm-none-eabi/10.3.1/thumb/v8-m.main/nofp/crti.o
 .ARM.attributes
                0x00000022       0x34 Drivers/GPIO/src/gpio.o
 .ARM.attributes
                0x00000056       0x34 Drivers/NVIC/src/nvic.o
 .ARM.attributes
                0x0000008a       0x34 Drivers/SysTick/src/main.o
 .ARM.attributes
                0x000000be       0x34 Drivers/SysTick/src/startup.o
 .ARM.attributes
                0x000000f2       0x34 Drivers/SysTick/src/systick.o
 .ARM.attributes
                0x00000126       0x32 c:/program files (x86)/gnu arm embedded toolchain/10 2021.10/bin/../lib/gcc/arm-none-eabi/10.3.1/../../../../arm-none-eabi/lib/thumb/v8-m.main/nofp\libg_nano.a(lib_a-memcpy-stub.o)
 .ARM.attributes
                0x00000158       0x32 c:/program files (x86)/gnu arm embedded toolchain/10 2021.10/bin/../lib/gcc/arm-none-eabi/10.3.1/../../../../arm-none-eabi/lib/thumb/v8-m.main/nofp\libg_nano.a(lib_a-memset.o)

.comment        0x00000000       0x49
 .comment       0x00000000       0x49 Drivers/GPIO/src/gpio.o
                                 0x4a (size before relaxing)
 .comment       0x00000049       0x4a Drivers/NVIC/src/nvic.o
 .comment       0x00000049       0x4a Drivers/SysTick/src/main.o
 .comment       0x00000049       0x4a Drivers/SysTick/src/startup.o
 .comment       0x00000049       0x4a Drivers/SysTick/src/systick.o

.debug_info     0x00000000     0x1e68
 .debug_info    0x00000000      0x6d4 Drivers/GPIO/src/gpio.o
 .debug_info    0x000006d4      0xf94 Drivers/NVIC/src/nvic.o
 .debug_info    0x00001668      0x3ac Drivers/SysTick/src/main.o
 .debug_info    0x00001a14      0x1ce Drivers/SysTick/src/startup.o
 .debug_info    0x00001be2      0x286 Drivers/SysTick/src/systick.o

.debug_abbrev   0x00000000      0x823
 .debug_abbrev  0x00000000      0x19f Drivers/GPIO/src/gpio.o
 .debug_abbrev  0x0000019f      0x291 Drivers/NVIC/src/nvic.o
 .debug_abbrev  0x00000430      0x17b Drivers/SysTick/src/main.o
 .debug_abbrev  0x000005ab      0x147 Drivers/SysTick/src/startup.o
 .debug_abbrev  0x000006f2      0x131 Drivers/SysTick/src/systick.o

.debug_loc      0x00000000      0xa07
 .debug_loc     0x00000000      0x371 Drivers/GPIO/src/gpio.o
 .debug_loc     0x00000371      0x57b Drivers/NVIC/src/nvic.o
 .debug_loc     0x000008ec      0x11b Drivers/SysTick/src/systick.o

.debug_aranges  0x00000000      0x290
 .debug_aranges
                0x00000000       0x70 Drivers/GPIO/src/gpio.o
 .debug_aranges
                0x00000070      0x190 Drivers/NVIC/src/nvic.o
 .debug_aranges
                0x00000200       0x20 Drivers/SysTick/src/main.o
 .debug_aranges
                0x00000220       0x30 Drivers/SysTick/src/startup.o
 .debug_aranges
                0x00000250       0x40 Drivers/SysTick/src/systick.o

.debug_ranges   0x00000000      0x2e8
 .debug_ranges  0x00000000       0x60 Drivers/GPIO/src/gpio.o
 .debug_ranges  0x00000060      0x228 Drivers/NVIC/src/nvic.o
 .debug_ranges  0x00000288       0x10 Drivers/SysTick/src/main.o
 .debug_ranges  0x00000298       0x20 Drivers/SysTick/src/startup.o
 .debug_ranges  0x000002b8       0x30 Drivers/SysTick/src/systick.o

.debug_line     0x00000000     0x17d3
 .debug_line    0x00000000      0x503 Drivers/GPIO/src/gpio.o
 .debug_line    0x00000503      0xbef Drivers/NVIC/src/nvic.o
 .debug_line    0x000010f2      0x1cc Drivers/SysTick/src/main.o
 .debug_line    0x000012be      0x1c8 Drivers/SysTick/src/startup.o
 .debug_line    0x00001486      0x34d Drivers/SysTick/src/systick.o

.debug_str      0x00000000      0xd31
 .debug_str     0x00000000      0x3c0 Drivers/GPIO/src/gpio.o
                                0x41e (size before relaxing)
 .debug_str     0x000003c0      0x76f Drivers/NVIC/src/nvic.o
                                0x8f6 (size before relaxing)
 .debug_str     0x00000b2f       0xe8 Drivers/SysTick/src/main.o
                                0x311 (size before relaxing)
 .debug_str     0x00000c17       0xca Drivers/SysTick/src/startup.o
                                0x25f (size before relaxing)
 .debug_str     0x00000ce1       0x50 Drivers/SysTick/src/systick.o
                                0x27d (size before relaxing)

.debug_frame    0x00000000      0x584
 .debug_frame   0x00000000       0xf4 Drivers/GPIO/src/gpio.o
 .debug_frame   0x000000f4      0x33c Drivers/NVIC/src/nvic.o
 .debug_frame   0x00000430       0x28 Drivers/SysTick/src/main.o
 .debug_frame   0x00000458       0x48 Drivers/SysTick/src/startup.o
 .debug_frame   0x000004a0       0x9c Drivers/SysTick/src/systick.o
 .debug_frame   0x0000053c       0x28 c:/program files (x86)/gnu arm embedded toolchain/10 2021.10/bin/../lib/gcc/arm-none-eabi/10.3.1/../../../../arm-none-eabi/lib/thumb/v8-m.main/nofp\libg_nano.a(lib_a-memcpy-stub.o)
 .debug_frame   0x00000564       0x20 c:/program files (x86)/gnu arm embedded toolchain/10 2021.10/bin/../lib/gcc/arm-none-eabi/10.3.1/../../../../arm-none-eabi/lib/thumb/v8-m.main/nofp\libg_nano.a(lib_a-memset.o)
