###############################################################################
#
# IAR ELF Linker V9.70.4.588/W64 for ARM                  03/Apr/2026  00:33:55
# Copyright 2007-2026 IAR Systems AB.
#
#    Output file  =  Drivers/bxCAN/main_iar.out
#    Map file     =  Drivers/bxCAN/main_iar.map
#    Command line =
#        --config stm32c562re.icf --entry Reset_Handler --map
#        Drivers/bxCAN/main_iar.map -o Drivers/bxCAN/main_iar.out
#        Drivers/bxCAN/iar_obj/bxcan.o Drivers/bxCAN/iar_obj/gpio.o
#        Drivers/bxCAN/iar_obj/led.o Drivers/bxCAN/iar_obj/main.o
#        Drivers/bxCAN/iar_obj/startup.o Drivers/bxCAN/iar_obj/uart.o
#
###############################################################################

*******************************************************************************
*** RUNTIME MODEL ATTRIBUTES
***

CppFlavor       = *
__CPP_Runtime   = 1
__SystemLibrary = DLib
__dlib_version  = 6


*******************************************************************************
*** HEAP SELECTION
***

The basic heap was selected because --advanced_heap
was not specified and the application did not appear to
be primarily optimized for speed.


*******************************************************************************
*** PLACEMENT SUMMARY
***

"P1":  place in [from 0x800'0000 to 0x80f'ffff] {  ro };
define block CSTACK with size = 1K, alignment = 8 { };
define block HEAP with size = 512, alignment = 8 { };
"P2":  place in [from 0x2000'0000 to 0x2001'ffff] {
           rw,  block CSTACK,  block HEAP };
initialize by copy {  rw };

No sections matched the following patterns:

  ro section .intvec  in "A0"


  Section            Kind         Address  Alignment    Size  Object
  -------            ----         -------  ---------    ----  ------
"P1":                                                 0x1fd0
  .text              ro code   0x800'0000          4   0xba8  bxcan.o [1]
  .text              ro code   0x800'0ba8          4   0x204  gpio.o [1]
  .text              ro code   0x800'0dac          4    0x56  ABImemcpy_unaligned.o [3]
  .text              ro code   0x800'0e02          2    0x2a  copy_init3.o [3]
  .text              ro code   0x800'0e2c          4    0x44  snprintf.o [2]
  .text              ro code   0x800'0e70          4   0x49e  uart.o [1]
  .text              ro code   0x800'130e          2    0x1a  xsnprout.o [2]
  .text              ro code   0x800'1328          4    0x66  ABImemset.o [3]
  .text              ro code   0x800'1390          4   0x4f1  xprintfsmall_nomb.o [2]
  .text              ro code   0x800'1884          4    0x16  strchr.o [3]
  .text              ro code   0x800'189c          4    0x40  xfail_s.o [2]
  .text              ro code   0x800'18dc          4    0x36  strlen.o [3]
  .text              ro code   0x800'1914          4    0x58  memchr.o [3]
  .text              ro code   0x800'196c          2     0x6  abort.o [2]
  .text              ro code   0x800'1974          4     0xc  XXexit.o [3]
  .text              ro code   0x800'1980          4    0x50  main.o [1]
  .rodata            const     0x800'19d0          4    0x3c  bxcan.o [1]
  .rodata            const     0x800'1a0c          4    0x3c  bxcan.o [1]
  .rodata            const     0x800'1a48          4    0x38  bxcan.o [1]
  .text              ro code   0x800'1a80          2    0x38  zero_init3.o [3]
  .rodata            const     0x800'1ab8          4    0x30  bxcan.o [1]
  .rodata            const     0x800'1ae8          4    0x2c  bxcan.o [1]
  .rodata            const     0x800'1b14          4    0x2c  bxcan.o [1]
  .rodata            const     0x800'1b40          4    0x2c  bxcan.o [1]
  .rodata            const     0x800'1b6c          4    0x2c  bxcan.o [1]
  .rodata            const     0x800'1b98          4    0x2c  bxcan.o [1]
  .rodata            const     0x800'1bc4          4    0x2c  bxcan.o [1]
  .rodata            const     0x800'1bf0          4    0x28  bxcan.o [1]
  .rodata            const     0x800'1c18          4    0x28  bxcan.o [1]
  .text              ro code   0x800'1c40          4    0x28  data_init.o [3]
  .rodata            const     0x800'1c68          4    0x24  bxcan.o [1]
  .rodata            const     0x800'1c8c          4    0x24  bxcan.o [1]
  .rodata            const     0x800'1cb0          4    0x24  bxcan.o [1]
  .iar.init_table    const     0x800'1cd4          4    0x24  - Linker created -
  .rodata            const     0x800'1cf8          4    0x20  bxcan.o [1]
  .rodata            const     0x800'1d18          4    0x20  bxcan.o [1]
  .rodata            const     0x800'1d38          4    0x20  bxcan.o [1]
  .rodata            const     0x800'1d58          4    0x20  bxcan.o [1]
  .rodata            const     0x800'1d78          4    0x20  bxcan.o [1]
  .rodata            const     0x800'1d98          4    0x20  bxcan.o [1]
  .rodata            const     0x800'1db8          4    0x20  bxcan.o [1]
  .text              ro code   0x800'1dd8          4    0x20  startup.o [1]
  .rodata            const     0x800'1df8          4    0x1c  bxcan.o [1]
  .rodata            const     0x800'1e14          4    0x1c  bxcan.o [1]
  .rodata            const     0x800'1e30          4    0x1c  bxcan.o [1]
  .rodata            const     0x800'1e4c          4    0x1c  bxcan.o [1]
  .rodata            const     0x800'1e68          4    0x1c  bxcan.o [1]
  .rodata            const     0x800'1e84          4    0x1c  main.o [1]
  .rodata            const     0x800'1ea0          4    0x18  bxcan.o [1]
  .rodata            const     0x800'1eb8          4    0x18  bxcan.o [1]
  .rodata            const     0x800'1ed0          4    0x18  bxcan.o [1]
  .rodata            const     0x800'1ee8          4    0x18  bxcan.o [1]
  .rodata            const     0x800'1f00          4    0x18  bxcan.o [1]
  .rodata            const     0x800'1f18          4    0x14  bxcan.o [1]
  .rodata            const     0x800'1f2c          4    0x14  bxcan.o [1]
  .rodata            const     0x800'1f40          4    0x10  bxcan.o [1]
  .rodata            const     0x800'1f50          4    0x10  bxcan.o [1]
  .rodata            const     0x800'1f60          4    0x10  bxcan.o [1]
  .rodata            const     0x800'1f70          4     0xc  bxcan.o [1]
  .rodata            const     0x800'1f7c          4     0xc  bxcan.o [1]
  .rodata            const     0x800'1f88          4     0xc  bxcan.o [1]
  .rodata            const     0x800'1f94          4     0xc  bxcan.o [1]
  .rodata            const     0x800'1fa0          4     0xc  bxcan.o [1]
  .rodata            const     0x800'1fac          4     0x8  bxcan.o [1]
  .rodata            const     0x800'1fb4          4     0x8  bxcan.o [1]
  .rodata            const     0x800'1fbc          4     0x8  bxcan.o [1]
  .rodata            const     0x800'1fc4          4     0x8  bxcan.o [1]
  Initializer bytes  const     0x800'1fcc          4     0x4  <for P2-1>
  .rodata            const     0x800'1fd0                0x0  zero_init3.o [3]
  .rodata            const     0x800'1fd0                0x0  copy_init3.o [3]
                             - 0x800'1fd0             0x1fd0

"P2", part 1 of 2:                                       0x4
  P2-1                        0x2000'0000          4     0x4  <Init block>
    .data            inited   0x2000'0000          4     0x4  startup.o [1]
                            - 0x2000'0004                0x4

"P2", part 2 of 2:                                      0x70
  .bss               zero     0x2000'0004          4    0x14  bxcan.o [1]
  .bss               zero     0x2000'0018          4    0x14  bxcan.o [1]
  .bss               zero     0x2000'002c          4    0x14  bxcan.o [1]
  .bss               zero     0x2000'0040          4     0x8  bxcan.o [1]
  .bss               zero     0x2000'0048          4     0x8  bxcan.o [1]
  .bss               zero     0x2000'0050          4     0x4  bxcan.o [1]
  .bss               zero     0x2000'0054          4     0x4  bxcan.o [1]
  .bss               zero     0x2000'0058          4     0x4  uart.o [1]
  .bss               zero     0x2000'005c          4     0x4  uart.o [1]
  .bss               zero     0x2000'0060          4     0x4  uart.o [1]
  .bss               zero     0x2000'0064          4     0x4  uart.o [1]
  .bss               zero     0x2000'0068          4     0x4  uart.o [1]
  .bss               zero     0x2000'006c          4     0x4  xfail_s.o [2]
  .bss               zero     0x2000'0070                0x1  bxcan.o [1]
                            - 0x2000'0071               0x6d

Unused ranges:

         From           To      Size
         ----           --      ----
   0x800'1fd0   0x80f'ffff  0xf'e030
  0x2000'0074  0x2001'ffff  0x1'ff8c


*******************************************************************************
*** INIT TABLE
***

          Address      Size
          -------      ----
Zero (__iar_zero_init3)
    1 destination range, total size 0x6d:
          0x2000'0004  0x6d

Copy (__iar_copy_init3)
    1 source range, total size 0x4:
           0x800'1fcc   0x4
    1 destination range, total size 0x4:
          0x2000'0000   0x4



*******************************************************************************
*** MODULE SUMMARY
***

    Module                 ro code  ro data  rw data
    ------                 -------  -------  -------
command line/config:
    ------------------------------------------------
    Total:

F:\dev\STM32\STM32C5-NUCLEO-Projects\Drivers\bxCAN\iar_obj: [1]
    bxcan.o                  2'984    1'340       85
    gpio.o                     516
    main.o                      80       28
    startup.o                   32        4        4
    uart.o                   1'182                20
    ------------------------------------------------
    Total:                   4'794    1'372      109

dl7M_tln.a: [2]
    abort.o                      6
    snprintf.o                  68
    xfail_s.o                   64                 4
    xprintfsmall_nomb.o      1'265
    xsnprout.o                  26
    ------------------------------------------------
    Total:                   1'429                 4

rt7M_tl.a: [3]
    ABImemcpy_unaligned.o       86
    ABImemset.o                102
    XXexit.o                    12
    copy_init3.o                42
    data_init.o                 40
    memchr.o                    88
    strchr.o                    22
    strlen.o                    54
    zero_init3.o                56
    ------------------------------------------------
    Total:                     502

    Gaps                        11
    Linker created                       36
----------------------------------------------------
    Grand Total:             6'736    1'408      113


*******************************************************************************
*** ENTRY LIST
***

Entry                       Address   Size  Type      Object
-----                       -------   ----  ----      ------
.iar.init_table$$Base    0x800'1cd4          --   Gb  - Linker created -
.iar.init_table$$Limit   0x800'1cf8          --   Gb  - Linker created -
BRR_Oversample_by_16     0x800'0e97    0xc  Code  Gb  uart.o [1]
CAN_ComputeNBTP          0x800'00a1   0x2e  Code  Lc  bxcan.o [1]
CAN_DisableRXInterrupt   0x800'0393   0x16  Code  Gb  bxcan.o [1]
CAN_EnableRXInterrupt    0x800'0363   0x30  Code  Gb  bxcan.o [1]
CAN_FilterAcceptAll      0x800'0289    0xa  Code  Gb  bxcan.o [1]
CAN_GPIO_Init            0x800'0045   0x5c  Code  Lc  bxcan.o [1]
CAN_Init                 0x800'0179  0x110  Code  Gb  bxcan.o [1]
CAN_LoopbackTest         0x800'0431  0x3aa  Code  Gb  bxcan.o [1]
CAN_PrintMsg             0x800'03c1   0x68  Code  Lc  bxcan.o [1]
CAN_ReadFIFO             0x800'00cf   0x98  Code  Lc  bxcan.o [1]
CAN_Receive              0x800'034d   0x16  Code  Gb  bxcan.o [1]
CAN_TransceiverTest      0x800'07e9  0x29e  Code  Gb  bxcan.o [1]
CAN_Transmit             0x800'0293   0xba  Code  Gb  bxcan.o [1]
CAN_constructor          0x800'0167   0x12  Code  Gb  bxcan.o [1]
GPIO_Init                0x800'0bb5  0x11e  Code  Gb  gpio.o [1]
GPIO_ReadPin             0x800'0cd3   0x14  Code  Gb  gpio.o [1]
GPIO_TogglePin           0x800'0cff    0xe  Code  Gb  gpio.o [1]
GPIO_WritePin            0x800'0ce7   0x18  Code  Gb  gpio.o [1]
GPIO_constructor         0x800'0ba9    0xc  Code  Gb  gpio.o [1]
NVIC_DisableIRQ          0x800'0019   0x18  Code  Lc  bxcan.o [1]
NVIC_EnableIRQ           0x800'0001   0x18  Code  Lc  bxcan.o [1]
NVIC_EnableIRQ           0x800'0e71   0x18  Code  Lc  uart.o [1]
NVIC_SetPriority         0x800'0e89    0xe  Code  Lc  uart.o [1]
Region$$Table$$Base      0x800'1cd4          --   Gb  - Linker created -
Region$$Table$$Limit     0x800'1cf8          --   Gb  - Linker created -
Reset_Handler            0x800'1de9   0x10  Code  Gb  startup.o [1]
SystemCoreClock         0x2000'0000    0x4  Data  Gb  startup.o [1]
SystemInit               0x800'1dd9    0x8  Code  Gb  startup.o [1]
USART_Init               0x800'0eb1  0x3b4  Code  Gb  uart.o [1]
USART_WriteString        0x800'12e1   0x2e  Code  Gb  uart.o [1]
USART_constructor        0x800'0ea3    0xe  Code  Gb  uart.o [1]
USART_x_Write            0x800'1265   0x12  Code  Gb  uart.o [1]
_LC                      0x800'1391    0x6  Code  Lc  xprintfsmall_nomb.o [2]
_LitobSmallNoMb          0x800'175f   0xce  Code  Lc  xprintfsmall_nomb.o [2]
_PrintfSmallNoMb         0x800'1399  0x3ba  Code  Gb  xprintfsmall_nomb.o [2]
_PutcharsSmallNoMb       0x800'182d   0x2e  Code  Lc  xprintfsmall_nomb.o [2]
_SNProut                 0x800'130f   0x1a  Code  Gb  xsnprout.o [2]
__RCC_GPIO_CLK_ENABLE    0x800'0d0d   0x84  Code  Gb  gpio.o [1]
__aeabi_memset           0x800'1329         Code  Gb  ABImemset.o [3]
__exit                   0x800'1975         Code  Gb  XXexit.o [3]
__iar_Fail_s             0x800'189d   0x1c  Code  Gb  xfail_s.o [2]
__iar_Memchr             0x800'1915         Code  Gb  memchr.o [3]
__iar_Memset             0x800'1329         Code  Gb  ABImemset.o [3]
__iar_Memset_word        0x800'1331         Code  Gb  ABImemset.o [3]
__iar_Strchr             0x800'1885         Code  Gb  strchr.o [3]
__iar_copy_init3         0x800'0e03   0x2a  Code  Gb  copy_init3.o [3]
__iar_data_init3         0x800'1c41   0x28  Code  Gb  data_init.o [3]
__iar_unaligned_memcpy4
                         0x800'0dad         Code  Gb  ABImemcpy_unaligned.o [3]
__iar_unaligned_memcpy8
                         0x800'0dad         Code  Gb  ABImemcpy_unaligned.o [3]
__iar_zero_init3         0x800'1a81   0x38  Code  Gb  zero_init3.o [3]
abort                    0x800'196d    0x6  Code  Gb  abort.o [2]
delay                    0x800'0031   0x14  Code  Lc  bxcan.o [1]
loopback_irq_callback    0x800'03a9   0x18  Code  Lc  bxcan.o [1]
main                     0x800'1981   0x50  Code  Gb  main.o [1]
memchr                   0x800'1915         Code  Gb  memchr.o [3]
s_b1                    0x2000'0048    0x8  Data  Lc  bxcan.o [1]
s_b1_init               0x2000'0018   0x14  Data  Lc  bxcan.o [1]
s_can1_handle           0x2000'0054    0x4  Data  Lc  bxcan.o [1]
s_gpio_initialized      0x2000'0050    0x4  Data  Lc  bxcan.o [1]
s_irq_msg_received      0x2000'0070    0x1  Data  Lc  bxcan.o [1]
s_irq_rx_msg            0x2000'002c   0x14  Data  Lc  bxcan.o [1]
s_ld1                   0x2000'0040    0x8  Data  Lc  bxcan.o [1]
s_ld1_init              0x2000'0004   0x14  Data  Lc  bxcan.o [1]
s_uart4_handle          0x2000'0064    0x4  Data  Lc  uart.o [1]
s_uart5_handle          0x2000'0068    0x4  Data  Lc  uart.o [1]
s_usart1_handle         0x2000'0058    0x4  Data  Lc  uart.o [1]
s_usart2_handle         0x2000'005c    0x4  Data  Lc  uart.o [1]
s_usart3_handle         0x2000'0060    0x4  Data  Lc  uart.o [1]
sec_hand                0x2000'006c    0x4  Data  Lc  xfail_s.o [2]
snprintf                 0x800'0e2d   0x44  Code  Gb  snprintf.o [2]
strchr                   0x800'1885         Code  Gb  strchr.o [3]
strlen                   0x800'18dd         Code  Gb  strlen.o [3]


[1] = F:\dev\STM32\STM32C5-NUCLEO-Projects\Drivers\bxCAN\iar_obj
[2] = dl7M_tln.a
[3] = rt7M_tl.a

  6'736 bytes of readonly  code memory
  1'408 bytes of readonly  data memory
    113 bytes of readwrite data memory

Errors: none
Warnings: none
