Archive member included to satisfy reference by file (symbol)

f:/program_files_x86/gnu arm embedded toolchain/10 2021.10/bin/../lib/gcc/arm-none-eabi/10.3.1/../../../../arm-none-eabi/lib/thumb/v8-m.main/nofp\libg_nano.a(lib_a-exit.o)
                              f:/program_files_x86/gnu arm embedded toolchain/10 2021.10/bin/../lib/gcc/arm-none-eabi/10.3.1/../../../../arm-none-eabi/lib/thumb/v8-m.main/nofp/crt0.o (exit)
f:/program_files_x86/gnu arm embedded toolchain/10 2021.10/bin/../lib/gcc/arm-none-eabi/10.3.1/../../../../arm-none-eabi/lib/thumb/v8-m.main/nofp\libg_nano.a(lib_a-impure.o)
                              f:/program_files_x86/gnu arm embedded toolchain/10 2021.10/bin/../lib/gcc/arm-none-eabi/10.3.1/../../../../arm-none-eabi/lib/thumb/v8-m.main/nofp\libg_nano.a(lib_a-exit.o) (_global_impure_ptr)
f:/program_files_x86/gnu arm embedded toolchain/10 2021.10/bin/../lib/gcc/arm-none-eabi/10.3.1/../../../../arm-none-eabi/lib/thumb/v8-m.main/nofp\libg_nano.a(lib_a-init.o)
                              f:/program_files_x86/gnu arm embedded toolchain/10 2021.10/bin/../lib/gcc/arm-none-eabi/10.3.1/../../../../arm-none-eabi/lib/thumb/v8-m.main/nofp/crt0.o (__libc_init_array)
f:/program_files_x86/gnu arm embedded toolchain/10 2021.10/bin/../lib/gcc/arm-none-eabi/10.3.1/../../../../arm-none-eabi/lib/thumb/v8-m.main/nofp\libg_nano.a(lib_a-memcpy-stub.o)
                              Drivers/bxCAN/src/startup.o (memcpy)
f:/program_files_x86/gnu arm embedded toolchain/10 2021.10/bin/../lib/gcc/arm-none-eabi/10.3.1/../../../../arm-none-eabi/lib/thumb/v8-m.main/nofp\libg_nano.a(lib_a-memset.o)
                              f:/program_files_x86/gnu arm embedded toolchain/10 2021.10/bin/../lib/gcc/arm-none-eabi/10.3.1/../../../../arm-none-eabi/lib/thumb/v8-m.main/nofp/crt0.o (memset)
f:/program_files_x86/gnu arm embedded toolchain/10 2021.10/bin/../lib/gcc/arm-none-eabi/10.3.1/../../../../arm-none-eabi/lib/thumb/v8-m.main/nofp\libg_nano.a(lib_a-snprintf.o)
                              Drivers/bxCAN/src/bxcan.o (snprintf)
f:/program_files_x86/gnu arm embedded toolchain/10 2021.10/bin/../lib/gcc/arm-none-eabi/10.3.1/../../../../arm-none-eabi/lib/thumb/v8-m.main/nofp\libg_nano.a(lib_a-nano-svfprintf.o)
                              f:/program_files_x86/gnu arm embedded toolchain/10 2021.10/bin/../lib/gcc/arm-none-eabi/10.3.1/../../../../arm-none-eabi/lib/thumb/v8-m.main/nofp\libg_nano.a(lib_a-snprintf.o) (_svfprintf_r)
f:/program_files_x86/gnu arm embedded toolchain/10 2021.10/bin/../lib/gcc/arm-none-eabi/10.3.1/../../../../arm-none-eabi/lib/thumb/v8-m.main/nofp\libg_nano.a(lib_a-nano-vfprintf_i.o)
                              f:/program_files_x86/gnu arm embedded toolchain/10 2021.10/bin/../lib/gcc/arm-none-eabi/10.3.1/../../../../arm-none-eabi/lib/thumb/v8-m.main/nofp\libg_nano.a(lib_a-nano-svfprintf.o) (_printf_i)
f:/program_files_x86/gnu arm embedded toolchain/10 2021.10/bin/../lib/gcc/arm-none-eabi/10.3.1/../../../../arm-none-eabi/lib/thumb/v8-m.main/nofp\libg_nano.a(lib_a-memchr-stub.o)
                              f:/program_files_x86/gnu arm embedded toolchain/10 2021.10/bin/../lib/gcc/arm-none-eabi/10.3.1/../../../../arm-none-eabi/lib/thumb/v8-m.main/nofp\libg_nano.a(lib_a-nano-svfprintf.o) (memchr)
f:/program_files_x86/gnu arm embedded toolchain/10 2021.10/bin/../lib/gcc/arm-none-eabi/10.3.1/../../../../arm-none-eabi/lib/thumb/v8-m.main/nofp\libg_nano.a(lib_a-memmove.o)
                              f:/program_files_x86/gnu arm embedded toolchain/10 2021.10/bin/../lib/gcc/arm-none-eabi/10.3.1/../../../../arm-none-eabi/lib/thumb/v8-m.main/nofp\libg_nano.a(lib_a-nano-svfprintf.o) (memmove)
f:/program_files_x86/gnu arm embedded toolchain/10 2021.10/bin/../lib/gcc/arm-none-eabi/10.3.1/../../../../arm-none-eabi/lib/thumb/v8-m.main/nofp\libg_nano.a(lib_a-nano-freer.o)
                              f:/program_files_x86/gnu arm embedded toolchain/10 2021.10/bin/../lib/gcc/arm-none-eabi/10.3.1/../../../../arm-none-eabi/lib/thumb/v8-m.main/nofp\libg_nano.a(lib_a-nano-svfprintf.o) (_free_r)
f:/program_files_x86/gnu arm embedded toolchain/10 2021.10/bin/../lib/gcc/arm-none-eabi/10.3.1/../../../../arm-none-eabi/lib/thumb/v8-m.main/nofp\libg_nano.a(lib_a-nano-mallocr.o)
                              f:/program_files_x86/gnu arm embedded toolchain/10 2021.10/bin/../lib/gcc/arm-none-eabi/10.3.1/../../../../arm-none-eabi/lib/thumb/v8-m.main/nofp\libg_nano.a(lib_a-nano-svfprintf.o) (_malloc_r)
f:/program_files_x86/gnu arm embedded toolchain/10 2021.10/bin/../lib/gcc/arm-none-eabi/10.3.1/../../../../arm-none-eabi/lib/thumb/v8-m.main/nofp\libg_nano.a(lib_a-nano-reallocr.o)
                              f:/program_files_x86/gnu arm embedded toolchain/10 2021.10/bin/../lib/gcc/arm-none-eabi/10.3.1/../../../../arm-none-eabi/lib/thumb/v8-m.main/nofp\libg_nano.a(lib_a-nano-svfprintf.o) (_realloc_r)
f:/program_files_x86/gnu arm embedded toolchain/10 2021.10/bin/../lib/gcc/arm-none-eabi/10.3.1/../../../../arm-none-eabi/lib/thumb/v8-m.main/nofp\libg_nano.a(lib_a-sbrkr.o)
                              f:/program_files_x86/gnu arm embedded toolchain/10 2021.10/bin/../lib/gcc/arm-none-eabi/10.3.1/../../../../arm-none-eabi/lib/thumb/v8-m.main/nofp\libg_nano.a(lib_a-nano-mallocr.o) (_sbrk_r)
f:/program_files_x86/gnu arm embedded toolchain/10 2021.10/bin/../lib/gcc/arm-none-eabi/10.3.1/../../../../arm-none-eabi/lib/thumb/v8-m.main/nofp\libg_nano.a(lib_a-mlock.o)
                              f:/program_files_x86/gnu arm embedded toolchain/10 2021.10/bin/../lib/gcc/arm-none-eabi/10.3.1/../../../../arm-none-eabi/lib/thumb/v8-m.main/nofp\libg_nano.a(lib_a-nano-freer.o) (__malloc_lock)
f:/program_files_x86/gnu arm embedded toolchain/10 2021.10/bin/../lib/gcc/arm-none-eabi/10.3.1/../../../../arm-none-eabi/lib/thumb/v8-m.main/nofp\libg_nano.a(lib_a-nano-msizer.o)
                              f:/program_files_x86/gnu arm embedded toolchain/10 2021.10/bin/../lib/gcc/arm-none-eabi/10.3.1/../../../../arm-none-eabi/lib/thumb/v8-m.main/nofp\libg_nano.a(lib_a-nano-reallocr.o) (_malloc_usable_size_r)
f:/program_files_x86/gnu arm embedded toolchain/10 2021.10/bin/../lib/gcc/arm-none-eabi/10.3.1/../../../../arm-none-eabi/lib/thumb/v8-m.main/nofp\libg_nano.a(lib_a-reent.o)
                              f:/program_files_x86/gnu arm embedded toolchain/10 2021.10/bin/../lib/gcc/arm-none-eabi/10.3.1/../../../../arm-none-eabi/lib/thumb/v8-m.main/nofp\libg_nano.a(lib_a-sbrkr.o) (errno)
f:/program_files_x86/gnu arm embedded toolchain/10 2021.10/bin/../lib/gcc/arm-none-eabi/10.3.1/../../../../arm-none-eabi/lib/thumb/v8-m.main/nofp\libg_nano.a(lib_a-lock.o)
                              f:/program_files_x86/gnu arm embedded toolchain/10 2021.10/bin/../lib/gcc/arm-none-eabi/10.3.1/../../../../arm-none-eabi/lib/thumb/v8-m.main/nofp\libg_nano.a(lib_a-mlock.o) (__retarget_lock_acquire_recursive)
f:/program_files_x86/gnu arm embedded toolchain/10 2021.10/bin/../lib/gcc/arm-none-eabi/10.3.1/../../../../arm-none-eabi/lib/thumb/v8-m.main/nofp\libnosys.a(sbrk.o)
                              f:/program_files_x86/gnu arm embedded toolchain/10 2021.10/bin/../lib/gcc/arm-none-eabi/10.3.1/../../../../arm-none-eabi/lib/thumb/v8-m.main/nofp\libg_nano.a(lib_a-sbrkr.o) (_sbrk)
f:/program_files_x86/gnu arm embedded toolchain/10 2021.10/bin/../lib/gcc/arm-none-eabi/10.3.1/../../../../arm-none-eabi/lib/thumb/v8-m.main/nofp\libnosys.a(_exit.o)
                              f:/program_files_x86/gnu arm embedded toolchain/10 2021.10/bin/../lib/gcc/arm-none-eabi/10.3.1/../../../../arm-none-eabi/lib/thumb/v8-m.main/nofp\libg_nano.a(lib_a-exit.o) (_exit)

Discarded input sections

 .text          0x00000000        0x0 f:/program_files_x86/gnu arm embedded toolchain/10 2021.10/bin/../lib/gcc/arm-none-eabi/10.3.1/thumb/v8-m.main/nofp/crti.o
 .data          0x00000000        0x0 f:/program_files_x86/gnu arm embedded toolchain/10 2021.10/bin/../lib/gcc/arm-none-eabi/10.3.1/thumb/v8-m.main/nofp/crti.o
 .bss           0x00000000        0x0 f:/program_files_x86/gnu arm embedded toolchain/10 2021.10/bin/../lib/gcc/arm-none-eabi/10.3.1/thumb/v8-m.main/nofp/crti.o
 .text          0x00000000       0x40 f:/program_files_x86/gnu arm embedded toolchain/10 2021.10/bin/../lib/gcc/arm-none-eabi/10.3.1/thumb/v8-m.main/nofp/crtbegin.o
 .data          0x00000000        0x4 f:/program_files_x86/gnu arm embedded toolchain/10 2021.10/bin/../lib/gcc/arm-none-eabi/10.3.1/thumb/v8-m.main/nofp/crtbegin.o
 .bss           0x00000000       0x1c f:/program_files_x86/gnu arm embedded toolchain/10 2021.10/bin/../lib/gcc/arm-none-eabi/10.3.1/thumb/v8-m.main/nofp/crtbegin.o
 .rodata        0x00000000       0x24 f:/program_files_x86/gnu arm embedded toolchain/10 2021.10/bin/../lib/gcc/arm-none-eabi/10.3.1/thumb/v8-m.main/nofp/crtbegin.o
 .init_array    0x00000000        0x4 f:/program_files_x86/gnu arm embedded toolchain/10 2021.10/bin/../lib/gcc/arm-none-eabi/10.3.1/thumb/v8-m.main/nofp/crtbegin.o
 .fini_array    0x00000000        0x4 f:/program_files_x86/gnu arm embedded toolchain/10 2021.10/bin/../lib/gcc/arm-none-eabi/10.3.1/thumb/v8-m.main/nofp/crtbegin.o
 .eh_frame      0x00000000        0x0 f:/program_files_x86/gnu arm embedded toolchain/10 2021.10/bin/../lib/gcc/arm-none-eabi/10.3.1/thumb/v8-m.main/nofp/crtbegin.o
 .ARM.attributes
                0x00000000       0x32 f:/program_files_x86/gnu arm embedded toolchain/10 2021.10/bin/../lib/gcc/arm-none-eabi/10.3.1/thumb/v8-m.main/nofp/crtbegin.o
 .text          0x00000000       0x7c f:/program_files_x86/gnu arm embedded toolchain/10 2021.10/bin/../lib/gcc/arm-none-eabi/10.3.1/../../../../arm-none-eabi/lib/thumb/v8-m.main/nofp/crt0.o
 .data          0x00000000        0x0 f:/program_files_x86/gnu arm embedded toolchain/10 2021.10/bin/../lib/gcc/arm-none-eabi/10.3.1/../../../../arm-none-eabi/lib/thumb/v8-m.main/nofp/crt0.o
 .bss           0x00000000        0x0 f:/program_files_x86/gnu arm embedded toolchain/10 2021.10/bin/../lib/gcc/arm-none-eabi/10.3.1/../../../../arm-none-eabi/lib/thumb/v8-m.main/nofp/crt0.o
 .ARM.extab     0x00000000        0x0 f:/program_files_x86/gnu arm embedded toolchain/10 2021.10/bin/../lib/gcc/arm-none-eabi/10.3.1/../../../../arm-none-eabi/lib/thumb/v8-m.main/nofp/crt0.o
 .ARM.exidx     0x00000000       0x10 f:/program_files_x86/gnu arm embedded toolchain/10 2021.10/bin/../lib/gcc/arm-none-eabi/10.3.1/../../../../arm-none-eabi/lib/thumb/v8-m.main/nofp/crt0.o
 .ARM.attributes
                0x00000000       0x20 f:/program_files_x86/gnu arm embedded toolchain/10 2021.10/bin/../lib/gcc/arm-none-eabi/10.3.1/../../../../arm-none-eabi/lib/thumb/v8-m.main/nofp/crt0.o
 .text          0x00000000        0x0 Drivers/GPIO/src/gpio.o
 .data          0x00000000        0x0 Drivers/GPIO/src/gpio.o
 .bss           0x00000000        0x0 Drivers/GPIO/src/gpio.o
 .text.GPIO_SetPin
                0x00000000        0xc Drivers/GPIO/src/gpio.o
 .text.GPIO_ResetPin
                0x00000000        0xc Drivers/GPIO/src/gpio.o
 .text.GPIO_SetBit
                0x00000000        0xc Drivers/GPIO/src/gpio.o
 .text.GPIO_ResetBit
                0x00000000        0xc Drivers/GPIO/src/gpio.o
 .text          0x00000000        0x0 Drivers/UART/src/uart.o
 .data          0x00000000        0x0 Drivers/UART/src/uart.o
 .bss           0x00000000        0x0 Drivers/UART/src/uart.o
 .text.BRR_Oversample_by_16
                0x00000000        0xc Drivers/UART/src/uart.o
 .text.USART_x_Write
                0x00000000       0x10 Drivers/UART/src/uart.o
 .text.USART_x_Read
                0x00000000       0x10 Drivers/UART/src/uart.o
 .text.USART_EnableRXInterrupt
                0x00000000       0x10 Drivers/UART/src/uart.o
 .text.USART_DisableRXInterrupt
                0x00000000       0x10 Drivers/UART/src/uart.o
 .text.USART_IRQHandler
                0x00000000       0x24 Drivers/UART/src/uart.o
 .text.writeString
                0x00000000       0x2c Drivers/UART/src/uart.o
 .text.readString
                0x00000000       0x38 Drivers/UART/src/uart.o
 .rodata.GetPortName.str1.4
                0x00000000       0x2e Drivers/UART/src/uart.o
 .text.GetPortName
                0x00000000       0x64 Drivers/UART/src/uart.o
 .text.USART_WriteChar
                0x00000000       0x10 Drivers/UART/src/uart.o
 .text.USART_ReadChar
                0x00000000       0x10 Drivers/UART/src/uart.o
 .text.USART_ReadString
                0x00000000       0x60 Drivers/UART/src/uart.o
 .text          0x00000000        0x0 Drivers/bxCAN/src/bxcan.o
 .data          0x00000000        0x0 Drivers/bxCAN/src/bxcan.o
 .bss           0x00000000        0x0 Drivers/bxCAN/src/bxcan.o
 .text.CAN_FilterAcceptAll
                0x00000000        0xc Drivers/bxCAN/src/bxcan.o
 .text.CAN_Receive
                0x00000000       0x14 Drivers/bxCAN/src/bxcan.o
 .text.CAN_EnableRXInterrupt
                0x00000000       0x2c Drivers/bxCAN/src/bxcan.o
 .text.CAN_DisableRXInterrupt
                0x00000000       0x1c Drivers/bxCAN/src/bxcan.o
 .text          0x00000000        0x0 Drivers/bxCAN/src/main.o
 .data          0x00000000        0x0 Drivers/bxCAN/src/main.o
 .bss           0x00000000        0x0 Drivers/bxCAN/src/main.o
 .text          0x00000000        0x0 Drivers/bxCAN/src/startup.o
 .data          0x00000000        0x0 Drivers/bxCAN/src/startup.o
 .bss           0x00000000        0x0 Drivers/bxCAN/src/startup.o
 .text.SystemInit
                0x00000000       0x10 Drivers/bxCAN/src/startup.o
 .text          0x00000000        0x0 Projects/LED_Blink/src/led.o
 .data          0x00000000        0x0 Projects/LED_Blink/src/led.o
 .bss           0x00000000        0x0 Projects/LED_Blink/src/led.o
 .text.run_diagnostics
                0x00000000        0x4 Projects/LED_Blink/src/led.o
 .text.compute_efficiency
                0x00000000        0x4 Projects/LED_Blink/src/led.o
 .text.LED_constructor
                0x00000000       0xc4 Projects/LED_Blink/src/led.o
 .text.LED_setState
                0x00000000       0xd8 Projects/LED_Blink/src/led.o
 .rodata.LED_getState.str1.4
                0x00000000       0x3d Projects/LED_Blink/src/led.o
 .text.LED_getState
                0x00000000       0xa4 Projects/LED_Blink/src/led.o
 .text.runSystemsDiagnostics
                0x00000000       0x1c Projects/LED_Blink/src/led.o
 .text.computeLEDsEfficiency
                0x00000000       0x1c Projects/LED_Blink/src/led.o
 .rodata.str1.4
                0x00000000       0x19 Projects/LED_Blink/src/led.o
 .rodata.CSWTCH.8
                0x00000000       0x10 Projects/LED_Blink/src/led.o
 .rodata.vtable.0
                0x00000000        0x8 Projects/LED_Blink/src/led.o
 .debug_info    0x00000000      0x93d Projects/LED_Blink/src/led.o
 .debug_abbrev  0x00000000      0x2de Projects/LED_Blink/src/led.o
 .debug_loc     0x00000000      0x33c Projects/LED_Blink/src/led.o
 .debug_aranges
                0x00000000       0x50 Projects/LED_Blink/src/led.o
 .debug_ranges  0x00000000       0x70 Projects/LED_Blink/src/led.o
 .debug_line    0x00000000      0x5d6 Projects/LED_Blink/src/led.o
 .debug_str     0x00000000      0x4bf Projects/LED_Blink/src/led.o
 .comment       0x00000000       0x4a Projects/LED_Blink/src/led.o
 .debug_frame   0x00000000       0xc8 Projects/LED_Blink/src/led.o
 .ARM.attributes
                0x00000000       0x2e Projects/LED_Blink/src/led.o
 .text          0x00000000        0x0 f:/program_files_x86/gnu arm embedded toolchain/10 2021.10/bin/../lib/gcc/arm-none-eabi/10.3.1/../../../../arm-none-eabi/lib/thumb/v8-m.main/nofp\libg_nano.a(lib_a-exit.o)
 .data          0x00000000        0x0 f:/program_files_x86/gnu arm embedded toolchain/10 2021.10/bin/../lib/gcc/arm-none-eabi/10.3.1/../../../../arm-none-eabi/lib/thumb/v8-m.main/nofp\libg_nano.a(lib_a-exit.o)
 .bss           0x00000000        0x0 f:/program_files_x86/gnu arm embedded toolchain/10 2021.10/bin/../lib/gcc/arm-none-eabi/10.3.1/../../../../arm-none-eabi/lib/thumb/v8-m.main/nofp\libg_nano.a(lib_a-exit.o)
 .text.exit     0x00000000       0x28 f:/program_files_x86/gnu arm embedded toolchain/10 2021.10/bin/../lib/gcc/arm-none-eabi/10.3.1/../../../../arm-none-eabi/lib/thumb/v8-m.main/nofp\libg_nano.a(lib_a-exit.o)
 .debug_frame   0x00000000       0x28 f:/program_files_x86/gnu arm embedded toolchain/10 2021.10/bin/../lib/gcc/arm-none-eabi/10.3.1/../../../../arm-none-eabi/lib/thumb/v8-m.main/nofp\libg_nano.a(lib_a-exit.o)
 .ARM.attributes
                0x00000000       0x32 f:/program_files_x86/gnu arm embedded toolchain/10 2021.10/bin/../lib/gcc/arm-none-eabi/10.3.1/../../../../arm-none-eabi/lib/thumb/v8-m.main/nofp\libg_nano.a(lib_a-exit.o)
 .text          0x00000000        0x0 f:/program_files_x86/gnu arm embedded toolchain/10 2021.10/bin/../lib/gcc/arm-none-eabi/10.3.1/../../../../arm-none-eabi/lib/thumb/v8-m.main/nofp\libg_nano.a(lib_a-impure.o)
 .data          0x00000000        0x0 f:/program_files_x86/gnu arm embedded toolchain/10 2021.10/bin/../lib/gcc/arm-none-eabi/10.3.1/../../../../arm-none-eabi/lib/thumb/v8-m.main/nofp\libg_nano.a(lib_a-impure.o)
 .bss           0x00000000        0x0 f:/program_files_x86/gnu arm embedded toolchain/10 2021.10/bin/../lib/gcc/arm-none-eabi/10.3.1/../../../../arm-none-eabi/lib/thumb/v8-m.main/nofp\libg_nano.a(lib_a-impure.o)
 .rodata._global_impure_ptr
                0x00000000        0x4 f:/program_files_x86/gnu arm embedded toolchain/10 2021.10/bin/../lib/gcc/arm-none-eabi/10.3.1/../../../../arm-none-eabi/lib/thumb/v8-m.main/nofp\libg_nano.a(lib_a-impure.o)
 .text          0x00000000        0x0 f:/program_files_x86/gnu arm embedded toolchain/10 2021.10/bin/../lib/gcc/arm-none-eabi/10.3.1/../../../../arm-none-eabi/lib/thumb/v8-m.main/nofp\libg_nano.a(lib_a-init.o)
 .data          0x00000000        0x0 f:/program_files_x86/gnu arm embedded toolchain/10 2021.10/bin/../lib/gcc/arm-none-eabi/10.3.1/../../../../arm-none-eabi/lib/thumb/v8-m.main/nofp\libg_nano.a(lib_a-init.o)
 .bss           0x00000000        0x0 f:/program_files_x86/gnu arm embedded toolchain/10 2021.10/bin/../lib/gcc/arm-none-eabi/10.3.1/../../../../arm-none-eabi/lib/thumb/v8-m.main/nofp\libg_nano.a(lib_a-init.o)
 .text.__libc_init_array
                0x00000000       0x48 f:/program_files_x86/gnu arm embedded toolchain/10 2021.10/bin/../lib/gcc/arm-none-eabi/10.3.1/../../../../arm-none-eabi/lib/thumb/v8-m.main/nofp\libg_nano.a(lib_a-init.o)
 .debug_frame   0x00000000       0x2c f:/program_files_x86/gnu arm embedded toolchain/10 2021.10/bin/../lib/gcc/arm-none-eabi/10.3.1/../../../../arm-none-eabi/lib/thumb/v8-m.main/nofp\libg_nano.a(lib_a-init.o)
 .ARM.attributes
                0x00000000       0x32 f:/program_files_x86/gnu arm embedded toolchain/10 2021.10/bin/../lib/gcc/arm-none-eabi/10.3.1/../../../../arm-none-eabi/lib/thumb/v8-m.main/nofp\libg_nano.a(lib_a-init.o)
 .text          0x00000000        0x0 f:/program_files_x86/gnu arm embedded toolchain/10 2021.10/bin/../lib/gcc/arm-none-eabi/10.3.1/../../../../arm-none-eabi/lib/thumb/v8-m.main/nofp\libg_nano.a(lib_a-memcpy-stub.o)
 .data          0x00000000        0x0 f:/program_files_x86/gnu arm embedded toolchain/10 2021.10/bin/../lib/gcc/arm-none-eabi/10.3.1/../../../../arm-none-eabi/lib/thumb/v8-m.main/nofp\libg_nano.a(lib_a-memcpy-stub.o)
 .bss           0x00000000        0x0 f:/program_files_x86/gnu arm embedded toolchain/10 2021.10/bin/../lib/gcc/arm-none-eabi/10.3.1/../../../../arm-none-eabi/lib/thumb/v8-m.main/nofp\libg_nano.a(lib_a-memcpy-stub.o)
 .text          0x00000000        0x0 f:/program_files_x86/gnu arm embedded toolchain/10 2021.10/bin/../lib/gcc/arm-none-eabi/10.3.1/../../../../arm-none-eabi/lib/thumb/v8-m.main/nofp\libg_nano.a(lib_a-memset.o)
 .data          0x00000000        0x0 f:/program_files_x86/gnu arm embedded toolchain/10 2021.10/bin/../lib/gcc/arm-none-eabi/10.3.1/../../../../arm-none-eabi/lib/thumb/v8-m.main/nofp\libg_nano.a(lib_a-memset.o)
 .bss           0x00000000        0x0 f:/program_files_x86/gnu arm embedded toolchain/10 2021.10/bin/../lib/gcc/arm-none-eabi/10.3.1/../../../../arm-none-eabi/lib/thumb/v8-m.main/nofp\libg_nano.a(lib_a-memset.o)
 .text          0x00000000        0x0 f:/program_files_x86/gnu arm embedded toolchain/10 2021.10/bin/../lib/gcc/arm-none-eabi/10.3.1/../../../../arm-none-eabi/lib/thumb/v8-m.main/nofp\libg_nano.a(lib_a-snprintf.o)
 .data          0x00000000        0x0 f:/program_files_x86/gnu arm embedded toolchain/10 2021.10/bin/../lib/gcc/arm-none-eabi/10.3.1/../../../../arm-none-eabi/lib/thumb/v8-m.main/nofp\libg_nano.a(lib_a-snprintf.o)
 .bss           0x00000000        0x0 f:/program_files_x86/gnu arm embedded toolchain/10 2021.10/bin/../lib/gcc/arm-none-eabi/10.3.1/../../../../arm-none-eabi/lib/thumb/v8-m.main/nofp\libg_nano.a(lib_a-snprintf.o)
 .text._snprintf_r
                0x00000000       0x5e f:/program_files_x86/gnu arm embedded toolchain/10 2021.10/bin/../lib/gcc/arm-none-eabi/10.3.1/../../../../arm-none-eabi/lib/thumb/v8-m.main/nofp\libg_nano.a(lib_a-snprintf.o)
 .text          0x00000000        0x0 f:/program_files_x86/gnu arm embedded toolchain/10 2021.10/bin/../lib/gcc/arm-none-eabi/10.3.1/../../../../arm-none-eabi/lib/thumb/v8-m.main/nofp\libg_nano.a(lib_a-nano-svfprintf.o)
 .data          0x00000000        0x0 f:/program_files_x86/gnu arm embedded toolchain/10 2021.10/bin/../lib/gcc/arm-none-eabi/10.3.1/../../../../arm-none-eabi/lib/thumb/v8-m.main/nofp\libg_nano.a(lib_a-nano-svfprintf.o)
 .bss           0x00000000        0x0 f:/program_files_x86/gnu arm embedded toolchain/10 2021.10/bin/../lib/gcc/arm-none-eabi/10.3.1/../../../../arm-none-eabi/lib/thumb/v8-m.main/nofp\libg_nano.a(lib_a-nano-svfprintf.o)
 .text.__ssprint_r
                0x00000000       0xf6 f:/program_files_x86/gnu arm embedded toolchain/10 2021.10/bin/../lib/gcc/arm-none-eabi/10.3.1/../../../../arm-none-eabi/lib/thumb/v8-m.main/nofp\libg_nano.a(lib_a-nano-svfprintf.o)
 .text          0x00000000        0x0 f:/program_files_x86/gnu arm embedded toolchain/10 2021.10/bin/../lib/gcc/arm-none-eabi/10.3.1/../../../../arm-none-eabi/lib/thumb/v8-m.main/nofp\libg_nano.a(lib_a-nano-vfprintf_i.o)
 .data          0x00000000        0x0 f:/program_files_x86/gnu arm embedded toolchain/10 2021.10/bin/../lib/gcc/arm-none-eabi/10.3.1/../../../../arm-none-eabi/lib/thumb/v8-m.main/nofp\libg_nano.a(lib_a-nano-vfprintf_i.o)
 .bss           0x00000000        0x0 f:/program_files_x86/gnu arm embedded toolchain/10 2021.10/bin/../lib/gcc/arm-none-eabi/10.3.1/../../../../arm-none-eabi/lib/thumb/v8-m.main/nofp\libg_nano.a(lib_a-nano-vfprintf_i.o)
 .text          0x00000000        0x0 f:/program_files_x86/gnu arm embedded toolchain/10 2021.10/bin/../lib/gcc/arm-none-eabi/10.3.1/../../../../arm-none-eabi/lib/thumb/v8-m.main/nofp\libg_nano.a(lib_a-memchr-stub.o)
 .data          0x00000000        0x0 f:/program_files_x86/gnu arm embedded toolchain/10 2021.10/bin/../lib/gcc/arm-none-eabi/10.3.1/../../../../arm-none-eabi/lib/thumb/v8-m.main/nofp\libg_nano.a(lib_a-memchr-stub.o)
 .bss           0x00000000        0x0 f:/program_files_x86/gnu arm embedded toolchain/10 2021.10/bin/../lib/gcc/arm-none-eabi/10.3.1/../../../../arm-none-eabi/lib/thumb/v8-m.main/nofp\libg_nano.a(lib_a-memchr-stub.o)
 .text          0x00000000        0x0 f:/program_files_x86/gnu arm embedded toolchain/10 2021.10/bin/../lib/gcc/arm-none-eabi/10.3.1/../../../../arm-none-eabi/lib/thumb/v8-m.main/nofp\libg_nano.a(lib_a-memmove.o)
 .data          0x00000000        0x0 f:/program_files_x86/gnu arm embedded toolchain/10 2021.10/bin/../lib/gcc/arm-none-eabi/10.3.1/../../../../arm-none-eabi/lib/thumb/v8-m.main/nofp\libg_nano.a(lib_a-memmove.o)
 .bss           0x00000000        0x0 f:/program_files_x86/gnu arm embedded toolchain/10 2021.10/bin/../lib/gcc/arm-none-eabi/10.3.1/../../../../arm-none-eabi/lib/thumb/v8-m.main/nofp\libg_nano.a(lib_a-memmove.o)
 .text          0x00000000        0x0 f:/program_files_x86/gnu arm embedded toolchain/10 2021.10/bin/../lib/gcc/arm-none-eabi/10.3.1/../../../../arm-none-eabi/lib/thumb/v8-m.main/nofp\libg_nano.a(lib_a-nano-freer.o)
 .data          0x00000000        0x0 f:/program_files_x86/gnu arm embedded toolchain/10 2021.10/bin/../lib/gcc/arm-none-eabi/10.3.1/../../../../arm-none-eabi/lib/thumb/v8-m.main/nofp\libg_nano.a(lib_a-nano-freer.o)
 .bss           0x00000000        0x0 f:/program_files_x86/gnu arm embedded toolchain/10 2021.10/bin/../lib/gcc/arm-none-eabi/10.3.1/../../../../arm-none-eabi/lib/thumb/v8-m.main/nofp\libg_nano.a(lib_a-nano-freer.o)
 .text          0x00000000        0x0 f:/program_files_x86/gnu arm embedded toolchain/10 2021.10/bin/../lib/gcc/arm-none-eabi/10.3.1/../../../../arm-none-eabi/lib/thumb/v8-m.main/nofp\libg_nano.a(lib_a-nano-mallocr.o)
 .data          0x00000000        0x0 f:/program_files_x86/gnu arm embedded toolchain/10 2021.10/bin/../lib/gcc/arm-none-eabi/10.3.1/../../../../arm-none-eabi/lib/thumb/v8-m.main/nofp\libg_nano.a(lib_a-nano-mallocr.o)
 .bss           0x00000000        0x0 f:/program_files_x86/gnu arm embedded toolchain/10 2021.10/bin/../lib/gcc/arm-none-eabi/10.3.1/../../../../arm-none-eabi/lib/thumb/v8-m.main/nofp\libg_nano.a(lib_a-nano-mallocr.o)
 .text          0x00000000        0x0 f:/program_files_x86/gnu arm embedded toolchain/10 2021.10/bin/../lib/gcc/arm-none-eabi/10.3.1/../../../../arm-none-eabi/lib/thumb/v8-m.main/nofp\libg_nano.a(lib_a-nano-reallocr.o)
 .data          0x00000000        0x0 f:/program_files_x86/gnu arm embedded toolchain/10 2021.10/bin/../lib/gcc/arm-none-eabi/10.3.1/../../../../arm-none-eabi/lib/thumb/v8-m.main/nofp\libg_nano.a(lib_a-nano-reallocr.o)
 .bss           0x00000000        0x0 f:/program_files_x86/gnu arm embedded toolchain/10 2021.10/bin/../lib/gcc/arm-none-eabi/10.3.1/../../../../arm-none-eabi/lib/thumb/v8-m.main/nofp\libg_nano.a(lib_a-nano-reallocr.o)
 .text          0x00000000        0x0 f:/program_files_x86/gnu arm embedded toolchain/10 2021.10/bin/../lib/gcc/arm-none-eabi/10.3.1/../../../../arm-none-eabi/lib/thumb/v8-m.main/nofp\libg_nano.a(lib_a-sbrkr.o)
 .data          0x00000000        0x0 f:/program_files_x86/gnu arm embedded toolchain/10 2021.10/bin/../lib/gcc/arm-none-eabi/10.3.1/../../../../arm-none-eabi/lib/thumb/v8-m.main/nofp\libg_nano.a(lib_a-sbrkr.o)
 .bss           0x00000000        0x0 f:/program_files_x86/gnu arm embedded toolchain/10 2021.10/bin/../lib/gcc/arm-none-eabi/10.3.1/../../../../arm-none-eabi/lib/thumb/v8-m.main/nofp\libg_nano.a(lib_a-sbrkr.o)
 .text          0x00000000        0x0 f:/program_files_x86/gnu arm embedded toolchain/10 2021.10/bin/../lib/gcc/arm-none-eabi/10.3.1/../../../../arm-none-eabi/lib/thumb/v8-m.main/nofp\libg_nano.a(lib_a-mlock.o)
 .data          0x00000000        0x0 f:/program_files_x86/gnu arm embedded toolchain/10 2021.10/bin/../lib/gcc/arm-none-eabi/10.3.1/../../../../arm-none-eabi/lib/thumb/v8-m.main/nofp\libg_nano.a(lib_a-mlock.o)
 .bss           0x00000000        0x0 f:/program_files_x86/gnu arm embedded toolchain/10 2021.10/bin/../lib/gcc/arm-none-eabi/10.3.1/../../../../arm-none-eabi/lib/thumb/v8-m.main/nofp\libg_nano.a(lib_a-mlock.o)
 .text          0x00000000        0x0 f:/program_files_x86/gnu arm embedded toolchain/10 2021.10/bin/../lib/gcc/arm-none-eabi/10.3.1/../../../../arm-none-eabi/lib/thumb/v8-m.main/nofp\libg_nano.a(lib_a-nano-msizer.o)
 .data          0x00000000        0x0 f:/program_files_x86/gnu arm embedded toolchain/10 2021.10/bin/../lib/gcc/arm-none-eabi/10.3.1/../../../../arm-none-eabi/lib/thumb/v8-m.main/nofp\libg_nano.a(lib_a-nano-msizer.o)
 .bss           0x00000000        0x0 f:/program_files_x86/gnu arm embedded toolchain/10 2021.10/bin/../lib/gcc/arm-none-eabi/10.3.1/../../../../arm-none-eabi/lib/thumb/v8-m.main/nofp\libg_nano.a(lib_a-nano-msizer.o)
 .text          0x00000000        0x0 f:/program_files_x86/gnu arm embedded toolchain/10 2021.10/bin/../lib/gcc/arm-none-eabi/10.3.1/../../../../arm-none-eabi/lib/thumb/v8-m.main/nofp\libg_nano.a(lib_a-reent.o)
 .data          0x00000000        0x0 f:/program_files_x86/gnu arm embedded toolchain/10 2021.10/bin/../lib/gcc/arm-none-eabi/10.3.1/../../../../arm-none-eabi/lib/thumb/v8-m.main/nofp\libg_nano.a(lib_a-reent.o)
 .bss           0x00000000        0x0 f:/program_files_x86/gnu arm embedded toolchain/10 2021.10/bin/../lib/gcc/arm-none-eabi/10.3.1/../../../../arm-none-eabi/lib/thumb/v8-m.main/nofp\libg_nano.a(lib_a-reent.o)
 .text.cleanup_glue
                0x00000000       0x1a f:/program_files_x86/gnu arm embedded toolchain/10 2021.10/bin/../lib/gcc/arm-none-eabi/10.3.1/../../../../arm-none-eabi/lib/thumb/v8-m.main/nofp\libg_nano.a(lib_a-reent.o)
 .text._reclaim_reent
                0x00000000       0xb8 f:/program_files_x86/gnu arm embedded toolchain/10 2021.10/bin/../lib/gcc/arm-none-eabi/10.3.1/../../../../arm-none-eabi/lib/thumb/v8-m.main/nofp\libg_nano.a(lib_a-reent.o)
 .text          0x00000000        0x0 f:/program_files_x86/gnu arm embedded toolchain/10 2021.10/bin/../lib/gcc/arm-none-eabi/10.3.1/../../../../arm-none-eabi/lib/thumb/v8-m.main/nofp\libg_nano.a(lib_a-lock.o)
 .data          0x00000000        0x0 f:/program_files_x86/gnu arm embedded toolchain/10 2021.10/bin/../lib/gcc/arm-none-eabi/10.3.1/../../../../arm-none-eabi/lib/thumb/v8-m.main/nofp\libg_nano.a(lib_a-lock.o)
 .bss           0x00000000        0x0 f:/program_files_x86/gnu arm embedded toolchain/10 2021.10/bin/../lib/gcc/arm-none-eabi/10.3.1/../../../../arm-none-eabi/lib/thumb/v8-m.main/nofp\libg_nano.a(lib_a-lock.o)
 .text.__retarget_lock_init
                0x00000000        0x2 f:/program_files_x86/gnu arm embedded toolchain/10 2021.10/bin/../lib/gcc/arm-none-eabi/10.3.1/../../../../arm-none-eabi/lib/thumb/v8-m.main/nofp\libg_nano.a(lib_a-lock.o)
 .text.__retarget_lock_init_recursive
                0x00000000        0x2 f:/program_files_x86/gnu arm embedded toolchain/10 2021.10/bin/../lib/gcc/arm-none-eabi/10.3.1/../../../../arm-none-eabi/lib/thumb/v8-m.main/nofp\libg_nano.a(lib_a-lock.o)
 .text.__retarget_lock_close
                0x00000000        0x2 f:/program_files_x86/gnu arm embedded toolchain/10 2021.10/bin/../lib/gcc/arm-none-eabi/10.3.1/../../../../arm-none-eabi/lib/thumb/v8-m.main/nofp\libg_nano.a(lib_a-lock.o)
 .text.__retarget_lock_close_recursive
                0x00000000        0x2 f:/program_files_x86/gnu arm embedded toolchain/10 2021.10/bin/../lib/gcc/arm-none-eabi/10.3.1/../../../../arm-none-eabi/lib/thumb/v8-m.main/nofp\libg_nano.a(lib_a-lock.o)
 .text.__retarget_lock_acquire
                0x00000000        0x2 f:/program_files_x86/gnu arm embedded toolchain/10 2021.10/bin/../lib/gcc/arm-none-eabi/10.3.1/../../../../arm-none-eabi/lib/thumb/v8-m.main/nofp\libg_nano.a(lib_a-lock.o)
 .text.__retarget_lock_try_acquire
                0x00000000        0x4 f:/program_files_x86/gnu arm embedded toolchain/10 2021.10/bin/../lib/gcc/arm-none-eabi/10.3.1/../../../../arm-none-eabi/lib/thumb/v8-m.main/nofp\libg_nano.a(lib_a-lock.o)
 .text.__retarget_lock_try_acquire_recursive
                0x00000000        0x4 f:/program_files_x86/gnu arm embedded toolchain/10 2021.10/bin/../lib/gcc/arm-none-eabi/10.3.1/../../../../arm-none-eabi/lib/thumb/v8-m.main/nofp\libg_nano.a(lib_a-lock.o)
 .text.__retarget_lock_release
                0x00000000        0x2 f:/program_files_x86/gnu arm embedded toolchain/10 2021.10/bin/../lib/gcc/arm-none-eabi/10.3.1/../../../../arm-none-eabi/lib/thumb/v8-m.main/nofp\libg_nano.a(lib_a-lock.o)
 .bss.__lock___arc4random_mutex
                0x00000000        0x1 f:/program_files_x86/gnu arm embedded toolchain/10 2021.10/bin/../lib/gcc/arm-none-eabi/10.3.1/../../../../arm-none-eabi/lib/thumb/v8-m.main/nofp\libg_nano.a(lib_a-lock.o)
 .bss.__lock___at_quick_exit_mutex
                0x00000000        0x1 f:/program_files_x86/gnu arm embedded toolchain/10 2021.10/bin/../lib/gcc/arm-none-eabi/10.3.1/../../../../arm-none-eabi/lib/thumb/v8-m.main/nofp\libg_nano.a(lib_a-lock.o)
 .bss.__lock___atexit_recursive_mutex
                0x00000000        0x1 f:/program_files_x86/gnu arm embedded toolchain/10 2021.10/bin/../lib/gcc/arm-none-eabi/10.3.1/../../../../arm-none-eabi/lib/thumb/v8-m.main/nofp\libg_nano.a(lib_a-lock.o)
 .bss.__lock___dd_hash_mutex
                0x00000000        0x1 f:/program_files_x86/gnu arm embedded toolchain/10 2021.10/bin/../lib/gcc/arm-none-eabi/10.3.1/../../../../arm-none-eabi/lib/thumb/v8-m.main/nofp\libg_nano.a(lib_a-lock.o)
 .bss.__lock___env_recursive_mutex
                0x00000000        0x1 f:/program_files_x86/gnu arm embedded toolchain/10 2021.10/bin/../lib/gcc/arm-none-eabi/10.3.1/../../../../arm-none-eabi/lib/thumb/v8-m.main/nofp\libg_nano.a(lib_a-lock.o)
 .bss.__lock___sfp_recursive_mutex
                0x00000000        0x1 f:/program_files_x86/gnu arm embedded toolchain/10 2021.10/bin/../lib/gcc/arm-none-eabi/10.3.1/../../../../arm-none-eabi/lib/thumb/v8-m.main/nofp\libg_nano.a(lib_a-lock.o)
 .bss.__lock___sinit_recursive_mutex
                0x00000000        0x1 f:/program_files_x86/gnu arm embedded toolchain/10 2021.10/bin/../lib/gcc/arm-none-eabi/10.3.1/../../../../arm-none-eabi/lib/thumb/v8-m.main/nofp\libg_nano.a(lib_a-lock.o)
 .bss.__lock___tz_mutex
                0x00000000        0x1 f:/program_files_x86/gnu arm embedded toolchain/10 2021.10/bin/../lib/gcc/arm-none-eabi/10.3.1/../../../../arm-none-eabi/lib/thumb/v8-m.main/nofp\libg_nano.a(lib_a-lock.o)
 .text          0x00000000        0x0 f:/program_files_x86/gnu arm embedded toolchain/10 2021.10/bin/../lib/gcc/arm-none-eabi/10.3.1/../../../../arm-none-eabi/lib/thumb/v8-m.main/nofp\libnosys.a(sbrk.o)
 .data          0x00000000        0x0 f:/program_files_x86/gnu arm embedded toolchain/10 2021.10/bin/../lib/gcc/arm-none-eabi/10.3.1/../../../../arm-none-eabi/lib/thumb/v8-m.main/nofp\libnosys.a(sbrk.o)
 .bss           0x00000000        0x0 f:/program_files_x86/gnu arm embedded toolchain/10 2021.10/bin/../lib/gcc/arm-none-eabi/10.3.1/../../../../arm-none-eabi/lib/thumb/v8-m.main/nofp\libnosys.a(sbrk.o)
 .text          0x00000000        0x0 f:/program_files_x86/gnu arm embedded toolchain/10 2021.10/bin/../lib/gcc/arm-none-eabi/10.3.1/../../../../arm-none-eabi/lib/thumb/v8-m.main/nofp\libnosys.a(_exit.o)
 .data          0x00000000        0x0 f:/program_files_x86/gnu arm embedded toolchain/10 2021.10/bin/../lib/gcc/arm-none-eabi/10.3.1/../../../../arm-none-eabi/lib/thumb/v8-m.main/nofp\libnosys.a(_exit.o)
 .bss           0x00000000        0x0 f:/program_files_x86/gnu arm embedded toolchain/10 2021.10/bin/../lib/gcc/arm-none-eabi/10.3.1/../../../../arm-none-eabi/lib/thumb/v8-m.main/nofp\libnosys.a(_exit.o)
 .text._exit    0x00000000        0x4 f:/program_files_x86/gnu arm embedded toolchain/10 2021.10/bin/../lib/gcc/arm-none-eabi/10.3.1/../../../../arm-none-eabi/lib/thumb/v8-m.main/nofp\libnosys.a(_exit.o)
 .debug_frame   0x00000000       0x20 f:/program_files_x86/gnu arm embedded toolchain/10 2021.10/bin/../lib/gcc/arm-none-eabi/10.3.1/../../../../arm-none-eabi/lib/thumb/v8-m.main/nofp\libnosys.a(_exit.o)
 .ARM.attributes
                0x00000000       0x32 f:/program_files_x86/gnu arm embedded toolchain/10 2021.10/bin/../lib/gcc/arm-none-eabi/10.3.1/../../../../arm-none-eabi/lib/thumb/v8-m.main/nofp\libnosys.a(_exit.o)
 .text          0x00000000        0x0 f:/program_files_x86/gnu arm embedded toolchain/10 2021.10/bin/../lib/gcc/arm-none-eabi/10.3.1/thumb/v8-m.main/nofp/crtend.o
 .data          0x00000000        0x0 f:/program_files_x86/gnu arm embedded toolchain/10 2021.10/bin/../lib/gcc/arm-none-eabi/10.3.1/thumb/v8-m.main/nofp/crtend.o
 .bss           0x00000000        0x0 f:/program_files_x86/gnu arm embedded toolchain/10 2021.10/bin/../lib/gcc/arm-none-eabi/10.3.1/thumb/v8-m.main/nofp/crtend.o
 .rodata        0x00000000       0x24 f:/program_files_x86/gnu arm embedded toolchain/10 2021.10/bin/../lib/gcc/arm-none-eabi/10.3.1/thumb/v8-m.main/nofp/crtend.o
 .eh_frame      0x00000000        0x4 f:/program_files_x86/gnu arm embedded toolchain/10 2021.10/bin/../lib/gcc/arm-none-eabi/10.3.1/thumb/v8-m.main/nofp/crtend.o
 .ARM.attributes
                0x00000000       0x32 f:/program_files_x86/gnu arm embedded toolchain/10 2021.10/bin/../lib/gcc/arm-none-eabi/10.3.1/thumb/v8-m.main/nofp/crtend.o
 .text          0x00000000        0x0 f:/program_files_x86/gnu arm embedded toolchain/10 2021.10/bin/../lib/gcc/arm-none-eabi/10.3.1/thumb/v8-m.main/nofp/crtn.o
 .data          0x00000000        0x0 f:/program_files_x86/gnu arm embedded toolchain/10 2021.10/bin/../lib/gcc/arm-none-eabi/10.3.1/thumb/v8-m.main/nofp/crtn.o
 .bss           0x00000000        0x0 f:/program_files_x86/gnu arm embedded toolchain/10 2021.10/bin/../lib/gcc/arm-none-eabi/10.3.1/thumb/v8-m.main/nofp/crtn.o
 .init          0x00000000        0x8 f:/program_files_x86/gnu arm embedded toolchain/10 2021.10/bin/../lib/gcc/arm-none-eabi/10.3.1/thumb/v8-m.main/nofp/crtn.o
 .fini          0x00000000        0x8 f:/program_files_x86/gnu arm embedded toolchain/10 2021.10/bin/../lib/gcc/arm-none-eabi/10.3.1/thumb/v8-m.main/nofp/crtn.o
 .ARM.attributes
                0x00000000       0x22 f:/program_files_x86/gnu arm embedded toolchain/10 2021.10/bin/../lib/gcc/arm-none-eabi/10.3.1/thumb/v8-m.main/nofp/crtn.o

Memory Configuration

Name             Origin             Length             Attributes
FLASH            0x08000000         0x00100000         xr
RAM              0x20000000         0x00020000         xrw
*default*        0x00000000         0xffffffff

Linker script and memory map

LOAD f:/program_files_x86/gnu arm embedded toolchain/10 2021.10/bin/../lib/gcc/arm-none-eabi/10.3.1/thumb/v8-m.main/nofp/crti.o
LOAD f:/program_files_x86/gnu arm embedded toolchain/10 2021.10/bin/../lib/gcc/arm-none-eabi/10.3.1/thumb/v8-m.main/nofp/crtbegin.o
LOAD f:/program_files_x86/gnu arm embedded toolchain/10 2021.10/bin/../lib/gcc/arm-none-eabi/10.3.1/../../../../arm-none-eabi/lib/thumb/v8-m.main/nofp/crt0.o
LOAD Drivers/GPIO/src/gpio.o
LOAD Drivers/UART/src/uart.o
LOAD Drivers/bxCAN/src/bxcan.o
LOAD Drivers/bxCAN/src/main.o
LOAD Drivers/bxCAN/src/startup.o
LOAD Projects/LED_Blink/src/led.o
START GROUP
LOAD f:/program_files_x86/gnu arm embedded toolchain/10 2021.10/bin/../lib/gcc/arm-none-eabi/10.3.1/thumb/v8-m.main/nofp\libgcc.a
LOAD f:/program_files_x86/gnu arm embedded toolchain/10 2021.10/bin/../lib/gcc/arm-none-eabi/10.3.1/../../../../arm-none-eabi/lib/thumb/v8-m.main/nofp\libg_nano.a
LOAD f:/program_files_x86/gnu arm embedded toolchain/10 2021.10/bin/../lib/gcc/arm-none-eabi/10.3.1/../../../../arm-none-eabi/lib/thumb/v8-m.main/nofp\libc_nano.a
END GROUP
START GROUP
LOAD f:/program_files_x86/gnu arm embedded toolchain/10 2021.10/bin/../lib/gcc/arm-none-eabi/10.3.1/thumb/v8-m.main/nofp\libgcc.a
LOAD f:/program_files_x86/gnu arm embedded toolchain/10 2021.10/bin/../lib/gcc/arm-none-eabi/10.3.1/../../../../arm-none-eabi/lib/thumb/v8-m.main/nofp\libc_nano.a
LOAD f:/program_files_x86/gnu arm embedded toolchain/10 2021.10/bin/../lib/gcc/arm-none-eabi/10.3.1/../../../../arm-none-eabi/lib/thumb/v8-m.main/nofp\libnosys.a
END GROUP
START GROUP
LOAD f:/program_files_x86/gnu arm embedded toolchain/10 2021.10/bin/../lib/gcc/arm-none-eabi/10.3.1/thumb/v8-m.main/nofp\libgcc.a
LOAD f:/program_files_x86/gnu arm embedded toolchain/10 2021.10/bin/../lib/gcc/arm-none-eabi/10.3.1/../../../../arm-none-eabi/lib/thumb/v8-m.main/nofp\libc_nano.a
LOAD f:/program_files_x86/gnu arm embedded toolchain/10 2021.10/bin/../lib/gcc/arm-none-eabi/10.3.1/../../../../arm-none-eabi/lib/thumb/v8-m.main/nofp\libnosys.a
END GROUP
LOAD f:/program_files_x86/gnu arm embedded toolchain/10 2021.10/bin/../lib/gcc/arm-none-eabi/10.3.1/thumb/v8-m.main/nofp/crtend.o
LOAD f:/program_files_x86/gnu arm embedded toolchain/10 2021.10/bin/../lib/gcc/arm-none-eabi/10.3.1/thumb/v8-m.main/nofp/crtn.o
                0x20020000                _estack = (ORIGIN (RAM) + LENGTH (RAM))

.isr_vector     0x08000000      0x140
 *(.isr_vector)
 .isr_vector    0x08000000      0x140 Drivers/bxCAN/src/startup.o
                0x08000000                vector_table

.text           0x08000140     0x2204
 *(.text*)
 .text.GPIO_ReadPin
                0x08000140       0x10 Drivers/GPIO/src/gpio.o
                0x08000140                GPIO_ReadPin
 .text.GPIO_WritePin
                0x08000150        0xc Drivers/GPIO/src/gpio.o
                0x08000150                GPIO_WritePin
 .text.GPIO_TogglePin
                0x0800015c        0xc Drivers/GPIO/src/gpio.o
                0x0800015c                GPIO_TogglePin
 .text.__RCC_GPIO_CLK_ENABLE
                0x08000168       0xb4 Drivers/GPIO/src/gpio.o
                0x08000168                __RCC_GPIO_CLK_ENABLE
 .text.GPIO_Init
                0x0800021c      0x114 Drivers/GPIO/src/gpio.o
                0x0800021c                GPIO_Init
 .text.GPIO_constructor
                0x08000330        0x8 Drivers/GPIO/src/gpio.o
                0x08000330                GPIO_constructor
 .text.USART_Init
                0x08000338      0x458 Drivers/UART/src/uart.o
                0x08000338                USART_Init
 .text.USART_constructor
                0x08000790        0xc Drivers/UART/src/uart.o
                0x08000790                USART_constructor
 .text.USART1_IRQHandler
                0x0800079c       0x30 Drivers/UART/src/uart.o
                0x0800079c                USART1_IRQHandler
 .text.USART2_IRQHandler
                0x080007cc       0x30 Drivers/UART/src/uart.o
                0x080007cc                USART2_IRQHandler
 .text.USART3_IRQHandler
                0x080007fc       0x30 Drivers/UART/src/uart.o
                0x080007fc                USART3_IRQHandler
 .text.UART4_IRQHandler
                0x0800082c       0x30 Drivers/UART/src/uart.o
                0x0800082c                UART4_IRQHandler
 .text.UART5_IRQHandler
                0x0800085c       0x30 Drivers/UART/src/uart.o
                0x0800085c                UART5_IRQHandler
 .text.USART_WriteString
                0x0800088c       0x30 Drivers/UART/src/uart.o
                0x0800088c                USART_WriteString
 .text.CAN_ReadFIFO
                0x080008bc       0x8c Drivers/bxCAN/src/bxcan.o
 .text.loopback_irq_callback
                0x08000948       0x24 Drivers/bxCAN/src/bxcan.o
 .text.CAN_PrintMsg
                0x0800096c       0x74 Drivers/bxCAN/src/bxcan.o
 .text.CAN_GPIO_Init.part.0
                0x080009e0       0x58 Drivers/bxCAN/src/bxcan.o
 .text.CAN_Init
                0x08000a38      0x114 Drivers/bxCAN/src/bxcan.o
                0x08000a38                CAN_Init
 .text.CAN_constructor
                0x08000b4c       0x14 Drivers/bxCAN/src/bxcan.o
                0x08000b4c                CAN_constructor
 .text.CAN_Transmit
                0x08000b60       0x98 Drivers/bxCAN/src/bxcan.o
                0x08000b60                CAN_Transmit
 .text.FDCAN1_IT0_IRQHandler
                0x08000bf8       0x3c Drivers/bxCAN/src/bxcan.o
                0x08000bf8                FDCAN1_IT0_IRQHandler
 .text.CAN_LoopbackTest
                0x08000c34      0x430 Drivers/bxCAN/src/bxcan.o
                0x08000c34                CAN_LoopbackTest
 .text.CAN_TransceiverTest
                0x08001064      0x334 Drivers/bxCAN/src/bxcan.o
                0x08001064                CAN_TransceiverTest
 .text.startup.main
                0x08001398       0x50 Drivers/bxCAN/src/main.o
                0x08001398                main
 .text.Default_Handler
                0x080013e8        0x4 Drivers/bxCAN/src/startup.o
                0x080013e8                Default_Handler
                0x080013e8                FDCAN1_IT1_IRQHandler
 .text.Reset_Handler
                0x080013ec       0x5c Drivers/bxCAN/src/startup.o
                0x080013ec                Reset_Handler
 .text.memcpy   0x08001448       0x1a f:/program_files_x86/gnu arm embedded toolchain/10 2021.10/bin/../lib/gcc/arm-none-eabi/10.3.1/../../../../arm-none-eabi/lib/thumb/v8-m.main/nofp\libg_nano.a(lib_a-memcpy-stub.o)
                0x08001448                memcpy
 .text.memset   0x08001462       0x10 f:/program_files_x86/gnu arm embedded toolchain/10 2021.10/bin/../lib/gcc/arm-none-eabi/10.3.1/../../../../arm-none-eabi/lib/thumb/v8-m.main/nofp\libg_nano.a(lib_a-memset.o)
                0x08001462                memset
 *fill*         0x08001472        0x2 
 .text.snprintf
                0x08001474       0x68 f:/program_files_x86/gnu arm embedded toolchain/10 2021.10/bin/../lib/gcc/arm-none-eabi/10.3.1/../../../../arm-none-eabi/lib/thumb/v8-m.main/nofp\libg_nano.a(lib_a-snprintf.o)
                0x08001474                sniprintf
                0x08001474                snprintf
 .text.__ssputs_r
                0x080014dc       0xb6 f:/program_files_x86/gnu arm embedded toolchain/10 2021.10/bin/../lib/gcc/arm-none-eabi/10.3.1/../../../../arm-none-eabi/lib/thumb/v8-m.main/nofp\libg_nano.a(lib_a-nano-svfprintf.o)
                0x080014dc                __ssputs_r
 *fill*         0x08001592        0x2 
 .text._svfprintf_r
                0x08001594      0x200 f:/program_files_x86/gnu arm embedded toolchain/10 2021.10/bin/../lib/gcc/arm-none-eabi/10.3.1/../../../../arm-none-eabi/lib/thumb/v8-m.main/nofp\libg_nano.a(lib_a-nano-svfprintf.o)
                0x08001594                _svfiprintf_r
                0x08001594                _svfprintf_r
 .text._printf_common
                0x08001794       0xe0 f:/program_files_x86/gnu arm embedded toolchain/10 2021.10/bin/../lib/gcc/arm-none-eabi/10.3.1/../../../../arm-none-eabi/lib/thumb/v8-m.main/nofp\libg_nano.a(lib_a-nano-vfprintf_i.o)
                0x08001794                _printf_common
 .text._printf_i
                0x08001874      0x24c f:/program_files_x86/gnu arm embedded toolchain/10 2021.10/bin/../lib/gcc/arm-none-eabi/10.3.1/../../../../arm-none-eabi/lib/thumb/v8-m.main/nofp\libg_nano.a(lib_a-nano-vfprintf_i.o)
                0x08001874                _printf_i
 .text.memchr   0x08001ac0       0x1c f:/program_files_x86/gnu arm embedded toolchain/10 2021.10/bin/../lib/gcc/arm-none-eabi/10.3.1/../../../../arm-none-eabi/lib/thumb/v8-m.main/nofp\libg_nano.a(lib_a-memchr-stub.o)
                0x08001ac0                memchr
 .text.memmove  0x08001adc       0x34 f:/program_files_x86/gnu arm embedded toolchain/10 2021.10/bin/../lib/gcc/arm-none-eabi/10.3.1/../../../../arm-none-eabi/lib/thumb/v8-m.main/nofp\libg_nano.a(lib_a-memmove.o)
                0x08001adc                memmove
 .text._free_r  0x08001b10       0x94 f:/program_files_x86/gnu arm embedded toolchain/10 2021.10/bin/../lib/gcc/arm-none-eabi/10.3.1/../../../../arm-none-eabi/lib/thumb/v8-m.main/nofp\libg_nano.a(lib_a-nano-freer.o)
                0x08001b10                _free_r
 .text.sbrk_aligned
                0x08001ba4       0x40 f:/program_files_x86/gnu arm embedded toolchain/10 2021.10/bin/../lib/gcc/arm-none-eabi/10.3.1/../../../../arm-none-eabi/lib/thumb/v8-m.main/nofp\libg_nano.a(lib_a-nano-mallocr.o)
 .text._malloc_r
                0x08001be4       0xe8 f:/program_files_x86/gnu arm embedded toolchain/10 2021.10/bin/../lib/gcc/arm-none-eabi/10.3.1/../../../../arm-none-eabi/lib/thumb/v8-m.main/nofp\libg_nano.a(lib_a-nano-mallocr.o)
                0x08001be4                _malloc_r
 .text._realloc_r
                0x08001ccc       0x5e f:/program_files_x86/gnu arm embedded toolchain/10 2021.10/bin/../lib/gcc/arm-none-eabi/10.3.1/../../../../arm-none-eabi/lib/thumb/v8-m.main/nofp\libg_nano.a(lib_a-nano-reallocr.o)
                0x08001ccc                _realloc_r
 *fill*         0x08001d2a        0x2 
 .text._sbrk_r  0x08001d2c       0x20 f:/program_files_x86/gnu arm embedded toolchain/10 2021.10/bin/../lib/gcc/arm-none-eabi/10.3.1/../../../../arm-none-eabi/lib/thumb/v8-m.main/nofp\libg_nano.a(lib_a-sbrkr.o)
                0x08001d2c                _sbrk_r
 .text.__malloc_lock
                0x08001d4c        0xc f:/program_files_x86/gnu arm embedded toolchain/10 2021.10/bin/../lib/gcc/arm-none-eabi/10.3.1/../../../../arm-none-eabi/lib/thumb/v8-m.main/nofp\libg_nano.a(lib_a-mlock.o)
                0x08001d4c                __malloc_lock
 .text.__malloc_unlock
                0x08001d58        0xc f:/program_files_x86/gnu arm embedded toolchain/10 2021.10/bin/../lib/gcc/arm-none-eabi/10.3.1/../../../../arm-none-eabi/lib/thumb/v8-m.main/nofp\libg_nano.a(lib_a-mlock.o)
                0x08001d58                __malloc_unlock
 .text._malloc_usable_size_r
                0x08001d64       0x10 f:/program_files_x86/gnu arm embedded toolchain/10 2021.10/bin/../lib/gcc/arm-none-eabi/10.3.1/../../../../arm-none-eabi/lib/thumb/v8-m.main/nofp\libg_nano.a(lib_a-nano-msizer.o)
                0x08001d64                _malloc_usable_size_r
 .text.__retarget_lock_acquire_recursive
                0x08001d74        0x2 f:/program_files_x86/gnu arm embedded toolchain/10 2021.10/bin/../lib/gcc/arm-none-eabi/10.3.1/../../../../arm-none-eabi/lib/thumb/v8-m.main/nofp\libg_nano.a(lib_a-lock.o)
                0x08001d74                __retarget_lock_acquire_recursive
 .text.__retarget_lock_release_recursive
                0x08001d76        0x2 f:/program_files_x86/gnu arm embedded toolchain/10 2021.10/bin/../lib/gcc/arm-none-eabi/10.3.1/../../../../arm-none-eabi/lib/thumb/v8-m.main/nofp\libg_nano.a(lib_a-lock.o)
                0x08001d76                __retarget_lock_release_recursive
 .text._sbrk    0x08001d78       0x20 f:/program_files_x86/gnu arm embedded toolchain/10 2021.10/bin/../lib/gcc/arm-none-eabi/10.3.1/../../../../arm-none-eabi/lib/thumb/v8-m.main/nofp\libnosys.a(sbrk.o)
                0x08001d78                _sbrk
 *(.rodata*)
 .rodata.CAN_PrintMsg.str1.4
                0x08001d98       0x26 Drivers/bxCAN/src/bxcan.o
                                 0x2a (size before relaxing)
 *fill*         0x08001dbe        0x2 
 .rodata.CAN_LoopbackTest.str1.4
                0x08001dc0      0x35f Drivers/bxCAN/src/bxcan.o
                                0x363 (size before relaxing)
 *fill*         0x0800211f        0x1 
 .rodata.CAN_TransceiverTest.str1.4
                0x08002120      0x1b9 Drivers/bxCAN/src/bxcan.o
 *fill*         0x080022d9        0x3 
 .rodata.CSWTCH.34
                0x080022dc       0x10 Drivers/bxCAN/src/bxcan.o
 .rodata.main.str1.4
                0x080022ec       0x1a Drivers/bxCAN/src/main.o
 .rodata._svfprintf_r.str1.1
                0x08002306       0x11 f:/program_files_x86/gnu arm embedded toolchain/10 2021.10/bin/../lib/gcc/arm-none-eabi/10.3.1/../../../../arm-none-eabi/lib/thumb/v8-m.main/nofp\libg_nano.a(lib_a-nano-svfprintf.o)
 .rodata._printf_i.str1.1
                0x08002317       0x22 f:/program_files_x86/gnu arm embedded toolchain/10 2021.10/bin/../lib/gcc/arm-none-eabi/10.3.1/../../../../arm-none-eabi/lib/thumb/v8-m.main/nofp\libg_nano.a(lib_a-nano-vfprintf_i.o)
 *(.glue_7)
 .glue_7        0x08002339        0x0 linker stubs
 *(.glue_7t)
 .glue_7t       0x08002339        0x0 linker stubs
 *(.init)
 *fill*         0x08002339        0x3 
 .init          0x0800233c        0x4 f:/program_files_x86/gnu arm embedded toolchain/10 2021.10/bin/../lib/gcc/arm-none-eabi/10.3.1/thumb/v8-m.main/nofp/crti.o
                0x0800233c                _init
 *(.fini)
 .fini          0x08002340        0x4 f:/program_files_x86/gnu arm embedded toolchain/10 2021.10/bin/../lib/gcc/arm-none-eabi/10.3.1/thumb/v8-m.main/nofp/crti.o
                0x08002340                _fini

.vfp11_veneer   0x08002344        0x0
 .vfp11_veneer  0x08002344        0x0 linker stubs

.v4_bx          0x08002344        0x0
 .v4_bx         0x08002344        0x0 linker stubs

.iplt           0x08002344        0x0
 .iplt          0x08002344        0x0 Drivers/GPIO/src/gpio.o

.rel.dyn        0x08002344        0x0
 .rel.iplt      0x08002344        0x0 Drivers/GPIO/src/gpio.o

.ARM.extab
 *(.ARM.extab* .gnu.linkonce.armextab.*)

.ARM.exidx      0x08002344        0x0
                0x08002344                __exidx_start = .
 *(.ARM.exidx*)
                0x08002344                __exidx_end = .
                0x08002344                __etext = .

.data           0x20000000       0x68 load address 0x08002344
                0x20000000                __data_start__ = .
 *(.data*)
 .data.SystemCoreClock
                0x20000000        0x4 Drivers/bxCAN/src/startup.o
                0x20000000                SystemCoreClock
 .data._impure_ptr
                0x20000004        0x4 f:/program_files_x86/gnu arm embedded toolchain/10 2021.10/bin/../lib/gcc/arm-none-eabi/10.3.1/../../../../arm-none-eabi/lib/thumb/v8-m.main/nofp\libg_nano.a(lib_a-impure.o)
                0x20000004                _impure_ptr
 .data.impure_data
                0x20000008       0x60 f:/program_files_x86/gnu arm embedded toolchain/10 2021.10/bin/../lib/gcc/arm-none-eabi/10.3.1/../../../../arm-none-eabi/lib/thumb/v8-m.main/nofp\libg_nano.a(lib_a-impure.o)
                0x20000068                __data_end__ = .

.igot.plt       0x20000068        0x0 load address 0x080023ac
 .igot.plt      0x20000068        0x0 Drivers/GPIO/src/gpio.o

.bss            0x20000068       0x80 load address 0x080023ac
                0x20000068                __bss_start__ = .
 *(.bss*)
 .bss.s_uart4_handle
                0x20000068        0x4 Drivers/UART/src/uart.o
 .bss.s_uart5_handle
                0x2000006c        0x4 Drivers/UART/src/uart.o
 .bss.s_usart1_handle
                0x20000070        0x4 Drivers/UART/src/uart.o
 .bss.s_usart2_handle
                0x20000074        0x4 Drivers/UART/src/uart.o
 .bss.s_usart3_handle
                0x20000078        0x4 Drivers/UART/src/uart.o
 .bss.s_b1      0x2000007c        0x8 Drivers/bxCAN/src/bxcan.o
 .bss.s_b1_init
                0x20000084       0x14 Drivers/bxCAN/src/bxcan.o
 .bss.s_can1_handle
                0x20000098        0x4 Drivers/bxCAN/src/bxcan.o
 .bss.s_gpio_initialized
                0x2000009c        0x4 Drivers/bxCAN/src/bxcan.o
 .bss.s_irq_msg_received
                0x200000a0        0x1 Drivers/bxCAN/src/bxcan.o
 *fill*         0x200000a1        0x3 
 .bss.s_irq_rx_msg
                0x200000a4       0x14 Drivers/bxCAN/src/bxcan.o
 .bss.s_ld1     0x200000b8        0x8 Drivers/bxCAN/src/bxcan.o
 .bss.s_ld1_init
                0x200000c0       0x14 Drivers/bxCAN/src/bxcan.o
 .bss.__malloc_free_list
                0x200000d4        0x4 f:/program_files_x86/gnu arm embedded toolchain/10 2021.10/bin/../lib/gcc/arm-none-eabi/10.3.1/../../../../arm-none-eabi/lib/thumb/v8-m.main/nofp\libg_nano.a(lib_a-nano-mallocr.o)
                0x200000d4                __malloc_free_list
 .bss.__malloc_sbrk_start
                0x200000d8        0x4 f:/program_files_x86/gnu arm embedded toolchain/10 2021.10/bin/../lib/gcc/arm-none-eabi/10.3.1/../../../../arm-none-eabi/lib/thumb/v8-m.main/nofp\libg_nano.a(lib_a-nano-mallocr.o)
                0x200000d8                __malloc_sbrk_start
 .bss.errno     0x200000dc        0x4 f:/program_files_x86/gnu arm embedded toolchain/10 2021.10/bin/../lib/gcc/arm-none-eabi/10.3.1/../../../../arm-none-eabi/lib/thumb/v8-m.main/nofp\libg_nano.a(lib_a-reent.o)
                0x200000dc                errno
 .bss.__lock___malloc_recursive_mutex
                0x200000e0        0x1 f:/program_files_x86/gnu arm embedded toolchain/10 2021.10/bin/../lib/gcc/arm-none-eabi/10.3.1/../../../../arm-none-eabi/lib/thumb/v8-m.main/nofp\libg_nano.a(lib_a-lock.o)
                0x200000e0                __lock___malloc_recursive_mutex
 *fill*         0x200000e1        0x3 
 .bss.heap_end.0
                0x200000e4        0x4 f:/program_files_x86/gnu arm embedded toolchain/10 2021.10/bin/../lib/gcc/arm-none-eabi/10.3.1/../../../../arm-none-eabi/lib/thumb/v8-m.main/nofp\libnosys.a(sbrk.o)
 *(COMMON)
                0x200000e8                __bss_end__ = .
                0x200000e8                _end = .
                0x200000e8                end = .
                0x200000e8                __end__ = .

.stack          0x200000e8      0x400 load address 0x0800242c
                0x200000e8                . = ALIGN (0x8)
                0x200000e8                _stack = .
                0x200004e8                . = (. + 0x400)
 *fill*         0x200000e8      0x400 
OUTPUT(Drivers/bxCAN/main.elf elf32-littlearm)
LOAD linker stubs

.ARM.attributes
                0x00000000       0x30
 .ARM.attributes
                0x00000000       0x22 f:/program_files_x86/gnu arm embedded toolchain/10 2021.10/bin/../lib/gcc/arm-none-eabi/10.3.1/thumb/v8-m.main/nofp/crti.o
 .ARM.attributes
                0x00000022       0x34 Drivers/GPIO/src/gpio.o
 .ARM.attributes
                0x00000056       0x34 Drivers/UART/src/uart.o
 .ARM.attributes
                0x0000008a       0x34 Drivers/bxCAN/src/bxcan.o
 .ARM.attributes
                0x000000be       0x34 Drivers/bxCAN/src/main.o
 .ARM.attributes
                0x000000f2       0x34 Drivers/bxCAN/src/startup.o
 .ARM.attributes
                0x00000126       0x32 f:/program_files_x86/gnu arm embedded toolchain/10 2021.10/bin/../lib/gcc/arm-none-eabi/10.3.1/../../../../arm-none-eabi/lib/thumb/v8-m.main/nofp\libg_nano.a(lib_a-impure.o)
 .ARM.attributes
                0x00000158       0x32 f:/program_files_x86/gnu arm embedded toolchain/10 2021.10/bin/../lib/gcc/arm-none-eabi/10.3.1/../../../../arm-none-eabi/lib/thumb/v8-m.main/nofp\libg_nano.a(lib_a-memcpy-stub.o)
 .ARM.attributes
                0x0000018a       0x32 f:/program_files_x86/gnu arm embedded toolchain/10 2021.10/bin/../lib/gcc/arm-none-eabi/10.3.1/../../../../arm-none-eabi/lib/thumb/v8-m.main/nofp\libg_nano.a(lib_a-memset.o)
 .ARM.attributes
                0x000001bc       0x32 f:/program_files_x86/gnu arm embedded toolchain/10 2021.10/bin/../lib/gcc/arm-none-eabi/10.3.1/../../../../arm-none-eabi/lib/thumb/v8-m.main/nofp\libg_nano.a(lib_a-snprintf.o)
 .ARM.attributes
                0x000001ee       0x32 f:/program_files_x86/gnu arm embedded toolchain/10 2021.10/bin/../lib/gcc/arm-none-eabi/10.3.1/../../../../arm-none-eabi/lib/thumb/v8-m.main/nofp\libg_nano.a(lib_a-nano-svfprintf.o)
 .ARM.attributes
                0x00000220       0x32 f:/program_files_x86/gnu arm embedded toolchain/10 2021.10/bin/../lib/gcc/arm-none-eabi/10.3.1/../../../../arm-none-eabi/lib/thumb/v8-m.main/nofp\libg_nano.a(lib_a-nano-vfprintf_i.o)
 .ARM.attributes
                0x00000252       0x32 f:/program_files_x86/gnu arm embedded toolchain/10 2021.10/bin/../lib/gcc/arm-none-eabi/10.3.1/../../../../arm-none-eabi/lib/thumb/v8-m.main/nofp\libg_nano.a(lib_a-memchr-stub.o)
 .ARM.attributes
                0x00000284       0x32 f:/program_files_x86/gnu arm embedded toolchain/10 2021.10/bin/../lib/gcc/arm-none-eabi/10.3.1/../../../../arm-none-eabi/lib/thumb/v8-m.main/nofp\libg_nano.a(lib_a-memmove.o)
 .ARM.attributes
                0x000002b6       0x32 f:/program_files_x86/gnu arm embedded toolchain/10 2021.10/bin/../lib/gcc/arm-none-eabi/10.3.1/../../../../arm-none-eabi/lib/thumb/v8-m.main/nofp\libg_nano.a(lib_a-nano-freer.o)
 .ARM.attributes
                0x000002e8       0x32 f:/program_files_x86/gnu arm embedded toolchain/10 2021.10/bin/../lib/gcc/arm-none-eabi/10.3.1/../../../../arm-none-eabi/lib/thumb/v8-m.main/nofp\libg_nano.a(lib_a-nano-mallocr.o)
 .ARM.attributes
                0x0000031a       0x32 f:/program_files_x86/gnu arm embedded toolchain/10 2021.10/bin/../lib/gcc/arm-none-eabi/10.3.1/../../../../arm-none-eabi/lib/thumb/v8-m.main/nofp\libg_nano.a(lib_a-nano-reallocr.o)
 .ARM.attributes
                0x0000034c       0x32 f:/program_files_x86/gnu arm embedded toolchain/10 2021.10/bin/../lib/gcc/arm-none-eabi/10.3.1/../../../../arm-none-eabi/lib/thumb/v8-m.main/nofp\libg_nano.a(lib_a-sbrkr.o)
 .ARM.attributes
                0x0000037e       0x32 f:/program_files_x86/gnu arm embedded toolchain/10 2021.10/bin/../lib/gcc/arm-none-eabi/10.3.1/../../../../arm-none-eabi/lib/thumb/v8-m.main/nofp\libg_nano.a(lib_a-mlock.o)
 .ARM.attributes
                0x000003b0       0x32 f:/program_files_x86/gnu arm embedded toolchain/10 2021.10/bin/../lib/gcc/arm-none-eabi/10.3.1/../../../../arm-none-eabi/lib/thumb/v8-m.main/nofp\libg_nano.a(lib_a-nano-msizer.o)
 .ARM.attributes
                0x000003e2       0x32 f:/program_files_x86/gnu arm embedded toolchain/10 2021.10/bin/../lib/gcc/arm-none-eabi/10.3.1/../../../../arm-none-eabi/lib/thumb/v8-m.main/nofp\libg_nano.a(lib_a-reent.o)
 .ARM.attributes
                0x00000414       0x32 f:/program_files_x86/gnu arm embedded toolchain/10 2021.10/bin/../lib/gcc/arm-none-eabi/10.3.1/../../../../arm-none-eabi/lib/thumb/v8-m.main/nofp\libg_nano.a(lib_a-lock.o)
 .ARM.attributes
                0x00000446       0x32 f:/program_files_x86/gnu arm embedded toolchain/10 2021.10/bin/../lib/gcc/arm-none-eabi/10.3.1/../../../../arm-none-eabi/lib/thumb/v8-m.main/nofp\libnosys.a(sbrk.o)

.comment        0x00000000       0x49
 .comment       0x00000000       0x49 Drivers/GPIO/src/gpio.o
                                 0x4a (size before relaxing)
 .comment       0x00000049       0x4a Drivers/UART/src/uart.o
 .comment       0x00000049       0x4a Drivers/bxCAN/src/bxcan.o
 .comment       0x00000049       0x4a Drivers/bxCAN/src/main.o
 .comment       0x00000049       0x4a Drivers/bxCAN/src/startup.o

.debug_info     0x00000000     0x3ebc
 .debug_info    0x00000000      0x6a3 Drivers/GPIO/src/gpio.o
 .debug_info    0x000006a3      0xe67 Drivers/UART/src/uart.o
 .debug_info    0x0000150a     0x20be Drivers/bxCAN/src/bxcan.o
 .debug_info    0x000035c8      0x726 Drivers/bxCAN/src/main.o
 .debug_info    0x00003cee      0x1ce Drivers/bxCAN/src/startup.o

.debug_abbrev   0x00000000      0xd5e
 .debug_abbrev  0x00000000      0x19f Drivers/GPIO/src/gpio.o
 .debug_abbrev  0x0000019f      0x422 Drivers/UART/src/uart.o
 .debug_abbrev  0x000005c1      0x4ba Drivers/bxCAN/src/bxcan.o
 .debug_abbrev  0x00000a7b      0x19c Drivers/bxCAN/src/main.o
 .debug_abbrev  0x00000c17      0x147 Drivers/bxCAN/src/startup.o

.debug_loc      0x00000000     0x1706
 .debug_loc     0x00000000      0x371 Drivers/GPIO/src/gpio.o
 .debug_loc     0x00000371      0x8a4 Drivers/UART/src/uart.o
 .debug_loc     0x00000c15      0xaf1 Drivers/bxCAN/src/bxcan.o

.debug_aranges  0x00000000      0x1e8
 .debug_aranges
                0x00000000       0x68 Drivers/GPIO/src/gpio.o
 .debug_aranges
                0x00000068       0xa8 Drivers/UART/src/uart.o
 .debug_aranges
                0x00000110       0x88 Drivers/bxCAN/src/bxcan.o
 .debug_aranges
                0x00000198       0x20 Drivers/bxCAN/src/main.o
 .debug_aranges
                0x000001b8       0x30 Drivers/bxCAN/src/startup.o

.debug_ranges   0x00000000      0x4a8
 .debug_ranges  0x00000000       0x58 Drivers/GPIO/src/gpio.o
 .debug_ranges  0x00000058      0x1e0 Drivers/UART/src/uart.o
 .debug_ranges  0x00000238      0x240 Drivers/bxCAN/src/bxcan.o
 .debug_ranges  0x00000478       0x10 Drivers/bxCAN/src/main.o
 .debug_ranges  0x00000488       0x20 Drivers/bxCAN/src/startup.o

.debug_line     0x00000000     0x2703
 .debug_line    0x00000000      0x4bb Drivers/GPIO/src/gpio.o
 .debug_line    0x000004bb      0xe41 Drivers/UART/src/uart.o
 .debug_line    0x000012fc     0x1092 Drivers/bxCAN/src/bxcan.o
 .debug_line    0x0000238e      0x1ae Drivers/bxCAN/src/main.o
 .debug_line    0x0000253c      0x1c7 Drivers/bxCAN/src/startup.o

.debug_str      0x00000000      0xc2d
 .debug_str     0x00000000      0x384 Drivers/GPIO/src/gpio.o
                                0x3eb (size before relaxing)
 .debug_str     0x00000384      0x3dd Drivers/UART/src/uart.o
                                0x65d (size before relaxing)
 .debug_str     0x00000761      0x3c5 Drivers/bxCAN/src/bxcan.o
                                0x8cc (size before relaxing)
 .debug_str     0x00000b26       0x2f Drivers/bxCAN/src/main.o
                                0x490 (size before relaxing)
 .debug_str     0x00000b55       0xd8 Drivers/bxCAN/src/startup.o
                                0x237 (size before relaxing)

.debug_frame    0x00000000      0x948
 .debug_frame   0x00000000       0xdc Drivers/GPIO/src/gpio.o
 .debug_frame   0x000000dc      0x1a0 Drivers/UART/src/uart.o
 .debug_frame   0x0000027c      0x1f0 Drivers/bxCAN/src/bxcan.o
 .debug_frame   0x0000046c       0x28 Drivers/bxCAN/src/main.o
 .debug_frame   0x00000494       0x48 Drivers/bxCAN/src/startup.o
 .debug_frame   0x000004dc       0x28 f:/program_files_x86/gnu arm embedded toolchain/10 2021.10/bin/../lib/gcc/arm-none-eabi/10.3.1/../../../../arm-none-eabi/lib/thumb/v8-m.main/nofp\libg_nano.a(lib_a-memcpy-stub.o)
 .debug_frame   0x00000504       0x20 f:/program_files_x86/gnu arm embedded toolchain/10 2021.10/bin/../lib/gcc/arm-none-eabi/10.3.1/../../../../arm-none-eabi/lib/thumb/v8-m.main/nofp\libg_nano.a(lib_a-memset.o)
 .debug_frame   0x00000524       0x7c f:/program_files_x86/gnu arm embedded toolchain/10 2021.10/bin/../lib/gcc/arm-none-eabi/10.3.1/../../../../arm-none-eabi/lib/thumb/v8-m.main/nofp\libg_nano.a(lib_a-snprintf.o)
 .debug_frame   0x000005a0       0x90 f:/program_files_x86/gnu arm embedded toolchain/10 2021.10/bin/../lib/gcc/arm-none-eabi/10.3.1/../../../../arm-none-eabi/lib/thumb/v8-m.main/nofp\libg_nano.a(lib_a-nano-svfprintf.o)
 .debug_frame   0x00000630       0x60 f:/program_files_x86/gnu arm embedded toolchain/10 2021.10/bin/../lib/gcc/arm-none-eabi/10.3.1/../../../../arm-none-eabi/lib/thumb/v8-m.main/nofp\libg_nano.a(lib_a-nano-vfprintf_i.o)
 .debug_frame   0x00000690       0x28 f:/program_files_x86/gnu arm embedded toolchain/10 2021.10/bin/../lib/gcc/arm-none-eabi/10.3.1/../../../../arm-none-eabi/lib/thumb/v8-m.main/nofp\libg_nano.a(lib_a-memchr-stub.o)
 .debug_frame   0x000006b8       0x28 f:/program_files_x86/gnu arm embedded toolchain/10 2021.10/bin/../lib/gcc/arm-none-eabi/10.3.1/../../../../arm-none-eabi/lib/thumb/v8-m.main/nofp\libg_nano.a(lib_a-memmove.o)
 .debug_frame   0x000006e0       0x38 f:/program_files_x86/gnu arm embedded toolchain/10 2021.10/bin/../lib/gcc/arm-none-eabi/10.3.1/../../../../arm-none-eabi/lib/thumb/v8-m.main/nofp\libg_nano.a(lib_a-nano-freer.o)
 .debug_frame   0x00000718       0x4c f:/program_files_x86/gnu arm embedded toolchain/10 2021.10/bin/../lib/gcc/arm-none-eabi/10.3.1/../../../../arm-none-eabi/lib/thumb/v8-m.main/nofp\libg_nano.a(lib_a-nano-mallocr.o)
 .debug_frame   0x00000764       0x3c f:/program_files_x86/gnu arm embedded toolchain/10 2021.10/bin/../lib/gcc/arm-none-eabi/10.3.1/../../../../arm-none-eabi/lib/thumb/v8-m.main/nofp\libg_nano.a(lib_a-nano-reallocr.o)
 .debug_frame   0x000007a0       0x2c f:/program_files_x86/gnu arm embedded toolchain/10 2021.10/bin/../lib/gcc/arm-none-eabi/10.3.1/../../../../arm-none-eabi/lib/thumb/v8-m.main/nofp\libg_nano.a(lib_a-sbrkr.o)
 .debug_frame   0x000007cc       0x30 f:/program_files_x86/gnu arm embedded toolchain/10 2021.10/bin/../lib/gcc/arm-none-eabi/10.3.1/../../../../arm-none-eabi/lib/thumb/v8-m.main/nofp\libg_nano.a(lib_a-mlock.o)
 .debug_frame   0x000007fc       0x20 f:/program_files_x86/gnu arm embedded toolchain/10 2021.10/bin/../lib/gcc/arm-none-eabi/10.3.1/../../../../arm-none-eabi/lib/thumb/v8-m.main/nofp\libg_nano.a(lib_a-nano-msizer.o)
 .debug_frame   0x0000081c       0x5c f:/program_files_x86/gnu arm embedded toolchain/10 2021.10/bin/../lib/gcc/arm-none-eabi/10.3.1/../../../../arm-none-eabi/lib/thumb/v8-m.main/nofp\libg_nano.a(lib_a-reent.o)
 .debug_frame   0x00000878       0xb0 f:/program_files_x86/gnu arm embedded toolchain/10 2021.10/bin/../lib/gcc/arm-none-eabi/10.3.1/../../../../arm-none-eabi/lib/thumb/v8-m.main/nofp\libg_nano.a(lib_a-lock.o)
 .debug_frame   0x00000928       0x20 f:/program_files_x86/gnu arm embedded toolchain/10 2021.10/bin/../lib/gcc/arm-none-eabi/10.3.1/../../../../arm-none-eabi/lib/thumb/v8-m.main/nofp\libnosys.a(sbrk.o)
