Archive member included to satisfy reference by file (symbol)

c:/program files (x86)/gnu arm embedded toolchain/10 2021.10/bin/../lib/gcc/arm-none-eabi/10.3.1/../../../../arm-none-eabi/lib/thumb/v8-m.main/nofp\libg_nano.a(lib_a-exit.o)
                              c:/program files (x86)/gnu arm embedded toolchain/10 2021.10/bin/../lib/gcc/arm-none-eabi/10.3.1/../../../../arm-none-eabi/lib/thumb/v8-m.main/nofp/crt0.o (exit)
c:/program files (x86)/gnu arm embedded toolchain/10 2021.10/bin/../lib/gcc/arm-none-eabi/10.3.1/../../../../arm-none-eabi/lib/thumb/v8-m.main/nofp\libg_nano.a(lib_a-impure.o)
                              c:/program files (x86)/gnu arm embedded toolchain/10 2021.10/bin/../lib/gcc/arm-none-eabi/10.3.1/../../../../arm-none-eabi/lib/thumb/v8-m.main/nofp\libg_nano.a(lib_a-exit.o) (_global_impure_ptr)
c:/program files (x86)/gnu arm embedded toolchain/10 2021.10/bin/../lib/gcc/arm-none-eabi/10.3.1/../../../../arm-none-eabi/lib/thumb/v8-m.main/nofp\libg_nano.a(lib_a-init.o)
                              c:/program files (x86)/gnu arm embedded toolchain/10 2021.10/bin/../lib/gcc/arm-none-eabi/10.3.1/../../../../arm-none-eabi/lib/thumb/v8-m.main/nofp/crt0.o (__libc_init_array)
c:/program files (x86)/gnu arm embedded toolchain/10 2021.10/bin/../lib/gcc/arm-none-eabi/10.3.1/../../../../arm-none-eabi/lib/thumb/v8-m.main/nofp\libg_nano.a(lib_a-memcmp.o)
                              Projects/ECDSA/src/ecdsa.o (memcmp)
c:/program files (x86)/gnu arm embedded toolchain/10 2021.10/bin/../lib/gcc/arm-none-eabi/10.3.1/../../../../arm-none-eabi/lib/thumb/v8-m.main/nofp\libg_nano.a(lib_a-memcpy-stub.o)
                              Projects/Secure_FW_Update/src/startup.o (memcpy)
c:/program files (x86)/gnu arm embedded toolchain/10 2021.10/bin/../lib/gcc/arm-none-eabi/10.3.1/../../../../arm-none-eabi/lib/thumb/v8-m.main/nofp\libg_nano.a(lib_a-memset.o)
                              c:/program files (x86)/gnu arm embedded toolchain/10 2021.10/bin/../lib/gcc/arm-none-eabi/10.3.1/../../../../arm-none-eabi/lib/thumb/v8-m.main/nofp/crt0.o (memset)
c:/program files (x86)/gnu arm embedded toolchain/10 2021.10/bin/../lib/gcc/arm-none-eabi/10.3.1/../../../../arm-none-eabi/lib/thumb/v8-m.main/nofp\libnosys.a(_exit.o)
                              c:/program files (x86)/gnu arm embedded toolchain/10 2021.10/bin/../lib/gcc/arm-none-eabi/10.3.1/../../../../arm-none-eabi/lib/thumb/v8-m.main/nofp\libg_nano.a(lib_a-exit.o) (_exit)

Discarded input sections

 .text          0x00000000        0x0 c:/program files (x86)/gnu arm embedded toolchain/10 2021.10/bin/../lib/gcc/arm-none-eabi/10.3.1/thumb/v8-m.main/nofp/crti.o
 .data          0x00000000        0x0 c:/program files (x86)/gnu arm embedded toolchain/10 2021.10/bin/../lib/gcc/arm-none-eabi/10.3.1/thumb/v8-m.main/nofp/crti.o
 .bss           0x00000000        0x0 c:/program files (x86)/gnu arm embedded toolchain/10 2021.10/bin/../lib/gcc/arm-none-eabi/10.3.1/thumb/v8-m.main/nofp/crti.o
 .text          0x00000000       0x40 c:/program files (x86)/gnu arm embedded toolchain/10 2021.10/bin/../lib/gcc/arm-none-eabi/10.3.1/thumb/v8-m.main/nofp/crtbegin.o
 .data          0x00000000        0x4 c:/program files (x86)/gnu arm embedded toolchain/10 2021.10/bin/../lib/gcc/arm-none-eabi/10.3.1/thumb/v8-m.main/nofp/crtbegin.o
 .bss           0x00000000       0x1c c:/program files (x86)/gnu arm embedded toolchain/10 2021.10/bin/../lib/gcc/arm-none-eabi/10.3.1/thumb/v8-m.main/nofp/crtbegin.o
 .rodata        0x00000000       0x24 c:/program files (x86)/gnu arm embedded toolchain/10 2021.10/bin/../lib/gcc/arm-none-eabi/10.3.1/thumb/v8-m.main/nofp/crtbegin.o
 .init_array    0x00000000        0x4 c:/program files (x86)/gnu arm embedded toolchain/10 2021.10/bin/../lib/gcc/arm-none-eabi/10.3.1/thumb/v8-m.main/nofp/crtbegin.o
 .fini_array    0x00000000        0x4 c:/program files (x86)/gnu arm embedded toolchain/10 2021.10/bin/../lib/gcc/arm-none-eabi/10.3.1/thumb/v8-m.main/nofp/crtbegin.o
 .eh_frame      0x00000000        0x0 c:/program files (x86)/gnu arm embedded toolchain/10 2021.10/bin/../lib/gcc/arm-none-eabi/10.3.1/thumb/v8-m.main/nofp/crtbegin.o
 .ARM.attributes
                0x00000000       0x32 c:/program files (x86)/gnu arm embedded toolchain/10 2021.10/bin/../lib/gcc/arm-none-eabi/10.3.1/thumb/v8-m.main/nofp/crtbegin.o
 .text          0x00000000       0x7c c:/program files (x86)/gnu arm embedded toolchain/10 2021.10/bin/../lib/gcc/arm-none-eabi/10.3.1/../../../../arm-none-eabi/lib/thumb/v8-m.main/nofp/crt0.o
 .data          0x00000000        0x0 c:/program files (x86)/gnu arm embedded toolchain/10 2021.10/bin/../lib/gcc/arm-none-eabi/10.3.1/../../../../arm-none-eabi/lib/thumb/v8-m.main/nofp/crt0.o
 .bss           0x00000000        0x0 c:/program files (x86)/gnu arm embedded toolchain/10 2021.10/bin/../lib/gcc/arm-none-eabi/10.3.1/../../../../arm-none-eabi/lib/thumb/v8-m.main/nofp/crt0.o
 .ARM.extab     0x00000000        0x0 c:/program files (x86)/gnu arm embedded toolchain/10 2021.10/bin/../lib/gcc/arm-none-eabi/10.3.1/../../../../arm-none-eabi/lib/thumb/v8-m.main/nofp/crt0.o
 .ARM.exidx     0x00000000       0x10 c:/program files (x86)/gnu arm embedded toolchain/10 2021.10/bin/../lib/gcc/arm-none-eabi/10.3.1/../../../../arm-none-eabi/lib/thumb/v8-m.main/nofp/crt0.o
 .ARM.attributes
                0x00000000       0x20 c:/program files (x86)/gnu arm embedded toolchain/10 2021.10/bin/../lib/gcc/arm-none-eabi/10.3.1/../../../../arm-none-eabi/lib/thumb/v8-m.main/nofp/crt0.o
 .text          0x00000000        0x0 Drivers/CRC/src/crc.o
 .data          0x00000000        0x0 Drivers/CRC/src/crc.o
 .bss           0x00000000        0x0 Drivers/CRC/src/crc.o
 .text.CRC_Calculate
                0x00000000       0x40 Drivers/CRC/src/crc.o
 .text          0x00000000        0x0 Drivers/HASH/src/hash.o
 .data          0x00000000        0x0 Drivers/HASH/src/hash.o
 .bss           0x00000000        0x0 Drivers/HASH/src/hash.o
 .text.hash_final
                0x00000000       0x60 Drivers/HASH/src/hash.o
 .text.HASH_Constructor
                0x00000000       0x38 Drivers/HASH/src/hash.o
 .text.HASH_SHA1_Start
                0x00000000       0x1c Drivers/HASH/src/hash.o
 .text.HASH_SHA1_Final
                0x00000000        0x8 Drivers/HASH/src/hash.o
 .text.HASH_SHA224_Start
                0x00000000       0x20 Drivers/HASH/src/hash.o
 .text.HASH_SHA224_Final
                0x00000000        0x8 Drivers/HASH/src/hash.o
 .text          0x00000000        0x0 Drivers/NVIC/src/nvic.o
 .data          0x00000000        0x0 Drivers/NVIC/src/nvic.o
 .bss           0x00000000        0x0 Drivers/NVIC/src/nvic.o
 .text.NVIC_UnregisterHandler
                0x00000000       0x3c Drivers/NVIC/src/nvic.o
 .text.NVIC_EXTI_Enable
                0x00000000       0xa4 Drivers/NVIC/src/nvic.o
 .text.NVIC_EXTI_Disable
                0x00000000       0x44 Drivers/NVIC/src/nvic.o
 .text.NVIC_EXTI_ClearPending
                0x00000000       0x14 Drivers/NVIC/src/nvic.o
 .text.IWDG1_IRQHandler
                0x00000000       0x14 Drivers/NVIC/src/nvic.o
 .text.ADC1_IRQHandler
                0x00000000       0x14 Drivers/NVIC/src/nvic.o
 .text.ADC2_IRQHandler
                0x00000000       0x14 Drivers/NVIC/src/nvic.o
 .text.ADC3_IRQHandler
                0x00000000       0x14 Drivers/NVIC/src/nvic.o
 .text.FDCAN1_IT0_IRQHandler
                0x00000000       0x14 Drivers/NVIC/src/nvic.o
 .text.FDCAN1_IT1_IRQHandler
                0x00000000       0x14 Drivers/NVIC/src/nvic.o
 .text.SPI1_IRQHandler
                0x00000000       0x14 Drivers/NVIC/src/nvic.o
 .text.SPI2_IRQHandler
                0x00000000       0x14 Drivers/NVIC/src/nvic.o
 .text.SPI3_IRQHandler
                0x00000000       0x14 Drivers/NVIC/src/nvic.o
 .text.USART6_IRQHandler
                0x00000000       0x14 Drivers/NVIC/src/nvic.o
 .text.UART7_IRQHandler
                0x00000000       0x14 Drivers/NVIC/src/nvic.o
 .text.RNG_IRQHandler
                0x00000000       0x14 Drivers/NVIC/src/nvic.o
 .text.HASH_IRQHandler
                0x00000000       0x14 Drivers/NVIC/src/nvic.o
 .text          0x00000000        0x0 Drivers/RNG/src/rng.o
 .data          0x00000000        0x0 Drivers/RNG/src/rng.o
 .bss           0x00000000        0x0 Drivers/RNG/src/rng.o
 .text.rng_irq_handler
                0x00000000       0x58 Drivers/RNG/src/rng.o
 .text.RNG_Constructor
                0x00000000       0x4c Drivers/RNG/src/rng.o
 .text.RNG_Enable
                0x00000000        0xc Drivers/RNG/src/rng.o
 .text.RNG_Disable
                0x00000000        0xc Drivers/RNG/src/rng.o
 .text.RNG_Generate
                0x00000000       0x48 Drivers/RNG/src/rng.o
 .text.RNG_Generate_IT
                0x00000000       0x68 Drivers/RNG/src/rng.o
 .debug_info    0x00000000      0x6bd Drivers/RNG/src/rng.o
 .debug_abbrev  0x00000000      0x200 Drivers/RNG/src/rng.o
 .debug_loc     0x00000000      0x2e6 Drivers/RNG/src/rng.o
 .debug_aranges
                0x00000000       0x48 Drivers/RNG/src/rng.o
 .debug_ranges  0x00000000       0x58 Drivers/RNG/src/rng.o
 .debug_line    0x00000000      0x4b1 Drivers/RNG/src/rng.o
 .debug_str     0x00000000      0x667 Drivers/RNG/src/rng.o
 .comment       0x00000000       0x4a Drivers/RNG/src/rng.o
 .debug_frame   0x00000000       0x94 Drivers/RNG/src/rng.o
 .ARM.attributes
                0x00000000       0x34 Drivers/RNG/src/rng.o
 .text          0x00000000        0x0 Drivers/UART/src/uart.o
 .data          0x00000000        0x0 Drivers/UART/src/uart.o
 .bss           0x00000000        0x0 Drivers/UART/src/uart.o
 .text.BRR_Oversample_by_16
                0x00000000        0xc Drivers/UART/src/uart.o
 .text.USART_x_Write
                0x00000000       0x10 Drivers/UART/src/uart.o
 .text.USART_x_Read
                0x00000000       0x10 Drivers/UART/src/uart.o
 .text.USART_EnableRXInterrupt
                0x00000000       0x10 Drivers/UART/src/uart.o
 .text.USART_DisableRXInterrupt
                0x00000000       0x10 Drivers/UART/src/uart.o
 .text.USART_IRQHandler
                0x00000000       0x24 Drivers/UART/src/uart.o
 .text.USART_EnableTXDMA
                0x00000000        0xc Drivers/UART/src/uart.o
 .text.USART_DisableTXDMA
                0x00000000        0xc Drivers/UART/src/uart.o
 .text.USART_EnableRXDMA
                0x00000000        0xc Drivers/UART/src/uart.o
 .text.USART_DisableRXDMA
                0x00000000        0xc Drivers/UART/src/uart.o
 .text.USART_WriteDMA
                0x00000000       0x5c Drivers/UART/src/uart.o
 .text.USART_ReadDMA
                0x00000000       0x54 Drivers/UART/src/uart.o
 .text.writeString
                0x00000000       0x2c Drivers/UART/src/uart.o
 .text.readString
                0x00000000       0x38 Drivers/UART/src/uart.o
 .rodata.GetPortName.str1.4
                0x00000000       0x2e Drivers/UART/src/uart.o
 .text.GetPortName
                0x00000000       0x64 Drivers/UART/src/uart.o
 .text.USART_WriteChar
                0x00000000       0x10 Drivers/UART/src/uart.o
 .text.USART_ReadChar
                0x00000000       0x10 Drivers/UART/src/uart.o
 .text.USART_ReadString
                0x00000000       0x60 Drivers/UART/src/uart.o
 .rodata.uart_write_hex8.str1.4
                0x00000000       0x11 Drivers/UART/src/uart.o
 .text.uart_write_hex8
                0x00000000       0x4c Drivers/UART/src/uart.o
 .text.uart_write_hex32
                0x00000000       0x2c Drivers/UART/src/uart.o
 .text.print_hex
                0x00000000       0x40 Drivers/UART/src/uart.o
 .text.print_dec
                0x00000000       0x74 Drivers/UART/src/uart.o
 .rodata.hex.0  0x00000000       0x11 Drivers/UART/src/uart.o
 .text          0x00000000        0x0 Projects/ECDSA/src/ecdsa.o
 .data          0x00000000        0x0 Projects/ECDSA/src/ecdsa.o
 .bss           0x00000000        0x0 Projects/ECDSA/src/ecdsa.o
 .text          0x00000000        0x0 Projects/FLASH/src/flash.o
 .data          0x00000000        0x0 Projects/FLASH/src/flash.o
 .bss           0x00000000        0x0 Projects/FLASH/src/flash.o
 .text.FLASH_ReadByte
                0x00000000        0x4 Projects/FLASH/src/flash.o
 .text.FLASH_ReadWord
                0x00000000        0x4 Projects/FLASH/src/flash.o
 .text          0x00000000        0x0 Projects/Secure_FW_Update/src/main.o
 .data          0x00000000        0x0 Projects/Secure_FW_Update/src/main.o
 .bss           0x00000000        0x0 Projects/Secure_FW_Update/src/main.o
 .text          0x00000000        0x0 Projects/Secure_FW_Update/src/secure_fw_update.o
 .data          0x00000000        0x0 Projects/Secure_FW_Update/src/secure_fw_update.o
 .bss           0x00000000        0x0 Projects/Secure_FW_Update/src/secure_fw_update.o
 .text.SFU_InvalidateActiveSlot
                0x00000000       0x24 Projects/Secure_FW_Update/src/secure_fw_update.o
 .text.SFU_SoftReset
                0x00000000       0x14 Projects/Secure_FW_Update/src/secure_fw_update.o
 .text          0x00000000        0x0 Projects/Secure_FW_Update/src/startup.o
 .data          0x00000000        0x0 Projects/Secure_FW_Update/src/startup.o
 .bss           0x00000000        0x0 Projects/Secure_FW_Update/src/startup.o
 .text.SystemInit
                0x00000000       0x10 Projects/Secure_FW_Update/src/startup.o
 .text          0x00000000        0x0 c:/program files (x86)/gnu arm embedded toolchain/10 2021.10/bin/../lib/gcc/arm-none-eabi/10.3.1/../../../../arm-none-eabi/lib/thumb/v8-m.main/nofp\libg_nano.a(lib_a-exit.o)
 .data          0x00000000        0x0 c:/program files (x86)/gnu arm embedded toolchain/10 2021.10/bin/../lib/gcc/arm-none-eabi/10.3.1/../../../../arm-none-eabi/lib/thumb/v8-m.main/nofp\libg_nano.a(lib_a-exit.o)
 .bss           0x00000000        0x0 c:/program files (x86)/gnu arm embedded toolchain/10 2021.10/bin/../lib/gcc/arm-none-eabi/10.3.1/../../../../arm-none-eabi/lib/thumb/v8-m.main/nofp\libg_nano.a(lib_a-exit.o)
 .text.exit     0x00000000       0x28 c:/program files (x86)/gnu arm embedded toolchain/10 2021.10/bin/../lib/gcc/arm-none-eabi/10.3.1/../../../../arm-none-eabi/lib/thumb/v8-m.main/nofp\libg_nano.a(lib_a-exit.o)
 .debug_frame   0x00000000       0x28 c:/program files (x86)/gnu arm embedded toolchain/10 2021.10/bin/../lib/gcc/arm-none-eabi/10.3.1/../../../../arm-none-eabi/lib/thumb/v8-m.main/nofp\libg_nano.a(lib_a-exit.o)
 .ARM.attributes
                0x00000000       0x32 c:/program files (x86)/gnu arm embedded toolchain/10 2021.10/bin/../lib/gcc/arm-none-eabi/10.3.1/../../../../arm-none-eabi/lib/thumb/v8-m.main/nofp\libg_nano.a(lib_a-exit.o)
 .text          0x00000000        0x0 c:/program files (x86)/gnu arm embedded toolchain/10 2021.10/bin/../lib/gcc/arm-none-eabi/10.3.1/../../../../arm-none-eabi/lib/thumb/v8-m.main/nofp\libg_nano.a(lib_a-impure.o)
 .data          0x00000000        0x0 c:/program files (x86)/gnu arm embedded toolchain/10 2021.10/bin/../lib/gcc/arm-none-eabi/10.3.1/../../../../arm-none-eabi/lib/thumb/v8-m.main/nofp\libg_nano.a(lib_a-impure.o)
 .bss           0x00000000        0x0 c:/program files (x86)/gnu arm embedded toolchain/10 2021.10/bin/../lib/gcc/arm-none-eabi/10.3.1/../../../../arm-none-eabi/lib/thumb/v8-m.main/nofp\libg_nano.a(lib_a-impure.o)
 .data._impure_ptr
                0x00000000        0x4 c:/program files (x86)/gnu arm embedded toolchain/10 2021.10/bin/../lib/gcc/arm-none-eabi/10.3.1/../../../../arm-none-eabi/lib/thumb/v8-m.main/nofp\libg_nano.a(lib_a-impure.o)
 .data.impure_data
                0x00000000       0x60 c:/program files (x86)/gnu arm embedded toolchain/10 2021.10/bin/../lib/gcc/arm-none-eabi/10.3.1/../../../../arm-none-eabi/lib/thumb/v8-m.main/nofp\libg_nano.a(lib_a-impure.o)
 .rodata._global_impure_ptr
                0x00000000        0x4 c:/program files (x86)/gnu arm embedded toolchain/10 2021.10/bin/../lib/gcc/arm-none-eabi/10.3.1/../../../../arm-none-eabi/lib/thumb/v8-m.main/nofp\libg_nano.a(lib_a-impure.o)
 .ARM.attributes
                0x00000000       0x32 c:/program files (x86)/gnu arm embedded toolchain/10 2021.10/bin/../lib/gcc/arm-none-eabi/10.3.1/../../../../arm-none-eabi/lib/thumb/v8-m.main/nofp\libg_nano.a(lib_a-impure.o)
 .text          0x00000000        0x0 c:/program files (x86)/gnu arm embedded toolchain/10 2021.10/bin/../lib/gcc/arm-none-eabi/10.3.1/../../../../arm-none-eabi/lib/thumb/v8-m.main/nofp\libg_nano.a(lib_a-init.o)
 .data          0x00000000        0x0 c:/program files (x86)/gnu arm embedded toolchain/10 2021.10/bin/../lib/gcc/arm-none-eabi/10.3.1/../../../../arm-none-eabi/lib/thumb/v8-m.main/nofp\libg_nano.a(lib_a-init.o)
 .bss           0x00000000        0x0 c:/program files (x86)/gnu arm embedded toolchain/10 2021.10/bin/../lib/gcc/arm-none-eabi/10.3.1/../../../../arm-none-eabi/lib/thumb/v8-m.main/nofp\libg_nano.a(lib_a-init.o)
 .text.__libc_init_array
                0x00000000       0x48 c:/program files (x86)/gnu arm embedded toolchain/10 2021.10/bin/../lib/gcc/arm-none-eabi/10.3.1/../../../../arm-none-eabi/lib/thumb/v8-m.main/nofp\libg_nano.a(lib_a-init.o)
 .debug_frame   0x00000000       0x2c c:/program files (x86)/gnu arm embedded toolchain/10 2021.10/bin/../lib/gcc/arm-none-eabi/10.3.1/../../../../arm-none-eabi/lib/thumb/v8-m.main/nofp\libg_nano.a(lib_a-init.o)
 .ARM.attributes
                0x00000000       0x32 c:/program files (x86)/gnu arm embedded toolchain/10 2021.10/bin/../lib/gcc/arm-none-eabi/10.3.1/../../../../arm-none-eabi/lib/thumb/v8-m.main/nofp\libg_nano.a(lib_a-init.o)
 .text          0x00000000        0x0 c:/program files (x86)/gnu arm embedded toolchain/10 2021.10/bin/../lib/gcc/arm-none-eabi/10.3.1/../../../../arm-none-eabi/lib/thumb/v8-m.main/nofp\libg_nano.a(lib_a-memcmp.o)
 .data          0x00000000        0x0 c:/program files (x86)/gnu arm embedded toolchain/10 2021.10/bin/../lib/gcc/arm-none-eabi/10.3.1/../../../../arm-none-eabi/lib/thumb/v8-m.main/nofp\libg_nano.a(lib_a-memcmp.o)
 .bss           0x00000000        0x0 c:/program files (x86)/gnu arm embedded toolchain/10 2021.10/bin/../lib/gcc/arm-none-eabi/10.3.1/../../../../arm-none-eabi/lib/thumb/v8-m.main/nofp\libg_nano.a(lib_a-memcmp.o)
 .text          0x00000000        0x0 c:/program files (x86)/gnu arm embedded toolchain/10 2021.10/bin/../lib/gcc/arm-none-eabi/10.3.1/../../../../arm-none-eabi/lib/thumb/v8-m.main/nofp\libg_nano.a(lib_a-memcpy-stub.o)
 .data          0x00000000        0x0 c:/program files (x86)/gnu arm embedded toolchain/10 2021.10/bin/../lib/gcc/arm-none-eabi/10.3.1/../../../../arm-none-eabi/lib/thumb/v8-m.main/nofp\libg_nano.a(lib_a-memcpy-stub.o)
 .bss           0x00000000        0x0 c:/program files (x86)/gnu arm embedded toolchain/10 2021.10/bin/../lib/gcc/arm-none-eabi/10.3.1/../../../../arm-none-eabi/lib/thumb/v8-m.main/nofp\libg_nano.a(lib_a-memcpy-stub.o)
 .text          0x00000000        0x0 c:/program files (x86)/gnu arm embedded toolchain/10 2021.10/bin/../lib/gcc/arm-none-eabi/10.3.1/../../../../arm-none-eabi/lib/thumb/v8-m.main/nofp\libg_nano.a(lib_a-memset.o)
 .data          0x00000000        0x0 c:/program files (x86)/gnu arm embedded toolchain/10 2021.10/bin/../lib/gcc/arm-none-eabi/10.3.1/../../../../arm-none-eabi/lib/thumb/v8-m.main/nofp\libg_nano.a(lib_a-memset.o)
 .bss           0x00000000        0x0 c:/program files (x86)/gnu arm embedded toolchain/10 2021.10/bin/../lib/gcc/arm-none-eabi/10.3.1/../../../../arm-none-eabi/lib/thumb/v8-m.main/nofp\libg_nano.a(lib_a-memset.o)
 .text          0x00000000        0x0 c:/program files (x86)/gnu arm embedded toolchain/10 2021.10/bin/../lib/gcc/arm-none-eabi/10.3.1/../../../../arm-none-eabi/lib/thumb/v8-m.main/nofp\libnosys.a(_exit.o)
 .data          0x00000000        0x0 c:/program files (x86)/gnu arm embedded toolchain/10 2021.10/bin/../lib/gcc/arm-none-eabi/10.3.1/../../../../arm-none-eabi/lib/thumb/v8-m.main/nofp\libnosys.a(_exit.o)
 .bss           0x00000000        0x0 c:/program files (x86)/gnu arm embedded toolchain/10 2021.10/bin/../lib/gcc/arm-none-eabi/10.3.1/../../../../arm-none-eabi/lib/thumb/v8-m.main/nofp\libnosys.a(_exit.o)
 .text._exit    0x00000000        0x4 c:/program files (x86)/gnu arm embedded toolchain/10 2021.10/bin/../lib/gcc/arm-none-eabi/10.3.1/../../../../arm-none-eabi/lib/thumb/v8-m.main/nofp\libnosys.a(_exit.o)
 .debug_frame   0x00000000       0x20 c:/program files (x86)/gnu arm embedded toolchain/10 2021.10/bin/../lib/gcc/arm-none-eabi/10.3.1/../../../../arm-none-eabi/lib/thumb/v8-m.main/nofp\libnosys.a(_exit.o)
 .ARM.attributes
                0x00000000       0x32 c:/program files (x86)/gnu arm embedded toolchain/10 2021.10/bin/../lib/gcc/arm-none-eabi/10.3.1/../../../../arm-none-eabi/lib/thumb/v8-m.main/nofp\libnosys.a(_exit.o)
 .text          0x00000000        0x0 c:/program files (x86)/gnu arm embedded toolchain/10 2021.10/bin/../lib/gcc/arm-none-eabi/10.3.1/thumb/v8-m.main/nofp/crtend.o
 .data          0x00000000        0x0 c:/program files (x86)/gnu arm embedded toolchain/10 2021.10/bin/../lib/gcc/arm-none-eabi/10.3.1/thumb/v8-m.main/nofp/crtend.o
 .bss           0x00000000        0x0 c:/program files (x86)/gnu arm embedded toolchain/10 2021.10/bin/../lib/gcc/arm-none-eabi/10.3.1/thumb/v8-m.main/nofp/crtend.o
 .rodata        0x00000000       0x24 c:/program files (x86)/gnu arm embedded toolchain/10 2021.10/bin/../lib/gcc/arm-none-eabi/10.3.1/thumb/v8-m.main/nofp/crtend.o
 .eh_frame      0x00000000        0x4 c:/program files (x86)/gnu arm embedded toolchain/10 2021.10/bin/../lib/gcc/arm-none-eabi/10.3.1/thumb/v8-m.main/nofp/crtend.o
 .ARM.attributes
                0x00000000       0x32 c:/program files (x86)/gnu arm embedded toolchain/10 2021.10/bin/../lib/gcc/arm-none-eabi/10.3.1/thumb/v8-m.main/nofp/crtend.o
 .text          0x00000000        0x0 c:/program files (x86)/gnu arm embedded toolchain/10 2021.10/bin/../lib/gcc/arm-none-eabi/10.3.1/thumb/v8-m.main/nofp/crtn.o
 .data          0x00000000        0x0 c:/program files (x86)/gnu arm embedded toolchain/10 2021.10/bin/../lib/gcc/arm-none-eabi/10.3.1/thumb/v8-m.main/nofp/crtn.o
 .bss           0x00000000        0x0 c:/program files (x86)/gnu arm embedded toolchain/10 2021.10/bin/../lib/gcc/arm-none-eabi/10.3.1/thumb/v8-m.main/nofp/crtn.o
 .init          0x00000000        0x8 c:/program files (x86)/gnu arm embedded toolchain/10 2021.10/bin/../lib/gcc/arm-none-eabi/10.3.1/thumb/v8-m.main/nofp/crtn.o
 .fini          0x00000000        0x8 c:/program files (x86)/gnu arm embedded toolchain/10 2021.10/bin/../lib/gcc/arm-none-eabi/10.3.1/thumb/v8-m.main/nofp/crtn.o
 .ARM.attributes
                0x00000000       0x22 c:/program files (x86)/gnu arm embedded toolchain/10 2021.10/bin/../lib/gcc/arm-none-eabi/10.3.1/thumb/v8-m.main/nofp/crtn.o

Memory Configuration

Name             Origin             Length             Attributes
FLASH            0x08010000         0x0002c000         xr
RAM              0x20000000         0x00020000         xrw
*default*        0x00000000         0xffffffff

Linker script and memory map

LOAD c:/program files (x86)/gnu arm embedded toolchain/10 2021.10/bin/../lib/gcc/arm-none-eabi/10.3.1/thumb/v8-m.main/nofp/crti.o
LOAD c:/program files (x86)/gnu arm embedded toolchain/10 2021.10/bin/../lib/gcc/arm-none-eabi/10.3.1/thumb/v8-m.main/nofp/crtbegin.o
LOAD c:/program files (x86)/gnu arm embedded toolchain/10 2021.10/bin/../lib/gcc/arm-none-eabi/10.3.1/../../../../arm-none-eabi/lib/thumb/v8-m.main/nofp/crt0.o
LOAD Drivers/CRC/src/crc.o
LOAD Drivers/HASH/src/hash.o
LOAD Drivers/NVIC/src/nvic.o
LOAD Drivers/RNG/src/rng.o
LOAD Drivers/UART/src/uart.o
LOAD Projects/ECDSA/src/ecdsa.o
LOAD Projects/FLASH/src/flash.o
LOAD Projects/Secure_FW_Update/src/main.o
LOAD Projects/Secure_FW_Update/src/secure_fw_update.o
LOAD Projects/Secure_FW_Update/src/startup.o
START GROUP
LOAD c:/program files (x86)/gnu arm embedded toolchain/10 2021.10/bin/../lib/gcc/arm-none-eabi/10.3.1/thumb/v8-m.main/nofp\libgcc.a
LOAD c:/program files (x86)/gnu arm embedded toolchain/10 2021.10/bin/../lib/gcc/arm-none-eabi/10.3.1/../../../../arm-none-eabi/lib/thumb/v8-m.main/nofp\libg_nano.a
LOAD c:/program files (x86)/gnu arm embedded toolchain/10 2021.10/bin/../lib/gcc/arm-none-eabi/10.3.1/../../../../arm-none-eabi/lib/thumb/v8-m.main/nofp\libc_nano.a
END GROUP
START GROUP
LOAD c:/program files (x86)/gnu arm embedded toolchain/10 2021.10/bin/../lib/gcc/arm-none-eabi/10.3.1/thumb/v8-m.main/nofp\libgcc.a
LOAD c:/program files (x86)/gnu arm embedded toolchain/10 2021.10/bin/../lib/gcc/arm-none-eabi/10.3.1/../../../../arm-none-eabi/lib/thumb/v8-m.main/nofp\libc_nano.a
LOAD c:/program files (x86)/gnu arm embedded toolchain/10 2021.10/bin/../lib/gcc/arm-none-eabi/10.3.1/../../../../arm-none-eabi/lib/thumb/v8-m.main/nofp\libnosys.a
END GROUP
START GROUP
LOAD c:/program files (x86)/gnu arm embedded toolchain/10 2021.10/bin/../lib/gcc/arm-none-eabi/10.3.1/thumb/v8-m.main/nofp\libgcc.a
LOAD c:/program files (x86)/gnu arm embedded toolchain/10 2021.10/bin/../lib/gcc/arm-none-eabi/10.3.1/../../../../arm-none-eabi/lib/thumb/v8-m.main/nofp\libc_nano.a
LOAD c:/program files (x86)/gnu arm embedded toolchain/10 2021.10/bin/../lib/gcc/arm-none-eabi/10.3.1/../../../../arm-none-eabi/lib/thumb/v8-m.main/nofp\libnosys.a
END GROUP
LOAD c:/program files (x86)/gnu arm embedded toolchain/10 2021.10/bin/../lib/gcc/arm-none-eabi/10.3.1/thumb/v8-m.main/nofp/crtend.o
LOAD c:/program files (x86)/gnu arm embedded toolchain/10 2021.10/bin/../lib/gcc/arm-none-eabi/10.3.1/thumb/v8-m.main/nofp/crtn.o
                0x20020000                _estack = (ORIGIN (RAM) + LENGTH (RAM))

.isr_vector     0x08010000      0x240
 *(.isr_vector)
 .isr_vector    0x08010000      0x240 Projects/Secure_FW_Update/src/startup.o
                0x08010000                vector_table

.text           0x08010240     0x107c
 *(.text*)
 .text.CRC_Constructor
                0x08010240       0x24 Drivers/CRC/src/crc.o
                0x08010240                CRC_Constructor
 .text.HASH_SHA256_Start
                0x08010264       0x20 Drivers/HASH/src/hash.o
                0x08010264                HASH_SHA256_Start
 .text.HASH_SHA256_Update
                0x08010284       0xb8 Drivers/HASH/src/hash.o
                0x08010284                HASH_SHA256_Update
 .text.HASH_SHA256_Final
                0x0801033c       0x60 Drivers/HASH/src/hash.o
                0x0801033c                HASH_SHA256_Final
 .text.NVIC_RegisterHandler
                0x0801039c       0x54 Drivers/NVIC/src/nvic.o
                0x0801039c                NVIC_RegisterHandler
 .text.EXTI0_IRQHandler
                0x080103f0       0x10 Drivers/NVIC/src/nvic.o
                0x080103f0                EXTI0_IRQHandler
 .text.EXTI1_IRQHandler
                0x08010400       0x10 Drivers/NVIC/src/nvic.o
                0x08010400                EXTI1_IRQHandler
 .text.EXTI2_IRQHandler
                0x08010410       0x10 Drivers/NVIC/src/nvic.o
                0x08010410                EXTI2_IRQHandler
 .text.EXTI3_IRQHandler
                0x08010420       0x10 Drivers/NVIC/src/nvic.o
                0x08010420                EXTI3_IRQHandler
 .text.EXTI4_IRQHandler
                0x08010430       0x10 Drivers/NVIC/src/nvic.o
                0x08010430                EXTI4_IRQHandler
 .text.EXTI5_IRQHandler
                0x08010440       0x10 Drivers/NVIC/src/nvic.o
                0x08010440                EXTI5_IRQHandler
 .text.EXTI6_IRQHandler
                0x08010450       0x10 Drivers/NVIC/src/nvic.o
                0x08010450                EXTI6_IRQHandler
 .text.EXTI7_IRQHandler
                0x08010460       0x10 Drivers/NVIC/src/nvic.o
                0x08010460                EXTI7_IRQHandler
 .text.EXTI8_IRQHandler
                0x08010470       0x10 Drivers/NVIC/src/nvic.o
                0x08010470                EXTI8_IRQHandler
 .text.EXTI9_IRQHandler
                0x08010480       0x14 Drivers/NVIC/src/nvic.o
                0x08010480                EXTI9_IRQHandler
 .text.EXTI10_IRQHandler
                0x08010494       0x14 Drivers/NVIC/src/nvic.o
                0x08010494                EXTI10_IRQHandler
 .text.EXTI11_IRQHandler
                0x080104a8       0x14 Drivers/NVIC/src/nvic.o
                0x080104a8                EXTI11_IRQHandler
 .text.EXTI12_IRQHandler
                0x080104bc       0x14 Drivers/NVIC/src/nvic.o
                0x080104bc                EXTI12_IRQHandler
 .text.EXTI13_IRQHandler
                0x080104d0       0x14 Drivers/NVIC/src/nvic.o
                0x080104d0                EXTI13_IRQHandler
 .text.EXTI14_IRQHandler
                0x080104e4       0x14 Drivers/NVIC/src/nvic.o
                0x080104e4                EXTI14_IRQHandler
 .text.EXTI15_IRQHandler
                0x080104f8       0x14 Drivers/NVIC/src/nvic.o
                0x080104f8                EXTI15_IRQHandler
 .text.LPDMA1_Channel0_IRQHandler
                0x0801050c       0x14 Drivers/NVIC/src/nvic.o
                0x0801050c                LPDMA1_Channel0_IRQHandler
 .text.LPDMA1_Channel1_IRQHandler
                0x08010520       0x14 Drivers/NVIC/src/nvic.o
                0x08010520                LPDMA1_Channel1_IRQHandler
 .text.LPDMA1_Channel2_IRQHandler
                0x08010534       0x14 Drivers/NVIC/src/nvic.o
                0x08010534                LPDMA1_Channel2_IRQHandler
 .text.LPDMA1_Channel3_IRQHandler
                0x08010548       0x14 Drivers/NVIC/src/nvic.o
                0x08010548                LPDMA1_Channel3_IRQHandler
 .text.LPDMA1_Channel4_IRQHandler
                0x0801055c       0x14 Drivers/NVIC/src/nvic.o
                0x0801055c                LPDMA1_Channel4_IRQHandler
 .text.LPDMA1_Channel5_IRQHandler
                0x08010570       0x14 Drivers/NVIC/src/nvic.o
                0x08010570                LPDMA1_Channel5_IRQHandler
 .text.LPDMA1_Channel6_IRQHandler
                0x08010584       0x14 Drivers/NVIC/src/nvic.o
                0x08010584                LPDMA1_Channel6_IRQHandler
 .text.LPDMA1_Channel7_IRQHandler
                0x08010598       0x14 Drivers/NVIC/src/nvic.o
                0x08010598                LPDMA1_Channel7_IRQHandler
 .text.USART1_IRQHandler
                0x080105ac       0x14 Drivers/NVIC/src/nvic.o
                0x080105ac                USART1_IRQHandler
 .text.USART2_IRQHandler
                0x080105c0       0x14 Drivers/NVIC/src/nvic.o
                0x080105c0                USART2_IRQHandler
 .text.USART3_IRQHandler
                0x080105d4       0x14 Drivers/NVIC/src/nvic.o
                0x080105d4                USART3_IRQHandler
 .text.UART4_IRQHandler
                0x080105e8       0x14 Drivers/NVIC/src/nvic.o
                0x080105e8                UART4_IRQHandler
 .text.UART5_IRQHandler
                0x080105fc       0x14 Drivers/NVIC/src/nvic.o
                0x080105fc                UART5_IRQHandler
 .text.uart_irq_dispatch
                0x08010610       0x24 Drivers/UART/src/uart.o
 .text.USART_Init
                0x08010634      0x3ec Drivers/UART/src/uart.o
                0x08010634                USART_Init
 .text.USART_constructor
                0x08010a20        0xc Drivers/UART/src/uart.o
                0x08010a20                USART_constructor
 .text.USART_WriteString
                0x08010a2c       0x30 Drivers/UART/src/uart.o
                0x08010a2c                USART_WriteString
 .text.ECDSA_Init
                0x08010a5c       0x68 Projects/ECDSA/src/ecdsa.o
                0x08010a5c                ECDSA_Init
 .text.ECDSA_Verify
                0x08010ac4       0x94 Projects/ECDSA/src/ecdsa.o
                0x08010ac4                ECDSA_Verify
 .text.FLASH_IRQHandler
                0x08010b58       0x3c Projects/FLASH/src/flash.o
                0x08010b58                FLASH_IRQHandler
 .text.FLASH_Init
                0x08010b94       0x24 Projects/FLASH/src/flash.o
                0x08010b94                FLASH_Init
 .text.FLASH_Unlock
                0x08010bb8       0x24 Projects/FLASH/src/flash.o
                0x08010bb8                FLASH_Unlock
 .text.FLASH_Lock
                0x08010bdc       0x10 Projects/FLASH/src/flash.o
                0x08010bdc                FLASH_Lock
 .text.FLASH_ProgramWord
                0x08010bec       0x2c Projects/FLASH/src/flash.o
                0x08010bec                FLASH_ProgramWord
 .text.FLASH_ErasePage
                0x08010c18       0x78 Projects/FLASH/src/flash.o
                0x08010c18                FLASH_ErasePage
 .text.startup.main
                0x08010c90       0xfc Projects/Secure_FW_Update/src/main.o
                0x08010c90                main
 .text.SFU_VerifySignature
                0x08010d8c        0x8 Projects/Secure_FW_Update/src/secure_fw_update.o
                0x08010d8c                SFU_VerifySignature
 .text.SFU_WriteAndSealFallback
                0x08010d94       0x80 Projects/Secure_FW_Update/src/secure_fw_update.o
                0x08010d94                SFU_WriteAndSealFallback
 .text.Default_Handler
                0x08010e14        0x4 Projects/Secure_FW_Update/src/startup.o
                0x08010e14                Default_Handler
 .text.Reset_Handler
                0x08010e18       0x5c Projects/Secure_FW_Update/src/startup.o
                0x08010e18                Reset_Handler
 .text.memcmp   0x08010e74       0x20 c:/program files (x86)/gnu arm embedded toolchain/10 2021.10/bin/../lib/gcc/arm-none-eabi/10.3.1/../../../../arm-none-eabi/lib/thumb/v8-m.main/nofp\libg_nano.a(lib_a-memcmp.o)
                0x08010e74                memcmp
 .text.memcpy   0x08010e94       0x1a c:/program files (x86)/gnu arm embedded toolchain/10 2021.10/bin/../lib/gcc/arm-none-eabi/10.3.1/../../../../arm-none-eabi/lib/thumb/v8-m.main/nofp\libg_nano.a(lib_a-memcpy-stub.o)
                0x08010e94                memcpy
 .text.memset   0x08010eae       0x10 c:/program files (x86)/gnu arm embedded toolchain/10 2021.10/bin/../lib/gcc/arm-none-eabi/10.3.1/../../../../arm-none-eabi/lib/thumb/v8-m.main/nofp\libg_nano.a(lib_a-memset.o)
                0x08010eae                memset
 *(.rodata*)
 *fill*         0x08010ebe        0x2 
 .rodata.main.str1.4
                0x08010ec0      0x39a Projects/Secure_FW_Update/src/main.o
 *fill*         0x0801125a        0x2 
 .rodata.DEMO_FIRMWARE
                0x0801125c       0x18 Projects/Secure_FW_Update/src/main.o
 .rodata.TRUSTED_PUB_X
                0x08011274       0x20 Projects/Secure_FW_Update/src/main.o
 .rodata.TRUSTED_PUB_Y
                0x08011294       0x20 Projects/Secure_FW_Update/src/main.o
 *(.glue_7)
 .glue_7        0x080112b4        0x0 linker stubs
 *(.glue_7t)
 .glue_7t       0x080112b4        0x0 linker stubs
 *(.init)
 .init          0x080112b4        0x4 c:/program files (x86)/gnu arm embedded toolchain/10 2021.10/bin/../lib/gcc/arm-none-eabi/10.3.1/thumb/v8-m.main/nofp/crti.o
                0x080112b4                _init
 *(.fini)
 .fini          0x080112b8        0x4 c:/program files (x86)/gnu arm embedded toolchain/10 2021.10/bin/../lib/gcc/arm-none-eabi/10.3.1/thumb/v8-m.main/nofp/crti.o
                0x080112b8                _fini

.vfp11_veneer   0x080112bc        0x0
 .vfp11_veneer  0x080112bc        0x0 linker stubs

.v4_bx          0x080112bc        0x0
 .v4_bx         0x080112bc        0x0 linker stubs

.iplt           0x080112bc        0x0
 .iplt          0x080112bc        0x0 Drivers/NVIC/src/nvic.o

.rel.dyn        0x080112bc        0x0
 .rel.iplt      0x080112bc        0x0 Drivers/NVIC/src/nvic.o

.ARM.extab
 *(.ARM.extab* .gnu.linkonce.armextab.*)

.ARM.exidx      0x080112bc        0x0
                0x080112bc                __exidx_start = .
 *(.ARM.exidx*)
                0x080112bc                __exidx_end = .
                0x080112bc                __etext = .

.data           0x20000000        0x4 load address 0x080112bc
                0x20000000                __data_start__ = .
 *(.data*)
 .data.SystemCoreClock
                0x20000000        0x4 Projects/Secure_FW_Update/src/startup.o
                0x20000000                SystemCoreClock
                0x20000004                __data_end__ = .

.igot.plt       0x20000004        0x0 load address 0x080112c0
 .igot.plt      0x20000004        0x0 Drivers/NVIC/src/nvic.o

.bss            0x20000004      0x470 load address 0x080112c0
                0x20000004                __bss_start__ = .
 *(.bss*)
 .bss.s_table   0x20000004      0x400 Drivers/NVIC/src/nvic.o
 .bss.s_flash_eop
                0x20000404        0x1 Projects/FLASH/src/flash.o
 .bss.s_flash_error
                0x20000405        0x1 Projects/FLASH/src/flash.o
 *fill*         0x20000406        0x2 
 .bss.hsfu      0x20000408       0x60 Projects/Secure_FW_Update/src/main.o
 .bss.huart     0x20000468        0xc Projects/Secure_FW_Update/src/main.o
 *(COMMON)
                0x20000474                __bss_end__ = .
                0x20000474                _end = .
                0x20000474                end = .
OUTPUT(Projects/Secure_FW_Update/main.elf elf32-littlearm)
LOAD linker stubs

.ARM.attributes
                0x00000000       0x30
 .ARM.attributes
                0x00000000       0x22 c:/program files (x86)/gnu arm embedded toolchain/10 2021.10/bin/../lib/gcc/arm-none-eabi/10.3.1/thumb/v8-m.main/nofp/crti.o
 .ARM.attributes
                0x00000022       0x34 Drivers/CRC/src/crc.o
 .ARM.attributes
                0x00000056       0x34 Drivers/HASH/src/hash.o
 .ARM.attributes
                0x0000008a       0x34 Drivers/NVIC/src/nvic.o
 .ARM.attributes
                0x000000be       0x34 Drivers/UART/src/uart.o
 .ARM.attributes
                0x000000f2       0x34 Projects/ECDSA/src/ecdsa.o
 .ARM.attributes
                0x00000126       0x34 Projects/FLASH/src/flash.o
 .ARM.attributes
                0x0000015a       0x34 Projects/Secure_FW_Update/src/main.o
 .ARM.attributes
                0x0000018e       0x34 Projects/Secure_FW_Update/src/secure_fw_update.o
 .ARM.attributes
                0x000001c2       0x34 Projects/Secure_FW_Update/src/startup.o
 .ARM.attributes
                0x000001f6       0x32 c:/program files (x86)/gnu arm embedded toolchain/10 2021.10/bin/../lib/gcc/arm-none-eabi/10.3.1/../../../../arm-none-eabi/lib/thumb/v8-m.main/nofp\libg_nano.a(lib_a-memcmp.o)
 .ARM.attributes
                0x00000228       0x32 c:/program files (x86)/gnu arm embedded toolchain/10 2021.10/bin/../lib/gcc/arm-none-eabi/10.3.1/../../../../arm-none-eabi/lib/thumb/v8-m.main/nofp\libg_nano.a(lib_a-memcpy-stub.o)
 .ARM.attributes
                0x0000025a       0x32 c:/program files (x86)/gnu arm embedded toolchain/10 2021.10/bin/../lib/gcc/arm-none-eabi/10.3.1/../../../../arm-none-eabi/lib/thumb/v8-m.main/nofp\libg_nano.a(lib_a-memset.o)

.comment        0x00000000       0x49
 .comment       0x00000000       0x49 Drivers/CRC/src/crc.o
                                 0x4a (size before relaxing)
 .comment       0x00000049       0x4a Drivers/HASH/src/hash.o
 .comment       0x00000049       0x4a Drivers/NVIC/src/nvic.o
 .comment       0x00000049       0x4a Drivers/UART/src/uart.o
 .comment       0x00000049       0x4a Projects/ECDSA/src/ecdsa.o
 .comment       0x00000049       0x4a Projects/FLASH/src/flash.o
 .comment       0x00000049       0x4a Projects/Secure_FW_Update/src/main.o
 .comment       0x00000049       0x4a Projects/Secure_FW_Update/src/secure_fw_update.o
 .comment       0x00000049       0x4a Projects/Secure_FW_Update/src/startup.o

.debug_info     0x00000000     0x4d42
 .debug_info    0x00000000      0x42f Drivers/CRC/src/crc.o
 .debug_info    0x0000042f      0x7a3 Drivers/HASH/src/hash.o
 .debug_info    0x00000bd2      0xf9a Drivers/NVIC/src/nvic.o
 .debug_info    0x00001b6c     0x15ae Drivers/UART/src/uart.o
 .debug_info    0x0000311a      0x506 Projects/ECDSA/src/ecdsa.o
 .debug_info    0x00003620      0x59c Projects/FLASH/src/flash.o
 .debug_info    0x00003bbc      0x8ca Projects/Secure_FW_Update/src/main.o
 .debug_info    0x00004486      0x6ee Projects/Secure_FW_Update/src/secure_fw_update.o
 .debug_info    0x00004b74      0x1ce Projects/Secure_FW_Update/src/startup.o

.debug_abbrev   0x00000000     0x136f
 .debug_abbrev  0x00000000      0x191 Drivers/CRC/src/crc.o
 .debug_abbrev  0x00000191      0x212 Drivers/HASH/src/hash.o
 .debug_abbrev  0x000003a3      0x291 Drivers/NVIC/src/nvic.o
 .debug_abbrev  0x00000634      0x48c Drivers/UART/src/uart.o
 .debug_abbrev  0x00000ac0      0x226 Projects/ECDSA/src/ecdsa.o
 .debug_abbrev  0x00000ce6      0x1d8 Projects/FLASH/src/flash.o
 .debug_abbrev  0x00000ebe      0x14d Projects/Secure_FW_Update/src/main.o
 .debug_abbrev  0x0000100b      0x21d Projects/Secure_FW_Update/src/secure_fw_update.o
 .debug_abbrev  0x00001228      0x147 Projects/Secure_FW_Update/src/startup.o

.debug_loc      0x00000000     0x2307
 .debug_loc     0x00000000      0x132 Drivers/CRC/src/crc.o
 .debug_loc     0x00000132      0x578 Drivers/HASH/src/hash.o
 .debug_loc     0x000006aa      0x57b Drivers/NVIC/src/nvic.o
 .debug_loc     0x00000c25      0xf3d Drivers/UART/src/uart.o
 .debug_loc     0x00001b62      0x289 Projects/ECDSA/src/ecdsa.o
 .debug_loc     0x00001deb      0x24e Projects/FLASH/src/flash.o
 .debug_loc     0x00002039       0x80 Projects/Secure_FW_Update/src/main.o
 .debug_loc     0x000020b9      0x24e Projects/Secure_FW_Update/src/secure_fw_update.o

.debug_aranges  0x00000000      0x3f8
 .debug_aranges
                0x00000000       0x28 Drivers/CRC/src/crc.o
 .debug_aranges
                0x00000028       0x60 Drivers/HASH/src/hash.o
 .debug_aranges
                0x00000088      0x190 Drivers/NVIC/src/nvic.o
 .debug_aranges
                0x00000218       0xd8 Drivers/UART/src/uart.o
 .debug_aranges
                0x000002f0       0x28 Projects/ECDSA/src/ecdsa.o
 .debug_aranges
                0x00000318       0x58 Projects/FLASH/src/flash.o
 .debug_aranges
                0x00000370       0x20 Projects/Secure_FW_Update/src/main.o
 .debug_aranges
                0x00000390       0x38 Projects/Secure_FW_Update/src/secure_fw_update.o
 .debug_aranges
                0x000003c8       0x30 Projects/Secure_FW_Update/src/startup.o

.debug_ranges   0x00000000      0x778
 .debug_ranges  0x00000000       0x18 Drivers/CRC/src/crc.o
 .debug_ranges  0x00000018      0x170 Drivers/HASH/src/hash.o
 .debug_ranges  0x00000188      0x228 Drivers/NVIC/src/nvic.o
 .debug_ranges  0x000003b0      0x2a8 Drivers/UART/src/uart.o
 .debug_ranges  0x00000658       0x48 Projects/ECDSA/src/ecdsa.o
 .debug_ranges  0x000006a0       0x80 Projects/FLASH/src/flash.o
 .debug_ranges  0x00000720       0x10 Projects/Secure_FW_Update/src/main.o
 .debug_ranges  0x00000730       0x28 Projects/Secure_FW_Update/src/secure_fw_update.o
 .debug_ranges  0x00000758       0x20 Projects/Secure_FW_Update/src/startup.o

.debug_line     0x00000000     0x36ca
 .debug_line    0x00000000      0x2c4 Drivers/CRC/src/crc.o
 .debug_line    0x000002c4      0x7ec Drivers/HASH/src/hash.o
 .debug_line    0x00000ab0      0xbef Drivers/NVIC/src/nvic.o
 .debug_line    0x0000169f     0x1022 Drivers/UART/src/uart.o
 .debug_line    0x000026c1      0x2ae Projects/ECDSA/src/ecdsa.o
 .debug_line    0x0000296f      0x456 Projects/FLASH/src/flash.o
 .debug_line    0x00002dc5      0x3af Projects/Secure_FW_Update/src/main.o
 .debug_line    0x00003174      0x380 Projects/Secure_FW_Update/src/secure_fw_update.o
 .debug_line    0x000034f4      0x1d6 Projects/Secure_FW_Update/src/startup.o

.debug_str      0x00000000     0x13a7
 .debug_str     0x00000000      0x2de Drivers/CRC/src/crc.o
                                0x323 (size before relaxing)
 .debug_str     0x000002de      0x12f Drivers/HASH/src/hash.o
                                0x3c5 (size before relaxing)
 .debug_str     0x0000040d      0x75b Drivers/NVIC/src/nvic.o
                                0x901 (size before relaxing)
 .debug_str     0x00000b68      0x438 Drivers/UART/src/uart.o
                                0x9a3 (size before relaxing)
 .debug_str     0x00000fa0       0xa8 Projects/ECDSA/src/ecdsa.o
                                0x2ea (size before relaxing)
 .debug_str     0x00001048      0x137 Projects/FLASH/src/flash.o
                                0x5f8 (size before relaxing)
 .debug_str     0x0000117f       0xa9 Projects/Secure_FW_Update/src/main.o
                                0x491 (size before relaxing)
 .debug_str     0x00001228       0x9b Projects/Secure_FW_Update/src/secure_fw_update.o
                                0x437 (size before relaxing)
 .debug_str     0x000012c3       0xe4 Projects/Secure_FW_Update/src/startup.o
                                0x269 (size before relaxing)

.debug_frame    0x00000000      0x938
 .debug_frame   0x00000000       0x48 Drivers/CRC/src/crc.o
 .debug_frame   0x00000048       0xe0 Drivers/HASH/src/hash.o
 .debug_frame   0x00000128      0x33c Drivers/NVIC/src/nvic.o
 .debug_frame   0x00000464      0x280 Drivers/UART/src/uart.o
 .debug_frame   0x000006e4       0x58 Projects/ECDSA/src/ecdsa.o
 .debug_frame   0x0000073c       0xa8 Projects/FLASH/src/flash.o
 .debug_frame   0x000007e4       0x2c Projects/Secure_FW_Update/src/main.o
 .debug_frame   0x00000810       0x70 Projects/Secure_FW_Update/src/secure_fw_update.o
 .debug_frame   0x00000880       0x48 Projects/Secure_FW_Update/src/startup.o
 .debug_frame   0x000008c8       0x28 c:/program files (x86)/gnu arm embedded toolchain/10 2021.10/bin/../lib/gcc/arm-none-eabi/10.3.1/../../../../arm-none-eabi/lib/thumb/v8-m.main/nofp\libg_nano.a(lib_a-memcmp.o)
 .debug_frame   0x000008f0       0x28 c:/program files (x86)/gnu arm embedded toolchain/10 2021.10/bin/../lib/gcc/arm-none-eabi/10.3.1/../../../../arm-none-eabi/lib/thumb/v8-m.main/nofp\libg_nano.a(lib_a-memcpy-stub.o)
 .debug_frame   0x00000918       0x20 c:/program files (x86)/gnu arm embedded toolchain/10 2021.10/bin/../lib/gcc/arm-none-eabi/10.3.1/../../../../arm-none-eabi/lib/thumb/v8-m.main/nofp\libg_nano.a(lib_a-memset.o)
