Archive member included to satisfy reference by file (symbol)

c:/program files (x86)/gnu arm embedded toolchain/10 2021.10/bin/../lib/gcc/arm-none-eabi/10.3.1/../../../../arm-none-eabi/lib/thumb/v8-m.main/nofp\libg_nano.a(lib_a-exit.o)
                              c:/program files (x86)/gnu arm embedded toolchain/10 2021.10/bin/../lib/gcc/arm-none-eabi/10.3.1/../../../../arm-none-eabi/lib/thumb/v8-m.main/nofp/crt0.o (exit)
c:/program files (x86)/gnu arm embedded toolchain/10 2021.10/bin/../lib/gcc/arm-none-eabi/10.3.1/../../../../arm-none-eabi/lib/thumb/v8-m.main/nofp\libg_nano.a(lib_a-impure.o)
                              c:/program files (x86)/gnu arm embedded toolchain/10 2021.10/bin/../lib/gcc/arm-none-eabi/10.3.1/../../../../arm-none-eabi/lib/thumb/v8-m.main/nofp\libg_nano.a(lib_a-exit.o) (_global_impure_ptr)
c:/program files (x86)/gnu arm embedded toolchain/10 2021.10/bin/../lib/gcc/arm-none-eabi/10.3.1/../../../../arm-none-eabi/lib/thumb/v8-m.main/nofp\libg_nano.a(lib_a-init.o)
                              c:/program files (x86)/gnu arm embedded toolchain/10 2021.10/bin/../lib/gcc/arm-none-eabi/10.3.1/../../../../arm-none-eabi/lib/thumb/v8-m.main/nofp/crt0.o (__libc_init_array)
c:/program files (x86)/gnu arm embedded toolchain/10 2021.10/bin/../lib/gcc/arm-none-eabi/10.3.1/../../../../arm-none-eabi/lib/thumb/v8-m.main/nofp\libg_nano.a(lib_a-memset.o)
                              c:/program files (x86)/gnu arm embedded toolchain/10 2021.10/bin/../lib/gcc/arm-none-eabi/10.3.1/../../../../arm-none-eabi/lib/thumb/v8-m.main/nofp/crt0.o (memset)
c:/program files (x86)/gnu arm embedded toolchain/10 2021.10/bin/../lib/gcc/arm-none-eabi/10.3.1/../../../../arm-none-eabi/lib/thumb/v8-m.main/nofp\libnosys.a(_exit.o)
                              c:/program files (x86)/gnu arm embedded toolchain/10 2021.10/bin/../lib/gcc/arm-none-eabi/10.3.1/../../../../arm-none-eabi/lib/thumb/v8-m.main/nofp\libg_nano.a(lib_a-exit.o) (_exit)

Discarded input sections

 .text          0x00000000        0x0 c:/program files (x86)/gnu arm embedded toolchain/10 2021.10/bin/../lib/gcc/arm-none-eabi/10.3.1/thumb/v8-m.main/nofp/crti.o
 .data          0x00000000        0x0 c:/program files (x86)/gnu arm embedded toolchain/10 2021.10/bin/../lib/gcc/arm-none-eabi/10.3.1/thumb/v8-m.main/nofp/crti.o
 .bss           0x00000000        0x0 c:/program files (x86)/gnu arm embedded toolchain/10 2021.10/bin/../lib/gcc/arm-none-eabi/10.3.1/thumb/v8-m.main/nofp/crti.o
 .text          0x00000000       0x40 c:/program files (x86)/gnu arm embedded toolchain/10 2021.10/bin/../lib/gcc/arm-none-eabi/10.3.1/thumb/v8-m.main/nofp/crtbegin.o
 .data          0x00000000        0x4 c:/program files (x86)/gnu arm embedded toolchain/10 2021.10/bin/../lib/gcc/arm-none-eabi/10.3.1/thumb/v8-m.main/nofp/crtbegin.o
 .bss           0x00000000       0x1c c:/program files (x86)/gnu arm embedded toolchain/10 2021.10/bin/../lib/gcc/arm-none-eabi/10.3.1/thumb/v8-m.main/nofp/crtbegin.o
 .rodata        0x00000000       0x24 c:/program files (x86)/gnu arm embedded toolchain/10 2021.10/bin/../lib/gcc/arm-none-eabi/10.3.1/thumb/v8-m.main/nofp/crtbegin.o
 .init_array    0x00000000        0x4 c:/program files (x86)/gnu arm embedded toolchain/10 2021.10/bin/../lib/gcc/arm-none-eabi/10.3.1/thumb/v8-m.main/nofp/crtbegin.o
 .fini_array    0x00000000        0x4 c:/program files (x86)/gnu arm embedded toolchain/10 2021.10/bin/../lib/gcc/arm-none-eabi/10.3.1/thumb/v8-m.main/nofp/crtbegin.o
 .eh_frame      0x00000000        0x0 c:/program files (x86)/gnu arm embedded toolchain/10 2021.10/bin/../lib/gcc/arm-none-eabi/10.3.1/thumb/v8-m.main/nofp/crtbegin.o
 .ARM.attributes
                0x00000000       0x32 c:/program files (x86)/gnu arm embedded toolchain/10 2021.10/bin/../lib/gcc/arm-none-eabi/10.3.1/thumb/v8-m.main/nofp/crtbegin.o
 .text          0x00000000       0x7c c:/program files (x86)/gnu arm embedded toolchain/10 2021.10/bin/../lib/gcc/arm-none-eabi/10.3.1/../../../../arm-none-eabi/lib/thumb/v8-m.main/nofp/crt0.o
 .data          0x00000000        0x0 c:/program files (x86)/gnu arm embedded toolchain/10 2021.10/bin/../lib/gcc/arm-none-eabi/10.3.1/../../../../arm-none-eabi/lib/thumb/v8-m.main/nofp/crt0.o
 .bss           0x00000000        0x0 c:/program files (x86)/gnu arm embedded toolchain/10 2021.10/bin/../lib/gcc/arm-none-eabi/10.3.1/../../../../arm-none-eabi/lib/thumb/v8-m.main/nofp/crt0.o
 .ARM.extab     0x00000000        0x0 c:/program files (x86)/gnu arm embedded toolchain/10 2021.10/bin/../lib/gcc/arm-none-eabi/10.3.1/../../../../arm-none-eabi/lib/thumb/v8-m.main/nofp/crt0.o
 .ARM.exidx     0x00000000       0x10 c:/program files (x86)/gnu arm embedded toolchain/10 2021.10/bin/../lib/gcc/arm-none-eabi/10.3.1/../../../../arm-none-eabi/lib/thumb/v8-m.main/nofp/crt0.o
 .ARM.attributes
                0x00000000       0x20 c:/program files (x86)/gnu arm embedded toolchain/10 2021.10/bin/../lib/gcc/arm-none-eabi/10.3.1/../../../../arm-none-eabi/lib/thumb/v8-m.main/nofp/crt0.o
 .group         0x00000000        0xc Drivers/GPIO/src/gpio.o
 .group         0x00000000        0xc Drivers/GPIO/src/gpio.o
 .group         0x00000000        0xc Drivers/GPIO/src/gpio.o
 .group         0x00000000        0xc Drivers/GPIO/src/gpio.o
 .group         0x00000000        0xc Drivers/GPIO/src/gpio.o
 .group         0x00000000        0xc Drivers/GPIO/src/gpio.o
 .group         0x00000000        0xc Drivers/GPIO/src/gpio.o
 .group         0x00000000        0xc Drivers/GPIO/src/gpio.o
 .text          0x00000000        0x0 Drivers/GPIO/src/gpio.o
 .data          0x00000000        0x0 Drivers/GPIO/src/gpio.o
 .bss           0x00000000        0x0 Drivers/GPIO/src/gpio.o
 .text.GPIO_ReadPin
                0x00000000       0x10 Drivers/GPIO/src/gpio.o
 .text.GPIO_WritePin
                0x00000000       0x10 Drivers/GPIO/src/gpio.o
 .text.GPIO_TogglePin
                0x00000000        0xa Drivers/GPIO/src/gpio.o
 .text.GPIO_SetPin
                0x00000000        0xa Drivers/GPIO/src/gpio.o
 .text.GPIO_ResetPin
                0x00000000        0xc Drivers/GPIO/src/gpio.o
 .text.GPIO_SetBit
                0x00000000        0xa Drivers/GPIO/src/gpio.o
 .text.GPIO_ResetBit
                0x00000000        0xe Drivers/GPIO/src/gpio.o
 .text.__RCC_GPIO_CLK_ENABLE
                0x00000000       0xb4 Drivers/GPIO/src/gpio.o
 .text.GPIO_Init
                0x00000000       0xcc Drivers/GPIO/src/gpio.o
 .text.GPIO_constructor
                0x00000000        0xc Drivers/GPIO/src/gpio.o
 .debug_info    0x00000000      0x6a7 Drivers/GPIO/src/gpio.o
 .debug_abbrev  0x00000000      0x194 Drivers/GPIO/src/gpio.o
 .debug_loc     0x00000000      0x2e0 Drivers/GPIO/src/gpio.o
 .debug_aranges
                0x00000000       0x68 Drivers/GPIO/src/gpio.o
 .debug_ranges  0x00000000       0x58 Drivers/GPIO/src/gpio.o
 .debug_macro   0x00000000       0x96 Drivers/GPIO/src/gpio.o
 .debug_macro   0x00000000      0xa6c Drivers/GPIO/src/gpio.o
 .debug_macro   0x00000000       0x22 Drivers/GPIO/src/gpio.o
 .debug_macro   0x00000000       0x8e Drivers/GPIO/src/gpio.o
 .debug_macro   0x00000000       0x51 Drivers/GPIO/src/gpio.o
 .debug_macro   0x00000000      0x103 Drivers/GPIO/src/gpio.o
 .debug_macro   0x00000000       0x6a Drivers/GPIO/src/gpio.o
 .debug_macro   0x00000000      0x1df Drivers/GPIO/src/gpio.o
 .debug_macro   0x00000000      0x6b4 Drivers/GPIO/src/gpio.o
 .debug_line    0x00000000      0x5ab Drivers/GPIO/src/gpio.o
 .debug_str     0x00000000     0x648c Drivers/GPIO/src/gpio.o
 .comment       0x00000000       0x4a Drivers/GPIO/src/gpio.o
 .debug_frame   0x00000000       0xd4 Drivers/GPIO/src/gpio.o
 .ARM.attributes
                0x00000000       0x34 Drivers/GPIO/src/gpio.o
 .group         0x00000000        0xc Drivers/HASH/src/hash.o
 .group         0x00000000        0xc Drivers/HASH/src/hash.o
 .group         0x00000000        0xc Drivers/HASH/src/hash.o
 .group         0x00000000        0xc Drivers/HASH/src/hash.o
 .group         0x00000000        0xc Drivers/HASH/src/hash.o
 .group         0x00000000        0xc Drivers/HASH/src/hash.o
 .group         0x00000000        0xc Drivers/HASH/src/hash.o
 .group         0x00000000        0xc Drivers/HASH/src/hash.o
 .group         0x00000000        0xc Drivers/HASH/src/hash.o
 .group         0x00000000        0xc Drivers/HASH/src/hash.o
 .group         0x00000000        0xc Drivers/HASH/src/hash.o
 .group         0x00000000        0xc Drivers/HASH/src/hash.o
 .group         0x00000000        0xc Drivers/HASH/src/hash.o
 .group         0x00000000        0xc Drivers/HASH/src/hash.o
 .group         0x00000000        0xc Drivers/HASH/src/hash.o
 .group         0x00000000        0xc Drivers/HASH/src/hash.o
 .group         0x00000000        0xc Drivers/HASH/src/hash.o
 .group         0x00000000        0xc Drivers/HASH/src/hash.o
 .group         0x00000000        0xc Drivers/HASH/src/hash.o
 .group         0x00000000        0xc Drivers/HASH/src/hash.o
 .group         0x00000000        0xc Drivers/HASH/src/hash.o
 .group         0x00000000        0xc Drivers/HASH/src/hash.o
 .group         0x00000000        0xc Drivers/HASH/src/hash.o
 .text          0x00000000        0x0 Drivers/HASH/src/hash.o
 .data          0x00000000        0x0 Drivers/HASH/src/hash.o
 .bss           0x00000000        0x0 Drivers/HASH/src/hash.o
 .text.Hash_Reset
                0x00000000       0x1c Drivers/HASH/src/hash.o
 .debug_macro   0x00000000      0xa6c Drivers/HASH/src/hash.o
 .debug_macro   0x00000000       0x22 Drivers/HASH/src/hash.o
 .debug_macro   0x00000000       0x8e Drivers/HASH/src/hash.o
 .debug_macro   0x00000000       0x51 Drivers/HASH/src/hash.o
 .debug_macro   0x00000000      0x103 Drivers/HASH/src/hash.o
 .debug_macro   0x00000000       0x6a Drivers/HASH/src/hash.o
 .debug_macro   0x00000000      0x1df Drivers/HASH/src/hash.o
 .debug_macro   0x00000000      0x6b4 Drivers/HASH/src/hash.o
 .group         0x00000000        0xc Drivers/HASH/src/main.o
 .group         0x00000000        0xc Drivers/HASH/src/main.o
 .group         0x00000000        0xc Drivers/HASH/src/main.o
 .group         0x00000000        0xc Drivers/HASH/src/main.o
 .group         0x00000000        0xc Drivers/HASH/src/main.o
 .group         0x00000000        0xc Drivers/HASH/src/main.o
 .group         0x00000000        0xc Drivers/HASH/src/main.o
 .group         0x00000000        0xc Drivers/HASH/src/main.o
 .group         0x00000000        0xc Drivers/HASH/src/main.o
 .group         0x00000000        0xc Drivers/HASH/src/main.o
 .group         0x00000000        0xc Drivers/HASH/src/main.o
 .group         0x00000000        0xc Drivers/HASH/src/main.o
 .group         0x00000000        0xc Drivers/HASH/src/main.o
 .group         0x00000000        0xc Drivers/HASH/src/main.o
 .group         0x00000000        0xc Drivers/HASH/src/main.o
 .group         0x00000000        0xc Drivers/HASH/src/main.o
 .group         0x00000000        0xc Drivers/HASH/src/main.o
 .group         0x00000000        0xc Drivers/HASH/src/main.o
 .group         0x00000000        0xc Drivers/HASH/src/main.o
 .group         0x00000000        0xc Drivers/HASH/src/main.o
 .group         0x00000000        0xc Drivers/HASH/src/main.o
 .group         0x00000000        0xc Drivers/HASH/src/main.o
 .group         0x00000000        0xc Drivers/HASH/src/main.o
 .group         0x00000000        0xc Drivers/HASH/src/main.o
 .group         0x00000000        0xc Drivers/HASH/src/main.o
 .group         0x00000000        0xc Drivers/HASH/src/main.o
 .group         0x00000000        0xc Drivers/HASH/src/main.o
 .group         0x00000000        0xc Drivers/HASH/src/main.o
 .group         0x00000000        0xc Drivers/HASH/src/main.o
 .group         0x00000000        0xc Drivers/HASH/src/main.o
 .group         0x00000000        0xc Drivers/HASH/src/main.o
 .group         0x00000000        0xc Drivers/HASH/src/main.o
 .group         0x00000000        0xc Drivers/HASH/src/main.o
 .group         0x00000000        0xc Drivers/HASH/src/main.o
 .group         0x00000000        0xc Drivers/HASH/src/main.o
 .group         0x00000000        0xc Drivers/HASH/src/main.o
 .group         0x00000000        0xc Drivers/HASH/src/main.o
 .group         0x00000000        0xc Drivers/HASH/src/main.o
 .group         0x00000000        0xc Drivers/HASH/src/main.o
 .text          0x00000000        0x0 Drivers/HASH/src/main.o
 .data          0x00000000        0x0 Drivers/HASH/src/main.o
 .bss           0x00000000        0x0 Drivers/HASH/src/main.o
 .debug_macro   0x00000000      0xa6c Drivers/HASH/src/main.o
 .debug_macro   0x00000000       0x22 Drivers/HASH/src/main.o
 .debug_macro   0x00000000       0x18 Drivers/HASH/src/main.o
 .debug_macro   0x00000000       0x35 Drivers/HASH/src/main.o
 .debug_macro   0x00000000       0x34 Drivers/HASH/src/main.o
 .debug_macro   0x00000000      0x174 Drivers/HASH/src/main.o
 .debug_macro   0x00000000       0x16 Drivers/HASH/src/main.o
 .debug_macro   0x00000000       0x43 Drivers/HASH/src/main.o
 .debug_macro   0x00000000       0x34 Drivers/HASH/src/main.o
 .debug_macro   0x00000000       0x10 Drivers/HASH/src/main.o
 .debug_macro   0x00000000       0x58 Drivers/HASH/src/main.o
 .debug_macro   0x00000000      0x182 Drivers/HASH/src/main.o
 .debug_macro   0x00000000      0x341 Drivers/HASH/src/main.o
 .debug_macro   0x00000000       0x10 Drivers/HASH/src/main.o
 .debug_macro   0x00000000       0x35 Drivers/HASH/src/main.o
 .debug_macro   0x00000000      0x103 Drivers/HASH/src/main.o
 .debug_macro   0x00000000       0x6a Drivers/HASH/src/main.o
 .debug_macro   0x00000000      0x1df Drivers/HASH/src/main.o
 .debug_macro   0x00000000      0x6b4 Drivers/HASH/src/main.o
 .debug_macro   0x00000000       0xe2 Drivers/HASH/src/main.o
 .group         0x00000000        0xc Drivers/HASH/src/startup.o
 .group         0x00000000        0xc Drivers/HASH/src/startup.o
 .group         0x00000000        0xc Drivers/HASH/src/startup.o
 .group         0x00000000        0xc Drivers/HASH/src/startup.o
 .group         0x00000000        0xc Drivers/HASH/src/startup.o
 .group         0x00000000        0xc Drivers/HASH/src/startup.o
 .group         0x00000000        0xc Drivers/HASH/src/startup.o
 .text          0x00000000        0x0 Drivers/HASH/src/startup.o
 .data          0x00000000        0x0 Drivers/HASH/src/startup.o
 .bss           0x00000000        0x0 Drivers/HASH/src/startup.o
 .debug_macro   0x00000000      0xa6c Drivers/HASH/src/startup.o
 .debug_macro   0x00000000       0x22 Drivers/HASH/src/startup.o
 .debug_macro   0x00000000       0x8e Drivers/HASH/src/startup.o
 .debug_macro   0x00000000       0x51 Drivers/HASH/src/startup.o
 .debug_macro   0x00000000      0x103 Drivers/HASH/src/startup.o
 .debug_macro   0x00000000       0x6a Drivers/HASH/src/startup.o
 .debug_macro   0x00000000      0x1df Drivers/HASH/src/startup.o
 .group         0x00000000        0xc Drivers/UART/src/uart.o
 .group         0x00000000        0xc Drivers/UART/src/uart.o
 .group         0x00000000        0xc Drivers/UART/src/uart.o
 .group         0x00000000        0xc Drivers/UART/src/uart.o
 .group         0x00000000        0xc Drivers/UART/src/uart.o
 .group         0x00000000        0xc Drivers/UART/src/uart.o
 .group         0x00000000        0xc Drivers/UART/src/uart.o
 .group         0x00000000        0xc Drivers/UART/src/uart.o
 .group         0x00000000        0xc Drivers/UART/src/uart.o
 .group         0x00000000        0xc Drivers/UART/src/uart.o
 .group         0x00000000        0xc Drivers/UART/src/uart.o
 .group         0x00000000        0xc Drivers/UART/src/uart.o
 .group         0x00000000        0xc Drivers/UART/src/uart.o
 .group         0x00000000        0xc Drivers/UART/src/uart.o
 .group         0x00000000        0xc Drivers/UART/src/uart.o
 .group         0x00000000        0xc Drivers/UART/src/uart.o
 .group         0x00000000        0xc Drivers/UART/src/uart.o
 .group         0x00000000        0xc Drivers/UART/src/uart.o
 .group         0x00000000        0xc Drivers/UART/src/uart.o
 .group         0x00000000        0xc Drivers/UART/src/uart.o
 .group         0x00000000        0xc Drivers/UART/src/uart.o
 .group         0x00000000        0xc Drivers/UART/src/uart.o
 .group         0x00000000        0xc Drivers/UART/src/uart.o
 .group         0x00000000        0xc Drivers/UART/src/uart.o
 .group         0x00000000        0xc Drivers/UART/src/uart.o
 .group         0x00000000        0xc Drivers/UART/src/uart.o
 .group         0x00000000        0xc Drivers/UART/src/uart.o
 .group         0x00000000        0xc Drivers/UART/src/uart.o
 .group         0x00000000        0xc Drivers/UART/src/uart.o
 .group         0x00000000        0xc Drivers/UART/src/uart.o
 .group         0x00000000        0xc Drivers/UART/src/uart.o
 .group         0x00000000        0xc Drivers/UART/src/uart.o
 .group         0x00000000        0xc Drivers/UART/src/uart.o
 .group         0x00000000        0xc Drivers/UART/src/uart.o
 .group         0x00000000        0xc Drivers/UART/src/uart.o
 .group         0x00000000        0xc Drivers/UART/src/uart.o
 .group         0x00000000        0xc Drivers/UART/src/uart.o
 .text          0x00000000        0x0 Drivers/UART/src/uart.o
 .data          0x00000000        0x0 Drivers/UART/src/uart.o
 .bss           0x00000000        0x0 Drivers/UART/src/uart.o
 .text.USART_x_Read
                0x00000000       0x10 Drivers/UART/src/uart.o
 .text.USART_EnableRXInterrupt
                0x00000000        0xe Drivers/UART/src/uart.o
 .text.USART_DisableRXInterrupt
                0x00000000       0x10 Drivers/UART/src/uart.o
 .text.USART_IRQHandler
                0x00000000       0x2e Drivers/UART/src/uart.o
 .text.USART1_IRQHandler
                0x00000000       0x14 Drivers/UART/src/uart.o
 .text.USART2_IRQHandler
                0x00000000       0x14 Drivers/UART/src/uart.o
 .text.USART3_IRQHandler
                0x00000000       0x14 Drivers/UART/src/uart.o
 .text.UART4_IRQHandler
                0x00000000       0x14 Drivers/UART/src/uart.o
 .text.UART5_IRQHandler
                0x00000000       0x14 Drivers/UART/src/uart.o
 .text.writeString
                0x00000000       0x26 Drivers/UART/src/uart.o
 .text.readString
                0x00000000       0x2a Drivers/UART/src/uart.o
 .rodata.GetPortName.str1.4
                0x00000000       0x2e Drivers/UART/src/uart.o
 .text.GetPortName
                0x00000000       0x64 Drivers/UART/src/uart.o
 .text.USART_ReadChar
                0x00000000        0x8 Drivers/UART/src/uart.o
 .text.USART_ReadString
                0x00000000       0x4c Drivers/UART/src/uart.o
 .debug_macro   0x00000000      0xa6c Drivers/UART/src/uart.o
 .debug_macro   0x00000000       0x22 Drivers/UART/src/uart.o
 .debug_macro   0x00000000       0x8e Drivers/UART/src/uart.o
 .debug_macro   0x00000000       0x51 Drivers/UART/src/uart.o
 .debug_macro   0x00000000      0x103 Drivers/UART/src/uart.o
 .debug_macro   0x00000000       0x6a Drivers/UART/src/uart.o
 .debug_macro   0x00000000      0x1df Drivers/UART/src/uart.o
 .debug_macro   0x00000000       0x64 Drivers/UART/src/uart.o
 .debug_macro   0x00000000       0x18 Drivers/UART/src/uart.o
 .debug_macro   0x00000000       0x35 Drivers/UART/src/uart.o
 .debug_macro   0x00000000       0x34 Drivers/UART/src/uart.o
 .debug_macro   0x00000000      0x341 Drivers/UART/src/uart.o
 .debug_macro   0x00000000       0x10 Drivers/UART/src/uart.o
 .debug_macro   0x00000000       0x16 Drivers/UART/src/uart.o
 .debug_macro   0x00000000       0x43 Drivers/UART/src/uart.o
 .debug_macro   0x00000000       0x34 Drivers/UART/src/uart.o
 .debug_macro   0x00000000       0x10 Drivers/UART/src/uart.o
 .debug_macro   0x00000000       0x58 Drivers/UART/src/uart.o
 .debug_macro   0x00000000      0x182 Drivers/UART/src/uart.o
 .debug_macro   0x00000000       0x10 Drivers/UART/src/uart.o
 .debug_macro   0x00000000       0x1c Drivers/UART/src/uart.o
 .debug_macro   0x00000000       0x52 Drivers/UART/src/uart.o
 .debug_macro   0x00000000       0x22 Drivers/UART/src/uart.o
 .debug_macro   0x00000000       0x10 Drivers/UART/src/uart.o
 .debug_macro   0x00000000       0x52 Drivers/UART/src/uart.o
 .debug_macro   0x00000000       0xd5 Drivers/UART/src/uart.o
 .debug_macro   0x00000000       0x1c Drivers/UART/src/uart.o
 .debug_macro   0x00000000       0x3d Drivers/UART/src/uart.o
 .debug_macro   0x00000000       0x16 Drivers/UART/src/uart.o
 .debug_macro   0x00000000      0x16f Drivers/UART/src/uart.o
 .debug_macro   0x00000000      0x6b4 Drivers/UART/src/uart.o
 .debug_macro   0x00000000       0x10 Drivers/UART/src/uart.o
 .debug_macro   0x00000000       0x1c Drivers/UART/src/uart.o
 .debug_macro   0x00000000       0xd7 Drivers/UART/src/uart.o
 .text          0x00000000        0x0 c:/program files (x86)/gnu arm embedded toolchain/10 2021.10/bin/../lib/gcc/arm-none-eabi/10.3.1/../../../../arm-none-eabi/lib/thumb/v8-m.main/nofp\libg_nano.a(lib_a-exit.o)
 .data          0x00000000        0x0 c:/program files (x86)/gnu arm embedded toolchain/10 2021.10/bin/../lib/gcc/arm-none-eabi/10.3.1/../../../../arm-none-eabi/lib/thumb/v8-m.main/nofp\libg_nano.a(lib_a-exit.o)
 .bss           0x00000000        0x0 c:/program files (x86)/gnu arm embedded toolchain/10 2021.10/bin/../lib/gcc/arm-none-eabi/10.3.1/../../../../arm-none-eabi/lib/thumb/v8-m.main/nofp\libg_nano.a(lib_a-exit.o)
 .text.exit     0x00000000       0x28 c:/program files (x86)/gnu arm embedded toolchain/10 2021.10/bin/../lib/gcc/arm-none-eabi/10.3.1/../../../../arm-none-eabi/lib/thumb/v8-m.main/nofp\libg_nano.a(lib_a-exit.o)
 .debug_frame   0x00000000       0x28 c:/program files (x86)/gnu arm embedded toolchain/10 2021.10/bin/../lib/gcc/arm-none-eabi/10.3.1/../../../../arm-none-eabi/lib/thumb/v8-m.main/nofp\libg_nano.a(lib_a-exit.o)
 .ARM.attributes
                0x00000000       0x32 c:/program files (x86)/gnu arm embedded toolchain/10 2021.10/bin/../lib/gcc/arm-none-eabi/10.3.1/../../../../arm-none-eabi/lib/thumb/v8-m.main/nofp\libg_nano.a(lib_a-exit.o)
 .text          0x00000000        0x0 c:/program files (x86)/gnu arm embedded toolchain/10 2021.10/bin/../lib/gcc/arm-none-eabi/10.3.1/../../../../arm-none-eabi/lib/thumb/v8-m.main/nofp\libg_nano.a(lib_a-impure.o)
 .data          0x00000000        0x0 c:/program files (x86)/gnu arm embedded toolchain/10 2021.10/bin/../lib/gcc/arm-none-eabi/10.3.1/../../../../arm-none-eabi/lib/thumb/v8-m.main/nofp\libg_nano.a(lib_a-impure.o)
 .bss           0x00000000        0x0 c:/program files (x86)/gnu arm embedded toolchain/10 2021.10/bin/../lib/gcc/arm-none-eabi/10.3.1/../../../../arm-none-eabi/lib/thumb/v8-m.main/nofp\libg_nano.a(lib_a-impure.o)
 .data._impure_ptr
                0x00000000        0x4 c:/program files (x86)/gnu arm embedded toolchain/10 2021.10/bin/../lib/gcc/arm-none-eabi/10.3.1/../../../../arm-none-eabi/lib/thumb/v8-m.main/nofp\libg_nano.a(lib_a-impure.o)
 .data.impure_data
                0x00000000       0x60 c:/program files (x86)/gnu arm embedded toolchain/10 2021.10/bin/../lib/gcc/arm-none-eabi/10.3.1/../../../../arm-none-eabi/lib/thumb/v8-m.main/nofp\libg_nano.a(lib_a-impure.o)
 .rodata._global_impure_ptr
                0x00000000        0x4 c:/program files (x86)/gnu arm embedded toolchain/10 2021.10/bin/../lib/gcc/arm-none-eabi/10.3.1/../../../../arm-none-eabi/lib/thumb/v8-m.main/nofp\libg_nano.a(lib_a-impure.o)
 .ARM.attributes
                0x00000000       0x32 c:/program files (x86)/gnu arm embedded toolchain/10 2021.10/bin/../lib/gcc/arm-none-eabi/10.3.1/../../../../arm-none-eabi/lib/thumb/v8-m.main/nofp\libg_nano.a(lib_a-impure.o)
 .text          0x00000000        0x0 c:/program files (x86)/gnu arm embedded toolchain/10 2021.10/bin/../lib/gcc/arm-none-eabi/10.3.1/../../../../arm-none-eabi/lib/thumb/v8-m.main/nofp\libg_nano.a(lib_a-init.o)
 .data          0x00000000        0x0 c:/program files (x86)/gnu arm embedded toolchain/10 2021.10/bin/../lib/gcc/arm-none-eabi/10.3.1/../../../../arm-none-eabi/lib/thumb/v8-m.main/nofp\libg_nano.a(lib_a-init.o)
 .bss           0x00000000        0x0 c:/program files (x86)/gnu arm embedded toolchain/10 2021.10/bin/../lib/gcc/arm-none-eabi/10.3.1/../../../../arm-none-eabi/lib/thumb/v8-m.main/nofp\libg_nano.a(lib_a-init.o)
 .text.__libc_init_array
                0x00000000       0x48 c:/program files (x86)/gnu arm embedded toolchain/10 2021.10/bin/../lib/gcc/arm-none-eabi/10.3.1/../../../../arm-none-eabi/lib/thumb/v8-m.main/nofp\libg_nano.a(lib_a-init.o)
 .debug_frame   0x00000000       0x2c c:/program files (x86)/gnu arm embedded toolchain/10 2021.10/bin/../lib/gcc/arm-none-eabi/10.3.1/../../../../arm-none-eabi/lib/thumb/v8-m.main/nofp\libg_nano.a(lib_a-init.o)
 .ARM.attributes
                0x00000000       0x32 c:/program files (x86)/gnu arm embedded toolchain/10 2021.10/bin/../lib/gcc/arm-none-eabi/10.3.1/../../../../arm-none-eabi/lib/thumb/v8-m.main/nofp\libg_nano.a(lib_a-init.o)
 .text          0x00000000        0x0 c:/program files (x86)/gnu arm embedded toolchain/10 2021.10/bin/../lib/gcc/arm-none-eabi/10.3.1/../../../../arm-none-eabi/lib/thumb/v8-m.main/nofp\libg_nano.a(lib_a-memset.o)
 .data          0x00000000        0x0 c:/program files (x86)/gnu arm embedded toolchain/10 2021.10/bin/../lib/gcc/arm-none-eabi/10.3.1/../../../../arm-none-eabi/lib/thumb/v8-m.main/nofp\libg_nano.a(lib_a-memset.o)
 .bss           0x00000000        0x0 c:/program files (x86)/gnu arm embedded toolchain/10 2021.10/bin/../lib/gcc/arm-none-eabi/10.3.1/../../../../arm-none-eabi/lib/thumb/v8-m.main/nofp\libg_nano.a(lib_a-memset.o)
 .text          0x00000000        0x0 c:/program files (x86)/gnu arm embedded toolchain/10 2021.10/bin/../lib/gcc/arm-none-eabi/10.3.1/../../../../arm-none-eabi/lib/thumb/v8-m.main/nofp\libnosys.a(_exit.o)
 .data          0x00000000        0x0 c:/program files (x86)/gnu arm embedded toolchain/10 2021.10/bin/../lib/gcc/arm-none-eabi/10.3.1/../../../../arm-none-eabi/lib/thumb/v8-m.main/nofp\libnosys.a(_exit.o)
 .bss           0x00000000        0x0 c:/program files (x86)/gnu arm embedded toolchain/10 2021.10/bin/../lib/gcc/arm-none-eabi/10.3.1/../../../../arm-none-eabi/lib/thumb/v8-m.main/nofp\libnosys.a(_exit.o)
 .text._exit    0x00000000        0x4 c:/program files (x86)/gnu arm embedded toolchain/10 2021.10/bin/../lib/gcc/arm-none-eabi/10.3.1/../../../../arm-none-eabi/lib/thumb/v8-m.main/nofp\libnosys.a(_exit.o)
 .debug_frame   0x00000000       0x20 c:/program files (x86)/gnu arm embedded toolchain/10 2021.10/bin/../lib/gcc/arm-none-eabi/10.3.1/../../../../arm-none-eabi/lib/thumb/v8-m.main/nofp\libnosys.a(_exit.o)
 .ARM.attributes
                0x00000000       0x32 c:/program files (x86)/gnu arm embedded toolchain/10 2021.10/bin/../lib/gcc/arm-none-eabi/10.3.1/../../../../arm-none-eabi/lib/thumb/v8-m.main/nofp\libnosys.a(_exit.o)
 .text          0x00000000        0x0 c:/program files (x86)/gnu arm embedded toolchain/10 2021.10/bin/../lib/gcc/arm-none-eabi/10.3.1/thumb/v8-m.main/nofp/crtend.o
 .data          0x00000000        0x0 c:/program files (x86)/gnu arm embedded toolchain/10 2021.10/bin/../lib/gcc/arm-none-eabi/10.3.1/thumb/v8-m.main/nofp/crtend.o
 .bss           0x00000000        0x0 c:/program files (x86)/gnu arm embedded toolchain/10 2021.10/bin/../lib/gcc/arm-none-eabi/10.3.1/thumb/v8-m.main/nofp/crtend.o
 .rodata        0x00000000       0x24 c:/program files (x86)/gnu arm embedded toolchain/10 2021.10/bin/../lib/gcc/arm-none-eabi/10.3.1/thumb/v8-m.main/nofp/crtend.o
 .eh_frame      0x00000000        0x4 c:/program files (x86)/gnu arm embedded toolchain/10 2021.10/bin/../lib/gcc/arm-none-eabi/10.3.1/thumb/v8-m.main/nofp/crtend.o
 .ARM.attributes
                0x00000000       0x32 c:/program files (x86)/gnu arm embedded toolchain/10 2021.10/bin/../lib/gcc/arm-none-eabi/10.3.1/thumb/v8-m.main/nofp/crtend.o
 .text          0x00000000        0x0 c:/program files (x86)/gnu arm embedded toolchain/10 2021.10/bin/../lib/gcc/arm-none-eabi/10.3.1/thumb/v8-m.main/nofp/crtn.o
 .data          0x00000000        0x0 c:/program files (x86)/gnu arm embedded toolchain/10 2021.10/bin/../lib/gcc/arm-none-eabi/10.3.1/thumb/v8-m.main/nofp/crtn.o
 .bss           0x00000000        0x0 c:/program files (x86)/gnu arm embedded toolchain/10 2021.10/bin/../lib/gcc/arm-none-eabi/10.3.1/thumb/v8-m.main/nofp/crtn.o
 .init          0x00000000        0x8 c:/program files (x86)/gnu arm embedded toolchain/10 2021.10/bin/../lib/gcc/arm-none-eabi/10.3.1/thumb/v8-m.main/nofp/crtn.o
 .fini          0x00000000        0x8 c:/program files (x86)/gnu arm embedded toolchain/10 2021.10/bin/../lib/gcc/arm-none-eabi/10.3.1/thumb/v8-m.main/nofp/crtn.o
 .ARM.attributes
                0x00000000       0x22 c:/program files (x86)/gnu arm embedded toolchain/10 2021.10/bin/../lib/gcc/arm-none-eabi/10.3.1/thumb/v8-m.main/nofp/crtn.o

Memory Configuration

Name             Origin             Length             Attributes
FLASH            0x08000000         0x00100000         xr
RAM              0x20000000         0x00020000         xrw
*default*        0x00000000         0xffffffff

Linker script and memory map

LOAD c:/program files (x86)/gnu arm embedded toolchain/10 2021.10/bin/../lib/gcc/arm-none-eabi/10.3.1/thumb/v8-m.main/nofp/crti.o
LOAD c:/program files (x86)/gnu arm embedded toolchain/10 2021.10/bin/../lib/gcc/arm-none-eabi/10.3.1/thumb/v8-m.main/nofp/crtbegin.o
LOAD c:/program files (x86)/gnu arm embedded toolchain/10 2021.10/bin/../lib/gcc/arm-none-eabi/10.3.1/../../../../arm-none-eabi/lib/thumb/v8-m.main/nofp/crt0.o
LOAD Drivers/GPIO/src/gpio.o
LOAD Drivers/HASH/src/hash.o
LOAD Drivers/HASH/src/main.o
LOAD Drivers/HASH/src/startup.o
LOAD Drivers/UART/src/uart.o
START GROUP
LOAD c:/program files (x86)/gnu arm embedded toolchain/10 2021.10/bin/../lib/gcc/arm-none-eabi/10.3.1/thumb/v8-m.main/nofp\libgcc.a
LOAD c:/program files (x86)/gnu arm embedded toolchain/10 2021.10/bin/../lib/gcc/arm-none-eabi/10.3.1/../../../../arm-none-eabi/lib/thumb/v8-m.main/nofp\libg_nano.a
LOAD c:/program files (x86)/gnu arm embedded toolchain/10 2021.10/bin/../lib/gcc/arm-none-eabi/10.3.1/../../../../arm-none-eabi/lib/thumb/v8-m.main/nofp\libc_nano.a
END GROUP
START GROUP
LOAD c:/program files (x86)/gnu arm embedded toolchain/10 2021.10/bin/../lib/gcc/arm-none-eabi/10.3.1/thumb/v8-m.main/nofp\libgcc.a
LOAD c:/program files (x86)/gnu arm embedded toolchain/10 2021.10/bin/../lib/gcc/arm-none-eabi/10.3.1/../../../../arm-none-eabi/lib/thumb/v8-m.main/nofp\libc_nano.a
LOAD c:/program files (x86)/gnu arm embedded toolchain/10 2021.10/bin/../lib/gcc/arm-none-eabi/10.3.1/../../../../arm-none-eabi/lib/thumb/v8-m.main/nofp\libnosys.a
END GROUP
START GROUP
LOAD c:/program files (x86)/gnu arm embedded toolchain/10 2021.10/bin/../lib/gcc/arm-none-eabi/10.3.1/thumb/v8-m.main/nofp\libgcc.a
LOAD c:/program files (x86)/gnu arm embedded toolchain/10 2021.10/bin/../lib/gcc/arm-none-eabi/10.3.1/../../../../arm-none-eabi/lib/thumb/v8-m.main/nofp\libc_nano.a
LOAD c:/program files (x86)/gnu arm embedded toolchain/10 2021.10/bin/../lib/gcc/arm-none-eabi/10.3.1/../../../../arm-none-eabi/lib/thumb/v8-m.main/nofp\libnosys.a
END GROUP
LOAD c:/program files (x86)/gnu arm embedded toolchain/10 2021.10/bin/../lib/gcc/arm-none-eabi/10.3.1/thumb/v8-m.main/nofp/crtend.o
LOAD c:/program files (x86)/gnu arm embedded toolchain/10 2021.10/bin/../lib/gcc/arm-none-eabi/10.3.1/thumb/v8-m.main/nofp/crtn.o
                0x20020000                _estack = (ORIGIN (RAM) + LENGTH (RAM))

.isr_vector     0x08000000      0x180
 *(.isr_vector)
 .isr_vector    0x08000000      0x180 Drivers/HASH/src/startup.o
                0x08000000                vector_table

.text           0x08000180      0x808
 *(.text*)
 .text.Hash_Init
                0x08000180       0x3c Drivers/HASH/src/hash.o
                0x08000180                Hash_Init
 .text.Hash_Constructor
                0x080001bc       0x38 Drivers/HASH/src/hash.o
                0x080001bc                Hash_Constructor
 .text.Hash_Process_Data
                0x080001f4      0x110 Drivers/HASH/src/hash.o
                0x080001f4                Hash_Process_Data
 .text.Hash_Final
                0x08000304       0x84 Drivers/HASH/src/hash.o
                0x08000304                Hash_Final
 .text.print_hex
                0x08000388       0x40 Drivers/HASH/src/main.o
 .text.main     0x080003c8       0x68 Drivers/HASH/src/main.o
                0x080003c8                main
 .text.Default_Handler
                0x08000430        0x2 Drivers/HASH/src/startup.o
                0x08000430                Default_Handler
 .text.HardFault_Handler
                0x08000432        0x2 Drivers/HASH/src/startup.o
                0x08000432                HardFault_Handler
 .text.SecureFault_Handler
                0x08000434        0x2 Drivers/HASH/src/startup.o
                0x08000434                SecureFault_Handler
 *fill*         0x08000436        0x2 
 .text.SystemInit
                0x08000438       0x10 Drivers/HASH/src/startup.o
                0x08000438                SystemInit
 .text.Reset_Handler
                0x08000448       0x44 Drivers/HASH/src/startup.o
                0x08000448                Reset_Handler
 .text.NVIC_EnableIRQ
                0x0800048c       0x1c Drivers/UART/src/uart.o
 .text.NVIC_SetPriority
                0x080004a8       0x14 Drivers/UART/src/uart.o
 .text.BRR_Oversample_by_16
                0x080004bc        0xc Drivers/UART/src/uart.o
                0x080004bc                BRR_Oversample_by_16
 .text.USART_Init
                0x080004c8      0x3c0 Drivers/UART/src/uart.o
                0x080004c8                USART_Init
 .text.USART_constructor
                0x08000888        0xe Drivers/UART/src/uart.o
                0x08000888                USART_constructor
 .text.USART_x_Write
                0x08000896       0x10 Drivers/UART/src/uart.o
                0x08000896                USART_x_Write
 .text.USART_WriteChar
                0x080008a6        0x8 Drivers/UART/src/uart.o
                0x080008a6                USART_WriteChar
 .text.USART_WriteString
                0x080008ae       0x26 Drivers/UART/src/uart.o
                0x080008ae                USART_WriteString
 .text.memset   0x080008d4       0x10 c:/program files (x86)/gnu arm embedded toolchain/10 2021.10/bin/../lib/gcc/arm-none-eabi/10.3.1/../../../../arm-none-eabi/lib/thumb/v8-m.main/nofp\libg_nano.a(lib_a-memset.o)
                0x080008d4                memset
 *(.rodata*)
 .rodata.main.str1.4
                0x080008e4       0x86 Drivers/HASH/src/main.o
 *fill*         0x0800096a        0x2 
 .rodata.hex.0  0x0800096c       0x11 Drivers/HASH/src/main.o
 *(.glue_7)
 .glue_7        0x0800097d        0x0 linker stubs
 *(.glue_7t)
 .glue_7t       0x0800097d        0x0 linker stubs
 *(.init)
 *fill*         0x0800097d        0x3 
 .init          0x08000980        0x4 c:/program files (x86)/gnu arm embedded toolchain/10 2021.10/bin/../lib/gcc/arm-none-eabi/10.3.1/thumb/v8-m.main/nofp/crti.o
                0x08000980                _init
 *(.fini)
 .fini          0x08000984        0x4 c:/program files (x86)/gnu arm embedded toolchain/10 2021.10/bin/../lib/gcc/arm-none-eabi/10.3.1/thumb/v8-m.main/nofp/crti.o
                0x08000984                _fini

.vfp11_veneer   0x08000988        0x0
 .vfp11_veneer  0x08000988        0x0 linker stubs

.v4_bx          0x08000988        0x0
 .v4_bx         0x08000988        0x0 linker stubs

.iplt           0x08000988        0x0
 .iplt          0x08000988        0x0 Drivers/HASH/src/hash.o

.rel.dyn        0x08000988        0x0
 .rel.iplt      0x08000988        0x0 Drivers/HASH/src/hash.o

.ARM.extab
 *(.ARM.extab* .gnu.linkonce.armextab.*)

.ARM.exidx      0x08000988        0x0
                0x08000988                __exidx_start = .
 *(.ARM.exidx*)
                0x08000988                __exidx_end = .
                0x08000988                __etext = .

.data           0x20000000        0x4 load address 0x08000988
                0x20000000                __data_start__ = .
 *(.data*)
 .data.SystemCoreClock
                0x20000000        0x4 Drivers/HASH/src/startup.o
                0x20000000                SystemCoreClock
                0x20000004                __data_end__ = .

.igot.plt       0x20000004        0x0 load address 0x0800098c
 .igot.plt      0x20000004        0x0 Drivers/HASH/src/hash.o

.bss            0x20000004       0x20 load address 0x0800098c
                0x20000004                __bss_start__ = .
 *(.bss*)
 .bss.g_uart    0x20000004        0xc Drivers/HASH/src/main.o
 .bss.s_uart4_handle
                0x20000010        0x4 Drivers/UART/src/uart.o
 .bss.s_uart5_handle
                0x20000014        0x4 Drivers/UART/src/uart.o
 .bss.s_usart1_handle
                0x20000018        0x4 Drivers/UART/src/uart.o
 .bss.s_usart2_handle
                0x2000001c        0x4 Drivers/UART/src/uart.o
 .bss.s_usart3_handle
                0x20000020        0x4 Drivers/UART/src/uart.o
 *(COMMON)
                0x20000024                __bss_end__ = .
                0x20000024                _end = .
                0x20000024                end = .
                0x20000024                __end__ = .

.stack          0x20000024      0x404 load address 0x080009ac
                0x20000028                . = ALIGN (0x8)
 *fill*         0x20000024        0x4 
                0x20000028                _stack = .
                0x20000428                . = (. + 0x400)
 *fill*         0x20000028      0x400 
OUTPUT(Drivers/HASH/main.elf elf32-littlearm)
LOAD linker stubs

.ARM.attributes
                0x00000000       0x30
 .ARM.attributes
                0x00000000       0x22 c:/program files (x86)/gnu arm embedded toolchain/10 2021.10/bin/../lib/gcc/arm-none-eabi/10.3.1/thumb/v8-m.main/nofp/crti.o
 .ARM.attributes
                0x00000022       0x34 Drivers/HASH/src/hash.o
 .ARM.attributes
                0x00000056       0x34 Drivers/HASH/src/main.o
 .ARM.attributes
                0x0000008a       0x34 Drivers/HASH/src/startup.o
 .ARM.attributes
                0x000000be       0x34 Drivers/UART/src/uart.o
 .ARM.attributes
                0x000000f2       0x32 c:/program files (x86)/gnu arm embedded toolchain/10 2021.10/bin/../lib/gcc/arm-none-eabi/10.3.1/../../../../arm-none-eabi/lib/thumb/v8-m.main/nofp\libg_nano.a(lib_a-memset.o)

.comment        0x00000000       0x49
 .comment       0x00000000       0x49 Drivers/HASH/src/hash.o
                                 0x4a (size before relaxing)
 .comment       0x00000049       0x4a Drivers/HASH/src/main.o
 .comment       0x00000049       0x4a Drivers/HASH/src/startup.o
 .comment       0x00000049       0x4a Drivers/UART/src/uart.o

.debug_info     0x00000000     0x1ac0
 .debug_info    0x00000000      0x691 Drivers/HASH/src/hash.o
 .debug_info    0x00000691      0x5e8 Drivers/HASH/src/main.o
 .debug_info    0x00000c79      0x1c2 Drivers/HASH/src/startup.o
 .debug_info    0x00000e3b      0xc85 Drivers/UART/src/uart.o

.debug_abbrev   0x00000000      0x72f
 .debug_abbrev  0x00000000      0x1c8 Drivers/HASH/src/hash.o
 .debug_abbrev  0x000001c8      0x198 Drivers/HASH/src/main.o
 .debug_abbrev  0x00000360       0xec Drivers/HASH/src/startup.o
 .debug_abbrev  0x0000044c      0x2e3 Drivers/UART/src/uart.o

.debug_loc      0x00000000      0xb2f
 .debug_loc     0x00000000      0x370 Drivers/HASH/src/hash.o
 .debug_loc     0x00000370       0xb9 Drivers/HASH/src/main.o
 .debug_loc     0x00000429       0x8b Drivers/HASH/src/startup.o
 .debug_loc     0x000004b4      0x67b Drivers/UART/src/uart.o

.debug_aranges  0x00000000      0x170
 .debug_aranges
                0x00000000       0x40 Drivers/HASH/src/hash.o
 .debug_aranges
                0x00000040       0x28 Drivers/HASH/src/main.o
 .debug_aranges
                0x00000068       0x40 Drivers/HASH/src/startup.o
 .debug_aranges
                0x000000a8       0xc8 Drivers/UART/src/uart.o

.debug_ranges   0x00000000      0x160
 .debug_ranges  0x00000000       0x48 Drivers/HASH/src/hash.o
 .debug_ranges  0x00000048       0x18 Drivers/HASH/src/main.o
 .debug_ranges  0x00000060       0x30 Drivers/HASH/src/startup.o
 .debug_ranges  0x00000090       0xd0 Drivers/UART/src/uart.o

.debug_macro    0x00000000     0x16ae
 .debug_macro   0x00000000      0x13e Drivers/HASH/src/hash.o
 .debug_macro   0x0000013e      0x174 Drivers/HASH/src/hash.o
 .debug_macro   0x000002b2       0xe2 Drivers/HASH/src/hash.o
 .debug_macro   0x00000394       0x64 Drivers/HASH/src/hash.o
 .debug_macro   0x000003f8       0x18 Drivers/HASH/src/hash.o
 .debug_macro   0x00000410       0x35 Drivers/HASH/src/hash.o
 .debug_macro   0x00000445       0x34 Drivers/HASH/src/hash.o
 .debug_macro   0x00000479       0x16 Drivers/HASH/src/hash.o
 .debug_macro   0x0000048f       0x43 Drivers/HASH/src/hash.o
 .debug_macro   0x000004d2       0x34 Drivers/HASH/src/hash.o
 .debug_macro   0x00000506       0x10 Drivers/HASH/src/hash.o
 .debug_macro   0x00000516       0x58 Drivers/HASH/src/hash.o
 .debug_macro   0x0000056e      0x182 Drivers/HASH/src/hash.o
 .debug_macro   0x000006f0      0x341 Drivers/HASH/src/hash.o
 .debug_macro   0x00000a31       0x10 Drivers/HASH/src/hash.o
 .debug_macro   0x00000a41       0x35 Drivers/HASH/src/hash.o
 .debug_macro   0x00000a76      0x21a Drivers/HASH/src/main.o
 .debug_macro   0x00000c90       0x5e Drivers/HASH/src/main.o
 .debug_macro   0x00000cee       0x94 Drivers/HASH/src/main.o
 .debug_macro   0x00000d82       0x57 Drivers/HASH/src/main.o
 .debug_macro   0x00000dd9       0x1c Drivers/HASH/src/main.o
 .debug_macro   0x00000df5       0x10 Drivers/HASH/src/main.o
 .debug_macro   0x00000e05       0x10 Drivers/HASH/src/main.o
 .debug_macro   0x00000e15       0x1c Drivers/HASH/src/main.o
 .debug_macro   0x00000e31       0x52 Drivers/HASH/src/main.o
 .debug_macro   0x00000e83       0x22 Drivers/HASH/src/main.o
 .debug_macro   0x00000ea5       0x10 Drivers/HASH/src/main.o
 .debug_macro   0x00000eb5       0x52 Drivers/HASH/src/main.o
 .debug_macro   0x00000f07       0xd5 Drivers/HASH/src/main.o
 .debug_macro   0x00000fdc       0x1c Drivers/HASH/src/main.o
 .debug_macro   0x00000ff8       0x3d Drivers/HASH/src/main.o
 .debug_macro   0x00001035       0x16 Drivers/HASH/src/main.o
 .debug_macro   0x0000104b      0x16f Drivers/HASH/src/main.o
 .debug_macro   0x000011ba       0x10 Drivers/HASH/src/main.o
 .debug_macro   0x000011ca       0x1c Drivers/HASH/src/main.o
 .debug_macro   0x000011e6       0xd7 Drivers/HASH/src/main.o
 .debug_macro   0x000012bd       0x69 Drivers/HASH/src/startup.o
 .debug_macro   0x00001326      0x1de Drivers/UART/src/uart.o
 .debug_macro   0x00001504       0x16 Drivers/UART/src/uart.o
 .debug_macro   0x0000151a       0x97 Drivers/UART/src/uart.o
 .debug_macro   0x000015b1       0xfd Drivers/UART/src/uart.o

.debug_line     0x00000000     0x1b94
 .debug_line    0x00000000      0x785 Drivers/HASH/src/hash.o
 .debug_line    0x00000785      0x4da Drivers/HASH/src/main.o
 .debug_line    0x00000c5f      0x2ef Drivers/HASH/src/startup.o
 .debug_line    0x00000f4e      0xc46 Drivers/UART/src/uart.o

.debug_str      0x00000000     0xac82
 .debug_str     0x00000000     0x9257 Drivers/HASH/src/hash.o
                               0x9457 (size before relaxing)
 .debug_str     0x00009257     0x1641 Drivers/HASH/src/main.o
                               0xa952 (size before relaxing)
 .debug_str     0x0000a898       0xf4 Drivers/HASH/src/startup.o
                               0x3cc7 (size before relaxing)
 .debug_str     0x0000a98c      0x2f6 Drivers/UART/src/uart.o
                               0xa684 (size before relaxing)

.debug_frame    0x00000000      0x380
 .debug_frame   0x00000000       0xb0 Drivers/HASH/src/hash.o
 .debug_frame   0x000000b0       0x4c Drivers/HASH/src/main.o
 .debug_frame   0x000000fc       0x68 Drivers/HASH/src/startup.o
 .debug_frame   0x00000164      0x1fc Drivers/UART/src/uart.o
 .debug_frame   0x00000360       0x20 c:/program files (x86)/gnu arm embedded toolchain/10 2021.10/bin/../lib/gcc/arm-none-eabi/10.3.1/../../../../arm-none-eabi/lib/thumb/v8-m.main/nofp\libg_nano.a(lib_a-memset.o)
