Archive member included to satisfy reference by file (symbol)

f:/program_files_x86/gnu arm embedded toolchain/10 2021.10/bin/../lib/gcc/arm-none-eabi/10.3.1/../../../../arm-none-eabi/lib/thumb/v8-m.main/nofp\libg_nano.a(lib_a-exit.o)
                              f:/program_files_x86/gnu arm embedded toolchain/10 2021.10/bin/../lib/gcc/arm-none-eabi/10.3.1/../../../../arm-none-eabi/lib/thumb/v8-m.main/nofp/crt0.o (exit)
f:/program_files_x86/gnu arm embedded toolchain/10 2021.10/bin/../lib/gcc/arm-none-eabi/10.3.1/../../../../arm-none-eabi/lib/thumb/v8-m.main/nofp\libg_nano.a(lib_a-impure.o)
                              f:/program_files_x86/gnu arm embedded toolchain/10 2021.10/bin/../lib/gcc/arm-none-eabi/10.3.1/../../../../arm-none-eabi/lib/thumb/v8-m.main/nofp\libg_nano.a(lib_a-exit.o) (_global_impure_ptr)
f:/program_files_x86/gnu arm embedded toolchain/10 2021.10/bin/../lib/gcc/arm-none-eabi/10.3.1/../../../../arm-none-eabi/lib/thumb/v8-m.main/nofp\libg_nano.a(lib_a-init.o)
                              f:/program_files_x86/gnu arm embedded toolchain/10 2021.10/bin/../lib/gcc/arm-none-eabi/10.3.1/../../../../arm-none-eabi/lib/thumb/v8-m.main/nofp/crt0.o (__libc_init_array)
f:/program_files_x86/gnu arm embedded toolchain/10 2021.10/bin/../lib/gcc/arm-none-eabi/10.3.1/../../../../arm-none-eabi/lib/thumb/v8-m.main/nofp\libg_nano.a(lib_a-memcpy-stub.o)
                              Drivers/AES/src/startup.o (memcpy)
f:/program_files_x86/gnu arm embedded toolchain/10 2021.10/bin/../lib/gcc/arm-none-eabi/10.3.1/../../../../arm-none-eabi/lib/thumb/v8-m.main/nofp\libg_nano.a(lib_a-memset.o)
                              f:/program_files_x86/gnu arm embedded toolchain/10 2021.10/bin/../lib/gcc/arm-none-eabi/10.3.1/../../../../arm-none-eabi/lib/thumb/v8-m.main/nofp/crt0.o (memset)
f:/program_files_x86/gnu arm embedded toolchain/10 2021.10/bin/../lib/gcc/arm-none-eabi/10.3.1/../../../../arm-none-eabi/lib/thumb/v8-m.main/nofp\libnosys.a(_exit.o)
                              f:/program_files_x86/gnu arm embedded toolchain/10 2021.10/bin/../lib/gcc/arm-none-eabi/10.3.1/../../../../arm-none-eabi/lib/thumb/v8-m.main/nofp\libg_nano.a(lib_a-exit.o) (_exit)

Discarded input sections

 .text          0x00000000        0x0 f:/program_files_x86/gnu arm embedded toolchain/10 2021.10/bin/../lib/gcc/arm-none-eabi/10.3.1/thumb/v8-m.main/nofp/crti.o
 .data          0x00000000        0x0 f:/program_files_x86/gnu arm embedded toolchain/10 2021.10/bin/../lib/gcc/arm-none-eabi/10.3.1/thumb/v8-m.main/nofp/crti.o
 .bss           0x00000000        0x0 f:/program_files_x86/gnu arm embedded toolchain/10 2021.10/bin/../lib/gcc/arm-none-eabi/10.3.1/thumb/v8-m.main/nofp/crti.o
 .text          0x00000000       0x40 f:/program_files_x86/gnu arm embedded toolchain/10 2021.10/bin/../lib/gcc/arm-none-eabi/10.3.1/thumb/v8-m.main/nofp/crtbegin.o
 .data          0x00000000        0x4 f:/program_files_x86/gnu arm embedded toolchain/10 2021.10/bin/../lib/gcc/arm-none-eabi/10.3.1/thumb/v8-m.main/nofp/crtbegin.o
 .bss           0x00000000       0x1c f:/program_files_x86/gnu arm embedded toolchain/10 2021.10/bin/../lib/gcc/arm-none-eabi/10.3.1/thumb/v8-m.main/nofp/crtbegin.o
 .rodata        0x00000000       0x24 f:/program_files_x86/gnu arm embedded toolchain/10 2021.10/bin/../lib/gcc/arm-none-eabi/10.3.1/thumb/v8-m.main/nofp/crtbegin.o
 .init_array    0x00000000        0x4 f:/program_files_x86/gnu arm embedded toolchain/10 2021.10/bin/../lib/gcc/arm-none-eabi/10.3.1/thumb/v8-m.main/nofp/crtbegin.o
 .fini_array    0x00000000        0x4 f:/program_files_x86/gnu arm embedded toolchain/10 2021.10/bin/../lib/gcc/arm-none-eabi/10.3.1/thumb/v8-m.main/nofp/crtbegin.o
 .eh_frame      0x00000000        0x0 f:/program_files_x86/gnu arm embedded toolchain/10 2021.10/bin/../lib/gcc/arm-none-eabi/10.3.1/thumb/v8-m.main/nofp/crtbegin.o
 .ARM.attributes
                0x00000000       0x32 f:/program_files_x86/gnu arm embedded toolchain/10 2021.10/bin/../lib/gcc/arm-none-eabi/10.3.1/thumb/v8-m.main/nofp/crtbegin.o
 .text          0x00000000       0x7c f:/program_files_x86/gnu arm embedded toolchain/10 2021.10/bin/../lib/gcc/arm-none-eabi/10.3.1/../../../../arm-none-eabi/lib/thumb/v8-m.main/nofp/crt0.o
 .data          0x00000000        0x0 f:/program_files_x86/gnu arm embedded toolchain/10 2021.10/bin/../lib/gcc/arm-none-eabi/10.3.1/../../../../arm-none-eabi/lib/thumb/v8-m.main/nofp/crt0.o
 .bss           0x00000000        0x0 f:/program_files_x86/gnu arm embedded toolchain/10 2021.10/bin/../lib/gcc/arm-none-eabi/10.3.1/../../../../arm-none-eabi/lib/thumb/v8-m.main/nofp/crt0.o
 .ARM.extab     0x00000000        0x0 f:/program_files_x86/gnu arm embedded toolchain/10 2021.10/bin/../lib/gcc/arm-none-eabi/10.3.1/../../../../arm-none-eabi/lib/thumb/v8-m.main/nofp/crt0.o
 .ARM.exidx     0x00000000       0x10 f:/program_files_x86/gnu arm embedded toolchain/10 2021.10/bin/../lib/gcc/arm-none-eabi/10.3.1/../../../../arm-none-eabi/lib/thumb/v8-m.main/nofp/crt0.o
 .ARM.attributes
                0x00000000       0x20 f:/program_files_x86/gnu arm embedded toolchain/10 2021.10/bin/../lib/gcc/arm-none-eabi/10.3.1/../../../../arm-none-eabi/lib/thumb/v8-m.main/nofp/crt0.o
 .text          0x00000000        0x0 Drivers/AES/src/aes.o
 .data          0x00000000        0x0 Drivers/AES/src/aes.o
 .bss           0x00000000        0x0 Drivers/AES/src/aes.o
 .text          0x00000000        0x0 Drivers/AES/src/main.o
 .data          0x00000000        0x0 Drivers/AES/src/main.o
 .bss           0x00000000        0x0 Drivers/AES/src/main.o
 .rodata.exp128.1
                0x00000000       0x10 Drivers/AES/src/main.o
 .rodata.exp128.3
                0x00000000       0x10 Drivers/AES/src/main.o
 .rodata.exp128.5
                0x00000000       0x10 Drivers/AES/src/main.o
 .rodata.exp256.0
                0x00000000       0x10 Drivers/AES/src/main.o
 .rodata.exp256.2
                0x00000000       0x10 Drivers/AES/src/main.o
 .rodata.exp256.4
                0x00000000       0x10 Drivers/AES/src/main.o
 .text          0x00000000        0x0 Drivers/AES/src/modes_of_op.o
 .data          0x00000000        0x0 Drivers/AES/src/modes_of_op.o
 .bss           0x00000000        0x0 Drivers/AES/src/modes_of_op.o
 .text          0x00000000        0x0 Drivers/AES/src/startup.o
 .data          0x00000000        0x0 Drivers/AES/src/startup.o
 .bss           0x00000000        0x0 Drivers/AES/src/startup.o
 .text.SystemInit
                0x00000000       0x10 Drivers/AES/src/startup.o
 .text          0x00000000        0x0 Drivers/GPIO/src/gpio.o
 .data          0x00000000        0x0 Drivers/GPIO/src/gpio.o
 .bss           0x00000000        0x0 Drivers/GPIO/src/gpio.o
 .text.GPIO_ReadPin
                0x00000000       0x10 Drivers/GPIO/src/gpio.o
 .text.GPIO_WritePin
                0x00000000        0xc Drivers/GPIO/src/gpio.o
 .text.GPIO_TogglePin
                0x00000000        0xc Drivers/GPIO/src/gpio.o
 .text.GPIO_SetPin
                0x00000000        0xc Drivers/GPIO/src/gpio.o
 .text.GPIO_ResetPin
                0x00000000        0xc Drivers/GPIO/src/gpio.o
 .text.GPIO_SetBit
                0x00000000        0xc Drivers/GPIO/src/gpio.o
 .text.GPIO_ResetBit
                0x00000000        0xc Drivers/GPIO/src/gpio.o
 .text.__RCC_GPIO_CLK_ENABLE
                0x00000000       0xb4 Drivers/GPIO/src/gpio.o
 .text.GPIO_Init
                0x00000000      0x114 Drivers/GPIO/src/gpio.o
 .text.GPIO_constructor
                0x00000000        0x8 Drivers/GPIO/src/gpio.o
 .debug_info    0x00000000      0x6a3 Drivers/GPIO/src/gpio.o
 .debug_abbrev  0x00000000      0x19f Drivers/GPIO/src/gpio.o
 .debug_loc     0x00000000      0x371 Drivers/GPIO/src/gpio.o
 .debug_aranges
                0x00000000       0x68 Drivers/GPIO/src/gpio.o
 .debug_ranges  0x00000000       0x58 Drivers/GPIO/src/gpio.o
 .debug_line    0x00000000      0x4bb Drivers/GPIO/src/gpio.o
 .debug_str     0x00000000      0x3eb Drivers/GPIO/src/gpio.o
 .comment       0x00000000       0x4a Drivers/GPIO/src/gpio.o
 .debug_frame   0x00000000       0xdc Drivers/GPIO/src/gpio.o
 .ARM.attributes
                0x00000000       0x34 Drivers/GPIO/src/gpio.o
 .text          0x00000000        0x0 Drivers/UART/src/uart.o
 .data          0x00000000        0x0 Drivers/UART/src/uart.o
 .bss           0x00000000        0x0 Drivers/UART/src/uart.o
 .text.BRR_Oversample_by_16
                0x00000000        0xc Drivers/UART/src/uart.o
 .text.USART_x_Write
                0x00000000       0x10 Drivers/UART/src/uart.o
 .text.USART_x_Read
                0x00000000       0x10 Drivers/UART/src/uart.o
 .text.USART_EnableRXInterrupt
                0x00000000       0x10 Drivers/UART/src/uart.o
 .text.USART_DisableRXInterrupt
                0x00000000       0x10 Drivers/UART/src/uart.o
 .text.USART_IRQHandler
                0x00000000       0x24 Drivers/UART/src/uart.o
 .text.USART1_IRQHandler
                0x00000000       0x30 Drivers/UART/src/uart.o
 .text.USART2_IRQHandler
                0x00000000       0x30 Drivers/UART/src/uart.o
 .text.USART3_IRQHandler
                0x00000000       0x30 Drivers/UART/src/uart.o
 .text.UART4_IRQHandler
                0x00000000       0x30 Drivers/UART/src/uart.o
 .text.UART5_IRQHandler
                0x00000000       0x30 Drivers/UART/src/uart.o
 .text.writeString
                0x00000000       0x2c Drivers/UART/src/uart.o
 .text.readString
                0x00000000       0x38 Drivers/UART/src/uart.o
 .rodata.GetPortName.str1.4
                0x00000000       0x2e Drivers/UART/src/uart.o
 .text.GetPortName
                0x00000000       0x64 Drivers/UART/src/uart.o
 .text.USART_WriteChar
                0x00000000       0x10 Drivers/UART/src/uart.o
 .text.USART_ReadChar
                0x00000000       0x10 Drivers/UART/src/uart.o
 .text.USART_ReadString
                0x00000000       0x60 Drivers/UART/src/uart.o
 .text          0x00000000        0x0 f:/program_files_x86/gnu arm embedded toolchain/10 2021.10/bin/../lib/gcc/arm-none-eabi/10.3.1/../../../../arm-none-eabi/lib/thumb/v8-m.main/nofp\libg_nano.a(lib_a-exit.o)
 .data          0x00000000        0x0 f:/program_files_x86/gnu arm embedded toolchain/10 2021.10/bin/../lib/gcc/arm-none-eabi/10.3.1/../../../../arm-none-eabi/lib/thumb/v8-m.main/nofp\libg_nano.a(lib_a-exit.o)
 .bss           0x00000000        0x0 f:/program_files_x86/gnu arm embedded toolchain/10 2021.10/bin/../lib/gcc/arm-none-eabi/10.3.1/../../../../arm-none-eabi/lib/thumb/v8-m.main/nofp\libg_nano.a(lib_a-exit.o)
 .text.exit     0x00000000       0x28 f:/program_files_x86/gnu arm embedded toolchain/10 2021.10/bin/../lib/gcc/arm-none-eabi/10.3.1/../../../../arm-none-eabi/lib/thumb/v8-m.main/nofp\libg_nano.a(lib_a-exit.o)
 .debug_frame   0x00000000       0x28 f:/program_files_x86/gnu arm embedded toolchain/10 2021.10/bin/../lib/gcc/arm-none-eabi/10.3.1/../../../../arm-none-eabi/lib/thumb/v8-m.main/nofp\libg_nano.a(lib_a-exit.o)
 .ARM.attributes
                0x00000000       0x32 f:/program_files_x86/gnu arm embedded toolchain/10 2021.10/bin/../lib/gcc/arm-none-eabi/10.3.1/../../../../arm-none-eabi/lib/thumb/v8-m.main/nofp\libg_nano.a(lib_a-exit.o)
 .text          0x00000000        0x0 f:/program_files_x86/gnu arm embedded toolchain/10 2021.10/bin/../lib/gcc/arm-none-eabi/10.3.1/../../../../arm-none-eabi/lib/thumb/v8-m.main/nofp\libg_nano.a(lib_a-impure.o)
 .data          0x00000000        0x0 f:/program_files_x86/gnu arm embedded toolchain/10 2021.10/bin/../lib/gcc/arm-none-eabi/10.3.1/../../../../arm-none-eabi/lib/thumb/v8-m.main/nofp\libg_nano.a(lib_a-impure.o)
 .bss           0x00000000        0x0 f:/program_files_x86/gnu arm embedded toolchain/10 2021.10/bin/../lib/gcc/arm-none-eabi/10.3.1/../../../../arm-none-eabi/lib/thumb/v8-m.main/nofp\libg_nano.a(lib_a-impure.o)
 .data._impure_ptr
                0x00000000        0x4 f:/program_files_x86/gnu arm embedded toolchain/10 2021.10/bin/../lib/gcc/arm-none-eabi/10.3.1/../../../../arm-none-eabi/lib/thumb/v8-m.main/nofp\libg_nano.a(lib_a-impure.o)
 .data.impure_data
                0x00000000       0x60 f:/program_files_x86/gnu arm embedded toolchain/10 2021.10/bin/../lib/gcc/arm-none-eabi/10.3.1/../../../../arm-none-eabi/lib/thumb/v8-m.main/nofp\libg_nano.a(lib_a-impure.o)
 .rodata._global_impure_ptr
                0x00000000        0x4 f:/program_files_x86/gnu arm embedded toolchain/10 2021.10/bin/../lib/gcc/arm-none-eabi/10.3.1/../../../../arm-none-eabi/lib/thumb/v8-m.main/nofp\libg_nano.a(lib_a-impure.o)
 .ARM.attributes
                0x00000000       0x32 f:/program_files_x86/gnu arm embedded toolchain/10 2021.10/bin/../lib/gcc/arm-none-eabi/10.3.1/../../../../arm-none-eabi/lib/thumb/v8-m.main/nofp\libg_nano.a(lib_a-impure.o)
 .text          0x00000000        0x0 f:/program_files_x86/gnu arm embedded toolchain/10 2021.10/bin/../lib/gcc/arm-none-eabi/10.3.1/../../../../arm-none-eabi/lib/thumb/v8-m.main/nofp\libg_nano.a(lib_a-init.o)
 .data          0x00000000        0x0 f:/program_files_x86/gnu arm embedded toolchain/10 2021.10/bin/../lib/gcc/arm-none-eabi/10.3.1/../../../../arm-none-eabi/lib/thumb/v8-m.main/nofp\libg_nano.a(lib_a-init.o)
 .bss           0x00000000        0x0 f:/program_files_x86/gnu arm embedded toolchain/10 2021.10/bin/../lib/gcc/arm-none-eabi/10.3.1/../../../../arm-none-eabi/lib/thumb/v8-m.main/nofp\libg_nano.a(lib_a-init.o)
 .text.__libc_init_array
                0x00000000       0x48 f:/program_files_x86/gnu arm embedded toolchain/10 2021.10/bin/../lib/gcc/arm-none-eabi/10.3.1/../../../../arm-none-eabi/lib/thumb/v8-m.main/nofp\libg_nano.a(lib_a-init.o)
 .debug_frame   0x00000000       0x2c f:/program_files_x86/gnu arm embedded toolchain/10 2021.10/bin/../lib/gcc/arm-none-eabi/10.3.1/../../../../arm-none-eabi/lib/thumb/v8-m.main/nofp\libg_nano.a(lib_a-init.o)
 .ARM.attributes
                0x00000000       0x32 f:/program_files_x86/gnu arm embedded toolchain/10 2021.10/bin/../lib/gcc/arm-none-eabi/10.3.1/../../../../arm-none-eabi/lib/thumb/v8-m.main/nofp\libg_nano.a(lib_a-init.o)
 .text          0x00000000        0x0 f:/program_files_x86/gnu arm embedded toolchain/10 2021.10/bin/../lib/gcc/arm-none-eabi/10.3.1/../../../../arm-none-eabi/lib/thumb/v8-m.main/nofp\libg_nano.a(lib_a-memcpy-stub.o)
 .data          0x00000000        0x0 f:/program_files_x86/gnu arm embedded toolchain/10 2021.10/bin/../lib/gcc/arm-none-eabi/10.3.1/../../../../arm-none-eabi/lib/thumb/v8-m.main/nofp\libg_nano.a(lib_a-memcpy-stub.o)
 .bss           0x00000000        0x0 f:/program_files_x86/gnu arm embedded toolchain/10 2021.10/bin/../lib/gcc/arm-none-eabi/10.3.1/../../../../arm-none-eabi/lib/thumb/v8-m.main/nofp\libg_nano.a(lib_a-memcpy-stub.o)
 .text          0x00000000        0x0 f:/program_files_x86/gnu arm embedded toolchain/10 2021.10/bin/../lib/gcc/arm-none-eabi/10.3.1/../../../../arm-none-eabi/lib/thumb/v8-m.main/nofp\libg_nano.a(lib_a-memset.o)
 .data          0x00000000        0x0 f:/program_files_x86/gnu arm embedded toolchain/10 2021.10/bin/../lib/gcc/arm-none-eabi/10.3.1/../../../../arm-none-eabi/lib/thumb/v8-m.main/nofp\libg_nano.a(lib_a-memset.o)
 .bss           0x00000000        0x0 f:/program_files_x86/gnu arm embedded toolchain/10 2021.10/bin/../lib/gcc/arm-none-eabi/10.3.1/../../../../arm-none-eabi/lib/thumb/v8-m.main/nofp\libg_nano.a(lib_a-memset.o)
 .text          0x00000000        0x0 f:/program_files_x86/gnu arm embedded toolchain/10 2021.10/bin/../lib/gcc/arm-none-eabi/10.3.1/../../../../arm-none-eabi/lib/thumb/v8-m.main/nofp\libnosys.a(_exit.o)
 .data          0x00000000        0x0 f:/program_files_x86/gnu arm embedded toolchain/10 2021.10/bin/../lib/gcc/arm-none-eabi/10.3.1/../../../../arm-none-eabi/lib/thumb/v8-m.main/nofp\libnosys.a(_exit.o)
 .bss           0x00000000        0x0 f:/program_files_x86/gnu arm embedded toolchain/10 2021.10/bin/../lib/gcc/arm-none-eabi/10.3.1/../../../../arm-none-eabi/lib/thumb/v8-m.main/nofp\libnosys.a(_exit.o)
 .text._exit    0x00000000        0x4 f:/program_files_x86/gnu arm embedded toolchain/10 2021.10/bin/../lib/gcc/arm-none-eabi/10.3.1/../../../../arm-none-eabi/lib/thumb/v8-m.main/nofp\libnosys.a(_exit.o)
 .debug_frame   0x00000000       0x20 f:/program_files_x86/gnu arm embedded toolchain/10 2021.10/bin/../lib/gcc/arm-none-eabi/10.3.1/../../../../arm-none-eabi/lib/thumb/v8-m.main/nofp\libnosys.a(_exit.o)
 .ARM.attributes
                0x00000000       0x32 f:/program_files_x86/gnu arm embedded toolchain/10 2021.10/bin/../lib/gcc/arm-none-eabi/10.3.1/../../../../arm-none-eabi/lib/thumb/v8-m.main/nofp\libnosys.a(_exit.o)
 .text          0x00000000        0x0 f:/program_files_x86/gnu arm embedded toolchain/10 2021.10/bin/../lib/gcc/arm-none-eabi/10.3.1/thumb/v8-m.main/nofp/crtend.o
 .data          0x00000000        0x0 f:/program_files_x86/gnu arm embedded toolchain/10 2021.10/bin/../lib/gcc/arm-none-eabi/10.3.1/thumb/v8-m.main/nofp/crtend.o
 .bss           0x00000000        0x0 f:/program_files_x86/gnu arm embedded toolchain/10 2021.10/bin/../lib/gcc/arm-none-eabi/10.3.1/thumb/v8-m.main/nofp/crtend.o
 .rodata        0x00000000       0x24 f:/program_files_x86/gnu arm embedded toolchain/10 2021.10/bin/../lib/gcc/arm-none-eabi/10.3.1/thumb/v8-m.main/nofp/crtend.o
 .eh_frame      0x00000000        0x4 f:/program_files_x86/gnu arm embedded toolchain/10 2021.10/bin/../lib/gcc/arm-none-eabi/10.3.1/thumb/v8-m.main/nofp/crtend.o
 .ARM.attributes
                0x00000000       0x32 f:/program_files_x86/gnu arm embedded toolchain/10 2021.10/bin/../lib/gcc/arm-none-eabi/10.3.1/thumb/v8-m.main/nofp/crtend.o
 .text          0x00000000        0x0 f:/program_files_x86/gnu arm embedded toolchain/10 2021.10/bin/../lib/gcc/arm-none-eabi/10.3.1/thumb/v8-m.main/nofp/crtn.o
 .data          0x00000000        0x0 f:/program_files_x86/gnu arm embedded toolchain/10 2021.10/bin/../lib/gcc/arm-none-eabi/10.3.1/thumb/v8-m.main/nofp/crtn.o
 .bss           0x00000000        0x0 f:/program_files_x86/gnu arm embedded toolchain/10 2021.10/bin/../lib/gcc/arm-none-eabi/10.3.1/thumb/v8-m.main/nofp/crtn.o
 .init          0x00000000        0x8 f:/program_files_x86/gnu arm embedded toolchain/10 2021.10/bin/../lib/gcc/arm-none-eabi/10.3.1/thumb/v8-m.main/nofp/crtn.o
 .fini          0x00000000        0x8 f:/program_files_x86/gnu arm embedded toolchain/10 2021.10/bin/../lib/gcc/arm-none-eabi/10.3.1/thumb/v8-m.main/nofp/crtn.o
 .ARM.attributes
                0x00000000       0x22 f:/program_files_x86/gnu arm embedded toolchain/10 2021.10/bin/../lib/gcc/arm-none-eabi/10.3.1/thumb/v8-m.main/nofp/crtn.o

Memory Configuration

Name             Origin             Length             Attributes
FLASH            0x08000000         0x00100000         xr
RAM              0x20000000         0x00020000         xrw
*default*        0x00000000         0xffffffff

Linker script and memory map

LOAD f:/program_files_x86/gnu arm embedded toolchain/10 2021.10/bin/../lib/gcc/arm-none-eabi/10.3.1/thumb/v8-m.main/nofp/crti.o
LOAD f:/program_files_x86/gnu arm embedded toolchain/10 2021.10/bin/../lib/gcc/arm-none-eabi/10.3.1/thumb/v8-m.main/nofp/crtbegin.o
LOAD f:/program_files_x86/gnu arm embedded toolchain/10 2021.10/bin/../lib/gcc/arm-none-eabi/10.3.1/../../../../arm-none-eabi/lib/thumb/v8-m.main/nofp/crt0.o
LOAD Drivers/AES/src/aes.o
LOAD Drivers/AES/src/main.o
LOAD Drivers/AES/src/modes_of_op.o
LOAD Drivers/AES/src/startup.o
LOAD Drivers/GPIO/src/gpio.o
LOAD Drivers/UART/src/uart.o
START GROUP
LOAD f:/program_files_x86/gnu arm embedded toolchain/10 2021.10/bin/../lib/gcc/arm-none-eabi/10.3.1/thumb/v8-m.main/nofp\libgcc.a
LOAD f:/program_files_x86/gnu arm embedded toolchain/10 2021.10/bin/../lib/gcc/arm-none-eabi/10.3.1/../../../../arm-none-eabi/lib/thumb/v8-m.main/nofp\libg_nano.a
LOAD f:/program_files_x86/gnu arm embedded toolchain/10 2021.10/bin/../lib/gcc/arm-none-eabi/10.3.1/../../../../arm-none-eabi/lib/thumb/v8-m.main/nofp\libc_nano.a
END GROUP
START GROUP
LOAD f:/program_files_x86/gnu arm embedded toolchain/10 2021.10/bin/../lib/gcc/arm-none-eabi/10.3.1/thumb/v8-m.main/nofp\libgcc.a
LOAD f:/program_files_x86/gnu arm embedded toolchain/10 2021.10/bin/../lib/gcc/arm-none-eabi/10.3.1/../../../../arm-none-eabi/lib/thumb/v8-m.main/nofp\libc_nano.a
LOAD f:/program_files_x86/gnu arm embedded toolchain/10 2021.10/bin/../lib/gcc/arm-none-eabi/10.3.1/../../../../arm-none-eabi/lib/thumb/v8-m.main/nofp\libnosys.a
END GROUP
START GROUP
LOAD f:/program_files_x86/gnu arm embedded toolchain/10 2021.10/bin/../lib/gcc/arm-none-eabi/10.3.1/thumb/v8-m.main/nofp\libgcc.a
LOAD f:/program_files_x86/gnu arm embedded toolchain/10 2021.10/bin/../lib/gcc/arm-none-eabi/10.3.1/../../../../arm-none-eabi/lib/thumb/v8-m.main/nofp\libc_nano.a
LOAD f:/program_files_x86/gnu arm embedded toolchain/10 2021.10/bin/../lib/gcc/arm-none-eabi/10.3.1/../../../../arm-none-eabi/lib/thumb/v8-m.main/nofp\libnosys.a
END GROUP
LOAD f:/program_files_x86/gnu arm embedded toolchain/10 2021.10/bin/../lib/gcc/arm-none-eabi/10.3.1/thumb/v8-m.main/nofp/crtend.o
LOAD f:/program_files_x86/gnu arm embedded toolchain/10 2021.10/bin/../lib/gcc/arm-none-eabi/10.3.1/thumb/v8-m.main/nofp/crtn.o
                0x20020000                _estack = (ORIGIN (RAM) + LENGTH (RAM))

.isr_vector     0x08000000      0x180
 *(.isr_vector)
 .isr_vector    0x08000000      0x180 Drivers/AES/src/startup.o
                0x08000000                vector_table

.text           0x08000180      0xf90
 *(.text*)
 .text.AES_constructor
                0x08000180       0x1c Drivers/AES/src/aes.o
                0x08000180                AES_constructor
 .text.AES_Encrypt_Init
                0x0800019c       0x84 Drivers/AES/src/aes.o
                0x0800019c                AES_Encrypt_Init
 .text.AES_Decrypt_Init
                0x08000220      0x108 Drivers/AES/src/aes.o
                0x08000220                AES_Decrypt_Init
 .text.AES_Process
                0x08000328       0x98 Drivers/AES/src/aes.o
                0x08000328                AES_Process
 .text.pass_fail
                0x080003c0       0x2c Drivers/AES/src/main.o
 .text.startup.main
                0x080003ec      0x520 Drivers/AES/src/main.o
                0x080003ec                main
 .text.AES_ECB_Encrypt
                0x0800090c       0x38 Drivers/AES/src/modes_of_op.o
                0x0800090c                AES_ECB_Encrypt
 .text.AES_ECB_Decrypt
                0x08000944       0x38 Drivers/AES/src/modes_of_op.o
                0x08000944                AES_ECB_Decrypt
 .text.AES_CBC_Encrypt
                0x0800097c       0x40 Drivers/AES/src/modes_of_op.o
                0x0800097c                AES_CBC_Encrypt
 .text.AES_CBC_Decrypt
                0x080009bc       0x40 Drivers/AES/src/modes_of_op.o
                0x080009bc                AES_CBC_Decrypt
 .text.AES_CTR_Crypt
                0x080009fc       0x40 Drivers/AES/src/modes_of_op.o
                0x080009fc                AES_CTR_Crypt
 .text.Default_Handler
                0x08000a3c        0x4 Drivers/AES/src/startup.o
                0x08000a3c                Default_Handler
 .text.HardFault_Handler
                0x08000a40        0x4 Drivers/AES/src/startup.o
                0x08000a40                HardFault_Handler
 .text.SecureFault_Handler
                0x08000a44        0x4 Drivers/AES/src/startup.o
                0x08000a44                SecureFault_Handler
 .text.Reset_Handler
                0x08000a48       0x5c Drivers/AES/src/startup.o
                0x08000a48                Reset_Handler
 .text.USART_Init
                0x08000aa4      0x458 Drivers/UART/src/uart.o
                0x08000aa4                USART_Init
 .text.USART_constructor
                0x08000efc        0xc Drivers/UART/src/uart.o
                0x08000efc                USART_constructor
 .text.USART_WriteString
                0x08000f08       0x30 Drivers/UART/src/uart.o
                0x08000f08                USART_WriteString
 .text.memcpy   0x08000f38       0x1a f:/program_files_x86/gnu arm embedded toolchain/10 2021.10/bin/../lib/gcc/arm-none-eabi/10.3.1/../../../../arm-none-eabi/lib/thumb/v8-m.main/nofp\libg_nano.a(lib_a-memcpy-stub.o)
                0x08000f38                memcpy
 .text.memset   0x08000f52       0x10 f:/program_files_x86/gnu arm embedded toolchain/10 2021.10/bin/../lib/gcc/arm-none-eabi/10.3.1/../../../../arm-none-eabi/lib/thumb/v8-m.main/nofp\libg_nano.a(lib_a-memset.o)
                0x08000f52                memset
 *(.rodata*)
 *fill*         0x08000f62        0x2 
 .rodata.pass_fail.str1.4
                0x08000f64       0x15 Drivers/AES/src/main.o
 *fill*         0x08000f79        0x3 
 .rodata.main.str1.4
                0x08000f7c      0x129 Drivers/AES/src/main.o
 *fill*         0x080010a5        0x3 
 .rodata.IV     0x080010a8       0x10 Drivers/AES/src/main.o
 .rodata.KEY128
                0x080010b8       0x10 Drivers/AES/src/main.o
 .rodata.KEY256
                0x080010c8       0x20 Drivers/AES/src/main.o
 .rodata.NONCE  0x080010e8       0x10 Drivers/AES/src/main.o
 .rodata.plaintext
                0x080010f8       0x10 Drivers/AES/src/main.o
 *(.glue_7)
 .glue_7        0x08001108        0x0 linker stubs
 *(.glue_7t)
 .glue_7t       0x08001108        0x0 linker stubs
 *(.init)
 .init          0x08001108        0x4 f:/program_files_x86/gnu arm embedded toolchain/10 2021.10/bin/../lib/gcc/arm-none-eabi/10.3.1/thumb/v8-m.main/nofp/crti.o
                0x08001108                _init
 *(.fini)
 .fini          0x0800110c        0x4 f:/program_files_x86/gnu arm embedded toolchain/10 2021.10/bin/../lib/gcc/arm-none-eabi/10.3.1/thumb/v8-m.main/nofp/crti.o
                0x0800110c                _fini

.vfp11_veneer   0x08001110        0x0
 .vfp11_veneer  0x08001110        0x0 linker stubs

.v4_bx          0x08001110        0x0
 .v4_bx         0x08001110        0x0 linker stubs

.iplt           0x08001110        0x0
 .iplt          0x08001110        0x0 Drivers/AES/src/main.o

.rel.dyn        0x08001110        0x0
 .rel.iplt      0x08001110        0x0 Drivers/AES/src/main.o

.ARM.extab
 *(.ARM.extab* .gnu.linkonce.armextab.*)

.ARM.exidx      0x08001110        0x0
                0x08001110                __exidx_start = .
 *(.ARM.exidx*)
                0x08001110                __exidx_end = .
                0x08001110                __etext = .

.data           0x20000000        0x4 load address 0x08001110
                0x20000000                __data_start__ = .
 *(.data*)
 .data.SystemCoreClock
                0x20000000        0x4 Drivers/AES/src/startup.o
                0x20000000                SystemCoreClock
                0x20000004                __data_end__ = .

.igot.plt       0x20000004        0x0 load address 0x08001114
 .igot.plt      0x20000004        0x0 Drivers/AES/src/main.o

.bss            0x20000004       0x20 load address 0x08001114
                0x20000004                __bss_start__ = .
 *(.bss*)
 .bss.g_uart    0x20000004        0xc Drivers/AES/src/main.o
 .bss.s_uart4_handle
                0x20000010        0x4 Drivers/UART/src/uart.o
 .bss.s_uart5_handle
                0x20000014        0x4 Drivers/UART/src/uart.o
 .bss.s_usart1_handle
                0x20000018        0x4 Drivers/UART/src/uart.o
 .bss.s_usart2_handle
                0x2000001c        0x4 Drivers/UART/src/uart.o
 .bss.s_usart3_handle
                0x20000020        0x4 Drivers/UART/src/uart.o
 *(COMMON)
                0x20000024                __bss_end__ = .
                0x20000024                _end = .
                0x20000024                end = .
                0x20000024                __end__ = .

.stack          0x20000024      0x404 load address 0x08001134
                0x20000028                . = ALIGN (0x8)
 *fill*         0x20000024        0x4 
                0x20000028                _stack = .
                0x20000428                . = (. + 0x400)
 *fill*         0x20000028      0x400 
OUTPUT(Drivers/AES/main.elf elf32-littlearm)
LOAD linker stubs

.ARM.attributes
                0x00000000       0x30
 .ARM.attributes
                0x00000000       0x22 f:/program_files_x86/gnu arm embedded toolchain/10 2021.10/bin/../lib/gcc/arm-none-eabi/10.3.1/thumb/v8-m.main/nofp/crti.o
 .ARM.attributes
                0x00000022       0x34 Drivers/AES/src/aes.o
 .ARM.attributes
                0x00000056       0x34 Drivers/AES/src/main.o
 .ARM.attributes
                0x0000008a       0x34 Drivers/AES/src/modes_of_op.o
 .ARM.attributes
                0x000000be       0x34 Drivers/AES/src/startup.o
 .ARM.attributes
                0x000000f2       0x34 Drivers/UART/src/uart.o
 .ARM.attributes
                0x00000126       0x32 f:/program_files_x86/gnu arm embedded toolchain/10 2021.10/bin/../lib/gcc/arm-none-eabi/10.3.1/../../../../arm-none-eabi/lib/thumb/v8-m.main/nofp\libg_nano.a(lib_a-memcpy-stub.o)
 .ARM.attributes
                0x00000158       0x32 f:/program_files_x86/gnu arm embedded toolchain/10 2021.10/bin/../lib/gcc/arm-none-eabi/10.3.1/../../../../arm-none-eabi/lib/thumb/v8-m.main/nofp\libg_nano.a(lib_a-memset.o)

.comment        0x00000000       0x49
 .comment       0x00000000       0x49 Drivers/AES/src/aes.o
                                 0x4a (size before relaxing)
 .comment       0x00000049       0x4a Drivers/AES/src/main.o
 .comment       0x00000049       0x4a Drivers/AES/src/modes_of_op.o
 .comment       0x00000049       0x4a Drivers/AES/src/startup.o
 .comment       0x00000049       0x4a Drivers/UART/src/uart.o

.debug_info     0x00000000     0x2e0e
 .debug_info    0x00000000      0xa08 Drivers/AES/src/aes.o
 .debug_info    0x00000a08      0x9a8 Drivers/AES/src/main.o
 .debug_info    0x000013b0      0xa15 Drivers/AES/src/modes_of_op.o
 .debug_info    0x00001dc5      0x1f2 Drivers/AES/src/startup.o
 .debug_info    0x00001fb7      0xe57 Drivers/UART/src/uart.o

.debug_abbrev   0x00000000      0xbc4
 .debug_abbrev  0x00000000      0x2b7 Drivers/AES/src/aes.o
 .debug_abbrev  0x000002b7      0x1ba Drivers/AES/src/main.o
 .debug_abbrev  0x00000471      0x1ea Drivers/AES/src/modes_of_op.o
 .debug_abbrev  0x0000065b      0x147 Drivers/AES/src/startup.o
 .debug_abbrev  0x000007a2      0x422 Drivers/UART/src/uart.o

.debug_loc      0x00000000     0x16ed
 .debug_loc     0x00000000      0x697 Drivers/AES/src/aes.o
 .debug_loc     0x00000697       0x64 Drivers/AES/src/main.o
 .debug_loc     0x000006fb      0x74e Drivers/AES/src/modes_of_op.o
 .debug_loc     0x00000e49      0x8a4 Drivers/UART/src/uart.o

.debug_aranges  0x00000000      0x188
 .debug_aranges
                0x00000000       0x38 Drivers/AES/src/aes.o
 .debug_aranges
                0x00000038       0x28 Drivers/AES/src/main.o
 .debug_aranges
                0x00000060       0x40 Drivers/AES/src/modes_of_op.o
 .debug_aranges
                0x000000a0       0x40 Drivers/AES/src/startup.o
 .debug_aranges
                0x000000e0       0xa8 Drivers/UART/src/uart.o

.debug_ranges   0x00000000      0x628
 .debug_ranges  0x00000000      0x290 Drivers/AES/src/aes.o
 .debug_ranges  0x00000290       0x90 Drivers/AES/src/main.o
 .debug_ranges  0x00000320       0xf8 Drivers/AES/src/modes_of_op.o
 .debug_ranges  0x00000418       0x30 Drivers/AES/src/startup.o
 .debug_ranges  0x00000448      0x1e0 Drivers/UART/src/uart.o

.debug_line     0x00000000     0x1cd7
 .debug_line    0x00000000      0x693 Drivers/AES/src/aes.o
 .debug_line    0x00000693      0x2a2 Drivers/AES/src/main.o
 .debug_line    0x00000935      0x354 Drivers/AES/src/modes_of_op.o
 .debug_line    0x00000c89      0x213 Drivers/AES/src/startup.o
 .debug_line    0x00000e9c      0xe3b Drivers/UART/src/uart.o

.debug_str      0x00000000      0x951
 .debug_str     0x00000000      0x37e Drivers/AES/src/aes.o
                                0x3ca (size before relaxing)
 .debug_str     0x0000037e      0x18c Drivers/AES/src/main.o
                                0x320 (size before relaxing)
 .debug_str     0x0000050a       0x3e Drivers/AES/src/modes_of_op.o
                                0x2f4 (size before relaxing)
 .debug_str     0x00000548       0xfc Drivers/AES/src/startup.o
                                0x25b (size before relaxing)
 .debug_str     0x00000644      0x30d Drivers/UART/src/uart.o
                                0x646 (size before relaxing)

.debug_frame    0x00000000      0x3d4
 .debug_frame   0x00000000       0x7c Drivers/AES/src/aes.o
 .debug_frame   0x0000007c       0x44 Drivers/AES/src/main.o
 .debug_frame   0x000000c0       0xc4 Drivers/AES/src/modes_of_op.o
 .debug_frame   0x00000184       0x68 Drivers/AES/src/startup.o
 .debug_frame   0x000001ec      0x1a0 Drivers/UART/src/uart.o
 .debug_frame   0x0000038c       0x28 f:/program_files_x86/gnu arm embedded toolchain/10 2021.10/bin/../lib/gcc/arm-none-eabi/10.3.1/../../../../arm-none-eabi/lib/thumb/v8-m.main/nofp\libg_nano.a(lib_a-memcpy-stub.o)
 .debug_frame   0x000003b4       0x20 f:/program_files_x86/gnu arm embedded toolchain/10 2021.10/bin/../lib/gcc/arm-none-eabi/10.3.1/../../../../arm-none-eabi/lib/thumb/v8-m.main/nofp\libg_nano.a(lib_a-memset.o)
